2026-07-16 11:06:42,144 [INFO] Starting Ops Manager restore workflow
2026-07-16 11:06:43,434 [DEBUG] Validating FlashSystem snapshot: fs9500-2.cpolab.ibm.com | ORION16-FiServRep-mdb7 | ORION16-FiServRep-mdb7_6a57845c84006855ce70784a
2026-07-16 11:06:43,930 [INFO] Valid FlashSystem snapshot found: ORION16-FiServRep-mdb7_6a57845c84006855ce70784a (VG=ORION16-FiServRep-mdb7, system=fs9500-2.cpolab.ibm.com)
2026-07-16 11:06:43,932 [DEBUG] Validating FlashSystem snapshot: fs9500-2.cpolab.ibm.com | ORION16-FiServRep-mdb8 | ORION16-FiServRep-mdb8_6a57845c84006855ce70784a
2026-07-16 11:06:44,436 [INFO] Valid FlashSystem snapshot found: ORION16-FiServRep-mdb8_6a57845c84006855ce70784a (VG=ORION16-FiServRep-mdb8, system=fs9500-2.cpolab.ibm.com)
2026-07-16 11:06:44,440 [DEBUG] Validating FlashSystem snapshot: fs9500-2.cpolab.ibm.com | ORION16-FiServRep-mdb9 | ORION16-FiServRep-mdb9_6a57845c84006855ce70784a
2026-07-16 11:06:44,942 [INFO] Valid FlashSystem snapshot found: ORION16-FiServRep-mdb9_6a57845c84006855ce70784a (VG=ORION16-FiServRep-mdb9, system=fs9500-2.cpolab.ibm.com)
2026-07-16 11:06:44,944 [DEBUG] Validating FlashSystem snapshot: fs9500-2.cpolab.ibm.com | ORION16-FiServRep-mdb7 | ORION16-FiServRep-mdb7_6a563ed484006855ce536b50
2026-07-16 11:06:45,430 [INFO] Valid FlashSystem snapshot found: ORION16-FiServRep-mdb7_6a563ed484006855ce536b50 (VG=ORION16-FiServRep-mdb7, system=fs9500-2.cpolab.ibm.com)
2026-07-16 11:06:45,431 [DEBUG] Validating FlashSystem snapshot: fs9500-2.cpolab.ibm.com | ORION16-FiServRep-mdb8 | ORION16-FiServRep-mdb8_6a563ed484006855ce536b50
2026-07-16 11:06:45,896 [INFO] Valid FlashSystem snapshot found: ORION16-FiServRep-mdb8_6a563ed484006855ce536b50 (VG=ORION16-FiServRep-mdb8, system=fs9500-2.cpolab.ibm.com)
2026-07-16 11:06:45,898 [DEBUG] Validating FlashSystem snapshot: fs9500-2.cpolab.ibm.com | ORION16-FiServRep-mdb9 | ORION16-FiServRep-mdb9_6a563ed484006855ce536b50
2026-07-16 11:06:46,360 [INFO] Valid FlashSystem snapshot found: ORION16-FiServRep-mdb9_6a563ed484006855ce536b50 (VG=ORION16-FiServRep-mdb9, system=fs9500-2.cpolab.ibm.com)
2026-07-16 11:06:46,361 [DEBUG] Validating FlashSystem snapshot: fs9500-2.cpolab.ibm.com | ORION16-FiServRep-mdb7 | ORION16-FiServRep-mdb7_6a56352484006855ce52776a
2026-07-16 11:06:46,842 [INFO] Valid FlashSystem snapshot found: ORION16-FiServRep-mdb7_6a56352484006855ce52776a (VG=ORION16-FiServRep-mdb7, system=fs9500-2.cpolab.ibm.com)
2026-07-16 11:06:46,844 [DEBUG] Validating FlashSystem snapshot: fs9500-2.cpolab.ibm.com | ORION16-FiServRep-mdb8 | ORION16-FiServRep-mdb8_6a56352484006855ce52776a
2026-07-16 11:06:47,345 [INFO] Valid FlashSystem snapshot found: ORION16-FiServRep-mdb8_6a56352484006855ce52776a (VG=ORION16-FiServRep-mdb8, system=fs9500-2.cpolab.ibm.com)
2026-07-16 11:06:47,346 [DEBUG] Validating FlashSystem snapshot: fs9500-2.cpolab.ibm.com | ORION16-FiServRep-mdb9 | ORION16-FiServRep-mdb9_6a56352484006855ce52776a
2026-07-16 11:06:47,855 [INFO] Valid FlashSystem snapshot found: ORION16-FiServRep-mdb9_6a56352484006855ce52776a (VG=ORION16-FiServRep-mdb9, system=fs9500-2.cpolab.ibm.com)
2026-07-16 11:06:47,856 [DEBUG] Validating FlashSystem snapshot: fs9500-2.cpolab.ibm.com | ORION16-FiServRep-mdb7 | ORION16-FiServRep-mdb7_6a56339184006855ce5254ea
2026-07-16 11:06:48,338 [INFO] Valid FlashSystem snapshot found: ORION16-FiServRep-mdb7_6a56339184006855ce5254ea (VG=ORION16-FiServRep-mdb7, system=fs9500-2.cpolab.ibm.com)
2026-07-16 11:06:48,339 [DEBUG] Validating FlashSystem snapshot: fs9500-2.cpolab.ibm.com | ORION16-FiServRep-mdb8 | ORION16-FiServRep-mdb8_6a56339184006855ce5254ea
2026-07-16 11:06:48,878 [INFO] Valid FlashSystem snapshot found: ORION16-FiServRep-mdb8_6a56339184006855ce5254ea (VG=ORION16-FiServRep-mdb8, system=fs9500-2.cpolab.ibm.com)
2026-07-16 11:06:48,880 [DEBUG] Validating FlashSystem snapshot: fs9500-2.cpolab.ibm.com | ORION16-FiServRep-mdb9 | ORION16-FiServRep-mdb9_6a56339184006855ce5254ea
2026-07-16 11:06:49,346 [INFO] Valid FlashSystem snapshot found: ORION16-FiServRep-mdb9_6a56339184006855ce5254ea (VG=ORION16-FiServRep-mdb9, system=fs9500-2.cpolab.ibm.com)
2026-07-16 11:06:49,348 [DEBUG] Validating FlashSystem snapshot: fs9500-2.cpolab.ibm.com | ORION16-FiServRep-mdb7 | ORION16-FiServRep-mdb7_6a4e5a6f84006855cea7de7d
2026-07-16 11:06:49,815 [INFO] Valid FlashSystem snapshot found: ORION16-FiServRep-mdb7_6a4e5a6f84006855cea7de7d (VG=ORION16-FiServRep-mdb7, system=fs9500-2.cpolab.ibm.com)
2026-07-16 11:06:49,816 [DEBUG] Validating FlashSystem snapshot: fs9500-2.cpolab.ibm.com | ORION16-FiServRep-mdb8 | ORION16-FiServRep-mdb8_6a4e5a6f84006855cea7de7d
2026-07-16 11:06:50,282 [INFO] Valid FlashSystem snapshot found: ORION16-FiServRep-mdb8_6a4e5a6f84006855cea7de7d (VG=ORION16-FiServRep-mdb8, system=fs9500-2.cpolab.ibm.com)
2026-07-16 11:06:50,283 [DEBUG] Validating FlashSystem snapshot: fs9500-2.cpolab.ibm.com | ORION16-FiServRep-mdb9 | ORION16-FiServRep-mdb9_6a4e5a6f84006855cea7de7d
2026-07-16 11:06:50,811 [INFO] Valid FlashSystem snapshot found: ORION16-FiServRep-mdb9_6a4e5a6f84006855cea7de7d (VG=ORION16-FiServRep-mdb9, system=fs9500-2.cpolab.ibm.com)
2026-07-16 11:06:50,813 [DEBUG] Validating FlashSystem snapshot: fs9500-2.cpolab.ibm.com | ORION16-FiServRep-mdb7 | ORION16-FiServRep-mdb7_6a4e4dca84006855cea6a399
2026-07-16 11:06:51,295 [INFO] Valid FlashSystem snapshot found: ORION16-FiServRep-mdb7_6a4e4dca84006855cea6a399 (VG=ORION16-FiServRep-mdb7, system=fs9500-2.cpolab.ibm.com)
2026-07-16 11:06:51,296 [DEBUG] Validating FlashSystem snapshot: fs9500-2.cpolab.ibm.com | ORION16-FiServRep-mdb8 | ORION16-FiServRep-mdb8_6a4e4dca84006855cea6a399
2026-07-16 11:06:51,765 [INFO] Valid FlashSystem snapshot found: ORION16-FiServRep-mdb8_6a4e4dca84006855cea6a399 (VG=ORION16-FiServRep-mdb8, system=fs9500-2.cpolab.ibm.com)
2026-07-16 11:06:51,768 [DEBUG] Validating FlashSystem snapshot: fs9500-2.cpolab.ibm.com | ORION16-FiServRep-mdb9 | ORION16-FiServRep-mdb9_6a4e4dca84006855cea6a399
2026-07-16 11:06:52,248 [INFO] Valid FlashSystem snapshot found: ORION16-FiServRep-mdb9_6a4e4dca84006855cea6a399 (VG=ORION16-FiServRep-mdb9, system=fs9500-2.cpolab.ibm.com)
2026-07-16 11:06:52,250 [DEBUG] Validating FlashSystem snapshot: fs9500-2.cpolab.ibm.com | ORION16-FiServRep-mdb7 | ORION16-FiServRep-mdb7_6a4280b4f9f8584e2237151c
2026-07-16 11:06:52,710 [INFO] Expired snapshot: ORION16-FiServRep-mdb7_6a4280b4f9f8584e2237151c (VG=ORION16-FiServRep-mdb7, system=fs9500-2.cpolab.ibm.com)
2026-07-16 11:06:52,712 [DEBUG] Validating FlashSystem snapshot: fs9500-2.cpolab.ibm.com | ORION16-FiServRep-mdb8 | ORION16-FiServRep-mdb8_6a4280b4f9f8584e2237151c
2026-07-16 11:06:53,199 [INFO] Expired snapshot: ORION16-FiServRep-mdb8_6a4280b4f9f8584e2237151c (VG=ORION16-FiServRep-mdb8, system=fs9500-2.cpolab.ibm.com)
2026-07-16 11:06:53,200 [DEBUG] Validating FlashSystem snapshot: fs9500-2.cpolab.ibm.com | ORION16-FiServRep-mdb9 | ORION16-FiServRep-mdb9_6a4280b4f9f8584e2237151c
2026-07-16 11:06:53,657 [INFO] Expired snapshot: ORION16-FiServRep-mdb9_6a4280b4f9f8584e2237151c (VG=ORION16-FiServRep-mdb9, system=fs9500-2.cpolab.ibm.com)
2026-07-16 11:06:53,658 [DEBUG] Validating FlashSystem snapshot: fs9500-2.cpolab.ibm.com | ORION16-FiServRep-mdb7 | ORION16-FiServRep-mdb7_6a427f1ef9f8584e2236f01b
2026-07-16 11:06:54,138 [INFO] Expired snapshot: ORION16-FiServRep-mdb7_6a427f1ef9f8584e2236f01b (VG=ORION16-FiServRep-mdb7, system=fs9500-2.cpolab.ibm.com)
2026-07-16 11:06:54,139 [DEBUG] Validating FlashSystem snapshot: fs9500-2.cpolab.ibm.com | ORION16-FiServRep-mdb8 | ORION16-FiServRep-mdb8_6a427f1ef9f8584e2236f01b
2026-07-16 11:06:54,617 [INFO] Expired snapshot: ORION16-FiServRep-mdb8_6a427f1ef9f8584e2236f01b (VG=ORION16-FiServRep-mdb8, system=fs9500-2.cpolab.ibm.com)
2026-07-16 11:06:54,619 [DEBUG] Validating FlashSystem snapshot: fs9500-2.cpolab.ibm.com | ORION16-FiServRep-mdb9 | ORION16-FiServRep-mdb9_6a427f1ef9f8584e2236f01b
2026-07-16 11:06:55,121 [INFO] Expired snapshot: ORION16-FiServRep-mdb9_6a427f1ef9f8584e2236f01b (VG=ORION16-FiServRep-mdb9, system=fs9500-2.cpolab.ibm.com)
2026-07-16 11:06:55,123 [DEBUG] Validating FlashSystem snapshot: fs9500-2.cpolab.ibm.com | ORION16-FiServRep-mdb7 | ORION16-FiServRep-mdb7_6a42777bf9f8584e223647b0
2026-07-16 11:06:55,600 [INFO] Expired snapshot: ORION16-FiServRep-mdb7_6a42777bf9f8584e223647b0 (VG=ORION16-FiServRep-mdb7, system=fs9500-2.cpolab.ibm.com)
2026-07-16 11:06:55,601 [DEBUG] Validating FlashSystem snapshot: fs9500-2.cpolab.ibm.com | ORION16-FiServRep-mdb8 | ORION16-FiServRep-mdb8_6a42777bf9f8584e223647b0
2026-07-16 11:06:56,092 [INFO] Expired snapshot: ORION16-FiServRep-mdb8_6a42777bf9f8584e223647b0 (VG=ORION16-FiServRep-mdb8, system=fs9500-2.cpolab.ibm.com)
2026-07-16 11:06:56,093 [DEBUG] Validating FlashSystem snapshot: fs9500-2.cpolab.ibm.com | ORION16-FiServRep-mdb9 | ORION16-FiServRep-mdb9_6a42777bf9f8584e223647b0
2026-07-16 11:06:56,579 [INFO] Expired snapshot: ORION16-FiServRep-mdb9_6a42777bf9f8584e223647b0 (VG=ORION16-FiServRep-mdb9, system=fs9500-2.cpolab.ibm.com)
2026-07-16 11:06:56,581 [DEBUG] Validating FlashSystem snapshot: fs9500-2.cpolab.ibm.com | ORION16-FiServRep-mdb7 | ORION16-FiServRep-mdb7_6a4275cff9f8584e2236226f
2026-07-16 11:06:57,075 [INFO] Expired snapshot: ORION16-FiServRep-mdb7_6a4275cff9f8584e2236226f (VG=ORION16-FiServRep-mdb7, system=fs9500-2.cpolab.ibm.com)
2026-07-16 11:06:57,077 [DEBUG] Validating FlashSystem snapshot: fs9500-2.cpolab.ibm.com | ORION16-FiServRep-mdb8 | ORION16-FiServRep-mdb8_6a4275cff9f8584e2236226f
2026-07-16 11:06:57,591 [INFO] Expired snapshot: ORION16-FiServRep-mdb8_6a4275cff9f8584e2236226f (VG=ORION16-FiServRep-mdb8, system=fs9500-2.cpolab.ibm.com)
2026-07-16 11:06:57,593 [DEBUG] Validating FlashSystem snapshot: fs9500-2.cpolab.ibm.com | ORION16-FiServRep-mdb9 | ORION16-FiServRep-mdb9_6a4275cff9f8584e2236226f
2026-07-16 11:06:58,530 [INFO] Expired snapshot: ORION16-FiServRep-mdb9_6a4275cff9f8584e2236226f (VG=ORION16-FiServRep-mdb9, system=fs9500-2.cpolab.ibm.com)
2026-07-16 11:06:58,532 [DEBUG] Validating FlashSystem snapshot: fs9500-2.cpolab.ibm.com | ORION16-FiServRep-mdb7 | ORION16-FiServRep-mdb7_6a42727bf9f8584e2235d88a
2026-07-16 11:06:59,039 [INFO] Expired snapshot: ORION16-FiServRep-mdb7_6a42727bf9f8584e2235d88a (VG=ORION16-FiServRep-mdb7, system=fs9500-2.cpolab.ibm.com)
2026-07-16 11:06:59,041 [DEBUG] Validating FlashSystem snapshot: fs9500-2.cpolab.ibm.com | ORION16-FiServRep-mdb8 | ORION16-FiServRep-mdb8_6a42727bf9f8584e2235d88a
2026-07-16 11:06:59,603 [INFO] Expired snapshot: ORION16-FiServRep-mdb8_6a42727bf9f8584e2235d88a (VG=ORION16-FiServRep-mdb8, system=fs9500-2.cpolab.ibm.com)
2026-07-16 11:06:59,604 [DEBUG] Validating FlashSystem snapshot: fs9500-2.cpolab.ibm.com | ORION16-FiServRep-mdb9 | ORION16-FiServRep-mdb9_6a42727bf9f8584e2235d88a
2026-07-16 11:07:00,102 [INFO] Expired snapshot: ORION16-FiServRep-mdb9_6a42727bf9f8584e2235d88a (VG=ORION16-FiServRep-mdb9, system=fs9500-2.cpolab.ibm.com)
2026-07-16 11:07:00,104 [DEBUG] API GET http://129.40.36.100:8080/api/public/v1.0/backup/third_party/group/6a386221ee19a6537cc68a97/clusters
2026-07-16 11:07:00,274 [DEBUG] STATUS 200
2026-07-16 11:07:00,274 [DEBUG] {
  "clusters": [
    {
      "clusterId": "6a387fc1f9f8584e2262c8f3",
      "clusterName": "testRep",
      "groupId": "6a386221ee19a6537cc68a97",
      "jobId": "6a387fc1f9f8584e2262c8f3",
      "state": "ACTIVE"
    },
    {
      "clusterId": "6a3939acf9f8584e226a56e4",
      "clusterName": "tsetrepRestore",
      "groupId": "6a386221ee19a6537cc68a97",
      "jobId": "6a3939acf9f8584e226a56e4",
      "state": "ACTIVE"
    },
    {
      "clusterId": "6a39559ff9f8584e226bec72",
      "clusterName": "sgcCluster",
      "groupId": "6a386221ee19a6537cc68a97",
      "jobId": "6a39559ff9f8584e226bec72",
      "state": "ACTIVE"
    },
    {
      "clusterId": "6a39582af9f8584e226c2953",
      "clusterName": "tgtCluster",
      "groupId": "6a386221ee19a6537cc68a97",
      "jobId": "6a39582af9f8584e226c2953",
      "state": "ACTIVE"
    }
  ]
}
2026-07-16 11:07:00,274 [DEBUG] API GET http://129.40.36.100:8080/api/public/v1.0/backup/third_party/group/6a386221ee19a6537cc68a97/clusters/6a3939acf9f8584e226a56e4
2026-07-16 11:07:00,401 [DEBUG] STATUS 200
2026-07-16 11:07:00,402 [DEBUG] {
  "replicaSets": [
    {
      "id": "tsetrepRestore",
      "nodes": [
        {
          "dbPath": "/fimongo/data",
          "hidden": false,
          "hostname": "rmdb9",
          "id": "rmdb9:27017",
          "lastAgentPing": "2026-07-16T16:06:24Z",
          "memberState": "PRIMARY",
          "mongodbVersion": "8.0.26",
          "opTime": "2026-07-16T16:06:31Z",
          "oplogStoreType": "thirdPartyOplogStore",
          "port": 27017,
          "priority": 1.0,
          "rsId": "tsetrepRestore",
          "snapshotable": true,
          "votes": 1
        },
        {
          "dbPath": "/fimongo/data",
          "hidden": false,
          "hostname": "rmdb7",
          "id": "rmdb7:27017",
          "lastAgentPing": "2026-07-16T16:06:06Z",
          "memberState": "SECONDARY",
          "mongodbVersion": "8.0.26",
          "opTime": "2026-07-16T16:06:21Z",
          "oplogStoreType": "thirdPartyOplogStore",
          "port": 27017,
          "priority": 1.0,
          "rsId": "tsetrepRestore",
          "snapshotable": true,
          "votes": 1
        },
        {
          "dbPath": "/fimongo/data",
          "hidden": false,
          "hostname": "rmdb8",
          "id": "rmdb8:27017",
          "lastAgentPing": "2026-07-16T16:06:21Z",
          "memberState": "SECONDARY",
          "mongodbVersion": "8.0.26",
          "opTime": "2026-07-16T16:06:21Z",
          "oplogStoreType": "thirdPartyOplogStore",
          "port": 27017,
          "priority": 1.0,
          "rsId": "tsetrepRestore",
          "snapshotable": true,
          "votes": 1
        }
      ],
      "oplogType": "thirdParty"
    }
  ],
  "restoreId": "6a58f2408a91cdade89fe52d"
}
2026-07-16 11:07:00,402 [INFO] Source replica sets : 1
2026-07-16 11:07:00,404 [INFO] Destination replica sets : 1
2026-07-16 11:07:00,404 [INFO] Cluster topology validation passed
2026-07-16 11:07:00,404 [DEBUG] API GET http://129.40.36.100:8080/api/public/v1.0/backup/third_party/group/6a386221ee19a6537cc68a97/clusters/6a3939acf9f8584e226a56e4
2026-07-16 11:07:00,531 [DEBUG] STATUS 200
2026-07-16 11:07:00,532 [DEBUG] {
  "replicaSets": [
    {
      "id": "tsetrepRestore",
      "nodes": [
        {
          "dbPath": "/fimongo/data",
          "hidden": false,
          "hostname": "rmdb9",
          "id": "rmdb9:27017",
          "lastAgentPing": "2026-07-16T16:06:24Z",
          "memberState": "PRIMARY",
          "mongodbVersion": "8.0.26",
          "opTime": "2026-07-16T16:06:31Z",
          "oplogStoreType": "thirdPartyOplogStore",
          "port": 27017,
          "priority": 1.0,
          "rsId": "tsetrepRestore",
          "snapshotable": true,
          "votes": 1
        },
        {
          "dbPath": "/fimongo/data",
          "hidden": false,
          "hostname": "rmdb7",
          "id": "rmdb7:27017",
          "lastAgentPing": "2026-07-16T16:06:06Z",
          "memberState": "SECONDARY",
          "mongodbVersion": "8.0.26",
          "opTime": "2026-07-16T16:06:21Z",
          "oplogStoreType": "thirdPartyOplogStore",
          "port": 27017,
          "priority": 1.0,
          "rsId": "tsetrepRestore",
          "snapshotable": true,
          "votes": 1
        },
        {
          "dbPath": "/fimongo/data",
          "hidden": false,
          "hostname": "rmdb8",
          "id": "rmdb8:27017",
          "lastAgentPing": "2026-07-16T16:06:21Z",
          "memberState": "SECONDARY",
          "mongodbVersion": "8.0.26",
          "opTime": "2026-07-16T16:06:21Z",
          "oplogStoreType": "thirdPartyOplogStore",
          "port": 27017,
          "priority": 1.0,
          "rsId": "tsetrepRestore",
          "snapshotable": true,
          "votes": 1
        }
      ],
      "oplogType": "thirdParty"
    }
  ],
  "restoreId": "6a58f2408a91cdade89fe52d"
}
2026-07-16 11:07:00,532 [DEBUG] API POST http://129.40.36.100:8080/api/public/v1.0/backup/third_party/group/6a386221ee19a6537cc68a97/clusters/6a3939acf9f8584e226a56e4/restore
2026-07-16 11:07:00,532 [DEBUG] {
  "snapshotsMetadata": [
    {
      "clusterId": "6a387fc1f9f8584e2262c8f3",
      "clusterName": "testRep",
      "groupId": "6a386221ee19a6537cc68a97",
      "restoreTimestamp": {
        "increment": 1,
        "time": 1784120471
      },
      "rsSnapshotsMetadata": [
        {
          "defaultRWConcern": {
            "defaultReadConcern": {
              "level": "local"
            },
            "defaultReadConcernSource": "implicit",
            "defaultWriteConcern": {
              "w": "majority",
              "wtimeout": 0
            },
            "defaultWriteConcernSource": "implicit",
            "localUpdateWallClockTime": "2026-07-15T13:01:35Z"
          },
          "encryption": false,
          "fcv": "8.0",
          "fileSize": 10551296,
          "incremental": true,
          "isConfigShard": false,
          "keyEncryptionUUID": null,
          "lastOplogApplied": {
            "increment": 1,
            "time": 1784120471
          },
          "member": "REPLICA_SET",
          "mongodbVersion": "8.0.26",
          "oplogStoreType": "thirdPartyOplogStore",
          "rsId": "testRep",
          "shardId": null,
          "snapshotVersion": 1,
          "srcBackupName": null,
          "startupOptions": {},
          "storageEngine": "wiredTiger",
          "thisBackupName": "mdb8.27017.1784120479"
        }
      ],
      "snapshotId": "6a57845c84006855ce70784a",
      "snapshotTimestamp": {
        "increment": 1,
        "time": 1784120471
      }
    }
  ],
  "nodes": [
    {
      "id": "rmdb9:27017",
      "restoreRole": "RESTORE"
    },
    {
      "id": "rmdb7:27017",
      "restoreRole": "RESTORE"
    },
    {
      "id": "rmdb8:27017",
      "restoreRole": "RESTORE"
    }
  ]
}
2026-07-16 11:07:00,678 [DEBUG] STATUS 200
2026-07-16 11:07:00,678 [DEBUG] {
  "clusterMapping": [
    {
      "nodes": [
        {
          "error": null,
          "hostname": "rmdb9",
          "id": "rmdb9:27017",
          "port": 27017,
          "rsId": "tsetrepRestore",
          "state": "INITIAL",
          "stateUpdateTime": null
        },
        {
          "error": null,
          "hostname": "rmdb7",
          "id": "rmdb7:27017",
          "port": 27017,
          "rsId": "tsetrepRestore",
          "state": "INITIAL",
          "stateUpdateTime": null
        },
        {
          "error": null,
          "hostname": "rmdb8",
          "id": "rmdb8:27017",
          "port": 27017,
          "rsId": "tsetrepRestore",
          "state": "INITIAL",
          "stateUpdateTime": null
        }
      ],
      "rsId": "testRep",
      "targetRsId": "tsetrepRestore"
    }
  ],
  "restoreId": "6a5901a48a91cdade89feee9"
}
2026-07-16 11:07:00,681 [INFO] Restore ID: 6a5901a48a91cdade89feee9
2026-07-16 11:07:00,681 [DEBUG] API POST http://129.40.36.100:8080/api/public/v1.0/backup/third_party/group/6a386221ee19a6537cc68a97/restore/6a5901a48a91cdade89feee9/start
2026-07-16 11:07:00,971 [DEBUG] STATUS 200
2026-07-16 11:07:00,971 [DEBUG] {
  "errorCode": "NONE",
  "version": "1",
  "status": "OK"
}
2026-07-16 11:07:00,972 [DEBUG] API GET http://129.40.36.100:8080/api/public/v1.0/backup/third_party/group/6a386221ee19a6537cc68a97/restore/6a5901a48a91cdade89feee9
2026-07-16 11:07:01,107 [DEBUG] STATUS 200
2026-07-16 11:07:01,107 [DEBUG] {
  "clusterMapping": [
    {
      "rsId": "testRep",
      "targetRsId": "tsetrepRestore"
    }
  ],
  "nodes": [
    {
      "error": null,
      "hostname": "rmdb9",
      "id": "rmdb9:27017",
      "port": 27017,
      "rsId": "tsetrepRestore",
      "state": "PENDING",
      "stateUpdateTime": 1784218020
    },
    {
      "error": null,
      "hostname": "rmdb7",
      "id": "rmdb7:27017",
      "port": 27017,
      "rsId": "tsetrepRestore",
      "state": "PENDING",
      "stateUpdateTime": 1784218020
    },
    {
      "error": null,
      "hostname": "rmdb8",
      "id": "rmdb8:27017",
      "port": 27017,
      "rsId": "tsetrepRestore",
      "state": "PENDING",
      "stateUpdateTime": 1784218020
    }
  ],
  "state": "PENDING"
}
2026-07-16 11:07:01,108 [INFO] Restore state: PENDING
2026-07-16 11:07:11,108 [DEBUG] API GET http://129.40.36.100:8080/api/public/v1.0/backup/third_party/group/6a386221ee19a6537cc68a97/restore/6a5901a48a91cdade89feee9
2026-07-16 11:07:11,245 [DEBUG] STATUS 200
2026-07-16 11:07:11,245 [DEBUG] {
  "clusterMapping": [
    {
      "rsId": "testRep",
      "targetRsId": "tsetrepRestore"
    }
  ],
  "nodes": [
    {
      "error": null,
      "hostname": "rmdb9",
      "id": "rmdb9:27017",
      "port": 27017,
      "rsId": "tsetrepRestore",
      "state": "PENDING",
      "stateUpdateTime": 1784218020
    },
    {
      "error": null,
      "hostname": "rmdb7",
      "id": "rmdb7:27017",
      "port": 27017,
      "rsId": "tsetrepRestore",
      "state": "PENDING",
      "stateUpdateTime": 1784218020
    },
    {
      "error": null,
      "hostname": "rmdb8",
      "id": "rmdb8:27017",
      "port": 27017,
      "rsId": "tsetrepRestore",
      "state": "PENDING",
      "stateUpdateTime": 1784218020
    }
  ],
  "state": "PENDING"
}
2026-07-16 11:07:11,245 [INFO] Restore state: PENDING
2026-07-16 11:07:21,246 [DEBUG] API GET http://129.40.36.100:8080/api/public/v1.0/backup/third_party/group/6a386221ee19a6537cc68a97/restore/6a5901a48a91cdade89feee9
2026-07-16 11:07:21,406 [DEBUG] STATUS 200
2026-07-16 11:07:21,407 [DEBUG] {
  "clusterMapping": [
    {
      "rsId": "testRep",
      "targetRsId": "tsetrepRestore"
    }
  ],
  "nodes": [
    {
      "error": null,
      "hostname": "rmdb9",
      "id": "rmdb9:27017",
      "port": 27017,
      "rsId": "tsetrepRestore",
      "state": "PENDING",
      "stateUpdateTime": 1784218020
    },
    {
      "error": null,
      "hostname": "rmdb7",
      "id": "rmdb7:27017",
      "port": 27017,
      "rsId": "tsetrepRestore",
      "state": "PENDING",
      "stateUpdateTime": 1784218020
    },
    {
      "error": null,
      "hostname": "rmdb8",
      "id": "rmdb8:27017",
      "port": 27017,
      "rsId": "tsetrepRestore",
      "state": "PENDING",
      "stateUpdateTime": 1784218020
    }
  ],
  "state": "PENDING"
}
2026-07-16 11:07:21,407 [INFO] Restore state: PENDING
2026-07-16 11:07:31,407 [DEBUG] API GET http://129.40.36.100:8080/api/public/v1.0/backup/third_party/group/6a386221ee19a6537cc68a97/restore/6a5901a48a91cdade89feee9
2026-07-16 11:07:31,548 [DEBUG] STATUS 200
2026-07-16 11:07:31,548 [DEBUG] {
  "clusterMapping": [
    {
      "rsId": "testRep",
      "targetRsId": "tsetrepRestore"
    }
  ],
  "nodes": [
    {
      "error": null,
      "hostname": "rmdb9",
      "id": "rmdb9:27017",
      "port": 27017,
      "rsId": "tsetrepRestore",
      "state": "PENDING",
      "stateUpdateTime": 1784218020
    },
    {
      "error": null,
      "hostname": "rmdb7",
      "id": "rmdb7:27017",
      "port": 27017,
      "rsId": "tsetrepRestore",
      "state": "PENDING",
      "stateUpdateTime": 1784218020
    },
    {
      "error": null,
      "hostname": "rmdb8",
      "id": "rmdb8:27017",
      "port": 27017,
      "rsId": "tsetrepRestore",
      "state": "PENDING",
      "stateUpdateTime": 1784218020
    }
  ],
  "state": "PENDING"
}
2026-07-16 11:07:31,548 [INFO] Restore state: PENDING
2026-07-16 11:07:41,548 [DEBUG] API GET http://129.40.36.100:8080/api/public/v1.0/backup/third_party/group/6a386221ee19a6537cc68a97/restore/6a5901a48a91cdade89feee9
2026-07-16 11:07:41,686 [DEBUG] STATUS 200
2026-07-16 11:07:41,686 [DEBUG] {
  "clusterMapping": [
    {
      "rsId": "testRep",
      "targetRsId": "tsetrepRestore"
    }
  ],
  "nodes": [
    {
      "error": null,
      "hostname": "rmdb9",
      "id": "rmdb9:27017",
      "port": 27017,
      "rsId": "tsetrepRestore",
      "state": "SHUTDOWN_IN_PROGRESS",
      "stateUpdateTime": 1784218058
    },
    {
      "error": null,
      "hostname": "rmdb7",
      "id": "rmdb7:27017",
      "port": 27017,
      "rsId": "tsetrepRestore",
      "state": "SHUTDOWN_IN_PROGRESS",
      "stateUpdateTime": 1784218058
    },
    {
      "error": null,
      "hostname": "rmdb8",
      "id": "rmdb8:27017",
      "port": 27017,
      "rsId": "tsetrepRestore",
      "state": "SHUTDOWN_IN_PROGRESS",
      "stateUpdateTime": 1784218058
    }
  ],
  "state": "SHUTDOWN_IN_PROGRESS"
}
2026-07-16 11:07:41,687 [INFO] Restore state: SHUTDOWN_IN_PROGRESS
2026-07-16 11:07:51,688 [DEBUG] API GET http://129.40.36.100:8080/api/public/v1.0/backup/third_party/group/6a386221ee19a6537cc68a97/restore/6a5901a48a91cdade89feee9
2026-07-16 11:07:51,825 [DEBUG] STATUS 200
2026-07-16 11:07:51,825 [DEBUG] {
  "clusterMapping": [
    {
      "rsId": "testRep",
      "targetRsId": "tsetrepRestore"
    }
  ],
  "nodes": [
    {
      "error": null,
      "hostname": "rmdb9",
      "id": "rmdb9:27017",
      "port": 27017,
      "rsId": "tsetrepRestore",
      "state": "SHUTDOWN_IN_PROGRESS",
      "stateUpdateTime": 1784218058
    },
    {
      "error": null,
      "hostname": "rmdb7",
      "id": "rmdb7:27017",
      "port": 27017,
      "rsId": "tsetrepRestore",
      "state": "SHUTDOWN_IN_PROGRESS",
      "stateUpdateTime": 1784218058
    },
    {
      "error": null,
      "hostname": "rmdb8",
      "id": "rmdb8:27017",
      "port": 27017,
      "rsId": "tsetrepRestore",
      "state": "SHUTDOWN_IN_PROGRESS",
      "stateUpdateTime": 1784218058
    }
  ],
  "state": "SHUTDOWN_IN_PROGRESS"
}
2026-07-16 11:07:51,825 [INFO] Restore state: SHUTDOWN_IN_PROGRESS
2026-07-16 11:08:01,826 [DEBUG] API GET http://129.40.36.100:8080/api/public/v1.0/backup/third_party/group/6a386221ee19a6537cc68a97/restore/6a5901a48a91cdade89feee9
2026-07-16 11:08:02,046 [DEBUG] STATUS 200
2026-07-16 11:08:02,047 [DEBUG] {
  "clusterMapping": [
    {
      "rsId": "testRep",
      "targetRsId": "tsetrepRestore"
    }
  ],
  "nodes": [
    {
      "error": null,
      "hostname": "rmdb9",
      "id": "rmdb9:27017",
      "port": 27017,
      "rsId": "tsetrepRestore",
      "state": "SHUTDOWN_IN_PROGRESS",
      "stateUpdateTime": 1784218058
    },
    {
      "error": null,
      "hostname": "rmdb7",
      "id": "rmdb7:27017",
      "port": 27017,
      "rsId": "tsetrepRestore",
      "state": "SHUTDOWN_IN_PROGRESS",
      "stateUpdateTime": 1784218058
    },
    {
      "error": null,
      "hostname": "rmdb8",
      "id": "rmdb8:27017",
      "port": 27017,
      "rsId": "tsetrepRestore",
      "state": "SHUTDOWN_IN_PROGRESS",
      "stateUpdateTime": 1784218058
    }
  ],
  "state": "SHUTDOWN_IN_PROGRESS"
}
2026-07-16 11:08:02,047 [INFO] Restore state: SHUTDOWN_IN_PROGRESS
2026-07-16 11:08:12,048 [DEBUG] API GET http://129.40.36.100:8080/api/public/v1.0/backup/third_party/group/6a386221ee19a6537cc68a97/restore/6a5901a48a91cdade89feee9
2026-07-16 11:08:12,184 [DEBUG] STATUS 200
2026-07-16 11:08:12,184 [DEBUG] {
  "clusterMapping": [
    {
      "rsId": "testRep",
      "targetRsId": "tsetrepRestore"
    }
  ],
  "nodes": [
    {
      "error": null,
      "hostname": "rmdb9",
      "id": "rmdb9:27017",
      "port": 27017,
      "rsId": "tsetrepRestore",
      "state": "SHUTDOWN_IN_PROGRESS",
      "stateUpdateTime": 1784218058
    },
    {
      "error": null,
      "hostname": "rmdb7",
      "id": "rmdb7:27017",
      "port": 27017,
      "rsId": "tsetrepRestore",
      "state": "SHUTDOWN_IN_PROGRESS",
      "stateUpdateTime": 1784218058
    },
    {
      "error": null,
      "hostname": "rmdb8",
      "id": "rmdb8:27017",
      "port": 27017,
      "rsId": "tsetrepRestore",
      "state": "SHUTDOWN_IN_PROGRESS",
      "stateUpdateTime": 1784218058
    }
  ],
  "state": "SHUTDOWN_IN_PROGRESS"
}
2026-07-16 11:08:12,184 [INFO] Restore state: SHUTDOWN_IN_PROGRESS
2026-07-16 11:08:22,185 [DEBUG] API GET http://129.40.36.100:8080/api/public/v1.0/backup/third_party/group/6a386221ee19a6537cc68a97/restore/6a5901a48a91cdade89feee9
2026-07-16 11:08:22,327 [DEBUG] STATUS 200
2026-07-16 11:08:22,327 [DEBUG] {
  "clusterMapping": [
    {
      "rsId": "testRep",
      "targetRsId": "tsetrepRestore"
    }
  ],
  "nodes": [
    {
      "error": null,
      "hostname": "rmdb9",
      "id": "rmdb9:27017",
      "port": 27017,
      "rsId": "tsetrepRestore",
      "state": "SHUTDOWN_IN_PROGRESS",
      "stateUpdateTime": 1784218058
    },
    {
      "error": null,
      "hostname": "rmdb7",
      "id": "rmdb7:27017",
      "port": 27017,
      "rsId": "tsetrepRestore",
      "state": "SHUTDOWN_IN_PROGRESS",
      "stateUpdateTime": 1784218058
    },
    {
      "error": null,
      "hostname": "rmdb8",
      "id": "rmdb8:27017",
      "port": 27017,
      "rsId": "tsetrepRestore",
      "state": "SHUTDOWN_IN_PROGRESS",
      "stateUpdateTime": 1784218058
    }
  ],
  "state": "SHUTDOWN_IN_PROGRESS"
}
2026-07-16 11:08:22,327 [INFO] Restore state: SHUTDOWN_IN_PROGRESS
2026-07-16 11:08:32,328 [DEBUG] API GET http://129.40.36.100:8080/api/public/v1.0/backup/third_party/group/6a386221ee19a6537cc68a97/restore/6a5901a48a91cdade89feee9
2026-07-16 11:08:32,469 [DEBUG] STATUS 200
2026-07-16 11:08:32,469 [DEBUG] {
  "clusterMapping": [
    {
      "rsId": "testRep",
      "targetRsId": "tsetrepRestore"
    }
  ],
  "nodes": [
    {
      "error": null,
      "hostname": "rmdb9",
      "id": "rmdb9:27017",
      "port": 27017,
      "rsId": "tsetrepRestore",
      "state": "SHUTDOWN_IN_PROGRESS",
      "stateUpdateTime": 1784218058
    },
    {
      "error": null,
      "hostname": "rmdb7",
      "id": "rmdb7:27017",
      "port": 27017,
      "rsId": "tsetrepRestore",
      "state": "SHUTDOWN_IN_PROGRESS",
      "stateUpdateTime": 1784218058
    },
    {
      "error": null,
      "hostname": "rmdb8",
      "id": "rmdb8:27017",
      "port": 27017,
      "rsId": "tsetrepRestore",
      "state": "SHUTDOWN_IN_PROGRESS",
      "stateUpdateTime": 1784218058
    }
  ],
  "state": "SHUTDOWN_IN_PROGRESS"
}
2026-07-16 11:08:32,469 [INFO] Restore state: SHUTDOWN_IN_PROGRESS
2026-07-16 11:08:42,469 [DEBUG] API GET http://129.40.36.100:8080/api/public/v1.0/backup/third_party/group/6a386221ee19a6537cc68a97/restore/6a5901a48a91cdade89feee9
2026-07-16 11:08:42,609 [DEBUG] STATUS 200
2026-07-16 11:08:42,609 [DEBUG] {
  "clusterMapping": [
    {
      "rsId": "testRep",
      "targetRsId": "tsetrepRestore"
    }
  ],
  "nodes": [
    {
      "error": null,
      "hostname": "rmdb9",
      "id": "rmdb9:27017",
      "port": 27017,
      "rsId": "tsetrepRestore",
      "state": "SHUTDOWN_IN_PROGRESS",
      "stateUpdateTime": 1784218058
    },
    {
      "error": null,
      "hostname": "rmdb7",
      "id": "rmdb7:27017",
      "port": 27017,
      "rsId": "tsetrepRestore",
      "state": "COPY_FILES",
      "stateUpdateTime": 1784218116
    },
    {
      "error": null,
      "hostname": "rmdb8",
      "id": "rmdb8:27017",
      "port": 27017,
      "rsId": "tsetrepRestore",
      "state": "SHUTDOWN_IN_PROGRESS",
      "stateUpdateTime": 1784218058
    }
  ],
  "state": "SHUTDOWN_IN_PROGRESS"
}
2026-07-16 11:08:42,609 [INFO] Restore state: SHUTDOWN_IN_PROGRESS
2026-07-16 11:08:52,610 [DEBUG] API GET http://129.40.36.100:8080/api/public/v1.0/backup/third_party/group/6a386221ee19a6537cc68a97/restore/6a5901a48a91cdade89feee9
2026-07-16 11:08:52,748 [DEBUG] STATUS 200
2026-07-16 11:08:52,748 [DEBUG] {
  "clusterMapping": [
    {
      "rsId": "testRep",
      "targetRsId": "tsetrepRestore"
    }
  ],
  "nodes": [
    {
      "error": null,
      "hostname": "rmdb9",
      "id": "rmdb9:27017",
      "port": 27017,
      "rsId": "tsetrepRestore",
      "state": "COPY_FILES",
      "stateUpdateTime": 1784218125
    },
    {
      "error": null,
      "hostname": "rmdb7",
      "id": "rmdb7:27017",
      "port": 27017,
      "rsId": "tsetrepRestore",
      "state": "COPY_FILES",
      "stateUpdateTime": 1784218116
    },
    {
      "error": null,
      "hostname": "rmdb8",
      "id": "rmdb8:27017",
      "port": 27017,
      "rsId": "tsetrepRestore",
      "state": "COPY_FILES",
      "stateUpdateTime": 1784218125
    }
  ],
  "state": "COPY_FILES"
}
2026-07-16 11:08:52,748 [INFO] Restore state: COPY_FILES
2026-07-16 11:09:02,749 [INFO] Unmounting MongoDB data volumes on all hosts
2026-07-16 11:09:03,568 [INFO] Host rmdb9 is currently busy
2026-07-16 11:09:04,364 [INFO] Host rmdb7 is currently busy
2026-07-16 11:09:05,208 [INFO] Host rmdb8 is currently busy
2026-07-16 11:09:05,208 [INFO] Busy hosts: 3
2026-07-16 11:09:15,977 [INFO] Host rmdb9 is currently busy
2026-07-16 11:09:16,753 [INFO] Host rmdb7 is currently busy
2026-07-16 11:09:17,565 [INFO] Host rmdb8 is currently busy
2026-07-16 11:09:17,566 [INFO] Busy hosts: 3
2026-07-16 11:09:28,349 [INFO] Host rmdb9 is currently busy
2026-07-16 11:09:29,160 [INFO] Host rmdb7 is currently busy
2026-07-16 11:09:29,929 [INFO] Host rmdb8 is currently busy
2026-07-16 11:09:29,929 [INFO] Busy hosts: 3
2026-07-16 11:09:40,749 [INFO] Host rmdb9 is currently busy
2026-07-16 11:09:41,553 [INFO] Host rmdb7 is currently busy
2026-07-16 11:09:42,370 [INFO] Host rmdb8 is currently busy
2026-07-16 11:09:42,371 [INFO] Busy hosts: 3
2026-07-16 11:09:53,138 [INFO] Host rmdb9 is currently busy
2026-07-16 11:09:53,925 [INFO] Host rmdb7 is currently busy
2026-07-16 11:09:54,718 [INFO] Host rmdb8 is currently busy
2026-07-16 11:09:54,718 [INFO] Busy hosts: 3
2026-07-16 11:10:05,496 [INFO] Host rmdb9 is currently busy
2026-07-16 11:10:06,284 [INFO] Host rmdb7 is currently busy
2026-07-16 11:10:07,065 [INFO] Host rmdb8 is currently busy
2026-07-16 11:10:07,066 [INFO] Busy hosts: 3
2026-07-16 11:10:17,872 [INFO] Host rmdb9 is currently busy
2026-07-16 11:10:18,648 [INFO] Host rmdb7 is currently busy
2026-07-16 11:10:19,416 [INFO] Host rmdb8 is currently busy
2026-07-16 11:10:19,417 [INFO] Busy hosts: 3
2026-07-16 11:10:30,189 [INFO] Host rmdb9 is currently busy
2026-07-16 11:10:30,974 [INFO] Host rmdb7 is currently busy
2026-07-16 11:10:31,739 [INFO] Host rmdb8 is currently busy
2026-07-16 11:10:31,740 [INFO] Busy hosts: 3
2026-07-16 11:10:42,523 [INFO] Host rmdb9 is currently busy
2026-07-16 11:10:43,349 [INFO] Host rmdb7 is currently busy
2026-07-16 11:10:44,121 [INFO] Host rmdb8 is currently busy
2026-07-16 11:10:44,122 [INFO] Busy hosts: 3
2026-07-16 11:10:54,893 [INFO] Host rmdb9 is currently busy
2026-07-16 11:10:55,659 [INFO] Host rmdb7 is currently busy
2026-07-16 11:10:56,476 [INFO] Host rmdb8 is currently busy
2026-07-16 11:10:56,476 [INFO] Busy hosts: 3
2026-07-16 11:11:07,235 [INFO] Host rmdb9 is currently busy
2026-07-16 11:11:08,018 [INFO] Host rmdb7 is currently busy
2026-07-16 11:11:08,784 [INFO] Host rmdb8 is currently busy
2026-07-16 11:11:08,784 [INFO] Busy hosts: 3
2026-07-16 11:11:19,637 [INFO] Host rmdb9 is currently busy
2026-07-16 11:11:20,400 [INFO] Host rmdb7 is currently busy
2026-07-16 11:11:21,213 [INFO] Host rmdb8 is currently busy
2026-07-16 11:11:21,213 [INFO] Busy hosts: 3
2026-07-16 11:11:31,989 [INFO] Host rmdb9 is currently busy
2026-07-16 11:11:32,839 [INFO] Host rmdb7 is currently busy
2026-07-16 11:11:33,636 [INFO] Host rmdb8 is currently busy
2026-07-16 11:11:33,637 [INFO] Busy hosts: 3
2026-07-16 11:11:44,404 [INFO] Host rmdb9 is currently busy
2026-07-16 11:11:45,188 [INFO] Host rmdb7 is currently busy
2026-07-16 11:11:45,957 [INFO] Host rmdb8 is currently busy
2026-07-16 11:11:45,957 [INFO] Busy hosts: 3
2026-07-16 11:11:56,752 [INFO] Host rmdb9 is currently busy
2026-07-16 11:11:57,560 [INFO] Host rmdb7 is currently busy
2026-07-16 11:11:58,344 [INFO] Host rmdb8 is currently busy
2026-07-16 11:11:58,344 [INFO] Busy hosts: 3
2026-07-16 11:12:09,110 [INFO] Host rmdb9 is currently busy
2026-07-16 11:12:09,923 [INFO] Host rmdb7 is currently busy
2026-07-16 11:12:10,694 [INFO] Host rmdb8 is currently busy
2026-07-16 11:12:10,694 [INFO] Busy hosts: 3
2026-07-16 11:12:21,474 [INFO] Host rmdb9 is currently busy
2026-07-16 11:12:22,288 [INFO] Host rmdb7 is currently busy
2026-07-16 11:12:23,098 [INFO] Host rmdb8 is currently busy
2026-07-16 11:12:23,099 [INFO] Busy hosts: 3
2026-07-16 11:12:33,909 [INFO] Host rmdb9 is currently busy
2026-07-16 11:12:34,725 [INFO] Host rmdb7 is currently busy
2026-07-16 11:12:35,550 [INFO] Host rmdb8 is currently busy
2026-07-16 11:12:35,550 [INFO] Busy hosts: 3
2026-07-16 11:12:46,342 [INFO] Host rmdb9 is currently busy
2026-07-16 11:12:47,159 [INFO] Host rmdb7 is currently busy
2026-07-16 11:12:47,929 [INFO] Host rmdb8 is currently busy
2026-07-16 11:12:47,930 [INFO] Busy hosts: 3
2026-07-16 11:12:58,714 [INFO] Host rmdb9 is currently busy
2026-07-16 11:12:59,485 [INFO] Host rmdb7 is currently busy
2026-07-16 11:13:00,255 [INFO] Host rmdb8 is currently busy
2026-07-16 11:13:00,255 [INFO] Busy hosts: 3
2026-07-16 11:13:11,030 [INFO] Host rmdb9 is currently busy
2026-07-16 11:13:11,811 [INFO] Host rmdb7 is currently busy
2026-07-16 11:13:12,595 [INFO] Busy hosts: 2
2026-07-16 11:13:23,364 [INFO] Host rmdb9 is currently busy
2026-07-16 11:13:24,178 [INFO] Host rmdb7 is currently busy
2026-07-16 11:13:24,968 [INFO] Busy hosts: 2
2026-07-16 11:13:36,509 [INFO] Host rmdb7 is currently busy
2026-07-16 11:13:37,287 [INFO] Busy hosts: 1
2026-07-16 11:13:49,647 [INFO] Busy hosts: 0
2026-07-16 11:13:49,647 [INFO] Flushing cache after umount on rmdb9
2026-07-16 11:13:50,519 [INFO] Flushing cache after umount on rmdb7
2026-07-16 11:13:51,382 [INFO] Flushing cache after umount on rmdb8
2026-07-16 11:13:52,212 [INFO] Resolving KVM cache on host: mdb-kvm1
2026-07-16 11:13:57,241 [INFO] Resolving KVM cache on host: mdb-kvm2
2026-07-16 11:14:02,275 [INFO] Resolving KVM cache on host: mdb-kvm3
2026-07-16 11:14:07,322 [INFO] Target nodes unmounted
2026-07-16 11:14:07,322 [INFO] Refreshing target volumes from snapshots
2026-07-16 11:14:51,702 [INFO] Mounting, verifying, and marking nodes as filesCopied
2026-07-16 11:14:51,702 [INFO] Mounting filesystem on target host rmdb9:27017
2026-07-16 11:14:51,702 [INFO] Partprobe on rmdb9 to detect filesystem updates
2026-07-16 11:14:52,536 [INFO] Mounting UUID=74e80e43-bc28-47e8-93f7-7aa89f7364dc on rmdb9 at /fimongo
2026-07-16 11:14:53,348 [INFO] Mounted successfully on rmdb9
2026-07-16 11:14:54,133 [INFO] chown mongod:mongod applied on rmdb9 at /fimongo
2026-07-16 11:14:54,133 [INFO] Verifying mount on target host rmdb9:27017
2026-07-16 11:14:54,898 [INFO] Mount verified on rmdb9: /fimongo
2026-07-16 11:14:55,681 [INFO] rmdb9: /fimongo/data/fileList.txt exists with correct mongod:mongod ownership
2026-07-16 11:14:55,681 [INFO] Marking node rmdb9:27017 as filesCopied
2026-07-16 11:15:00,682 [INFO] Mounting filesystem on target host rmdb7:27017
2026-07-16 11:15:00,682 [INFO] Partprobe on rmdb7 to detect filesystem updates
2026-07-16 11:15:01,561 [INFO] Mounting UUID=74e80e43-bc28-47e8-93f7-7aa89f7364dc on rmdb7 at /fimongo
2026-07-16 11:15:02,664 [INFO] Mounted successfully on rmdb7
2026-07-16 11:15:03,458 [INFO] chown mongod:mongod applied on rmdb7 at /fimongo
2026-07-16 11:15:03,458 [INFO] Verifying mount on target host rmdb7:27017
2026-07-16 11:15:04,255 [INFO] Mount verified on rmdb7: /fimongo
2026-07-16 11:15:05,039 [INFO] rmdb7: /fimongo/data/fileList.txt exists with correct mongod:mongod ownership
2026-07-16 11:15:05,039 [INFO] Marking node rmdb7:27017 as filesCopied
2026-07-16 11:15:10,039 [INFO] Mounting filesystem on target host rmdb8:27017
2026-07-16 11:15:10,040 [INFO] Partprobe on rmdb8 to detect filesystem updates
2026-07-16 11:15:10,865 [INFO] Mounting UUID=74e80e43-bc28-47e8-93f7-7aa89f7364dc on rmdb8 at /fimongo
2026-07-16 11:15:11,709 [INFO] Mounted successfully on rmdb8
2026-07-16 11:15:12,481 [INFO] chown mongod:mongod applied on rmdb8 at /fimongo
2026-07-16 11:15:12,481 [INFO] Verifying mount on target host rmdb8:27017
2026-07-16 11:15:13,295 [INFO] Mount verified on rmdb8: /fimongo
2026-07-16 11:15:14,125 [INFO] rmdb8: /fimongo/data/fileList.txt exists with correct mongod:mongod ownership
2026-07-16 11:15:14,125 [INFO] Marking node rmdb8:27017 as filesCopied
2026-07-16 11:15:19,126 [DEBUG] API GET http://129.40.36.100:8080/api/public/v1.0/backup/third_party/group/6a386221ee19a6537cc68a97/restore/6a5901a48a91cdade89feee9
2026-07-16 11:15:19,321 [DEBUG] STATUS 200
2026-07-16 11:15:19,321 [DEBUG] {
  "clusterMapping": [
    {
      "rsId": "testRep",
      "targetRsId": "tsetrepRestore"
    }
  ],
  "nodes": [
    {
      "error": null,
      "hostname": "rmdb9",
      "id": "rmdb9:27017",
      "port": 27017,
      "rsId": "tsetrepRestore",
      "state": "COPY_FILES",
      "stateUpdateTime": 1784218125
    },
    {
      "error": null,
      "hostname": "rmdb7",
      "id": "rmdb7:27017",
      "port": 27017,
      "rsId": "tsetrepRestore",
      "state": "COPY_FILES",
      "stateUpdateTime": 1784218116
    },
    {
      "error": null,
      "hostname": "rmdb8",
      "id": "rmdb8:27017",
      "port": 27017,
      "rsId": "tsetrepRestore",
      "state": "COPY_FILES",
      "stateUpdateTime": 1784218125
    }
  ],
  "state": "COPY_FILES"
}
2026-07-16 11:15:19,321 [INFO] Restore state: COPY_FILES
2026-07-16 11:15:29,322 [DEBUG] API GET http://129.40.36.100:8080/api/public/v1.0/backup/third_party/group/6a386221ee19a6537cc68a97/restore/6a5901a48a91cdade89feee9
2026-07-16 11:15:29,460 [DEBUG] STATUS 200
2026-07-16 11:15:29,460 [DEBUG] {
  "clusterMapping": [
    {
      "rsId": "testRep",
      "targetRsId": "tsetrepRestore"
    }
  ],
  "nodes": [
    {
      "error": null,
      "hostname": "rmdb9",
      "id": "rmdb9:27017",
      "port": 27017,
      "rsId": "tsetrepRestore",
      "state": "COPY_FILES",
      "stateUpdateTime": 1784218125
    },
    {
      "error": null,
      "hostname": "rmdb7",
      "id": "rmdb7:27017",
      "port": 27017,
      "rsId": "tsetrepRestore",
      "state": "COPY_FILES",
      "stateUpdateTime": 1784218116
    },
    {
      "error": null,
      "hostname": "rmdb8",
      "id": "rmdb8:27017",
      "port": 27017,
      "rsId": "tsetrepRestore",
      "state": "COPY_FILES",
      "stateUpdateTime": 1784218125
    }
  ],
  "state": "COPY_FILES"
}
2026-07-16 11:15:29,460 [INFO] Restore state: COPY_FILES
2026-07-16 11:15:39,461 [DEBUG] API GET http://129.40.36.100:8080/api/public/v1.0/backup/third_party/group/6a386221ee19a6537cc68a97/restore/6a5901a48a91cdade89feee9
2026-07-16 11:15:39,599 [DEBUG] STATUS 200
2026-07-16 11:15:39,599 [DEBUG] {
  "clusterMapping": [
    {
      "rsId": "testRep",
      "targetRsId": "tsetrepRestore"
    }
  ],
  "nodes": [
    {
      "error": null,
      "hostname": "rmdb9",
      "id": "rmdb9:27017",
      "port": 27017,
      "rsId": "tsetrepRestore",
      "state": "COPY_FILES",
      "stateUpdateTime": 1784218125
    },
    {
      "error": null,
      "hostname": "rmdb7",
      "id": "rmdb7:27017",
      "port": 27017,
      "rsId": "tsetrepRestore",
      "state": "COPY_FILES",
      "stateUpdateTime": 1784218116
    },
    {
      "error": null,
      "hostname": "rmdb8",
      "id": "rmdb8:27017",
      "port": 27017,
      "rsId": "tsetrepRestore",
      "state": "COPY_FILES",
      "stateUpdateTime": 1784218125
    }
  ],
  "state": "COPY_FILES"
}
2026-07-16 11:15:39,599 [INFO] Restore state: COPY_FILES
2026-07-16 11:15:49,600 [DEBUG] API GET http://129.40.36.100:8080/api/public/v1.0/backup/third_party/group/6a386221ee19a6537cc68a97/restore/6a5901a48a91cdade89feee9
2026-07-16 11:15:49,744 [DEBUG] STATUS 200
2026-07-16 11:15:49,744 [DEBUG] {
  "clusterMapping": [
    {
      "rsId": "testRep",
      "targetRsId": "tsetrepRestore"
    }
  ],
  "nodes": [
    {
      "error": null,
      "hostname": "rmdb9",
      "id": "rmdb9:27017",
      "port": 27017,
      "rsId": "tsetrepRestore",
      "state": "COPY_FILES",
      "stateUpdateTime": 1784218125
    },
    {
      "error": null,
      "hostname": "rmdb7",
      "id": "rmdb7:27017",
      "port": 27017,
      "rsId": "tsetrepRestore",
      "state": "COPY_FILES",
      "stateUpdateTime": 1784218116
    },
    {
      "error": null,
      "hostname": "rmdb8",
      "id": "rmdb8:27017",
      "port": 27017,
      "rsId": "tsetrepRestore",
      "state": "COPY_FILES",
      "stateUpdateTime": 1784218125
    }
  ],
  "state": "COPY_FILES"
}
2026-07-16 11:15:49,745 [INFO] Restore state: COPY_FILES
2026-07-16 11:15:59,745 [DEBUG] API GET http://129.40.36.100:8080/api/public/v1.0/backup/third_party/group/6a386221ee19a6537cc68a97/restore/6a5901a48a91cdade89feee9
2026-07-16 11:15:59,885 [DEBUG] STATUS 200
2026-07-16 11:15:59,885 [DEBUG] {
  "clusterMapping": [
    {
      "rsId": "testRep",
      "targetRsId": "tsetrepRestore"
    }
  ],
  "nodes": [
    {
      "error": null,
      "hostname": "rmdb9",
      "id": "rmdb9:27017",
      "port": 27017,
      "rsId": "tsetrepRestore",
      "state": "COPY_FILES",
      "stateUpdateTime": 1784218125
    },
    {
      "error": null,
      "hostname": "rmdb7",
      "id": "rmdb7:27017",
      "port": 27017,
      "rsId": "tsetrepRestore",
      "state": "COPY_FILES",
      "stateUpdateTime": 1784218116
    },
    {
      "error": null,
      "hostname": "rmdb8",
      "id": "rmdb8:27017",
      "port": 27017,
      "rsId": "tsetrepRestore",
      "state": "COPY_FILES",
      "stateUpdateTime": 1784218125
    }
  ],
  "state": "COPY_FILES"
}
2026-07-16 11:15:59,885 [INFO] Restore state: COPY_FILES
2026-07-16 11:16:09,885 [DEBUG] API GET http://129.40.36.100:8080/api/public/v1.0/backup/third_party/group/6a386221ee19a6537cc68a97/restore/6a5901a48a91cdade89feee9
2026-07-16 11:16:10,044 [DEBUG] STATUS 200
2026-07-16 11:16:10,044 [DEBUG] {
  "clusterMapping": [
    {
      "rsId": "testRep",
      "targetRsId": "tsetrepRestore"
    }
  ],
  "nodes": [
    {
      "error": null,
      "hostname": "rmdb9",
      "id": "rmdb9:27017",
      "port": 27017,
      "rsId": "tsetrepRestore",
      "state": "COPY_FILES",
      "stateUpdateTime": 1784218125
    },
    {
      "error": null,
      "hostname": "rmdb7",
      "id": "rmdb7:27017",
      "port": 27017,
      "rsId": "tsetrepRestore",
      "state": "COPY_FILES",
      "stateUpdateTime": 1784218116
    },
    {
      "error": null,
      "hostname": "rmdb8",
      "id": "rmdb8:27017",
      "port": 27017,
      "rsId": "tsetrepRestore",
      "state": "COPY_FILES",
      "stateUpdateTime": 1784218125
    }
  ],
  "state": "COPY_FILES"
}
2026-07-16 11:16:10,045 [INFO] Restore state: COPY_FILES
2026-07-16 11:16:20,045 [DEBUG] API GET http://129.40.36.100:8080/api/public/v1.0/backup/third_party/group/6a386221ee19a6537cc68a97/restore/6a5901a48a91cdade89feee9
2026-07-16 11:16:20,240 [DEBUG] STATUS 200
2026-07-16 11:16:20,240 [DEBUG] {
  "clusterMapping": [
    {
      "rsId": "testRep",
      "targetRsId": "tsetrepRestore"
    }
  ],
  "nodes": [
    {
      "error": null,
      "hostname": "rmdb9",
      "id": "rmdb9:27017",
      "port": 27017,
      "rsId": "tsetrepRestore",
      "state": "COPY_FILES",
      "stateUpdateTime": 1784218125
    },
    {
      "error": null,
      "hostname": "rmdb7",
      "id": "rmdb7:27017",
      "port": 27017,
      "rsId": "tsetrepRestore",
      "state": "COPY_FILES",
      "stateUpdateTime": 1784218116
    },
    {
      "error": null,
      "hostname": "rmdb8",
      "id": "rmdb8:27017",
      "port": 27017,
      "rsId": "tsetrepRestore",
      "state": "COPY_FILES",
      "stateUpdateTime": 1784218125
    }
  ],
  "state": "COPY_FILES"
}
2026-07-16 11:16:20,240 [INFO] Restore state: COPY_FILES
2026-07-16 11:16:30,241 [DEBUG] API GET http://129.40.36.100:8080/api/public/v1.0/backup/third_party/group/6a386221ee19a6537cc68a97/restore/6a5901a48a91cdade89feee9
2026-07-16 11:16:30,379 [DEBUG] STATUS 200
2026-07-16 11:16:30,379 [DEBUG] {
  "clusterMapping": [
    {
      "rsId": "testRep",
      "targetRsId": "tsetrepRestore"
    }
  ],
  "nodes": [
    {
      "error": null,
      "hostname": "rmdb9",
      "id": "rmdb9:27017",
      "port": 27017,
      "rsId": "tsetrepRestore",
      "state": "COPY_FILES",
      "stateUpdateTime": 1784218125
    },
    {
      "error": null,
      "hostname": "rmdb7",
      "id": "rmdb7:27017",
      "port": 27017,
      "rsId": "tsetrepRestore",
      "state": "COPY_FILES",
      "stateUpdateTime": 1784218116
    },
    {
      "error": null,
      "hostname": "rmdb8",
      "id": "rmdb8:27017",
      "port": 27017,
      "rsId": "tsetrepRestore",
      "state": "COPY_FILES",
      "stateUpdateTime": 1784218125
    }
  ],
  "state": "COPY_FILES"
}
2026-07-16 11:16:30,380 [INFO] Restore state: COPY_FILES
2026-07-16 11:16:40,380 [DEBUG] API GET http://129.40.36.100:8080/api/public/v1.0/backup/third_party/group/6a386221ee19a6537cc68a97/restore/6a5901a48a91cdade89feee9
2026-07-16 11:16:40,520 [DEBUG] STATUS 200
2026-07-16 11:16:40,520 [DEBUG] {
  "clusterMapping": [
    {
      "rsId": "testRep",
      "targetRsId": "tsetrepRestore"
    }
  ],
  "nodes": [
    {
      "error": null,
      "hostname": "rmdb9",
      "id": "rmdb9:27017",
      "port": 27017,
      "rsId": "tsetrepRestore",
      "state": "COPY_FILES",
      "stateUpdateTime": 1784218125
    },
    {
      "error": null,
      "hostname": "rmdb7",
      "id": "rmdb7:27017",
      "port": 27017,
      "rsId": "tsetrepRestore",
      "state": "COPY_FILES",
      "stateUpdateTime": 1784218116
    },
    {
      "error": null,
      "hostname": "rmdb8",
      "id": "rmdb8:27017",
      "port": 27017,
      "rsId": "tsetrepRestore",
      "state": "COPY_FILES",
      "stateUpdateTime": 1784218125
    }
  ],
  "state": "COPY_FILES"
}
2026-07-16 11:16:40,520 [INFO] Restore state: COPY_FILES
2026-07-16 11:16:50,521 [DEBUG] API GET http://129.40.36.100:8080/api/public/v1.0/backup/third_party/group/6a386221ee19a6537cc68a97/restore/6a5901a48a91cdade89feee9
2026-07-16 11:16:50,660 [DEBUG] STATUS 200
2026-07-16 11:16:50,660 [DEBUG] {
  "clusterMapping": [
    {
      "rsId": "testRep",
      "targetRsId": "tsetrepRestore"
    }
  ],
  "nodes": [
    {
      "error": null,
      "hostname": "rmdb9",
      "id": "rmdb9:27017",
      "port": 27017,
      "rsId": "tsetrepRestore",
      "state": "COPY_FILES",
      "stateUpdateTime": 1784218125
    },
    {
      "error": null,
      "hostname": "rmdb7",
      "id": "rmdb7:27017",
      "port": 27017,
      "rsId": "tsetrepRestore",
      "state": "COPY_FILES",
      "stateUpdateTime": 1784218116
    },
    {
      "error": null,
      "hostname": "rmdb8",
      "id": "rmdb8:27017",
      "port": 27017,
      "rsId": "tsetrepRestore",
      "state": "COPY_FILES",
      "stateUpdateTime": 1784218125
    }
  ],
  "state": "COPY_FILES"
}
2026-07-16 11:16:50,660 [INFO] Restore state: COPY_FILES
2026-07-16 11:17:00,661 [DEBUG] API GET http://129.40.36.100:8080/api/public/v1.0/backup/third_party/group/6a386221ee19a6537cc68a97/restore/6a5901a48a91cdade89feee9
2026-07-16 11:17:00,800 [DEBUG] STATUS 200
2026-07-16 11:17:00,800 [DEBUG] {
  "clusterMapping": [
    {
      "rsId": "testRep",
      "targetRsId": "tsetrepRestore"
    }
  ],
  "nodes": [
    {
      "error": null,
      "hostname": "rmdb9",
      "id": "rmdb9:27017",
      "port": 27017,
      "rsId": "tsetrepRestore",
      "state": "COPY_FILES",
      "stateUpdateTime": 1784218125
    },
    {
      "error": null,
      "hostname": "rmdb7",
      "id": "rmdb7:27017",
      "port": 27017,
      "rsId": "tsetrepRestore",
      "state": "COPY_FILES",
      "stateUpdateTime": 1784218116
    },
    {
      "error": null,
      "hostname": "rmdb8",
      "id": "rmdb8:27017",
      "port": 27017,
      "rsId": "tsetrepRestore",
      "state": "COPY_FILES",
      "stateUpdateTime": 1784218125
    }
  ],
  "state": "COPY_FILES"
}
2026-07-16 11:17:00,800 [INFO] Restore state: COPY_FILES
2026-07-16 11:17:10,801 [DEBUG] API GET http://129.40.36.100:8080/api/public/v1.0/backup/third_party/group/6a386221ee19a6537cc68a97/restore/6a5901a48a91cdade89feee9
2026-07-16 11:17:10,940 [DEBUG] STATUS 200
2026-07-16 11:17:10,940 [DEBUG] {
  "clusterMapping": [
    {
      "rsId": "testRep",
      "targetRsId": "tsetrepRestore"
    }
  ],
  "nodes": [
    {
      "error": null,
      "hostname": "rmdb9",
      "id": "rmdb9:27017",
      "port": 27017,
      "rsId": "tsetrepRestore",
      "state": "COPY_FILES",
      "stateUpdateTime": 1784218125
    },
    {
      "error": null,
      "hostname": "rmdb7",
      "id": "rmdb7:27017",
      "port": 27017,
      "rsId": "tsetrepRestore",
      "state": "COPY_FILES",
      "stateUpdateTime": 1784218116
    },
    {
      "error": null,
      "hostname": "rmdb8",
      "id": "rmdb8:27017",
      "port": 27017,
      "rsId": "tsetrepRestore",
      "state": "COPY_FILES",
      "stateUpdateTime": 1784218125
    }
  ],
  "state": "COPY_FILES"
}
2026-07-16 11:17:10,941 [INFO] Restore state: COPY_FILES
2026-07-16 11:17:20,941 [DEBUG] API GET http://129.40.36.100:8080/api/public/v1.0/backup/third_party/group/6a386221ee19a6537cc68a97/restore/6a5901a48a91cdade89feee9
2026-07-16 11:17:21,154 [DEBUG] STATUS 200
2026-07-16 11:17:21,154 [DEBUG] {
  "clusterMapping": [
    {
      "rsId": "testRep",
      "targetRsId": "tsetrepRestore"
    }
  ],
  "nodes": [
    {
      "error": null,
      "hostname": "rmdb9",
      "id": "rmdb9:27017",
      "port": 27017,
      "rsId": "tsetrepRestore",
      "state": "COPY_FILES",
      "stateUpdateTime": 1784218125
    },
    {
      "error": null,
      "hostname": "rmdb7",
      "id": "rmdb7:27017",
      "port": 27017,
      "rsId": "tsetrepRestore",
      "state": "COPY_FILES",
      "stateUpdateTime": 1784218116
    },
    {
      "error": null,
      "hostname": "rmdb8",
      "id": "rmdb8:27017",
      "port": 27017,
      "rsId": "tsetrepRestore",
      "state": "COPY_FILES",
      "stateUpdateTime": 1784218125
    }
  ],
  "state": "COPY_FILES"
}
2026-07-16 11:17:21,154 [INFO] Restore state: COPY_FILES
2026-07-16 11:17:31,155 [DEBUG] API GET http://129.40.36.100:8080/api/public/v1.0/backup/third_party/group/6a386221ee19a6537cc68a97/restore/6a5901a48a91cdade89feee9
2026-07-16 11:17:31,294 [DEBUG] STATUS 200
2026-07-16 11:17:31,294 [DEBUG] {
  "clusterMapping": [
    {
      "rsId": "testRep",
      "targetRsId": "tsetrepRestore"
    }
  ],
  "nodes": [
    {
      "error": null,
      "hostname": "rmdb9",
      "id": "rmdb9:27017",
      "port": 27017,
      "rsId": "tsetrepRestore",
      "state": "COPY_FILES",
      "stateUpdateTime": 1784218125
    },
    {
      "error": null,
      "hostname": "rmdb7",
      "id": "rmdb7:27017",
      "port": 27017,
      "rsId": "tsetrepRestore",
      "state": "COPY_FILES",
      "stateUpdateTime": 1784218116
    },
    {
      "error": null,
      "hostname": "rmdb8",
      "id": "rmdb8:27017",
      "port": 27017,
      "rsId": "tsetrepRestore",
      "state": "COPY_FILES",
      "stateUpdateTime": 1784218125
    }
  ],
  "state": "COPY_FILES"
}
2026-07-16 11:17:31,295 [INFO] Restore state: COPY_FILES
2026-07-16 11:17:41,295 [DEBUG] API GET http://129.40.36.100:8080/api/public/v1.0/backup/third_party/group/6a386221ee19a6537cc68a97/restore/6a5901a48a91cdade89feee9
2026-07-16 11:17:41,433 [DEBUG] STATUS 200
2026-07-16 11:17:41,433 [DEBUG] {
  "clusterMapping": [
    {
      "rsId": "testRep",
      "targetRsId": "tsetrepRestore"
    }
  ],
  "nodes": [
    {
      "error": null,
      "hostname": "rmdb9",
      "id": "rmdb9:27017",
      "port": 27017,
      "rsId": "tsetrepRestore",
      "state": "COPY_FILES",
      "stateUpdateTime": 1784218125
    },
    {
      "error": null,
      "hostname": "rmdb7",
      "id": "rmdb7:27017",
      "port": 27017,
      "rsId": "tsetrepRestore",
      "state": "COPY_FILES",
      "stateUpdateTime": 1784218116
    },
    {
      "error": null,
      "hostname": "rmdb8",
      "id": "rmdb8:27017",
      "port": 27017,
      "rsId": "tsetrepRestore",
      "state": "COPY_FILES",
      "stateUpdateTime": 1784218125
    }
  ],
  "state": "COPY_FILES"
}
2026-07-16 11:17:41,433 [INFO] Restore state: COPY_FILES
2026-07-16 11:17:51,434 [DEBUG] API GET http://129.40.36.100:8080/api/public/v1.0/backup/third_party/group/6a386221ee19a6537cc68a97/restore/6a5901a48a91cdade89feee9
2026-07-16 11:17:51,571 [DEBUG] STATUS 200
2026-07-16 11:17:51,572 [DEBUG] {
  "clusterMapping": [
    {
      "rsId": "testRep",
      "targetRsId": "tsetrepRestore"
    }
  ],
  "nodes": [
    {
      "error": null,
      "hostname": "rmdb9",
      "id": "rmdb9:27017",
      "port": 27017,
      "rsId": "tsetrepRestore",
      "state": "COPY_FILES",
      "stateUpdateTime": 1784218125
    },
    {
      "error": null,
      "hostname": "rmdb7",
      "id": "rmdb7:27017",
      "port": 27017,
      "rsId": "tsetrepRestore",
      "state": "COPY_FILES",
      "stateUpdateTime": 1784218116
    },
    {
      "error": null,
      "hostname": "rmdb8",
      "id": "rmdb8:27017",
      "port": 27017,
      "rsId": "tsetrepRestore",
      "state": "COPY_FILES",
      "stateUpdateTime": 1784218125
    }
  ],
  "state": "COPY_FILES"
}
2026-07-16 11:17:51,572 [INFO] Restore state: COPY_FILES
2026-07-16 11:18:01,573 [DEBUG] API GET http://129.40.36.100:8080/api/public/v1.0/backup/third_party/group/6a386221ee19a6537cc68a97/restore/6a5901a48a91cdade89feee9
2026-07-16 11:18:01,712 [DEBUG] STATUS 200
2026-07-16 11:18:01,712 [DEBUG] {
  "clusterMapping": [
    {
      "rsId": "testRep",
      "targetRsId": "tsetrepRestore"
    }
  ],
  "nodes": [
    {
      "error": null,
      "hostname": "rmdb9",
      "id": "rmdb9:27017",
      "port": 27017,
      "rsId": "tsetrepRestore",
      "state": "COPY_FILES",
      "stateUpdateTime": 1784218125
    },
    {
      "error": null,
      "hostname": "rmdb7",
      "id": "rmdb7:27017",
      "port": 27017,
      "rsId": "tsetrepRestore",
      "state": "COPY_FILES",
      "stateUpdateTime": 1784218116
    },
    {
      "error": null,
      "hostname": "rmdb8",
      "id": "rmdb8:27017",
      "port": 27017,
      "rsId": "tsetrepRestore",
      "state": "COPY_FILES",
      "stateUpdateTime": 1784218125
    }
  ],
  "state": "COPY_FILES"
}
2026-07-16 11:18:01,712 [INFO] Restore state: COPY_FILES
2026-07-16 11:18:11,713 [DEBUG] API GET http://129.40.36.100:8080/api/public/v1.0/backup/third_party/group/6a386221ee19a6537cc68a97/restore/6a5901a48a91cdade89feee9
2026-07-16 11:18:11,851 [DEBUG] STATUS 200
2026-07-16 11:18:11,852 [DEBUG] {
  "clusterMapping": [
    {
      "rsId": "testRep",
      "targetRsId": "tsetrepRestore"
    }
  ],
  "nodes": [
    {
      "error": null,
      "hostname": "rmdb9",
      "id": "rmdb9:27017",
      "port": 27017,
      "rsId": "tsetrepRestore",
      "state": "COPY_FILES",
      "stateUpdateTime": 1784218125
    },
    {
      "error": null,
      "hostname": "rmdb7",
      "id": "rmdb7:27017",
      "port": 27017,
      "rsId": "tsetrepRestore",
      "state": "COPY_FILES",
      "stateUpdateTime": 1784218116
    },
    {
      "error": null,
      "hostname": "rmdb8",
      "id": "rmdb8:27017",
      "port": 27017,
      "rsId": "tsetrepRestore",
      "state": "COPY_FILES",
      "stateUpdateTime": 1784218125
    }
  ],
  "state": "COPY_FILES"
}
2026-07-16 11:18:11,852 [INFO] Restore state: COPY_FILES
2026-07-16 11:18:21,852 [DEBUG] API GET http://129.40.36.100:8080/api/public/v1.0/backup/third_party/group/6a386221ee19a6537cc68a97/restore/6a5901a48a91cdade89feee9
2026-07-16 11:18:22,045 [DEBUG] STATUS 200
2026-07-16 11:18:22,045 [DEBUG] {
  "clusterMapping": [
    {
      "rsId": "testRep",
      "targetRsId": "tsetrepRestore"
    }
  ],
  "nodes": [
    {
      "error": null,
      "hostname": "rmdb9",
      "id": "rmdb9:27017",
      "port": 27017,
      "rsId": "tsetrepRestore",
      "state": "COPY_FILES",
      "stateUpdateTime": 1784218125
    },
    {
      "error": null,
      "hostname": "rmdb7",
      "id": "rmdb7:27017",
      "port": 27017,
      "rsId": "tsetrepRestore",
      "state": "COPY_FILES",
      "stateUpdateTime": 1784218116
    },
    {
      "error": null,
      "hostname": "rmdb8",
      "id": "rmdb8:27017",
      "port": 27017,
      "rsId": "tsetrepRestore",
      "state": "COPY_FILES",
      "stateUpdateTime": 1784218125
    }
  ],
  "state": "COPY_FILES"
}
2026-07-16 11:18:22,045 [INFO] Restore state: COPY_FILES
2026-07-16 11:18:32,046 [DEBUG] API GET http://129.40.36.100:8080/api/public/v1.0/backup/third_party/group/6a386221ee19a6537cc68a97/restore/6a5901a48a91cdade89feee9
2026-07-16 11:18:32,187 [DEBUG] STATUS 200
2026-07-16 11:18:32,187 [DEBUG] {
  "clusterMapping": [
    {
      "rsId": "testRep",
      "targetRsId": "tsetrepRestore"
    }
  ],
  "nodes": [
    {
      "error": null,
      "hostname": "rmdb9",
      "id": "rmdb9:27017",
      "port": 27017,
      "rsId": "tsetrepRestore",
      "state": "COPY_FILES",
      "stateUpdateTime": 1784218125
    },
    {
      "error": null,
      "hostname": "rmdb7",
      "id": "rmdb7:27017",
      "port": 27017,
      "rsId": "tsetrepRestore",
      "state": "COPY_FILES",
      "stateUpdateTime": 1784218116
    },
    {
      "error": null,
      "hostname": "rmdb8",
      "id": "rmdb8:27017",
      "port": 27017,
      "rsId": "tsetrepRestore",
      "state": "COPY_FILES",
      "stateUpdateTime": 1784218125
    }
  ],
  "state": "COPY_FILES"
}
2026-07-16 11:18:32,187 [INFO] Restore state: COPY_FILES
2026-07-16 11:18:42,188 [DEBUG] API GET http://129.40.36.100:8080/api/public/v1.0/backup/third_party/group/6a386221ee19a6537cc68a97/restore/6a5901a48a91cdade89feee9
2026-07-16 11:18:42,328 [DEBUG] STATUS 200
2026-07-16 11:18:42,328 [DEBUG] {
  "clusterMapping": [
    {
      "rsId": "testRep",
      "targetRsId": "tsetrepRestore"
    }
  ],
  "nodes": [
    {
      "error": null,
      "hostname": "rmdb9",
      "id": "rmdb9:27017",
      "port": 27017,
      "rsId": "tsetrepRestore",
      "state": "COPY_FILES",
      "stateUpdateTime": 1784218125
    },
    {
      "error": null,
      "hostname": "rmdb7",
      "id": "rmdb7:27017",
      "port": 27017,
      "rsId": "tsetrepRestore",
      "state": "COPY_FILES",
      "stateUpdateTime": 1784218116
    },
    {
      "error": null,
      "hostname": "rmdb8",
      "id": "rmdb8:27017",
      "port": 27017,
      "rsId": "tsetrepRestore",
      "state": "COPY_FILES",
      "stateUpdateTime": 1784218125
    }
  ],
  "state": "COPY_FILES"
}
2026-07-16 11:18:42,329 [INFO] Restore state: COPY_FILES
2026-07-16 11:18:52,330 [DEBUG] API GET http://129.40.36.100:8080/api/public/v1.0/backup/third_party/group/6a386221ee19a6537cc68a97/restore/6a5901a48a91cdade89feee9
2026-07-16 11:18:52,469 [DEBUG] STATUS 200
2026-07-16 11:18:52,469 [DEBUG] {
  "clusterMapping": [
    {
      "rsId": "testRep",
      "targetRsId": "tsetrepRestore"
    }
  ],
  "nodes": [
    {
      "error": null,
      "hostname": "rmdb9",
      "id": "rmdb9:27017",
      "port": 27017,
      "rsId": "tsetrepRestore",
      "state": "COPY_FILES",
      "stateUpdateTime": 1784218125
    },
    {
      "error": null,
      "hostname": "rmdb7",
      "id": "rmdb7:27017",
      "port": 27017,
      "rsId": "tsetrepRestore",
      "state": "COPY_FILES",
      "stateUpdateTime": 1784218116
    },
    {
      "error": null,
      "hostname": "rmdb8",
      "id": "rmdb8:27017",
      "port": 27017,
      "rsId": "tsetrepRestore",
      "state": "COPY_FILES",
      "stateUpdateTime": 1784218125
    }
  ],
  "state": "COPY_FILES"
}
2026-07-16 11:18:52,469 [INFO] Restore state: COPY_FILES
2026-07-16 11:19:02,470 [DEBUG] API GET http://129.40.36.100:8080/api/public/v1.0/backup/third_party/group/6a386221ee19a6537cc68a97/restore/6a5901a48a91cdade89feee9
2026-07-16 11:19:02,607 [DEBUG] STATUS 200
2026-07-16 11:19:02,607 [DEBUG] {
  "clusterMapping": [
    {
      "rsId": "testRep",
      "targetRsId": "tsetrepRestore"
    }
  ],
  "nodes": [
    {
      "error": null,
      "hostname": "rmdb9",
      "id": "rmdb9:27017",
      "port": 27017,
      "rsId": "tsetrepRestore",
      "state": "COPY_FILES",
      "stateUpdateTime": 1784218125
    },
    {
      "error": null,
      "hostname": "rmdb7",
      "id": "rmdb7:27017",
      "port": 27017,
      "rsId": "tsetrepRestore",
      "state": "COPY_FILES",
      "stateUpdateTime": 1784218116
    },
    {
      "error": null,
      "hostname": "rmdb8",
      "id": "rmdb8:27017",
      "port": 27017,
      "rsId": "tsetrepRestore",
      "state": "COPY_FILES",
      "stateUpdateTime": 1784218125
    }
  ],
  "state": "COPY_FILES"
}
2026-07-16 11:19:02,607 [INFO] Restore state: COPY_FILES
2026-07-16 11:19:12,607 [DEBUG] API GET http://129.40.36.100:8080/api/public/v1.0/backup/third_party/group/6a386221ee19a6537cc68a97/restore/6a5901a48a91cdade89feee9
2026-07-16 11:19:12,747 [DEBUG] STATUS 200
2026-07-16 11:19:12,747 [DEBUG] {
  "clusterMapping": [
    {
      "rsId": "testRep",
      "targetRsId": "tsetrepRestore"
    }
  ],
  "nodes": [
    {
      "error": null,
      "hostname": "rmdb9",
      "id": "rmdb9:27017",
      "port": 27017,
      "rsId": "tsetrepRestore",
      "state": "COPY_FILES",
      "stateUpdateTime": 1784218125
    },
    {
      "error": null,
      "hostname": "rmdb7",
      "id": "rmdb7:27017",
      "port": 27017,
      "rsId": "tsetrepRestore",
      "state": "COPY_FILES",
      "stateUpdateTime": 1784218116
    },
    {
      "error": null,
      "hostname": "rmdb8",
      "id": "rmdb8:27017",
      "port": 27017,
      "rsId": "tsetrepRestore",
      "state": "COPY_FILES",
      "stateUpdateTime": 1784218125
    }
  ],
  "state": "COPY_FILES"
}
2026-07-16 11:19:12,747 [INFO] Restore state: COPY_FILES
2026-07-16 11:19:22,748 [DEBUG] API GET http://129.40.36.100:8080/api/public/v1.0/backup/third_party/group/6a386221ee19a6537cc68a97/restore/6a5901a48a91cdade89feee9
2026-07-16 11:19:22,939 [DEBUG] STATUS 200
2026-07-16 11:19:22,940 [DEBUG] {
  "clusterMapping": [
    {
      "rsId": "testRep",
      "targetRsId": "tsetrepRestore"
    }
  ],
  "nodes": [
    {
      "error": null,
      "hostname": "rmdb9",
      "id": "rmdb9:27017",
      "port": 27017,
      "rsId": "tsetrepRestore",
      "state": "COPY_FILES",
      "stateUpdateTime": 1784218125
    },
    {
      "error": null,
      "hostname": "rmdb7",
      "id": "rmdb7:27017",
      "port": 27017,
      "rsId": "tsetrepRestore",
      "state": "COPY_FILES",
      "stateUpdateTime": 1784218116
    },
    {
      "error": null,
      "hostname": "rmdb8",
      "id": "rmdb8:27017",
      "port": 27017,
      "rsId": "tsetrepRestore",
      "state": "COPY_FILES",
      "stateUpdateTime": 1784218125
    }
  ],
  "state": "COPY_FILES"
}
2026-07-16 11:19:22,940 [INFO] Restore state: COPY_FILES
2026-07-16 11:19:32,941 [DEBUG] API GET http://129.40.36.100:8080/api/public/v1.0/backup/third_party/group/6a386221ee19a6537cc68a97/restore/6a5901a48a91cdade89feee9
2026-07-16 11:19:33,082 [DEBUG] STATUS 200
2026-07-16 11:19:33,082 [DEBUG] {
  "clusterMapping": [
    {
      "rsId": "testRep",
      "targetRsId": "tsetrepRestore"
    }
  ],
  "nodes": [
    {
      "error": null,
      "hostname": "rmdb9",
      "id": "rmdb9:27017",
      "port": 27017,
      "rsId": "tsetrepRestore",
      "state": "COPY_FILES",
      "stateUpdateTime": 1784218125
    },
    {
      "error": null,
      "hostname": "rmdb7",
      "id": "rmdb7:27017",
      "port": 27017,
      "rsId": "tsetrepRestore",
      "state": "COPY_FILES",
      "stateUpdateTime": 1784218116
    },
    {
      "error": null,
      "hostname": "rmdb8",
      "id": "rmdb8:27017",
      "port": 27017,
      "rsId": "tsetrepRestore",
      "state": "COPY_FILES",
      "stateUpdateTime": 1784218125
    }
  ],
  "state": "COPY_FILES"
}
2026-07-16 11:19:33,082 [INFO] Restore state: COPY_FILES
2026-07-16 11:19:43,083 [DEBUG] API GET http://129.40.36.100:8080/api/public/v1.0/backup/third_party/group/6a386221ee19a6537cc68a97/restore/6a5901a48a91cdade89feee9
2026-07-16 11:19:43,219 [DEBUG] STATUS 200
2026-07-16 11:19:43,220 [DEBUG] {
  "clusterMapping": [
    {
      "rsId": "testRep",
      "targetRsId": "tsetrepRestore"
    }
  ],
  "nodes": [
    {
      "error": null,
      "hostname": "rmdb9",
      "id": "rmdb9:27017",
      "port": 27017,
      "rsId": "tsetrepRestore",
      "state": "COPY_FILES",
      "stateUpdateTime": 1784218125
    },
    {
      "error": null,
      "hostname": "rmdb7",
      "id": "rmdb7:27017",
      "port": 27017,
      "rsId": "tsetrepRestore",
      "state": "COPY_FILES",
      "stateUpdateTime": 1784218116
    },
    {
      "error": null,
      "hostname": "rmdb8",
      "id": "rmdb8:27017",
      "port": 27017,
      "rsId": "tsetrepRestore",
      "state": "COPY_FILES",
      "stateUpdateTime": 1784218125
    }
  ],
  "state": "COPY_FILES"
}
2026-07-16 11:19:43,220 [INFO] Restore state: COPY_FILES
2026-07-16 11:19:53,221 [DEBUG] API GET http://129.40.36.100:8080/api/public/v1.0/backup/third_party/group/6a386221ee19a6537cc68a97/restore/6a5901a48a91cdade89feee9
2026-07-16 11:19:53,359 [DEBUG] STATUS 200
2026-07-16 11:19:53,359 [DEBUG] {
  "clusterMapping": [
    {
      "rsId": "testRep",
      "targetRsId": "tsetrepRestore"
    }
  ],
  "nodes": [
    {
      "error": null,
      "hostname": "rmdb9",
      "id": "rmdb9:27017",
      "port": 27017,
      "rsId": "tsetrepRestore",
      "state": "COPY_FILES",
      "stateUpdateTime": 1784218125
    },
    {
      "error": null,
      "hostname": "rmdb7",
      "id": "rmdb7:27017",
      "port": 27017,
      "rsId": "tsetrepRestore",
      "state": "COPY_FILES",
      "stateUpdateTime": 1784218116
    },
    {
      "error": null,
      "hostname": "rmdb8",
      "id": "rmdb8:27017",
      "port": 27017,
      "rsId": "tsetrepRestore",
      "state": "COPY_FILES",
      "stateUpdateTime": 1784218125
    }
  ],
  "state": "COPY_FILES"
}
2026-07-16 11:19:53,360 [INFO] Restore state: COPY_FILES
2026-07-16 11:20:03,361 [DEBUG] API GET http://129.40.36.100:8080/api/public/v1.0/backup/third_party/group/6a386221ee19a6537cc68a97/restore/6a5901a48a91cdade89feee9
2026-07-16 11:20:03,499 [DEBUG] STATUS 200
2026-07-16 11:20:03,500 [DEBUG] {
  "clusterMapping": [
    {
      "rsId": "testRep",
      "targetRsId": "tsetrepRestore"
    }
  ],
  "nodes": [
    {
      "error": null,
      "hostname": "rmdb9",
      "id": "rmdb9:27017",
      "port": 27017,
      "rsId": "tsetrepRestore",
      "state": "COPY_FILES",
      "stateUpdateTime": 1784218125
    },
    {
      "error": null,
      "hostname": "rmdb7",
      "id": "rmdb7:27017",
      "port": 27017,
      "rsId": "tsetrepRestore",
      "state": "RECOVERY_IN_PROGRESS",
      "stateUpdateTime": 1784218801
    },
    {
      "error": null,
      "hostname": "rmdb8",
      "id": "rmdb8:27017",
      "port": 27017,
      "rsId": "tsetrepRestore",
      "state": "RECOVERY_IN_PROGRESS",
      "stateUpdateTime": 1784218796
    }
  ],
  "state": "COPY_FILES"
}
2026-07-16 11:20:03,500 [INFO] Restore state: COPY_FILES
2026-07-16 11:20:13,501 [DEBUG] API GET http://129.40.36.100:8080/api/public/v1.0/backup/third_party/group/6a386221ee19a6537cc68a97/restore/6a5901a48a91cdade89feee9
2026-07-16 11:20:13,646 [DEBUG] STATUS 200
2026-07-16 11:20:13,646 [DEBUG] {
  "clusterMapping": [
    {
      "rsId": "testRep",
      "targetRsId": "tsetrepRestore"
    }
  ],
  "nodes": [
    {
      "error": null,
      "hostname": "rmdb9",
      "id": "rmdb9:27017",
      "port": 27017,
      "rsId": "tsetrepRestore",
      "state": "RECOVERY_IN_PROGRESS",
      "stateUpdateTime": 1784218808
    },
    {
      "error": null,
      "hostname": "rmdb7",
      "id": "rmdb7:27017",
      "port": 27017,
      "rsId": "tsetrepRestore",
      "state": "RECOVERY_IN_PROGRESS",
      "stateUpdateTime": 1784218801
    },
    {
      "error": null,
      "hostname": "rmdb8",
      "id": "rmdb8:27017",
      "port": 27017,
      "rsId": "tsetrepRestore",
      "state": "RECOVERY_IN_PROGRESS",
      "stateUpdateTime": 1784218796
    }
  ],
  "state": "RECOVERY_IN_PROGRESS"
}
2026-07-16 11:20:13,647 [INFO] Restore state: RECOVERY_IN_PROGRESS
2026-07-16 11:20:23,647 [DEBUG] API GET http://129.40.36.100:8080/api/public/v1.0/backup/third_party/group/6a386221ee19a6537cc68a97/restore/6a5901a48a91cdade89feee9
2026-07-16 11:20:23,840 [DEBUG] STATUS 200
2026-07-16 11:20:23,840 [DEBUG] {
  "clusterMapping": [
    {
      "rsId": "testRep",
      "targetRsId": "tsetrepRestore"
    }
  ],
  "nodes": [
    {
      "error": null,
      "hostname": "rmdb9",
      "id": "rmdb9:27017",
      "port": 27017,
      "rsId": "tsetrepRestore",
      "state": "RECOVERY_IN_PROGRESS",
      "stateUpdateTime": 1784218808
    },
    {
      "error": null,
      "hostname": "rmdb7",
      "id": "rmdb7:27017",
      "port": 27017,
      "rsId": "tsetrepRestore",
      "state": "RECOVERY_IN_PROGRESS",
      "stateUpdateTime": 1784218801
    },
    {
      "error": null,
      "hostname": "rmdb8",
      "id": "rmdb8:27017",
      "port": 27017,
      "rsId": "tsetrepRestore",
      "state": "RECOVERY_IN_PROGRESS",
      "stateUpdateTime": 1784218796
    }
  ],
  "state": "RECOVERY_IN_PROGRESS"
}
2026-07-16 11:20:23,840 [INFO] Restore state: RECOVERY_IN_PROGRESS
2026-07-16 11:20:33,841 [DEBUG] API GET http://129.40.36.100:8080/api/public/v1.0/backup/third_party/group/6a386221ee19a6537cc68a97/restore/6a5901a48a91cdade89feee9
2026-07-16 11:20:33,977 [DEBUG] STATUS 200
2026-07-16 11:20:33,977 [DEBUG] {
  "clusterMapping": [
    {
      "rsId": "testRep",
      "targetRsId": "tsetrepRestore"
    }
  ],
  "nodes": [
    {
      "error": null,
      "hostname": "rmdb9",
      "id": "rmdb9:27017",
      "port": 27017,
      "rsId": "tsetrepRestore",
      "state": "RECOVERY_IN_PROGRESS",
      "stateUpdateTime": 1784218808
    },
    {
      "error": null,
      "hostname": "rmdb7",
      "id": "rmdb7:27017",
      "port": 27017,
      "rsId": "tsetrepRestore",
      "state": "RECOVERY_IN_PROGRESS",
      "stateUpdateTime": 1784218801
    },
    {
      "error": null,
      "hostname": "rmdb8",
      "id": "rmdb8:27017",
      "port": 27017,
      "rsId": "tsetrepRestore",
      "state": "RECOVERY_IN_PROGRESS",
      "stateUpdateTime": 1784218796
    }
  ],
  "state": "RECOVERY_IN_PROGRESS"
}
2026-07-16 11:20:33,978 [INFO] Restore state: RECOVERY_IN_PROGRESS
2026-07-16 11:20:43,978 [DEBUG] API GET http://129.40.36.100:8080/api/public/v1.0/backup/third_party/group/6a386221ee19a6537cc68a97/restore/6a5901a48a91cdade89feee9
2026-07-16 11:20:44,130 [DEBUG] STATUS 200
2026-07-16 11:20:44,130 [DEBUG] {
  "clusterMapping": [
    {
      "rsId": "testRep",
      "targetRsId": "tsetrepRestore"
    }
  ],
  "nodes": [
    {
      "error": null,
      "hostname": "rmdb9",
      "id": "rmdb9:27017",
      "port": 27017,
      "rsId": "tsetrepRestore",
      "state": "RECOVERY_IN_PROGRESS",
      "stateUpdateTime": 1784218808
    },
    {
      "error": null,
      "hostname": "rmdb7",
      "id": "rmdb7:27017",
      "port": 27017,
      "rsId": "tsetrepRestore",
      "state": "RECOVERY_IN_PROGRESS",
      "stateUpdateTime": 1784218801
    },
    {
      "error": null,
      "hostname": "rmdb8",
      "id": "rmdb8:27017",
      "port": 27017,
      "rsId": "tsetrepRestore",
      "state": "RECOVERY_IN_PROGRESS",
      "stateUpdateTime": 1784218796
    }
  ],
  "state": "RECOVERY_IN_PROGRESS"
}
2026-07-16 11:20:44,131 [INFO] Restore state: RECOVERY_IN_PROGRESS
2026-07-16 11:20:54,131 [DEBUG] API GET http://129.40.36.100:8080/api/public/v1.0/backup/third_party/group/6a386221ee19a6537cc68a97/restore/6a5901a48a91cdade89feee9
2026-07-16 11:20:54,269 [DEBUG] STATUS 200
2026-07-16 11:20:54,269 [DEBUG] {
  "clusterMapping": [
    {
      "rsId": "testRep",
      "targetRsId": "tsetrepRestore"
    }
  ],
  "nodes": [
    {
      "error": null,
      "hostname": "rmdb9",
      "id": "rmdb9:27017",
      "port": 27017,
      "rsId": "tsetrepRestore",
      "state": "RECOVERY_IN_PROGRESS",
      "stateUpdateTime": 1784218808
    },
    {
      "error": null,
      "hostname": "rmdb7",
      "id": "rmdb7:27017",
      "port": 27017,
      "rsId": "tsetrepRestore",
      "state": "RECOVERY_IN_PROGRESS",
      "stateUpdateTime": 1784218801
    },
    {
      "error": null,
      "hostname": "rmdb8",
      "id": "rmdb8:27017",
      "port": 27017,
      "rsId": "tsetrepRestore",
      "state": "RECOVERY_IN_PROGRESS",
      "stateUpdateTime": 1784218796
    }
  ],
  "state": "RECOVERY_IN_PROGRESS"
}
2026-07-16 11:20:54,269 [INFO] Restore state: RECOVERY_IN_PROGRESS
2026-07-16 11:21:04,270 [DEBUG] API GET http://129.40.36.100:8080/api/public/v1.0/backup/third_party/group/6a386221ee19a6537cc68a97/restore/6a5901a48a91cdade89feee9
2026-07-16 11:21:04,407 [DEBUG] STATUS 200
2026-07-16 11:21:04,408 [DEBUG] {
  "clusterMapping": [
    {
      "rsId": "testRep",
      "targetRsId": "tsetrepRestore"
    }
  ],
  "nodes": [
    {
      "error": null,
      "hostname": "rmdb9",
      "id": "rmdb9:27017",
      "port": 27017,
      "rsId": "tsetrepRestore",
      "state": "RECOVERY_IN_PROGRESS",
      "stateUpdateTime": 1784218808
    },
    {
      "error": null,
      "hostname": "rmdb7",
      "id": "rmdb7:27017",
      "port": 27017,
      "rsId": "tsetrepRestore",
      "state": "RECOVERY_IN_PROGRESS",
      "stateUpdateTime": 1784218801
    },
    {
      "error": null,
      "hostname": "rmdb8",
      "id": "rmdb8:27017",
      "port": 27017,
      "rsId": "tsetrepRestore",
      "state": "RECOVERY_IN_PROGRESS",
      "stateUpdateTime": 1784218796
    }
  ],
  "state": "RECOVERY_IN_PROGRESS"
}
2026-07-16 11:21:04,408 [INFO] Restore state: RECOVERY_IN_PROGRESS
2026-07-16 11:21:14,408 [DEBUG] API GET http://129.40.36.100:8080/api/public/v1.0/backup/third_party/group/6a386221ee19a6537cc68a97/restore/6a5901a48a91cdade89feee9
2026-07-16 11:21:14,548 [DEBUG] STATUS 200
2026-07-16 11:21:14,548 [DEBUG] {
  "clusterMapping": [
    {
      "rsId": "testRep",
      "targetRsId": "tsetrepRestore"
    }
  ],
  "nodes": [
    {
      "error": null,
      "hostname": "rmdb9",
      "id": "rmdb9:27017",
      "port": 27017,
      "rsId": "tsetrepRestore",
      "state": "RECOVERY_IN_PROGRESS",
      "stateUpdateTime": 1784218808
    },
    {
      "error": null,
      "hostname": "rmdb7",
      "id": "rmdb7:27017",
      "port": 27017,
      "rsId": "tsetrepRestore",
      "state": "RECOVERY_IN_PROGRESS",
      "stateUpdateTime": 1784218801
    },
    {
      "error": null,
      "hostname": "rmdb8",
      "id": "rmdb8:27017",
      "port": 27017,
      "rsId": "tsetrepRestore",
      "state": "RECOVERY_IN_PROGRESS",
      "stateUpdateTime": 1784218796
    }
  ],
  "state": "RECOVERY_IN_PROGRESS"
}
2026-07-16 11:21:14,549 [INFO] Restore state: RECOVERY_IN_PROGRESS
2026-07-16 11:21:24,549 [DEBUG] API GET http://129.40.36.100:8080/api/public/v1.0/backup/third_party/group/6a386221ee19a6537cc68a97/restore/6a5901a48a91cdade89feee9
2026-07-16 11:21:24,741 [DEBUG] STATUS 200
2026-07-16 11:21:24,741 [DEBUG] {
  "clusterMapping": [
    {
      "rsId": "testRep",
      "targetRsId": "tsetrepRestore"
    }
  ],
  "nodes": [
    {
      "error": null,
      "hostname": "rmdb9",
      "id": "rmdb9:27017",
      "port": 27017,
      "rsId": "tsetrepRestore",
      "state": "COMPLETED",
      "stateUpdateTime": 1784218883
    },
    {
      "error": null,
      "hostname": "rmdb7",
      "id": "rmdb7:27017",
      "port": 27017,
      "rsId": "tsetrepRestore",
      "state": "COMPLETED",
      "stateUpdateTime": 1784218883
    },
    {
      "error": null,
      "hostname": "rmdb8",
      "id": "rmdb8:27017",
      "port": 27017,
      "rsId": "tsetrepRestore",
      "state": "COMPLETED",
      "stateUpdateTime": 1784218883
    }
  ],
  "state": "COMPLETED"
}
2026-07-16 11:21:24,742 [INFO] Restore state: COMPLETED
2026-07-16 11:21:34,743 [INFO] Restore completed successfully
