2026-03-02 14:04:10,385 [INFO] Starting Ops Manager restore workflow
2026-03-02 14:04:11,959 [DEBUG] Validating FlashSystem snapshot: fs9500-2.cpolab.ibm.com | ORION15-mdb7 | ORION15-mdb7_69a599af95993f6fc932d62f
2026-03-02 14:04:12,627 [INFO] Valid FlashSystem snapshot found: ORION15-mdb7_69a599af95993f6fc932d62f (VG=ORION15-mdb7, system=fs9500-2.cpolab.ibm.com)
2026-03-02 14:04:12,628 [DEBUG] Validating FlashSystem snapshot: fs9500-2.cpolab.ibm.com | ORION17-mdb9 | ORION17-mdb9_69a599af95993f6fc932d62f
2026-03-02 14:04:13,323 [INFO] Valid FlashSystem snapshot found: ORION17-mdb9_69a599af95993f6fc932d62f (VG=ORION17-mdb9, system=fs9500-2.cpolab.ibm.com)
2026-03-02 14:04:13,326 [DEBUG] Validating FlashSystem snapshot: fs9500-2.cpolab.ibm.com | ORION16-mdb8 | ORION16-mdb8_69a599af95993f6fc932d62f
2026-03-02 14:04:13,891 [INFO] Valid FlashSystem snapshot found: ORION16-mdb8_69a599af95993f6fc932d62f (VG=ORION16-mdb8, system=fs9500-2.cpolab.ibm.com)
2026-03-02 14:04:13,891 [DEBUG] Validating FlashSystem snapshot: fs9500-3.cpolab.ibm.com | RecoveryShards | RecoveryShards_69a599af95993f6fc932d62f
2026-03-02 14:04:14,481 [INFO] Valid FlashSystem snapshot found: RecoveryShards_69a599af95993f6fc932d62f (VG=RecoveryShards, system=fs9500-3.cpolab.ibm.com)
2026-03-02 14:04:14,482 [DEBUG] Validating FlashSystem snapshot: fs9500-2.cpolab.ibm.com | ORION15-mdb7 | ORION15-mdb7_699deb496f8cf274854982b5
2026-03-02 14:04:15,118 [INFO] Valid FlashSystem snapshot found: ORION15-mdb7_699deb496f8cf274854982b5 (VG=ORION15-mdb7, system=fs9500-2.cpolab.ibm.com)
2026-03-02 14:04:15,118 [DEBUG] Validating FlashSystem snapshot: fs9500-2.cpolab.ibm.com | ORION17-mdb9 | ORION17-mdb9_699deb496f8cf274854982b5
2026-03-02 14:04:15,702 [INFO] Valid FlashSystem snapshot found: ORION17-mdb9_699deb496f8cf274854982b5 (VG=ORION17-mdb9, system=fs9500-2.cpolab.ibm.com)
2026-03-02 14:04:15,702 [DEBUG] Validating FlashSystem snapshot: fs9500-2.cpolab.ibm.com | ORION16-mdb8 | ORION16-mdb8_699deb496f8cf274854982b5
2026-03-02 14:04:16,421 [INFO] Valid FlashSystem snapshot found: ORION16-mdb8_699deb496f8cf274854982b5 (VG=ORION16-mdb8, system=fs9500-2.cpolab.ibm.com)
2026-03-02 14:04:16,422 [DEBUG] Validating FlashSystem snapshot: fs9500-3.cpolab.ibm.com | RecoveryShards | RecoveryShards_699deb496f8cf274854982b5
2026-03-02 14:04:17,034 [INFO] Valid FlashSystem snapshot found: RecoveryShards_699deb496f8cf274854982b5 (VG=RecoveryShards, system=fs9500-3.cpolab.ibm.com)
2026-03-02 14:04:17,035 [DEBUG] Validating FlashSystem snapshot: fs9500-2.cpolab.ibm.com | ORION15-mdb7 | ORION15-mdb7_6984ff8b3e4bf100f368ac18
2026-03-02 14:04:17,691 [INFO] Valid FlashSystem snapshot found: ORION15-mdb7_6984ff8b3e4bf100f368ac18 (VG=ORION15-mdb7, system=fs9500-2.cpolab.ibm.com)
2026-03-02 14:04:17,691 [DEBUG] Validating FlashSystem snapshot: fs9500-2.cpolab.ibm.com | ORION17-mdb9 | ORION17-mdb9_6984ff8b3e4bf100f368ac18
2026-03-02 14:04:18,421 [INFO] Valid FlashSystem snapshot found: ORION17-mdb9_6984ff8b3e4bf100f368ac18 (VG=ORION17-mdb9, system=fs9500-2.cpolab.ibm.com)
2026-03-02 14:04:18,422 [DEBUG] Validating FlashSystem snapshot: fs9500-2.cpolab.ibm.com | ORION16-mdb8 | ORION16-mdb8_6984ff8b3e4bf100f368ac18
2026-03-02 14:04:19,071 [INFO] Valid FlashSystem snapshot found: ORION16-mdb8_6984ff8b3e4bf100f368ac18 (VG=ORION16-mdb8, system=fs9500-2.cpolab.ibm.com)
2026-03-02 14:04:19,071 [DEBUG] Validating FlashSystem snapshot: fs9500-3.cpolab.ibm.com | RecoveryShards | RecoveryShards_6984ff8b3e4bf100f368ac18
2026-03-02 14:04:19,560 [INFO] Valid FlashSystem snapshot found: RecoveryShards_6984ff8b3e4bf100f368ac18 (VG=RecoveryShards, system=fs9500-3.cpolab.ibm.com)
2026-03-02 14:04:19,560 [DEBUG] Validating FlashSystem snapshot: fs9500-2.cpolab.ibm.com | ORION15-mdb7 | ORION15-mdb7_69824f2f3e4bf100f3076d81
2026-03-02 14:04:20,144 [INFO] Expired snapshot: ORION15-mdb7_69824f2f3e4bf100f3076d81 (VG=ORION15-mdb7, system=fs9500-2.cpolab.ibm.com)
2026-03-02 14:04:20,144 [DEBUG] Validating FlashSystem snapshot: fs9500-2.cpolab.ibm.com | ORION17-mdb9 | ORION17-mdb9_69824f2f3e4bf100f3076d81
2026-03-02 14:04:20,700 [INFO] Expired snapshot: ORION17-mdb9_69824f2f3e4bf100f3076d81 (VG=ORION17-mdb9, system=fs9500-2.cpolab.ibm.com)
2026-03-02 14:04:20,700 [DEBUG] Validating FlashSystem snapshot: fs9500-2.cpolab.ibm.com | ORION16-mdb8 | ORION16-mdb8_69824f2f3e4bf100f3076d81
2026-03-02 14:04:21,244 [INFO] Expired snapshot: ORION16-mdb8_69824f2f3e4bf100f3076d81 (VG=ORION16-mdb8, system=fs9500-2.cpolab.ibm.com)
2026-03-02 14:04:21,245 [DEBUG] Validating FlashSystem snapshot: fs9500-3.cpolab.ibm.com | RecoveryShards | RecoveryShards_69824f2f3e4bf100f3076d81
2026-03-02 14:04:21,683 [INFO] Expired snapshot: RecoveryShards_69824f2f3e4bf100f3076d81 (VG=RecoveryShards, system=fs9500-3.cpolab.ibm.com)
2026-03-02 14:04:21,683 [DEBUG] Validating FlashSystem snapshot: fs9500-2.cpolab.ibm.com | ORION15-mdb7 | ORION15-mdb7_6980f36e3e4bf100f3d674e5
2026-03-02 14:04:22,170 [INFO] Expired snapshot: ORION15-mdb7_6980f36e3e4bf100f3d674e5 (VG=ORION15-mdb7, system=fs9500-2.cpolab.ibm.com)
2026-03-02 14:04:22,170 [DEBUG] Validating FlashSystem snapshot: fs9500-2.cpolab.ibm.com | ORION17-mdb9 | ORION17-mdb9_6980f36e3e4bf100f3d674e5
2026-03-02 14:04:22,656 [INFO] Expired snapshot: ORION17-mdb9_6980f36e3e4bf100f3d674e5 (VG=ORION17-mdb9, system=fs9500-2.cpolab.ibm.com)
2026-03-02 14:04:22,656 [DEBUG] Validating FlashSystem snapshot: fs9500-2.cpolab.ibm.com | ORION16-mdb8 | ORION16-mdb8_6980f36e3e4bf100f3d674e5
2026-03-02 14:04:23,160 [INFO] Expired snapshot: ORION16-mdb8_6980f36e3e4bf100f3d674e5 (VG=ORION16-mdb8, system=fs9500-2.cpolab.ibm.com)
2026-03-02 14:04:23,160 [DEBUG] Validating FlashSystem snapshot: fs9500-3.cpolab.ibm.com | RecoveryShards | RecoveryShards_6980f36e3e4bf100f3d674e5
2026-03-02 14:04:23,570 [INFO] Expired snapshot: RecoveryShards_6980f36e3e4bf100f3d674e5 (VG=RecoveryShards, system=fs9500-3.cpolab.ibm.com)
2026-03-02 14:04:23,571 [DEBUG] Validating FlashSystem snapshot: fs9500-2.cpolab.ibm.com | ORION15-mdb7 | ORION15-mdb7_697a535e3e4bf100f3e7bec5
2026-03-02 14:04:24,043 [INFO] Expired snapshot: ORION15-mdb7_697a535e3e4bf100f3e7bec5 (VG=ORION15-mdb7, system=fs9500-2.cpolab.ibm.com)
2026-03-02 14:04:24,043 [DEBUG] Validating FlashSystem snapshot: fs9500-2.cpolab.ibm.com | ORION17-mdb9 | ORION17-mdb9_697a535e3e4bf100f3e7bec5
2026-03-02 14:04:24,502 [INFO] Expired snapshot: ORION17-mdb9_697a535e3e4bf100f3e7bec5 (VG=ORION17-mdb9, system=fs9500-2.cpolab.ibm.com)
2026-03-02 14:04:24,502 [DEBUG] Validating FlashSystem snapshot: fs9500-2.cpolab.ibm.com | ORION16-mdb8 | ORION16-mdb8_697a535e3e4bf100f3e7bec5
2026-03-02 14:04:24,988 [INFO] Expired snapshot: ORION16-mdb8_697a535e3e4bf100f3e7bec5 (VG=ORION16-mdb8, system=fs9500-2.cpolab.ibm.com)
2026-03-02 14:04:24,989 [DEBUG] Validating FlashSystem snapshot: fs9500-2.cpolab.ibm.com | ORION15-mdb7 | ORION15-mdb7_697902f73e4bf100f3b7b9b7
2026-03-02 14:04:25,475 [INFO] Expired snapshot: ORION15-mdb7_697902f73e4bf100f3b7b9b7 (VG=ORION15-mdb7, system=fs9500-2.cpolab.ibm.com)
2026-03-02 14:04:25,475 [DEBUG] Validating FlashSystem snapshot: fs9500-2.cpolab.ibm.com | ORION17-mdb9 | ORION17-mdb9_697902f73e4bf100f3b7b9b7
2026-03-02 14:04:25,932 [INFO] Expired snapshot: ORION17-mdb9_697902f73e4bf100f3b7b9b7 (VG=ORION17-mdb9, system=fs9500-2.cpolab.ibm.com)
2026-03-02 14:04:25,932 [DEBUG] Validating FlashSystem snapshot: fs9500-2.cpolab.ibm.com | ORION16-mdb8 | ORION16-mdb8_697902f73e4bf100f3b7b9b7
2026-03-02 14:04:26,405 [INFO] Expired snapshot: ORION16-mdb8_697902f73e4bf100f3b7b9b7 (VG=ORION16-mdb8, system=fs9500-2.cpolab.ibm.com)
