2026-07-08 08:25:57,032 [INFO] Starting Ops Manager restore workflow
2026-07-08 08:25:58,118 [DEBUG] Validating FlashSystem snapshot: fs9500-2.cpolab.ibm.com | ORION16-FiServRep-mdb7 | ORION16-FiServRep-mdb7_6a4e4dca84006855cea6a399
2026-07-08 08:25:58,633 [INFO] Valid FlashSystem snapshot found: ORION16-FiServRep-mdb7_6a4e4dca84006855cea6a399 (VG=ORION16-FiServRep-mdb7, system=fs9500-2.cpolab.ibm.com)
2026-07-08 08:25:58,635 [DEBUG] Validating FlashSystem snapshot: fs9500-2.cpolab.ibm.com | ORION16-FiServRep-mdb8 | ORION16-FiServRep-mdb8_6a4e4dca84006855cea6a399
2026-07-08 08:25:59,088 [INFO] Valid FlashSystem snapshot found: ORION16-FiServRep-mdb8_6a4e4dca84006855cea6a399 (VG=ORION16-FiServRep-mdb8, system=fs9500-2.cpolab.ibm.com)
2026-07-08 08:25:59,090 [DEBUG] Validating FlashSystem snapshot: fs9500-2.cpolab.ibm.com | ORION16-FiServRep-mdb9 | ORION16-FiServRep-mdb9_6a4e4dca84006855cea6a399
2026-07-08 08:25:59,495 [INFO] Valid FlashSystem snapshot found: ORION16-FiServRep-mdb9_6a4e4dca84006855cea6a399 (VG=ORION16-FiServRep-mdb9, system=fs9500-2.cpolab.ibm.com)
2026-07-08 08:25:59,497 [DEBUG] Validating FlashSystem snapshot: fs9500-2.cpolab.ibm.com | ORION16-FiServRep-mdb7 | ORION16-FiServRep-mdb7_6a4280b4f9f8584e2237151c
2026-07-08 08:25:59,927 [INFO] Valid FlashSystem snapshot found: ORION16-FiServRep-mdb7_6a4280b4f9f8584e2237151c (VG=ORION16-FiServRep-mdb7, system=fs9500-2.cpolab.ibm.com)
2026-07-08 08:25:59,929 [DEBUG] Validating FlashSystem snapshot: fs9500-2.cpolab.ibm.com | ORION16-FiServRep-mdb8 | ORION16-FiServRep-mdb8_6a4280b4f9f8584e2237151c
2026-07-08 08:26:00,357 [INFO] Valid FlashSystem snapshot found: ORION16-FiServRep-mdb8_6a4280b4f9f8584e2237151c (VG=ORION16-FiServRep-mdb8, system=fs9500-2.cpolab.ibm.com)
2026-07-08 08:26:00,359 [DEBUG] Validating FlashSystem snapshot: fs9500-2.cpolab.ibm.com | ORION16-FiServRep-mdb9 | ORION16-FiServRep-mdb9_6a4280b4f9f8584e2237151c
2026-07-08 08:26:00,806 [INFO] Valid FlashSystem snapshot found: ORION16-FiServRep-mdb9_6a4280b4f9f8584e2237151c (VG=ORION16-FiServRep-mdb9, system=fs9500-2.cpolab.ibm.com)
2026-07-08 08:26:00,808 [DEBUG] Validating FlashSystem snapshot: fs9500-2.cpolab.ibm.com | ORION16-FiServRep-mdb7 | ORION16-FiServRep-mdb7_6a427f1ef9f8584e2236f01b
2026-07-08 08:26:01,347 [INFO] Valid FlashSystem snapshot found: ORION16-FiServRep-mdb7_6a427f1ef9f8584e2236f01b (VG=ORION16-FiServRep-mdb7, system=fs9500-2.cpolab.ibm.com)
2026-07-08 08:26:01,348 [DEBUG] Validating FlashSystem snapshot: fs9500-2.cpolab.ibm.com | ORION16-FiServRep-mdb8 | ORION16-FiServRep-mdb8_6a427f1ef9f8584e2236f01b
2026-07-08 08:26:01,762 [INFO] Valid FlashSystem snapshot found: ORION16-FiServRep-mdb8_6a427f1ef9f8584e2236f01b (VG=ORION16-FiServRep-mdb8, system=fs9500-2.cpolab.ibm.com)
2026-07-08 08:26:01,763 [DEBUG] Validating FlashSystem snapshot: fs9500-2.cpolab.ibm.com | ORION16-FiServRep-mdb9 | ORION16-FiServRep-mdb9_6a427f1ef9f8584e2236f01b
2026-07-08 08:26:02,183 [INFO] Valid FlashSystem snapshot found: ORION16-FiServRep-mdb9_6a427f1ef9f8584e2236f01b (VG=ORION16-FiServRep-mdb9, system=fs9500-2.cpolab.ibm.com)
2026-07-08 08:26:02,184 [DEBUG] Validating FlashSystem snapshot: fs9500-2.cpolab.ibm.com | ORION16-FiServRep-mdb7 | ORION16-FiServRep-mdb7_6a42777bf9f8584e223647b0
2026-07-08 08:26:02,616 [INFO] Valid FlashSystem snapshot found: ORION16-FiServRep-mdb7_6a42777bf9f8584e223647b0 (VG=ORION16-FiServRep-mdb7, system=fs9500-2.cpolab.ibm.com)
2026-07-08 08:26:02,618 [DEBUG] Validating FlashSystem snapshot: fs9500-2.cpolab.ibm.com | ORION16-FiServRep-mdb8 | ORION16-FiServRep-mdb8_6a42777bf9f8584e223647b0
2026-07-08 08:26:03,055 [INFO] Valid FlashSystem snapshot found: ORION16-FiServRep-mdb8_6a42777bf9f8584e223647b0 (VG=ORION16-FiServRep-mdb8, system=fs9500-2.cpolab.ibm.com)
2026-07-08 08:26:03,056 [DEBUG] Validating FlashSystem snapshot: fs9500-2.cpolab.ibm.com | ORION16-FiServRep-mdb9 | ORION16-FiServRep-mdb9_6a42777bf9f8584e223647b0
2026-07-08 08:26:03,577 [INFO] Valid FlashSystem snapshot found: ORION16-FiServRep-mdb9_6a42777bf9f8584e223647b0 (VG=ORION16-FiServRep-mdb9, system=fs9500-2.cpolab.ibm.com)
2026-07-08 08:26:03,578 [DEBUG] Validating FlashSystem snapshot: fs9500-2.cpolab.ibm.com | ORION16-FiServRep-mdb7 | ORION16-FiServRep-mdb7_6a4275cff9f8584e2236226f
2026-07-08 08:26:04,036 [INFO] Valid FlashSystem snapshot found: ORION16-FiServRep-mdb7_6a4275cff9f8584e2236226f (VG=ORION16-FiServRep-mdb7, system=fs9500-2.cpolab.ibm.com)
2026-07-08 08:26:04,037 [DEBUG] Validating FlashSystem snapshot: fs9500-2.cpolab.ibm.com | ORION16-FiServRep-mdb8 | ORION16-FiServRep-mdb8_6a4275cff9f8584e2236226f
2026-07-08 08:26:04,499 [INFO] Valid FlashSystem snapshot found: ORION16-FiServRep-mdb8_6a4275cff9f8584e2236226f (VG=ORION16-FiServRep-mdb8, system=fs9500-2.cpolab.ibm.com)
2026-07-08 08:26:04,501 [DEBUG] Validating FlashSystem snapshot: fs9500-2.cpolab.ibm.com | ORION16-FiServRep-mdb9 | ORION16-FiServRep-mdb9_6a4275cff9f8584e2236226f
2026-07-08 08:26:05,011 [INFO] Valid FlashSystem snapshot found: ORION16-FiServRep-mdb9_6a4275cff9f8584e2236226f (VG=ORION16-FiServRep-mdb9, system=fs9500-2.cpolab.ibm.com)
2026-07-08 08:26:05,013 [DEBUG] Validating FlashSystem snapshot: fs9500-2.cpolab.ibm.com | ORION16-FiServRep-mdb7 | ORION16-FiServRep-mdb7_6a42727bf9f8584e2235d88a
2026-07-08 08:26:05,535 [INFO] Valid FlashSystem snapshot found: ORION16-FiServRep-mdb7_6a42727bf9f8584e2235d88a (VG=ORION16-FiServRep-mdb7, system=fs9500-2.cpolab.ibm.com)
2026-07-08 08:26:05,536 [DEBUG] Validating FlashSystem snapshot: fs9500-2.cpolab.ibm.com | ORION16-FiServRep-mdb8 | ORION16-FiServRep-mdb8_6a42727bf9f8584e2235d88a
2026-07-08 08:26:06,029 [INFO] Valid FlashSystem snapshot found: ORION16-FiServRep-mdb8_6a42727bf9f8584e2235d88a (VG=ORION16-FiServRep-mdb8, system=fs9500-2.cpolab.ibm.com)
2026-07-08 08:26:06,030 [DEBUG] Validating FlashSystem snapshot: fs9500-2.cpolab.ibm.com | ORION16-FiServRep-mdb9 | ORION16-FiServRep-mdb9_6a42727bf9f8584e2235d88a
2026-07-08 08:26:06,492 [INFO] Valid FlashSystem snapshot found: ORION16-FiServRep-mdb9_6a42727bf9f8584e2235d88a (VG=ORION16-FiServRep-mdb9, system=fs9500-2.cpolab.ibm.com)
2026-07-08 08:26:06,494 [DEBUG] API GET http://129.40.36.100:8080/api/public/v1.0/backup/third_party/group/6a386221ee19a6537cc68a97/clusters
2026-07-08 08:26:06,656 [DEBUG] STATUS 200
2026-07-08 08:26:06,656 [DEBUG] {
  "clusters": [
    {
      "clusterId": "6a387fc1f9f8584e2262c8f3",
      "clusterName": "testRep",
      "groupId": "6a386221ee19a6537cc68a97",
      "jobId": "6a387fc1f9f8584e2262c8f3",
      "state": "ACTIVE"
    },
    {
      "clusterId": "6a3939acf9f8584e226a56e4",
      "clusterName": "tsetrepRestore",
      "groupId": "6a386221ee19a6537cc68a97",
      "jobId": "6a3939acf9f8584e226a56e4",
      "state": "ACTIVE"
    },
    {
      "clusterId": "6a39559ff9f8584e226bec72",
      "clusterName": "sgcCluster",
      "groupId": "6a386221ee19a6537cc68a97",
      "jobId": "6a39559ff9f8584e226bec72",
      "state": "ACTIVE"
    },
    {
      "clusterId": "6a39582af9f8584e226c2953",
      "clusterName": "tgtCluster",
      "groupId": "6a386221ee19a6537cc68a97",
      "jobId": "6a39582af9f8584e226c2953",
      "state": "ACTIVE"
    }
  ]
}
2026-07-08 08:26:06,657 [DEBUG] API GET http://129.40.36.100:8080/api/public/v1.0/backup/third_party/group/6a386221ee19a6537cc68a97/clusters/6a3939acf9f8584e226a56e4
2026-07-08 08:26:06,777 [DEBUG] STATUS 200
2026-07-08 08:26:06,777 [DEBUG] {
  "replicaSets": [
    {
      "id": "tsetrepRestore",
      "nodes": [
        {
          "dbPath": "/fimongo/data",
          "hidden": false,
          "hostname": "rmdb9",
          "id": "rmdb9:27017",
          "lastAgentPing": "2026-07-08T13:25:23Z",
          "memberState": "SECONDARY",
          "mongodbVersion": "8.0.26",
          "opTime": "2026-07-08T13:25:27Z",
          "oplogStoreType": "thirdPartyOplogStore",
          "port": 27017,
          "priority": 1.0,
          "rsId": "tsetrepRestore",
          "snapshotable": true,
          "votes": 1
        },
        {
          "dbPath": "/fimongo/data",
          "hidden": false,
          "hostname": "rmdb7",
          "id": "rmdb7:27017",
          "lastAgentPing": "2026-07-08T13:25:14Z",
          "memberState": "PRIMARY",
          "mongodbVersion": "8.0.26",
          "opTime": "2026-07-08T13:25:27Z",
          "oplogStoreType": "thirdPartyOplogStore",
          "port": 27017,
          "priority": 1.0,
          "rsId": "tsetrepRestore",
          "snapshotable": true,
          "votes": 1
        },
        {
          "dbPath": "/fimongo/data",
          "hidden": false,
          "hostname": "rmdb8",
          "id": "rmdb8:27017",
          "lastAgentPing": "2026-07-08T13:25:38Z",
          "memberState": "SECONDARY",
          "mongodbVersion": "8.0.26",
          "opTime": "2026-07-08T13:25:27Z",
          "oplogStoreType": "thirdPartyOplogStore",
          "port": 27017,
          "priority": 1.0,
          "rsId": "tsetrepRestore",
          "snapshotable": true,
          "votes": 1
        }
      ],
      "oplogType": "thirdParty"
    }
  ]
}
2026-07-08 08:26:06,778 [INFO] Source replica sets : 1
2026-07-08 08:26:06,778 [INFO] Destination replica sets : 1
2026-07-08 08:26:06,778 [INFO] Cluster topology validation passed
2026-07-08 08:26:06,778 [DEBUG] API GET http://129.40.36.100:8080/api/public/v1.0/backup/third_party/group/6a386221ee19a6537cc68a97/clusters/6a3939acf9f8584e226a56e4
2026-07-08 08:26:06,899 [DEBUG] STATUS 200
2026-07-08 08:26:06,899 [DEBUG] {
  "replicaSets": [
    {
      "id": "tsetrepRestore",
      "nodes": [
        {
          "dbPath": "/fimongo/data",
          "hidden": false,
          "hostname": "rmdb9",
          "id": "rmdb9:27017",
          "lastAgentPing": "2026-07-08T13:25:23Z",
          "memberState": "SECONDARY",
          "mongodbVersion": "8.0.26",
          "opTime": "2026-07-08T13:25:27Z",
          "oplogStoreType": "thirdPartyOplogStore",
          "port": 27017,
          "priority": 1.0,
          "rsId": "tsetrepRestore",
          "snapshotable": true,
          "votes": 1
        },
        {
          "dbPath": "/fimongo/data",
          "hidden": false,
          "hostname": "rmdb7",
          "id": "rmdb7:27017",
          "lastAgentPing": "2026-07-08T13:25:14Z",
          "memberState": "PRIMARY",
          "mongodbVersion": "8.0.26",
          "opTime": "2026-07-08T13:25:27Z",
          "oplogStoreType": "thirdPartyOplogStore",
          "port": 27017,
          "priority": 1.0,
          "rsId": "tsetrepRestore",
          "snapshotable": true,
          "votes": 1
        },
        {
          "dbPath": "/fimongo/data",
          "hidden": false,
          "hostname": "rmdb8",
          "id": "rmdb8:27017",
          "lastAgentPing": "2026-07-08T13:25:38Z",
          "memberState": "SECONDARY",
          "mongodbVersion": "8.0.26",
          "opTime": "2026-07-08T13:25:27Z",
          "oplogStoreType": "thirdPartyOplogStore",
          "port": 27017,
          "priority": 1.0,
          "rsId": "tsetrepRestore",
          "snapshotable": true,
          "votes": 1
        }
      ],
      "oplogType": "thirdParty"
    }
  ]
}
2026-07-08 08:26:06,900 [DEBUG] API POST http://129.40.36.100:8080/api/public/v1.0/backup/third_party/group/6a386221ee19a6537cc68a97/clusters/6a3939acf9f8584e226a56e4/restore
2026-07-08 08:26:06,900 [DEBUG] {
  "snapshotsMetadata": [
    {
      "clusterId": "6a387fc1f9f8584e2262c8f3",
      "clusterName": "testRep",
      "groupId": "6a386221ee19a6537cc68a97",
      "restoreTimestamp": {
        "increment": 1,
        "time": 1783516683
      },
      "rsSnapshotsMetadata": [
        {
          "defaultRWConcern": {
            "defaultReadConcern": {
              "level": "local"
            },
            "defaultReadConcernSource": "implicit",
            "defaultWriteConcern": {
              "w": "majority",
              "wtimeout": 0
            },
            "defaultWriteConcernSource": "implicit",
            "localUpdateWallClockTime": "2026-07-08T13:18:51Z"
          },
          "encryption": false,
          "fcv": "8.0",
          "fileSize": 7659520,
          "incremental": true,
          "isConfigShard": false,
          "keyEncryptionUUID": null,
          "lastOplogApplied": {
            "increment": 1,
            "time": 1783516683
          },
          "member": "REPLICA_SET",
          "mongodbVersion": "8.0.26",
          "oplogStoreType": "thirdPartyOplogStore",
          "rsId": "testRep",
          "shardId": null,
          "snapshotVersion": 1,
          "srcBackupName": null,
          "startupOptions": {},
          "storageEngine": "wiredTiger",
          "thisBackupName": "mdb8.27017.1783516689"
        }
      ],
      "snapshotId": "6a4e4dca84006855cea6a399",
      "snapshotTimestamp": {
        "increment": 1,
        "time": 1783516683
      }
    }
  ],
  "nodes": [
    {
      "id": "rmdb9:27017",
      "restoreRole": "RESTORE"
    },
    {
      "id": "rmdb7:27017",
      "restoreRole": "RESTORE"
    },
    {
      "id": "rmdb8:27017",
      "restoreRole": "RESTORE"
    }
  ]
}
2026-07-08 08:26:07,072 [DEBUG] STATUS 200
2026-07-08 08:26:07,073 [DEBUG] {
  "clusterMapping": [
    {
      "nodes": [
        {
          "error": null,
          "hostname": "rmdb9",
          "id": "rmdb9:27017",
          "port": 27017,
          "rsId": "tsetrepRestore",
          "state": "INITIAL",
          "stateUpdateTime": null
        },
        {
          "error": null,
          "hostname": "rmdb7",
          "id": "rmdb7:27017",
          "port": 27017,
          "rsId": "tsetrepRestore",
          "state": "INITIAL",
          "stateUpdateTime": null
        },
        {
          "error": null,
          "hostname": "rmdb8",
          "id": "rmdb8:27017",
          "port": 27017,
          "rsId": "tsetrepRestore",
          "state": "INITIAL",
          "stateUpdateTime": null
        }
      ],
      "rsId": "testRep",
      "targetRsId": "tsetrepRestore"
    }
  ],
  "restoreId": "6a4e4fee8a91cdade8992f95"
}
2026-07-08 08:26:07,075 [INFO] Restore ID: 6a4e4fee8a91cdade8992f95
2026-07-08 08:26:07,075 [DEBUG] API POST http://129.40.36.100:8080/api/public/v1.0/backup/third_party/group/6a386221ee19a6537cc68a97/restore/6a4e4fee8a91cdade8992f95/start
2026-07-08 08:26:07,557 [DEBUG] STATUS 200
2026-07-08 08:26:07,557 [DEBUG] {
  "errorCode": "NONE",
  "version": "1",
  "status": "OK"
}
2026-07-08 08:26:07,557 [DEBUG] API GET http://129.40.36.100:8080/api/public/v1.0/backup/third_party/group/6a386221ee19a6537cc68a97/restore/6a4e4fee8a91cdade8992f95
2026-07-08 08:26:07,698 [DEBUG] STATUS 200
2026-07-08 08:26:07,698 [DEBUG] {
  "clusterMapping": [
    {
      "rsId": "testRep",
      "targetRsId": "tsetrepRestore"
    }
  ],
  "nodes": [
    {
      "error": null,
      "hostname": "rmdb9",
      "id": "rmdb9:27017",
      "port": 27017,
      "rsId": "tsetrepRestore",
      "state": "PENDING",
      "stateUpdateTime": 1783517166
    },
    {
      "error": null,
      "hostname": "rmdb7",
      "id": "rmdb7:27017",
      "port": 27017,
      "rsId": "tsetrepRestore",
      "state": "PENDING",
      "stateUpdateTime": 1783517166
    },
    {
      "error": null,
      "hostname": "rmdb8",
      "id": "rmdb8:27017",
      "port": 27017,
      "rsId": "tsetrepRestore",
      "state": "PENDING",
      "stateUpdateTime": 1783517166
    }
  ],
  "state": "PENDING"
}
2026-07-08 08:26:07,698 [INFO] Restore state: PENDING
2026-07-08 08:26:17,699 [DEBUG] API GET http://129.40.36.100:8080/api/public/v1.0/backup/third_party/group/6a386221ee19a6537cc68a97/restore/6a4e4fee8a91cdade8992f95
2026-07-08 08:26:17,830 [DEBUG] STATUS 200
2026-07-08 08:26:17,830 [DEBUG] {
  "clusterMapping": [
    {
      "rsId": "testRep",
      "targetRsId": "tsetrepRestore"
    }
  ],
  "nodes": [
    {
      "error": null,
      "hostname": "rmdb9",
      "id": "rmdb9:27017",
      "port": 27017,
      "rsId": "tsetrepRestore",
      "state": "PENDING",
      "stateUpdateTime": 1783517166
    },
    {
      "error": null,
      "hostname": "rmdb7",
      "id": "rmdb7:27017",
      "port": 27017,
      "rsId": "tsetrepRestore",
      "state": "PENDING",
      "stateUpdateTime": 1783517166
    },
    {
      "error": null,
      "hostname": "rmdb8",
      "id": "rmdb8:27017",
      "port": 27017,
      "rsId": "tsetrepRestore",
      "state": "PENDING",
      "stateUpdateTime": 1783517166
    }
  ],
  "state": "PENDING"
}
2026-07-08 08:26:17,830 [INFO] Restore state: PENDING
2026-07-08 08:26:27,831 [DEBUG] API GET http://129.40.36.100:8080/api/public/v1.0/backup/third_party/group/6a386221ee19a6537cc68a97/restore/6a4e4fee8a91cdade8992f95
2026-07-08 08:26:27,956 [DEBUG] STATUS 200
2026-07-08 08:26:27,956 [DEBUG] {
  "clusterMapping": [
    {
      "rsId": "testRep",
      "targetRsId": "tsetrepRestore"
    }
  ],
  "nodes": [
    {
      "error": null,
      "hostname": "rmdb9",
      "id": "rmdb9:27017",
      "port": 27017,
      "rsId": "tsetrepRestore",
      "state": "PENDING",
      "stateUpdateTime": 1783517166
    },
    {
      "error": null,
      "hostname": "rmdb7",
      "id": "rmdb7:27017",
      "port": 27017,
      "rsId": "tsetrepRestore",
      "state": "PENDING",
      "stateUpdateTime": 1783517166
    },
    {
      "error": null,
      "hostname": "rmdb8",
      "id": "rmdb8:27017",
      "port": 27017,
      "rsId": "tsetrepRestore",
      "state": "PENDING",
      "stateUpdateTime": 1783517166
    }
  ],
  "state": "PENDING"
}
2026-07-08 08:26:27,957 [INFO] Restore state: PENDING
2026-07-08 08:26:37,957 [DEBUG] API GET http://129.40.36.100:8080/api/public/v1.0/backup/third_party/group/6a386221ee19a6537cc68a97/restore/6a4e4fee8a91cdade8992f95
2026-07-08 08:26:38,097 [DEBUG] STATUS 200
2026-07-08 08:26:38,098 [DEBUG] {
  "clusterMapping": [
    {
      "rsId": "testRep",
      "targetRsId": "tsetrepRestore"
    }
  ],
  "nodes": [
    {
      "error": null,
      "hostname": "rmdb9",
      "id": "rmdb9:27017",
      "port": 27017,
      "rsId": "tsetrepRestore",
      "state": "PENDING",
      "stateUpdateTime": 1783517166
    },
    {
      "error": null,
      "hostname": "rmdb7",
      "id": "rmdb7:27017",
      "port": 27017,
      "rsId": "tsetrepRestore",
      "state": "PENDING",
      "stateUpdateTime": 1783517166
    },
    {
      "error": null,
      "hostname": "rmdb8",
      "id": "rmdb8:27017",
      "port": 27017,
      "rsId": "tsetrepRestore",
      "state": "PENDING",
      "stateUpdateTime": 1783517166
    }
  ],
  "state": "PENDING"
}
2026-07-08 08:26:38,098 [INFO] Restore state: PENDING
2026-07-08 08:26:48,098 [DEBUG] API GET http://129.40.36.100:8080/api/public/v1.0/backup/third_party/group/6a386221ee19a6537cc68a97/restore/6a4e4fee8a91cdade8992f95
2026-07-08 08:26:48,228 [DEBUG] STATUS 200
2026-07-08 08:26:48,229 [DEBUG] {
  "clusterMapping": [
    {
      "rsId": "testRep",
      "targetRsId": "tsetrepRestore"
    }
  ],
  "nodes": [
    {
      "error": null,
      "hostname": "rmdb9",
      "id": "rmdb9:27017",
      "port": 27017,
      "rsId": "tsetrepRestore",
      "state": "SHUTDOWN_IN_PROGRESS",
      "stateUpdateTime": 1783517200
    },
    {
      "error": null,
      "hostname": "rmdb7",
      "id": "rmdb7:27017",
      "port": 27017,
      "rsId": "tsetrepRestore",
      "state": "SHUTDOWN_IN_PROGRESS",
      "stateUpdateTime": 1783517200
    },
    {
      "error": null,
      "hostname": "rmdb8",
      "id": "rmdb8:27017",
      "port": 27017,
      "rsId": "tsetrepRestore",
      "state": "SHUTDOWN_IN_PROGRESS",
      "stateUpdateTime": 1783517200
    }
  ],
  "state": "SHUTDOWN_IN_PROGRESS"
}
2026-07-08 08:26:48,229 [INFO] Restore state: SHUTDOWN_IN_PROGRESS
2026-07-08 08:26:58,230 [DEBUG] API GET http://129.40.36.100:8080/api/public/v1.0/backup/third_party/group/6a386221ee19a6537cc68a97/restore/6a4e4fee8a91cdade8992f95
2026-07-08 08:26:58,365 [DEBUG] STATUS 200
2026-07-08 08:26:58,366 [DEBUG] {
  "clusterMapping": [
    {
      "rsId": "testRep",
      "targetRsId": "tsetrepRestore"
    }
  ],
  "nodes": [
    {
      "error": null,
      "hostname": "rmdb9",
      "id": "rmdb9:27017",
      "port": 27017,
      "rsId": "tsetrepRestore",
      "state": "SHUTDOWN_IN_PROGRESS",
      "stateUpdateTime": 1783517200
    },
    {
      "error": null,
      "hostname": "rmdb7",
      "id": "rmdb7:27017",
      "port": 27017,
      "rsId": "tsetrepRestore",
      "state": "SHUTDOWN_IN_PROGRESS",
      "stateUpdateTime": 1783517200
    },
    {
      "error": null,
      "hostname": "rmdb8",
      "id": "rmdb8:27017",
      "port": 27017,
      "rsId": "tsetrepRestore",
      "state": "SHUTDOWN_IN_PROGRESS",
      "stateUpdateTime": 1783517200
    }
  ],
  "state": "SHUTDOWN_IN_PROGRESS"
}
2026-07-08 08:26:58,366 [INFO] Restore state: SHUTDOWN_IN_PROGRESS
2026-07-08 08:27:08,366 [DEBUG] API GET http://129.40.36.100:8080/api/public/v1.0/backup/third_party/group/6a386221ee19a6537cc68a97/restore/6a4e4fee8a91cdade8992f95
2026-07-08 08:27:08,554 [DEBUG] STATUS 200
2026-07-08 08:27:08,554 [DEBUG] {
  "clusterMapping": [
    {
      "rsId": "testRep",
      "targetRsId": "tsetrepRestore"
    }
  ],
  "nodes": [
    {
      "error": null,
      "hostname": "rmdb9",
      "id": "rmdb9:27017",
      "port": 27017,
      "rsId": "tsetrepRestore",
      "state": "SHUTDOWN_IN_PROGRESS",
      "stateUpdateTime": 1783517200
    },
    {
      "error": null,
      "hostname": "rmdb7",
      "id": "rmdb7:27017",
      "port": 27017,
      "rsId": "tsetrepRestore",
      "state": "SHUTDOWN_IN_PROGRESS",
      "stateUpdateTime": 1783517200
    },
    {
      "error": null,
      "hostname": "rmdb8",
      "id": "rmdb8:27017",
      "port": 27017,
      "rsId": "tsetrepRestore",
      "state": "SHUTDOWN_IN_PROGRESS",
      "stateUpdateTime": 1783517200
    }
  ],
  "state": "SHUTDOWN_IN_PROGRESS"
}
2026-07-08 08:27:08,554 [INFO] Restore state: SHUTDOWN_IN_PROGRESS
2026-07-08 08:27:18,555 [DEBUG] API GET http://129.40.36.100:8080/api/public/v1.0/backup/third_party/group/6a386221ee19a6537cc68a97/restore/6a4e4fee8a91cdade8992f95
2026-07-08 08:27:18,694 [DEBUG] STATUS 200
2026-07-08 08:27:18,694 [DEBUG] {
  "clusterMapping": [
    {
      "rsId": "testRep",
      "targetRsId": "tsetrepRestore"
    }
  ],
  "nodes": [
    {
      "error": null,
      "hostname": "rmdb9",
      "id": "rmdb9:27017",
      "port": 27017,
      "rsId": "tsetrepRestore",
      "state": "SHUTDOWN_IN_PROGRESS",
      "stateUpdateTime": 1783517200
    },
    {
      "error": null,
      "hostname": "rmdb7",
      "id": "rmdb7:27017",
      "port": 27017,
      "rsId": "tsetrepRestore",
      "state": "SHUTDOWN_IN_PROGRESS",
      "stateUpdateTime": 1783517200
    },
    {
      "error": null,
      "hostname": "rmdb8",
      "id": "rmdb8:27017",
      "port": 27017,
      "rsId": "tsetrepRestore",
      "state": "SHUTDOWN_IN_PROGRESS",
      "stateUpdateTime": 1783517200
    }
  ],
  "state": "SHUTDOWN_IN_PROGRESS"
}
2026-07-08 08:27:18,694 [INFO] Restore state: SHUTDOWN_IN_PROGRESS
2026-07-08 08:27:28,695 [DEBUG] API GET http://129.40.36.100:8080/api/public/v1.0/backup/third_party/group/6a386221ee19a6537cc68a97/restore/6a4e4fee8a91cdade8992f95
2026-07-08 08:27:28,878 [DEBUG] STATUS 200
2026-07-08 08:27:28,878 [DEBUG] {
  "clusterMapping": [
    {
      "rsId": "testRep",
      "targetRsId": "tsetrepRestore"
    }
  ],
  "nodes": [
    {
      "error": null,
      "hostname": "rmdb9",
      "id": "rmdb9:27017",
      "port": 27017,
      "rsId": "tsetrepRestore",
      "state": "SHUTDOWN_IN_PROGRESS",
      "stateUpdateTime": 1783517200
    },
    {
      "error": null,
      "hostname": "rmdb7",
      "id": "rmdb7:27017",
      "port": 27017,
      "rsId": "tsetrepRestore",
      "state": "SHUTDOWN_IN_PROGRESS",
      "stateUpdateTime": 1783517200
    },
    {
      "error": null,
      "hostname": "rmdb8",
      "id": "rmdb8:27017",
      "port": 27017,
      "rsId": "tsetrepRestore",
      "state": "SHUTDOWN_IN_PROGRESS",
      "stateUpdateTime": 1783517200
    }
  ],
  "state": "SHUTDOWN_IN_PROGRESS"
}
2026-07-08 08:27:28,879 [INFO] Restore state: SHUTDOWN_IN_PROGRESS
2026-07-08 08:27:38,879 [DEBUG] API GET http://129.40.36.100:8080/api/public/v1.0/backup/third_party/group/6a386221ee19a6537cc68a97/restore/6a4e4fee8a91cdade8992f95
2026-07-08 08:27:39,020 [DEBUG] STATUS 200
2026-07-08 08:27:39,021 [DEBUG] {
  "clusterMapping": [
    {
      "rsId": "testRep",
      "targetRsId": "tsetrepRestore"
    }
  ],
  "nodes": [
    {
      "error": null,
      "hostname": "rmdb9",
      "id": "rmdb9:27017",
      "port": 27017,
      "rsId": "tsetrepRestore",
      "state": "SHUTDOWN_IN_PROGRESS",
      "stateUpdateTime": 1783517200
    },
    {
      "error": null,
      "hostname": "rmdb7",
      "id": "rmdb7:27017",
      "port": 27017,
      "rsId": "tsetrepRestore",
      "state": "SHUTDOWN_IN_PROGRESS",
      "stateUpdateTime": 1783517200
    },
    {
      "error": null,
      "hostname": "rmdb8",
      "id": "rmdb8:27017",
      "port": 27017,
      "rsId": "tsetrepRestore",
      "state": "SHUTDOWN_IN_PROGRESS",
      "stateUpdateTime": 1783517200
    }
  ],
  "state": "SHUTDOWN_IN_PROGRESS"
}
2026-07-08 08:27:39,021 [INFO] Restore state: SHUTDOWN_IN_PROGRESS
2026-07-08 08:27:49,022 [DEBUG] API GET http://129.40.36.100:8080/api/public/v1.0/backup/third_party/group/6a386221ee19a6537cc68a97/restore/6a4e4fee8a91cdade8992f95
2026-07-08 08:27:49,168 [DEBUG] STATUS 200
2026-07-08 08:27:49,169 [DEBUG] {
  "clusterMapping": [
    {
      "rsId": "testRep",
      "targetRsId": "tsetrepRestore"
    }
  ],
  "nodes": [
    {
      "error": null,
      "hostname": "rmdb9",
      "id": "rmdb9:27017",
      "port": 27017,
      "rsId": "tsetrepRestore",
      "state": "COPY_FILES",
      "stateUpdateTime": 1783517259
    },
    {
      "error": null,
      "hostname": "rmdb7",
      "id": "rmdb7:27017",
      "port": 27017,
      "rsId": "tsetrepRestore",
      "state": "COPY_FILES",
      "stateUpdateTime": 1783517261
    },
    {
      "error": null,
      "hostname": "rmdb8",
      "id": "rmdb8:27017",
      "port": 27017,
      "rsId": "tsetrepRestore",
      "state": "COPY_FILES",
      "stateUpdateTime": 1783517259
    }
  ],
  "state": "COPY_FILES"
}
2026-07-08 08:27:49,169 [INFO] Restore state: COPY_FILES
2026-07-08 08:27:49,170 [INFO] Breaking out to repair mappings
