2026-06-30 08:27:12,185 [INFO] Starting Ops Manager restore workflow
2026-06-30 08:27:13,275 [DEBUG] Validating FlashSystem snapshot: fs9500-2.cpolab.ibm.com | ORION16-FiServRep-mdb7 | ORION16-FiServRep-mdb7_6a4280b4f9f8584e2237151c
2026-06-30 08:27:13,731 [INFO] Valid FlashSystem snapshot found: ORION16-FiServRep-mdb7_6a4280b4f9f8584e2237151c (VG=ORION16-FiServRep-mdb7, system=fs9500-2.cpolab.ibm.com)
2026-06-30 08:27:13,732 [DEBUG] Validating FlashSystem snapshot: fs9500-2.cpolab.ibm.com | ORION16-FiServRep-mdb8 | ORION16-FiServRep-mdb8_6a4280b4f9f8584e2237151c
2026-06-30 08:27:14,190 [INFO] Valid FlashSystem snapshot found: ORION16-FiServRep-mdb8_6a4280b4f9f8584e2237151c (VG=ORION16-FiServRep-mdb8, system=fs9500-2.cpolab.ibm.com)
2026-06-30 08:27:14,192 [DEBUG] Validating FlashSystem snapshot: fs9500-2.cpolab.ibm.com | ORION16-FiServRep-mdb9 | ORION16-FiServRep-mdb9_6a4280b4f9f8584e2237151c
2026-06-30 08:27:14,593 [INFO] Valid FlashSystem snapshot found: ORION16-FiServRep-mdb9_6a4280b4f9f8584e2237151c (VG=ORION16-FiServRep-mdb9, system=fs9500-2.cpolab.ibm.com)
2026-06-30 08:27:14,594 [DEBUG] Validating FlashSystem snapshot: fs9500-2.cpolab.ibm.com | ORION16-FiServRep-mdb7 | ORION16-FiServRep-mdb7_6a427f1ef9f8584e2236f01b
2026-06-30 08:27:15,003 [INFO] Valid FlashSystem snapshot found: ORION16-FiServRep-mdb7_6a427f1ef9f8584e2236f01b (VG=ORION16-FiServRep-mdb7, system=fs9500-2.cpolab.ibm.com)
2026-06-30 08:27:15,005 [DEBUG] Validating FlashSystem snapshot: fs9500-2.cpolab.ibm.com | ORION16-FiServRep-mdb8 | ORION16-FiServRep-mdb8_6a427f1ef9f8584e2236f01b
2026-06-30 08:27:15,414 [INFO] Valid FlashSystem snapshot found: ORION16-FiServRep-mdb8_6a427f1ef9f8584e2236f01b (VG=ORION16-FiServRep-mdb8, system=fs9500-2.cpolab.ibm.com)
2026-06-30 08:27:15,416 [DEBUG] Validating FlashSystem snapshot: fs9500-2.cpolab.ibm.com | ORION16-FiServRep-mdb9 | ORION16-FiServRep-mdb9_6a427f1ef9f8584e2236f01b
2026-06-30 08:27:15,814 [INFO] Valid FlashSystem snapshot found: ORION16-FiServRep-mdb9_6a427f1ef9f8584e2236f01b (VG=ORION16-FiServRep-mdb9, system=fs9500-2.cpolab.ibm.com)
2026-06-30 08:27:15,816 [DEBUG] Validating FlashSystem snapshot: fs9500-2.cpolab.ibm.com | ORION16-FiServRep-mdb7 | ORION16-FiServRep-mdb7_6a42777bf9f8584e223647b0
2026-06-30 08:27:16,237 [INFO] Valid FlashSystem snapshot found: ORION16-FiServRep-mdb7_6a42777bf9f8584e223647b0 (VG=ORION16-FiServRep-mdb7, system=fs9500-2.cpolab.ibm.com)
2026-06-30 08:27:16,238 [DEBUG] Validating FlashSystem snapshot: fs9500-2.cpolab.ibm.com | ORION16-FiServRep-mdb8 | ORION16-FiServRep-mdb8_6a42777bf9f8584e223647b0
2026-06-30 08:27:16,646 [INFO] Valid FlashSystem snapshot found: ORION16-FiServRep-mdb8_6a42777bf9f8584e223647b0 (VG=ORION16-FiServRep-mdb8, system=fs9500-2.cpolab.ibm.com)
2026-06-30 08:27:16,647 [DEBUG] Validating FlashSystem snapshot: fs9500-2.cpolab.ibm.com | ORION16-FiServRep-mdb9 | ORION16-FiServRep-mdb9_6a42777bf9f8584e223647b0
2026-06-30 08:27:17,052 [INFO] Valid FlashSystem snapshot found: ORION16-FiServRep-mdb9_6a42777bf9f8584e223647b0 (VG=ORION16-FiServRep-mdb9, system=fs9500-2.cpolab.ibm.com)
2026-06-30 08:27:17,054 [DEBUG] Validating FlashSystem snapshot: fs9500-2.cpolab.ibm.com | ORION16-FiServRep-mdb7 | ORION16-FiServRep-mdb7_6a4275cff9f8584e2236226f
2026-06-30 08:27:17,504 [INFO] Valid FlashSystem snapshot found: ORION16-FiServRep-mdb7_6a4275cff9f8584e2236226f (VG=ORION16-FiServRep-mdb7, system=fs9500-2.cpolab.ibm.com)
2026-06-30 08:27:17,506 [DEBUG] Validating FlashSystem snapshot: fs9500-2.cpolab.ibm.com | ORION16-FiServRep-mdb8 | ORION16-FiServRep-mdb8_6a4275cff9f8584e2236226f
2026-06-30 08:27:18,171 [INFO] Valid FlashSystem snapshot found: ORION16-FiServRep-mdb8_6a4275cff9f8584e2236226f (VG=ORION16-FiServRep-mdb8, system=fs9500-2.cpolab.ibm.com)
2026-06-30 08:27:18,172 [DEBUG] Validating FlashSystem snapshot: fs9500-2.cpolab.ibm.com | ORION16-FiServRep-mdb9 | ORION16-FiServRep-mdb9_6a4275cff9f8584e2236226f
2026-06-30 08:27:18,650 [INFO] Valid FlashSystem snapshot found: ORION16-FiServRep-mdb9_6a4275cff9f8584e2236226f (VG=ORION16-FiServRep-mdb9, system=fs9500-2.cpolab.ibm.com)
2026-06-30 08:27:18,651 [DEBUG] Validating FlashSystem snapshot: fs9500-2.cpolab.ibm.com | ORION16-FiServRep-mdb7 | ORION16-FiServRep-mdb7_6a42727bf9f8584e2235d88a
2026-06-30 08:27:19,055 [INFO] Valid FlashSystem snapshot found: ORION16-FiServRep-mdb7_6a42727bf9f8584e2235d88a (VG=ORION16-FiServRep-mdb7, system=fs9500-2.cpolab.ibm.com)
2026-06-30 08:27:19,056 [DEBUG] Validating FlashSystem snapshot: fs9500-2.cpolab.ibm.com | ORION16-FiServRep-mdb8 | ORION16-FiServRep-mdb8_6a42727bf9f8584e2235d88a
2026-06-30 08:27:19,475 [INFO] Valid FlashSystem snapshot found: ORION16-FiServRep-mdb8_6a42727bf9f8584e2235d88a (VG=ORION16-FiServRep-mdb8, system=fs9500-2.cpolab.ibm.com)
2026-06-30 08:27:19,476 [DEBUG] Validating FlashSystem snapshot: fs9500-2.cpolab.ibm.com | ORION16-FiServRep-mdb9 | ORION16-FiServRep-mdb9_6a42727bf9f8584e2235d88a
2026-06-30 08:27:19,871 [INFO] Valid FlashSystem snapshot found: ORION16-FiServRep-mdb9_6a42727bf9f8584e2235d88a (VG=ORION16-FiServRep-mdb9, system=fs9500-2.cpolab.ibm.com)
2026-06-30 08:27:19,872 [DEBUG] API GET http://129.40.36.100:8080/api/public/v1.0/backup/third_party/group/6a386221ee19a6537cc68a97/clusters
2026-06-30 08:27:20,046 [DEBUG] STATUS 200
2026-06-30 08:27:20,046 [DEBUG] {
  "clusters": [
    {
      "clusterId": "6a387fc1f9f8584e2262c8f3",
      "clusterName": "testRep",
      "groupId": "6a386221ee19a6537cc68a97",
      "jobId": "6a387fc1f9f8584e2262c8f3",
      "state": "ACTIVE"
    },
    {
      "clusterId": "6a3939acf9f8584e226a56e4",
      "clusterName": "tsetrepRestore",
      "groupId": "6a386221ee19a6537cc68a97",
      "jobId": "6a3939acf9f8584e226a56e4",
      "state": "ACTIVE"
    },
    {
      "clusterId": "6a39559ff9f8584e226bec72",
      "clusterName": "sgcCluster",
      "groupId": "6a386221ee19a6537cc68a97",
      "jobId": "6a39559ff9f8584e226bec72",
      "state": "ACTIVE"
    },
    {
      "clusterId": "6a39582af9f8584e226c2953",
      "clusterName": "tgtCluster",
      "groupId": "6a386221ee19a6537cc68a97",
      "jobId": "6a39582af9f8584e226c2953",
      "state": "ACTIVE"
    }
  ]
}
2026-06-30 08:27:20,047 [DEBUG] API GET http://129.40.36.100:8080/api/public/v1.0/backup/third_party/group/6a386221ee19a6537cc68a97/clusters/6a3939acf9f8584e226a56e4
2026-06-30 08:27:20,173 [DEBUG] STATUS 200
2026-06-30 08:27:20,173 [DEBUG] {
  "replicaSets": [
    {
      "id": "tsetrepRestore",
      "nodes": [
        {
          "dbPath": "/fimongo/data",
          "hidden": false,
          "hostname": "rmdb9",
          "id": "rmdb9:27017",
          "lastAgentPing": "2026-06-30T13:26:24Z",
          "memberState": "SECONDARY",
          "mongodbVersion": "8.0.26",
          "opTime": "2026-06-30T13:26:08Z",
          "oplogStoreType": "thirdPartyOplogStore",
          "port": 27017,
          "priority": 1.0,
          "rsId": "tsetrepRestore",
          "snapshotable": true,
          "votes": 1
        },
        {
          "dbPath": "/fimongo/data",
          "hidden": false,
          "hostname": "rmdb7",
          "id": "rmdb7:27017",
          "lastAgentPing": "2026-06-30T13:26:51Z",
          "memberState": "PRIMARY",
          "mongodbVersion": "8.0.26",
          "opTime": "2026-06-30T13:26:08Z",
          "oplogStoreType": "thirdPartyOplogStore",
          "port": 27017,
          "priority": 1.0,
          "rsId": "tsetrepRestore",
          "snapshotable": true,
          "votes": 1
        },
        {
          "dbPath": "/fimongo/data",
          "hidden": false,
          "hostname": "rmdb8",
          "id": "rmdb8:27017",
          "lastAgentPing": "2026-06-30T13:26:38Z",
          "memberState": "SECONDARY",
          "mongodbVersion": "8.0.26",
          "opTime": "2026-06-30T13:26:08Z",
          "oplogStoreType": "thirdPartyOplogStore",
          "port": 27017,
          "priority": 1.0,
          "rsId": "tsetrepRestore",
          "snapshotable": true,
          "votes": 1
        }
      ],
      "oplogType": "thirdParty"
    }
  ],
  "restoreId": "6a4347538a91cdade8923e11"
}
2026-06-30 08:27:20,174 [INFO] Source replica sets : 1
2026-06-30 08:27:20,174 [INFO] Destination replica sets : 1
2026-06-30 08:27:20,174 [INFO] Cluster topology validation passed
2026-06-30 08:27:20,175 [DEBUG] API GET http://129.40.36.100:8080/api/public/v1.0/backup/third_party/group/6a386221ee19a6537cc68a97/clusters/6a3939acf9f8584e226a56e4
2026-06-30 08:27:20,324 [DEBUG] STATUS 200
2026-06-30 08:27:20,325 [DEBUG] {
  "replicaSets": [
    {
      "id": "tsetrepRestore",
      "nodes": [
        {
          "dbPath": "/fimongo/data",
          "hidden": false,
          "hostname": "rmdb9",
          "id": "rmdb9:27017",
          "lastAgentPing": "2026-06-30T13:26:24Z",
          "memberState": "SECONDARY",
          "mongodbVersion": "8.0.26",
          "opTime": "2026-06-30T13:26:08Z",
          "oplogStoreType": "thirdPartyOplogStore",
          "port": 27017,
          "priority": 1.0,
          "rsId": "tsetrepRestore",
          "snapshotable": true,
          "votes": 1
        },
        {
          "dbPath": "/fimongo/data",
          "hidden": false,
          "hostname": "rmdb7",
          "id": "rmdb7:27017",
          "lastAgentPing": "2026-06-30T13:26:51Z",
          "memberState": "PRIMARY",
          "mongodbVersion": "8.0.26",
          "opTime": "2026-06-30T13:26:08Z",
          "oplogStoreType": "thirdPartyOplogStore",
          "port": 27017,
          "priority": 1.0,
          "rsId": "tsetrepRestore",
          "snapshotable": true,
          "votes": 1
        },
        {
          "dbPath": "/fimongo/data",
          "hidden": false,
          "hostname": "rmdb8",
          "id": "rmdb8:27017",
          "lastAgentPing": "2026-06-30T13:26:38Z",
          "memberState": "SECONDARY",
          "mongodbVersion": "8.0.26",
          "opTime": "2026-06-30T13:26:08Z",
          "oplogStoreType": "thirdPartyOplogStore",
          "port": 27017,
          "priority": 1.0,
          "rsId": "tsetrepRestore",
          "snapshotable": true,
          "votes": 1
        }
      ],
      "oplogType": "thirdParty"
    }
  ],
  "restoreId": "6a4347538a91cdade8923e11"
}
2026-06-30 08:27:20,325 [DEBUG] API POST http://129.40.36.100:8080/api/public/v1.0/backup/third_party/group/6a386221ee19a6537cc68a97/clusters/6a3939acf9f8584e226a56e4/restore
2026-06-30 08:27:20,325 [DEBUG] {
  "snapshotsMetadata": [
    {
      "clusterId": "6a387fc1f9f8584e2262c8f3",
      "clusterName": "testRep",
      "groupId": "6a386221ee19a6537cc68a97",
      "restoreTimestamp": {
        "increment": 1,
        "time": 1782743252
      },
      "rsSnapshotsMetadata": [
        {
          "defaultRWConcern": {
            "defaultReadConcern": {
              "level": "local"
            },
            "defaultReadConcernSource": "implicit",
            "defaultWriteConcern": {
              "w": "majority",
              "wtimeout": 0
            },
            "defaultWriteConcernSource": "implicit",
            "localUpdateWallClockTime": "2026-06-29T14:27:37Z"
          },
          "encryption": false,
          "fcv": "8.0",
          "fileSize": 4218880,
          "incremental": true,
          "isConfigShard": false,
          "keyEncryptionUUID": null,
          "lastOplogApplied": {
            "increment": 1,
            "time": 1782743252
          },
          "member": "REPLICA_SET",
          "mongodbVersion": "8.0.26",
          "oplogStoreType": "thirdPartyOplogStore",
          "rsId": "testRep",
          "shardId": null,
          "snapshotVersion": 1,
          "srcBackupName": null,
          "startupOptions": {},
          "storageEngine": "wiredTiger",
          "thisBackupName": "mdb8.27017.1782743258"
        }
      ],
      "snapshotId": "6a4280b4f9f8584e2237151c",
      "snapshotTimestamp": {
        "increment": 1,
        "time": 1782743252
      }
    }
  ],
  "nodes": [
    {
      "id": "rmdb9:27017",
      "restoreRole": "RESTORE"
    },
    {
      "id": "rmdb7:27017",
      "restoreRole": "RESTORE"
    },
    {
      "id": "rmdb8:27017",
      "restoreRole": "RESTORE"
    }
  ]
}
2026-06-30 08:27:20,448 [DEBUG] STATUS 200
2026-06-30 08:27:20,448 [DEBUG] {
  "clusterMapping": [
    {
      "nodes": [
        {
          "error": null,
          "hostname": "rmdb9",
          "id": "rmdb9:27017",
          "port": 27017,
          "rsId": "tsetrepRestore",
          "state": "INITIAL",
          "stateUpdateTime": null
        },
        {
          "error": null,
          "hostname": "rmdb7",
          "id": "rmdb7:27017",
          "port": 27017,
          "rsId": "tsetrepRestore",
          "state": "INITIAL",
          "stateUpdateTime": null
        },
        {
          "error": null,
          "hostname": "rmdb8",
          "id": "rmdb8:27017",
          "port": 27017,
          "rsId": "tsetrepRestore",
          "state": "INITIAL",
          "stateUpdateTime": null
        }
      ],
      "rsId": "testRep",
      "targetRsId": "tsetrepRestore"
    }
  ],
  "restoreId": "6a43c4378a91cdade8928d3e"
}
2026-06-30 08:27:20,450 [INFO] Restore ID: 6a43c4378a91cdade8928d3e
2026-06-30 08:27:20,450 [DEBUG] API POST http://129.40.36.100:8080/api/public/v1.0/backup/third_party/group/6a386221ee19a6537cc68a97/restore/6a43c4378a91cdade8928d3e/start
2026-06-30 08:27:20,758 [DEBUG] STATUS 200
2026-06-30 08:27:20,758 [DEBUG] {
  "errorCode": "NONE",
  "version": "1",
  "status": "OK"
}
2026-06-30 08:27:20,759 [DEBUG] API GET http://129.40.36.100:8080/api/public/v1.0/backup/third_party/group/6a386221ee19a6537cc68a97/restore/6a43c4378a91cdade8928d3e
2026-06-30 08:27:20,887 [DEBUG] STATUS 200
2026-06-30 08:27:20,887 [DEBUG] {
  "clusterMapping": [
    {
      "rsId": "testRep",
      "targetRsId": "tsetrepRestore"
    }
  ],
  "nodes": [
    {
      "error": null,
      "hostname": "rmdb9",
      "id": "rmdb9:27017",
      "port": 27017,
      "rsId": "tsetrepRestore",
      "state": "PENDING",
      "stateUpdateTime": 1782826039
    },
    {
      "error": null,
      "hostname": "rmdb7",
      "id": "rmdb7:27017",
      "port": 27017,
      "rsId": "tsetrepRestore",
      "state": "PENDING",
      "stateUpdateTime": 1782826039
    },
    {
      "error": null,
      "hostname": "rmdb8",
      "id": "rmdb8:27017",
      "port": 27017,
      "rsId": "tsetrepRestore",
      "state": "PENDING",
      "stateUpdateTime": 1782826039
    }
  ],
  "state": "PENDING"
}
2026-06-30 08:27:20,888 [INFO] Restore state: PENDING
2026-06-30 08:27:30,888 [DEBUG] API GET http://129.40.36.100:8080/api/public/v1.0/backup/third_party/group/6a386221ee19a6537cc68a97/restore/6a43c4378a91cdade8928d3e
2026-06-30 08:27:31,018 [DEBUG] STATUS 200
2026-06-30 08:27:31,019 [DEBUG] {
  "clusterMapping": [
    {
      "rsId": "testRep",
      "targetRsId": "tsetrepRestore"
    }
  ],
  "nodes": [
    {
      "error": null,
      "hostname": "rmdb9",
      "id": "rmdb9:27017",
      "port": 27017,
      "rsId": "tsetrepRestore",
      "state": "PENDING",
      "stateUpdateTime": 1782826039
    },
    {
      "error": null,
      "hostname": "rmdb7",
      "id": "rmdb7:27017",
      "port": 27017,
      "rsId": "tsetrepRestore",
      "state": "PENDING",
      "stateUpdateTime": 1782826039
    },
    {
      "error": null,
      "hostname": "rmdb8",
      "id": "rmdb8:27017",
      "port": 27017,
      "rsId": "tsetrepRestore",
      "state": "PENDING",
      "stateUpdateTime": 1782826039
    }
  ],
  "state": "PENDING"
}
2026-06-30 08:27:31,019 [INFO] Restore state: PENDING
2026-06-30 08:27:41,019 [DEBUG] API GET http://129.40.36.100:8080/api/public/v1.0/backup/third_party/group/6a386221ee19a6537cc68a97/restore/6a43c4378a91cdade8928d3e
2026-06-30 08:27:41,176 [DEBUG] STATUS 200
2026-06-30 08:27:41,177 [DEBUG] {
  "clusterMapping": [
    {
      "rsId": "testRep",
      "targetRsId": "tsetrepRestore"
    }
  ],
  "nodes": [
    {
      "error": null,
      "hostname": "rmdb9",
      "id": "rmdb9:27017",
      "port": 27017,
      "rsId": "tsetrepRestore",
      "state": "PENDING",
      "stateUpdateTime": 1782826039
    },
    {
      "error": null,
      "hostname": "rmdb7",
      "id": "rmdb7:27017",
      "port": 27017,
      "rsId": "tsetrepRestore",
      "state": "PENDING",
      "stateUpdateTime": 1782826039
    },
    {
      "error": null,
      "hostname": "rmdb8",
      "id": "rmdb8:27017",
      "port": 27017,
      "rsId": "tsetrepRestore",
      "state": "PENDING",
      "stateUpdateTime": 1782826039
    }
  ],
  "state": "PENDING"
}
2026-06-30 08:27:41,177 [INFO] Restore state: PENDING
2026-06-30 08:27:51,178 [DEBUG] API GET http://129.40.36.100:8080/api/public/v1.0/backup/third_party/group/6a386221ee19a6537cc68a97/restore/6a43c4378a91cdade8928d3e
2026-06-30 08:27:51,309 [DEBUG] STATUS 200
2026-06-30 08:27:51,309 [DEBUG] {
  "clusterMapping": [
    {
      "rsId": "testRep",
      "targetRsId": "tsetrepRestore"
    }
  ],
  "nodes": [
    {
      "error": null,
      "hostname": "rmdb9",
      "id": "rmdb9:27017",
      "port": 27017,
      "rsId": "tsetrepRestore",
      "state": "PENDING",
      "stateUpdateTime": 1782826039
    },
    {
      "error": null,
      "hostname": "rmdb7",
      "id": "rmdb7:27017",
      "port": 27017,
      "rsId": "tsetrepRestore",
      "state": "PENDING",
      "stateUpdateTime": 1782826039
    },
    {
      "error": null,
      "hostname": "rmdb8",
      "id": "rmdb8:27017",
      "port": 27017,
      "rsId": "tsetrepRestore",
      "state": "PENDING",
      "stateUpdateTime": 1782826039
    }
  ],
  "state": "PENDING"
}
2026-06-30 08:27:51,309 [INFO] Restore state: PENDING
2026-06-30 08:28:01,310 [DEBUG] API GET http://129.40.36.100:8080/api/public/v1.0/backup/third_party/group/6a386221ee19a6537cc68a97/restore/6a43c4378a91cdade8928d3e
2026-06-30 08:28:01,468 [DEBUG] STATUS 200
2026-06-30 08:28:01,468 [DEBUG] {
  "clusterMapping": [
    {
      "rsId": "testRep",
      "targetRsId": "tsetrepRestore"
    }
  ],
  "nodes": [
    {
      "error": null,
      "hostname": "rmdb9",
      "id": "rmdb9:27017",
      "port": 27017,
      "rsId": "tsetrepRestore",
      "state": "SHUTDOWN_IN_PROGRESS",
      "stateUpdateTime": 1782826075
    },
    {
      "error": null,
      "hostname": "rmdb7",
      "id": "rmdb7:27017",
      "port": 27017,
      "rsId": "tsetrepRestore",
      "state": "SHUTDOWN_IN_PROGRESS",
      "stateUpdateTime": 1782826075
    },
    {
      "error": null,
      "hostname": "rmdb8",
      "id": "rmdb8:27017",
      "port": 27017,
      "rsId": "tsetrepRestore",
      "state": "SHUTDOWN_IN_PROGRESS",
      "stateUpdateTime": 1782826075
    }
  ],
  "state": "SHUTDOWN_IN_PROGRESS"
}
2026-06-30 08:28:01,469 [INFO] Restore state: SHUTDOWN_IN_PROGRESS
2026-06-30 08:28:11,469 [DEBUG] API GET http://129.40.36.100:8080/api/public/v1.0/backup/third_party/group/6a386221ee19a6537cc68a97/restore/6a43c4378a91cdade8928d3e
2026-06-30 08:28:11,629 [DEBUG] STATUS 200
2026-06-30 08:28:11,629 [DEBUG] {
  "clusterMapping": [
    {
      "rsId": "testRep",
      "targetRsId": "tsetrepRestore"
    }
  ],
  "nodes": [
    {
      "error": null,
      "hostname": "rmdb9",
      "id": "rmdb9:27017",
      "port": 27017,
      "rsId": "tsetrepRestore",
      "state": "SHUTDOWN_IN_PROGRESS",
      "stateUpdateTime": 1782826075
    },
    {
      "error": null,
      "hostname": "rmdb7",
      "id": "rmdb7:27017",
      "port": 27017,
      "rsId": "tsetrepRestore",
      "state": "SHUTDOWN_IN_PROGRESS",
      "stateUpdateTime": 1782826075
    },
    {
      "error": null,
      "hostname": "rmdb8",
      "id": "rmdb8:27017",
      "port": 27017,
      "rsId": "tsetrepRestore",
      "state": "SHUTDOWN_IN_PROGRESS",
      "stateUpdateTime": 1782826075
    }
  ],
  "state": "SHUTDOWN_IN_PROGRESS"
}
2026-06-30 08:28:11,629 [INFO] Restore state: SHUTDOWN_IN_PROGRESS
2026-06-30 08:28:21,632 [DEBUG] API GET http://129.40.36.100:8080/api/public/v1.0/backup/third_party/group/6a386221ee19a6537cc68a97/restore/6a43c4378a91cdade8928d3e
2026-06-30 08:28:21,817 [DEBUG] STATUS 200
2026-06-30 08:28:21,817 [DEBUG] {
  "clusterMapping": [
    {
      "rsId": "testRep",
      "targetRsId": "tsetrepRestore"
    }
  ],
  "nodes": [
    {
      "error": null,
      "hostname": "rmdb9",
      "id": "rmdb9:27017",
      "port": 27017,
      "rsId": "tsetrepRestore",
      "state": "SHUTDOWN_IN_PROGRESS",
      "stateUpdateTime": 1782826075
    },
    {
      "error": null,
      "hostname": "rmdb7",
      "id": "rmdb7:27017",
      "port": 27017,
      "rsId": "tsetrepRestore",
      "state": "SHUTDOWN_IN_PROGRESS",
      "stateUpdateTime": 1782826075
    },
    {
      "error": null,
      "hostname": "rmdb8",
      "id": "rmdb8:27017",
      "port": 27017,
      "rsId": "tsetrepRestore",
      "state": "SHUTDOWN_IN_PROGRESS",
      "stateUpdateTime": 1782826075
    }
  ],
  "state": "SHUTDOWN_IN_PROGRESS"
}
2026-06-30 08:28:21,817 [INFO] Restore state: SHUTDOWN_IN_PROGRESS
2026-06-30 08:28:31,818 [DEBUG] API GET http://129.40.36.100:8080/api/public/v1.0/backup/third_party/group/6a386221ee19a6537cc68a97/restore/6a43c4378a91cdade8928d3e
2026-06-30 08:28:31,952 [DEBUG] STATUS 200
2026-06-30 08:28:31,952 [DEBUG] {
  "clusterMapping": [
    {
      "rsId": "testRep",
      "targetRsId": "tsetrepRestore"
    }
  ],
  "nodes": [
    {
      "error": null,
      "hostname": "rmdb9",
      "id": "rmdb9:27017",
      "port": 27017,
      "rsId": "tsetrepRestore",
      "state": "SHUTDOWN_IN_PROGRESS",
      "stateUpdateTime": 1782826075
    },
    {
      "error": null,
      "hostname": "rmdb7",
      "id": "rmdb7:27017",
      "port": 27017,
      "rsId": "tsetrepRestore",
      "state": "SHUTDOWN_IN_PROGRESS",
      "stateUpdateTime": 1782826075
    },
    {
      "error": null,
      "hostname": "rmdb8",
      "id": "rmdb8:27017",
      "port": 27017,
      "rsId": "tsetrepRestore",
      "state": "SHUTDOWN_IN_PROGRESS",
      "stateUpdateTime": 1782826075
    }
  ],
  "state": "SHUTDOWN_IN_PROGRESS"
}
2026-06-30 08:28:31,952 [INFO] Restore state: SHUTDOWN_IN_PROGRESS
2026-06-30 08:28:41,953 [DEBUG] API GET http://129.40.36.100:8080/api/public/v1.0/backup/third_party/group/6a386221ee19a6537cc68a97/restore/6a43c4378a91cdade8928d3e
2026-06-30 08:28:42,084 [DEBUG] STATUS 200
2026-06-30 08:28:42,085 [DEBUG] {
  "clusterMapping": [
    {
      "rsId": "testRep",
      "targetRsId": "tsetrepRestore"
    }
  ],
  "nodes": [
    {
      "error": null,
      "hostname": "rmdb9",
      "id": "rmdb9:27017",
      "port": 27017,
      "rsId": "tsetrepRestore",
      "state": "SHUTDOWN_IN_PROGRESS",
      "stateUpdateTime": 1782826075
    },
    {
      "error": null,
      "hostname": "rmdb7",
      "id": "rmdb7:27017",
      "port": 27017,
      "rsId": "tsetrepRestore",
      "state": "SHUTDOWN_IN_PROGRESS",
      "stateUpdateTime": 1782826075
    },
    {
      "error": null,
      "hostname": "rmdb8",
      "id": "rmdb8:27017",
      "port": 27017,
      "rsId": "tsetrepRestore",
      "state": "SHUTDOWN_IN_PROGRESS",
      "stateUpdateTime": 1782826075
    }
  ],
  "state": "SHUTDOWN_IN_PROGRESS"
}
2026-06-30 08:28:42,085 [INFO] Restore state: SHUTDOWN_IN_PROGRESS
2026-06-30 08:28:52,086 [DEBUG] API GET http://129.40.36.100:8080/api/public/v1.0/backup/third_party/group/6a386221ee19a6537cc68a97/restore/6a43c4378a91cdade8928d3e
2026-06-30 08:28:52,218 [DEBUG] STATUS 200
2026-06-30 08:28:52,218 [DEBUG] {
  "clusterMapping": [
    {
      "rsId": "testRep",
      "targetRsId": "tsetrepRestore"
    }
  ],
  "nodes": [
    {
      "error": null,
      "hostname": "rmdb9",
      "id": "rmdb9:27017",
      "port": 27017,
      "rsId": "tsetrepRestore",
      "state": "SHUTDOWN_IN_PROGRESS",
      "stateUpdateTime": 1782826075
    },
    {
      "error": null,
      "hostname": "rmdb7",
      "id": "rmdb7:27017",
      "port": 27017,
      "rsId": "tsetrepRestore",
      "state": "SHUTDOWN_IN_PROGRESS",
      "stateUpdateTime": 1782826075
    },
    {
      "error": null,
      "hostname": "rmdb8",
      "id": "rmdb8:27017",
      "port": 27017,
      "rsId": "tsetrepRestore",
      "state": "SHUTDOWN_IN_PROGRESS",
      "stateUpdateTime": 1782826075
    }
  ],
  "state": "SHUTDOWN_IN_PROGRESS"
}
2026-06-30 08:28:52,219 [INFO] Restore state: SHUTDOWN_IN_PROGRESS
2026-06-30 08:29:02,220 [DEBUG] API GET http://129.40.36.100:8080/api/public/v1.0/backup/third_party/group/6a386221ee19a6537cc68a97/restore/6a43c4378a91cdade8928d3e
2026-06-30 08:29:02,375 [DEBUG] STATUS 200
2026-06-30 08:29:02,375 [DEBUG] {
  "clusterMapping": [
    {
      "rsId": "testRep",
      "targetRsId": "tsetrepRestore"
    }
  ],
  "nodes": [
    {
      "error": null,
      "hostname": "rmdb9",
      "id": "rmdb9:27017",
      "port": 27017,
      "rsId": "tsetrepRestore",
      "state": "COPY_FILES",
      "stateUpdateTime": 1782826136
    },
    {
      "error": null,
      "hostname": "rmdb7",
      "id": "rmdb7:27017",
      "port": 27017,
      "rsId": "tsetrepRestore",
      "state": "COPY_FILES",
      "stateUpdateTime": 1782826140
    },
    {
      "error": null,
      "hostname": "rmdb8",
      "id": "rmdb8:27017",
      "port": 27017,
      "rsId": "tsetrepRestore",
      "state": "SHUTDOWN_IN_PROGRESS",
      "stateUpdateTime": 1782826075
    }
  ],
  "state": "SHUTDOWN_IN_PROGRESS"
}
2026-06-30 08:29:02,376 [INFO] Restore state: SHUTDOWN_IN_PROGRESS
2026-06-30 08:29:12,376 [DEBUG] API GET http://129.40.36.100:8080/api/public/v1.0/backup/third_party/group/6a386221ee19a6537cc68a97/restore/6a43c4378a91cdade8928d3e
2026-06-30 08:29:12,519 [DEBUG] STATUS 200
2026-06-30 08:29:12,519 [DEBUG] {
  "clusterMapping": [
    {
      "rsId": "testRep",
      "targetRsId": "tsetrepRestore"
    }
  ],
  "nodes": [
    {
      "error": null,
      "hostname": "rmdb9",
      "id": "rmdb9:27017",
      "port": 27017,
      "rsId": "tsetrepRestore",
      "state": "COPY_FILES",
      "stateUpdateTime": 1782826136
    },
    {
      "error": null,
      "hostname": "rmdb7",
      "id": "rmdb7:27017",
      "port": 27017,
      "rsId": "tsetrepRestore",
      "state": "COPY_FILES",
      "stateUpdateTime": 1782826140
    },
    {
      "error": null,
      "hostname": "rmdb8",
      "id": "rmdb8:27017",
      "port": 27017,
      "rsId": "tsetrepRestore",
      "state": "COPY_FILES",
      "stateUpdateTime": 1782826142
    }
  ],
  "state": "COPY_FILES"
}
2026-06-30 08:29:12,519 [INFO] Restore state: COPY_FILES
2026-06-30 08:29:12,520 [INFO] Unmounting MongoDB data volumes on all hosts
2026-06-30 08:42:41,044 [INFO] Target nodes unmounted
2026-06-30 08:42:41,045 [INFO] Refreshing target volumes from snapshots
2026-06-30 08:42:54,968 [INFO] Mounting filesystems on target hosts
2026-06-30 08:42:54,969 [INFO] Mounting UUID=74e80e43-bc28-47e8-93f7-7aa89f7364dc on rmdb7 at /fimongo
2026-06-30 08:42:54,969 [INFO] Mounting UUID=74e80e43-bc28-47e8-93f7-7aa89f7364dc on rmdb8 at /fimongo
2026-06-30 08:42:54,970 [INFO] Mounting UUID=74e80e43-bc28-47e8-93f7-7aa89f7364dc on rmdb9 at /fimongo
2026-06-30 08:42:55,112 [WARNING] Mount failed on rmdb8: kex_exchange_identification: read: Connection reset
Connection reset by 129.40.36.90 port 22
2026-06-30 08:42:55,778 [INFO] Mounted successfully on rmdb9
2026-06-30 08:42:55,834 [INFO] Mounted successfully on rmdb7
2026-06-30 08:42:56,588 [INFO] chown mongod:mongod applied on rmdb7 at /fimongo
2026-06-30 08:42:56,590 [INFO] chown mongod:mongod applied on rmdb9 at /fimongo
2026-06-30 08:43:06,591 [INFO] Verifying mounts on target hosts
2026-06-30 08:43:06,738 [WARNING] Mount verification FAILED on rmdb8: /fimongo is not mounted
2026-06-30 08:43:07,401 [INFO] Mount verified on rmdb9: /fimongo
2026-06-30 08:43:07,404 [INFO] Mount verified on rmdb7: /fimongo
