2026-01-08 16:30:41,922 [INFO] Starting Ops Manager snapshot workflow
2026-01-08 16:30:41,922 [DEBUG] API GET http://sb1.cpolab.ibm.com:8080/api/public/v1.0/backup/third_party/group/67eed68e0ba1970a07e16b77/clusters
2026-01-08 16:30:42,121 [DEBUG] STATUS 200
2026-01-08 16:30:42,121 [DEBUG] {
  "clusters": [
    {
      "clusterId": "693ed1793e4bf100f3a694cf",
      "clusterName": "FiServRep",
      "groupId": "67eed68e0ba1970a07e16b77",
      "jobId": "693ed1793e4bf100f3a694cf",
      "state": "ACTIVE"
    },
    {
      "clusterId": "694168133e4bf100f33eda80",
      "clusterName": "md10rep",
      "groupId": "67eed68e0ba1970a07e16b77",
      "jobId": "694168133e4bf100f33eda80",
      "state": "ACTIVE"
    },
    {
      "clusterId": "695154083e4bf100f30af512",
      "clusterName": "sgcCluster",
      "groupId": "67eed68e0ba1970a07e16b77",
      "jobId": "695154083e4bf100f30af512",
      "state": "ACTIVE"
    }
  ]
}
2026-01-08 16:30:42,121 [INFO] Cluster resolved: sgcCluster
2026-01-08 16:30:42,121 [DEBUG] API GET http://sb1.cpolab.ibm.com:8080/api/public/v1.0/backup/third_party/group/67eed68e0ba1970a07e16b77/clusters/695154083e4bf100f30af512
2026-01-08 16:30:42,276 [DEBUG] STATUS 200
2026-01-08 16:30:42,277 [DEBUG] {
  "replicaSets": [
    {
      "id": "sgcShard_0",
      "nodes": [
        {
          "dbPath": "/fimongo1/data",
          "hidden": false,
          "hostname": "mdb1",
          "id": "mdb1:37017",
          "lastAgentPing": "2026-01-08T22:30:18Z",
          "memberState": "PRIMARY",
          "mongodbVersion": "8.0.10",
          "opTime": "2026-01-08T22:30:03Z",
          "oplogPath": "/oplog",
          "oplogStoreType": "thirdPartyOplogStore",
          "port": 37017,
          "priority": 1.0,
          "rsId": "sgcShard_0",
          "snapshotable": true,
          "votes": 1
        },
        {
          "dbPath": "/fimongo1/data",
          "hidden": false,
          "hostname": "mdb8",
          "id": "mdb8:37017",
          "lastAgentPing": "2026-01-08T22:30:14Z",
          "memberState": "SECONDARY",
          "mongodbVersion": "8.0.10",
          "opTime": "2026-01-08T22:29:53Z",
          "oplogPath": "/oplog",
          "oplogStoreType": "thirdPartyOplogStore",
          "port": 37017,
          "priority": 1.0,
          "rsId": "sgcShard_0",
          "snapshotable": true,
          "votes": 1
        },
        {
          "dbPath": "/fimongo1/data",
          "hidden": false,
          "hostname": "mdb3",
          "id": "mdb3:37017",
          "lastAgentPing": "2026-01-08T22:29:48Z",
          "memberState": "SECONDARY",
          "mongodbVersion": "8.0.10",
          "opTime": "2026-01-08T22:29:53Z",
          "oplogPath": "/oplog",
          "oplogStoreType": "thirdPartyOplogStore",
          "port": 37017,
          "priority": 1.0,
          "rsId": "sgcShard_0",
          "snapshotable": true,
          "votes": 1
        }
      ],
      "oplogType": "thirdParty"
    },
    {
      "id": "sgcShard_1",
      "nodes": [
        {
          "dbPath": "/fimongo1/data",
          "hidden": false,
          "hostname": "mdb9",
          "id": "mdb9:37017",
          "lastAgentPing": "2026-01-08T22:30:01Z",
          "memberState": "SECONDARY",
          "mongodbVersion": "8.0.10",
          "opTime": "2026-01-08T22:29:58Z",
          "oplogPath": "/oplog",
          "oplogStoreType": "thirdPartyOplogStore",
          "port": 37017,
          "priority": 1.0,
          "rsId": "sgcShard_1",
          "snapshotable": true,
          "votes": 1
        },
        {
          "dbPath": "/fimongo1/data",
          "hidden": false,
          "hostname": "mdb2",
          "id": "mdb2:37017",
          "lastAgentPing": "2026-01-08T22:30:13Z",
          "memberState": "SECONDARY",
          "mongodbVersion": "8.0.10",
          "opTime": "2026-01-08T22:29:58Z",
          "oplogPath": "/oplog",
          "oplogStoreType": "thirdPartyOplogStore",
          "port": 37017,
          "priority": 1.0,
          "rsId": "sgcShard_1",
          "snapshotable": true,
          "votes": 1
        },
        {
          "dbPath": "/fimongo1/data",
          "hidden": false,
          "hostname": "mdb4",
          "id": "mdb4:37017",
          "lastAgentPing": "2026-01-08T22:29:46Z",
          "memberState": "PRIMARY",
          "mongodbVersion": "8.0.10",
          "opTime": "2026-01-08T22:29:58Z",
          "oplogPath": "/oplog",
          "oplogStoreType": "thirdPartyOplogStore",
          "port": 37017,
          "priority": 1.0,
          "rsId": "sgcShard_1",
          "snapshotable": true,
          "votes": 1
        }
      ],
      "oplogType": "thirdParty"
    },
    {
      "id": "configRS",
      "nodes": [
        {
          "dbPath": "/fimongo1/data",
          "hidden": false,
          "hostname": "mdb-config2",
          "id": "mdb-config2:37017",
          "lastAgentPing": "2026-01-08T22:29:55Z",
          "memberState": "SECONDARY",
          "mongodbVersion": "8.0.10",
          "opTime": "2026-01-08T22:29:59Z",
          "oplogPath": "/oplog",
          "oplogStoreType": "thirdPartyOplogStore",
          "port": 37017,
          "priority": 1.0,
          "rsId": "configRS",
          "snapshotable": true,
          "votes": 1
        },
        {
          "dbPath": "/fimongo1/data",
          "hidden": false,
          "hostname": "mdb-config1",
          "id": "mdb-config1:37017",
          "lastAgentPing": "2026-01-08T22:30:16Z",
          "memberState": "PRIMARY",
          "mongodbVersion": "8.0.10",
          "opTime": "2026-01-08T22:30:00Z",
          "oplogPath": "/oplog",
          "oplogStoreType": "thirdPartyOplogStore",
          "port": 37017,
          "priority": 1.0,
          "rsId": "configRS",
          "snapshotable": true,
          "votes": 1
        },
        {
          "dbPath": "/fimongo1/data",
          "hidden": false,
          "hostname": "mdb7",
          "id": "mdb7:37017",
          "lastAgentPing": "2026-01-08T22:30:34Z",
          "memberState": "SECONDARY",
          "mongodbVersion": "8.0.10",
          "opTime": "2026-01-08T22:29:59Z",
          "oplogPath": "/oplog",
          "oplogStoreType": "thirdPartyOplogStore",
          "port": 37017,
          "priority": 1.0,
          "rsId": "configRS",
          "snapshotable": true,
          "votes": 1
        }
      ],
      "oplogType": "thirdParty"
    }
  ],
  "restoreId": "6953f46d4ad5445e02582116",
  "snapshotId": "695d372c3e4bf100f3c2eebb"
}
2026-01-08 16:30:42,277 [INFO] Selecting snapshot node for replicaSet: sgcShard_0
2026-01-08 16:30:42,277 [INFO] Selected mdb8:37017 for sgcShard_0
2026-01-08 16:30:42,277 [INFO] Selecting snapshot node for replicaSet: sgcShard_1
2026-01-08 16:30:42,277 [INFO] Selected mdb9:37017 for sgcShard_1
2026-01-08 16:30:42,278 [INFO] Selecting snapshot node for replicaSet: configRS
2026-01-08 16:30:42,278 [INFO] Selected mdb-config2:37017 for configRS
2026-01-08 16:30:42,278 [INFO] Snapshot nodes: ['mdb8:37017', 'mdb9:37017', 'mdb-config2:37017']
2026-01-08 16:30:42,278 [DEBUG] API POST http://sb1.cpolab.ibm.com:8080/api/public/v1.0/backup/third_party/group/67eed68e0ba1970a07e16b77/clusters/695154083e4bf100f30af512/snapshot
2026-01-08 16:30:42,278 [DEBUG] {
  "nodeIds": [
    "mdb8:37017",
    "mdb9:37017",
    "mdb-config2:37017"
  ]
}
2026-01-08 16:30:42,412 [DEBUG] STATUS 200
2026-01-08 16:30:42,412 [DEBUG] {
  "snapshotId": "696030123e4bf100f32df676"
}
2026-01-08 16:30:42,413 [INFO] Snapshot ID: 696030123e4bf100f32df676
2026-01-08 16:30:42,413 [DEBUG] API POST http://sb1.cpolab.ibm.com:8080/api/public/v1.0/backup/third_party/group/67eed68e0ba1970a07e16b77/clusters/695154083e4bf100f30af512/snapshot/696030123e4bf100f32df676/start
2026-01-08 16:30:42,537 [DEBUG] STATUS 200
2026-01-08 16:30:42,537 [DEBUG] {
  "errorCode": "NONE",
  "version": "1",
  "status": "OK"
}
2026-01-08 16:30:42,537 [DEBUG] API GET http://sb1.cpolab.ibm.com:8080/api/public/v1.0/backup/third_party/group/67eed68e0ba1970a07e16b77/clusters/695154083e4bf100f30af512/snapshot/696030123e4bf100f32df676
2026-01-08 16:30:42,669 [DEBUG] STATUS 200
2026-01-08 16:30:42,669 [DEBUG] {
  "nodes": [
    {
      "dbPath": "/fimongo1/data",
      "hidden": false,
      "hostname": "mdb8",
      "id": "mdb8:37017",
      "lastAgentPing": "2026-01-08T22:30:14Z",
      "memberState": "SECONDARY",
      "mongodbVersion": "8.0.10",
      "opTime": "2026-01-08T22:29:53Z",
      "oplogPath": "/oplog",
      "oplogStoreType": "thirdPartyOplogStore",
      "port": 37017,
      "priority": 1.0,
      "rsId": "sgcShard_0",
      "snapshotable": true,
      "votes": 1
    },
    {
      "dbPath": "/fimongo1/data",
      "hidden": false,
      "hostname": "mdb-config2",
      "id": "mdb-config2:37017",
      "lastAgentPing": "2026-01-08T22:29:55Z",
      "memberState": "SECONDARY",
      "mongodbVersion": "8.0.10",
      "opTime": "2026-01-08T22:29:59Z",
      "oplogPath": "/oplog",
      "oplogStoreType": "thirdPartyOplogStore",
      "port": 37017,
      "priority": 1.0,
      "rsId": "configRS",
      "snapshotable": true,
      "votes": 1
    },
    {
      "dbPath": "/fimongo1/data",
      "hidden": false,
      "hostname": "mdb9",
      "id": "mdb9:37017",
      "lastAgentPing": "2026-01-08T22:30:01Z",
      "memberState": "SECONDARY",
      "mongodbVersion": "8.0.10",
      "opTime": "2026-01-08T22:29:58Z",
      "oplogPath": "/oplog",
      "oplogStoreType": "thirdPartyOplogStore",
      "port": 37017,
      "priority": 1.0,
      "rsId": "sgcShard_1",
      "snapshotable": true,
      "votes": 1
    }
  ],
  "state": "PENDING"
}
2026-01-08 16:30:42,669 [INFO] Snapshot state: PENDING
2026-01-08 16:30:52,670 [DEBUG] API GET http://sb1.cpolab.ibm.com:8080/api/public/v1.0/backup/third_party/group/67eed68e0ba1970a07e16b77/clusters/695154083e4bf100f30af512/snapshot/696030123e4bf100f32df676
2026-01-08 16:30:52,823 [DEBUG] STATUS 200
2026-01-08 16:30:52,823 [DEBUG] {
  "nodes": [
    {
      "dbPath": "/fimongo1/data",
      "hidden": false,
      "hostname": "mdb8",
      "id": "mdb8:37017",
      "lastAgentPing": "2026-01-08T22:30:14Z",
      "memberState": "SECONDARY",
      "mongodbVersion": "8.0.10",
      "opTime": "2026-01-08T22:29:53Z",
      "oplogPath": "/oplog",
      "oplogStoreType": "thirdPartyOplogStore",
      "port": 37017,
      "priority": 1.0,
      "rsId": "sgcShard_0",
      "snapshotable": true,
      "votes": 1
    },
    {
      "dbPath": "/fimongo1/data",
      "hidden": false,
      "hostname": "mdb-config2",
      "id": "mdb-config2:37017",
      "lastAgentPing": "2026-01-08T22:29:55Z",
      "memberState": "SECONDARY",
      "mongodbVersion": "8.0.10",
      "opTime": "2026-01-08T22:29:59Z",
      "oplogPath": "/oplog",
      "oplogStoreType": "thirdPartyOplogStore",
      "port": 37017,
      "priority": 1.0,
      "rsId": "configRS",
      "snapshotable": true,
      "votes": 1
    },
    {
      "dbPath": "/fimongo1/data",
      "hidden": false,
      "hostname": "mdb9",
      "id": "mdb9:37017",
      "lastAgentPing": "2026-01-08T22:30:01Z",
      "memberState": "SECONDARY",
      "mongodbVersion": "8.0.10",
      "opTime": "2026-01-08T22:29:58Z",
      "oplogPath": "/oplog",
      "oplogStoreType": "thirdPartyOplogStore",
      "port": 37017,
      "priority": 1.0,
      "rsId": "sgcShard_1",
      "snapshotable": true,
      "votes": 1
    }
  ],
  "state": "PENDING"
}
2026-01-08 16:30:52,823 [INFO] Snapshot state: PENDING
2026-01-08 16:31:02,824 [DEBUG] API GET http://sb1.cpolab.ibm.com:8080/api/public/v1.0/backup/third_party/group/67eed68e0ba1970a07e16b77/clusters/695154083e4bf100f30af512/snapshot/696030123e4bf100f32df676
2026-01-08 16:31:02,972 [DEBUG] STATUS 200
2026-01-08 16:31:02,973 [DEBUG] {
  "nodes": [
    {
      "dbPath": "/fimongo1/data",
      "hidden": false,
      "hostname": "mdb8",
      "id": "mdb8:37017",
      "lastAgentPing": "2026-01-08T22:30:14Z",
      "memberState": "SECONDARY",
      "mongodbVersion": "8.0.10",
      "opTime": "2026-01-08T22:29:53Z",
      "oplogPath": "/oplog",
      "oplogStoreType": "thirdPartyOplogStore",
      "port": 37017,
      "priority": 1.0,
      "rsId": "sgcShard_0",
      "snapshotable": true,
      "votes": 1
    },
    {
      "dbPath": "/fimongo1/data",
      "hidden": false,
      "hostname": "mdb-config2",
      "id": "mdb-config2:37017",
      "lastAgentPing": "2026-01-08T22:30:53Z",
      "memberState": "SECONDARY",
      "mongodbVersion": "8.0.10",
      "opTime": "2026-01-08T22:29:59Z",
      "oplogPath": "/oplog",
      "oplogStoreType": "thirdPartyOplogStore",
      "port": 37017,
      "priority": 1.0,
      "rsId": "configRS",
      "snapshotable": true,
      "votes": 1
    },
    {
      "dbPath": "/fimongo1/data",
      "hidden": false,
      "hostname": "mdb9",
      "id": "mdb9:37017",
      "lastAgentPing": "2026-01-08T22:31:00Z",
      "memberState": "SECONDARY",
      "mongodbVersion": "8.0.10",
      "opTime": "2026-01-08T22:29:58Z",
      "oplogPath": "/oplog",
      "oplogStoreType": "thirdPartyOplogStore",
      "port": 37017,
      "priority": 1.0,
      "rsId": "sgcShard_1",
      "snapshotable": true,
      "votes": 1
    }
  ],
  "state": "PENDING"
}
2026-01-08 16:31:02,973 [INFO] Snapshot state: PENDING
2026-01-08 16:31:12,974 [DEBUG] API GET http://sb1.cpolab.ibm.com:8080/api/public/v1.0/backup/third_party/group/67eed68e0ba1970a07e16b77/clusters/695154083e4bf100f30af512/snapshot/696030123e4bf100f32df676
2026-01-08 16:31:13,121 [DEBUG] STATUS 200
2026-01-08 16:31:13,121 [DEBUG] {
  "nodes": [
    {
      "dbPath": "/fimongo1/data",
      "hidden": false,
      "hostname": "mdb8",
      "id": "mdb8:37017",
      "lastAgentPing": "2026-01-08T22:30:14Z",
      "memberState": "SECONDARY",
      "mongodbVersion": "8.0.10",
      "opTime": "2026-01-08T22:29:53Z",
      "oplogPath": "/oplog",
      "oplogStoreType": "thirdPartyOplogStore",
      "port": 37017,
      "priority": 1.0,
      "rsId": "sgcShard_0",
      "snapshotable": true,
      "votes": 1
    },
    {
      "dbPath": "/fimongo1/data",
      "hidden": false,
      "hostname": "mdb-config2",
      "id": "mdb-config2:37017",
      "lastAgentPing": "2026-01-08T22:30:53Z",
      "memberState": "SECONDARY",
      "mongodbVersion": "8.0.10",
      "opTime": "2026-01-08T22:29:59Z",
      "oplogPath": "/oplog",
      "oplogStoreType": "thirdPartyOplogStore",
      "port": 37017,
      "priority": 1.0,
      "rsId": "configRS",
      "snapshotable": true,
      "votes": 1
    },
    {
      "dbPath": "/fimongo1/data",
      "hidden": false,
      "hostname": "mdb9",
      "id": "mdb9:37017",
      "lastAgentPing": "2026-01-08T22:31:00Z",
      "memberState": "SECONDARY",
      "mongodbVersion": "8.0.10",
      "opTime": "2026-01-08T22:29:58Z",
      "oplogPath": "/oplog",
      "oplogStoreType": "thirdPartyOplogStore",
      "port": 37017,
      "priority": 1.0,
      "rsId": "sgcShard_1",
      "snapshotable": true,
      "votes": 1
    }
  ],
  "state": "PENDING"
}
2026-01-08 16:31:13,121 [INFO] Snapshot state: PENDING
2026-01-08 16:31:23,122 [DEBUG] API GET http://sb1.cpolab.ibm.com:8080/api/public/v1.0/backup/third_party/group/67eed68e0ba1970a07e16b77/clusters/695154083e4bf100f30af512/snapshot/696030123e4bf100f32df676
2026-01-08 16:31:23,277 [DEBUG] STATUS 200
2026-01-08 16:31:23,277 [DEBUG] {
  "nodes": [
    {
      "dbPath": "/fimongo1/data",
      "hidden": false,
      "hostname": "mdb8",
      "id": "mdb8:37017",
      "lastAgentPing": "2026-01-08T22:31:15Z",
      "memberState": "SECONDARY",
      "mongodbVersion": "8.0.10",
      "opTime": "2026-01-08T22:29:53Z",
      "oplogPath": "/oplog",
      "oplogStoreType": "thirdPartyOplogStore",
      "port": 37017,
      "priority": 1.0,
      "rsId": "sgcShard_0",
      "snapshotable": true,
      "votes": 1
    },
    {
      "dbPath": "/fimongo1/data",
      "hidden": false,
      "hostname": "mdb-config2",
      "id": "mdb-config2:37017",
      "lastAgentPing": "2026-01-08T22:30:53Z",
      "memberState": "SECONDARY",
      "mongodbVersion": "8.0.10",
      "opTime": "2026-01-08T22:29:59Z",
      "oplogPath": "/oplog",
      "oplogStoreType": "thirdPartyOplogStore",
      "port": 37017,
      "priority": 1.0,
      "rsId": "configRS",
      "snapshotable": true,
      "votes": 1
    },
    {
      "dbPath": "/fimongo1/data",
      "hidden": false,
      "hostname": "mdb9",
      "id": "mdb9:37017",
      "lastAgentPing": "2026-01-08T22:31:00Z",
      "memberState": "SECONDARY",
      "mongodbVersion": "8.0.10",
      "opTime": "2026-01-08T22:29:58Z",
      "oplogPath": "/oplog",
      "oplogStoreType": "thirdPartyOplogStore",
      "port": 37017,
      "priority": 1.0,
      "rsId": "sgcShard_1",
      "snapshotable": true,
      "votes": 1
    }
  ],
  "state": "PENDING"
}
2026-01-08 16:31:23,277 [INFO] Snapshot state: PENDING
2026-01-08 16:31:33,278 [DEBUG] API GET http://sb1.cpolab.ibm.com:8080/api/public/v1.0/backup/third_party/group/67eed68e0ba1970a07e16b77/clusters/695154083e4bf100f30af512/snapshot/696030123e4bf100f32df676
2026-01-08 16:31:33,429 [DEBUG] STATUS 200
2026-01-08 16:31:33,430 [DEBUG] {
  "nodes": [
    {
      "dbPath": "/fimongo1/data",
      "hidden": false,
      "hostname": "mdb8",
      "id": "mdb8:37017",
      "lastAgentPing": "2026-01-08T22:31:15Z",
      "memberState": "SECONDARY",
      "mongodbVersion": "8.0.10",
      "opTime": "2026-01-08T22:29:53Z",
      "oplogPath": "/oplog",
      "oplogStoreType": "thirdPartyOplogStore",
      "port": 37017,
      "priority": 1.0,
      "rsId": "sgcShard_0",
      "snapshotable": true,
      "votes": 1
    },
    {
      "dbPath": "/fimongo1/data",
      "hidden": false,
      "hostname": "mdb-config2",
      "id": "mdb-config2:37017",
      "lastAgentPing": "2026-01-08T22:30:53Z",
      "memberState": "SECONDARY",
      "mongodbVersion": "8.0.10",
      "opTime": "2026-01-08T22:29:59Z",
      "oplogPath": "/oplog",
      "oplogStoreType": "thirdPartyOplogStore",
      "port": 37017,
      "priority": 1.0,
      "rsId": "configRS",
      "snapshotable": true,
      "votes": 1
    },
    {
      "dbPath": "/fimongo1/data",
      "hidden": false,
      "hostname": "mdb9",
      "id": "mdb9:37017",
      "lastAgentPing": "2026-01-08T22:31:00Z",
      "memberState": "SECONDARY",
      "mongodbVersion": "8.0.10",
      "opTime": "2026-01-08T22:29:58Z",
      "oplogPath": "/oplog",
      "oplogStoreType": "thirdPartyOplogStore",
      "port": 37017,
      "priority": 1.0,
      "rsId": "sgcShard_1",
      "snapshotable": true,
      "votes": 1
    }
  ],
  "state": "PENDING"
}
2026-01-08 16:31:33,430 [INFO] Snapshot state: PENDING
2026-01-08 16:31:43,430 [DEBUG] API GET http://sb1.cpolab.ibm.com:8080/api/public/v1.0/backup/third_party/group/67eed68e0ba1970a07e16b77/clusters/695154083e4bf100f30af512/snapshot/696030123e4bf100f32df676
2026-01-08 16:31:43,641 [DEBUG] STATUS 200
2026-01-08 16:31:43,641 [DEBUG] {
  "nodes": [
    {
      "dbPath": "/fimongo1/data",
      "hidden": false,
      "hostname": "mdb8",
      "id": "mdb8:37017",
      "lastAgentPing": "2026-01-08T22:31:15Z",
      "memberState": "SECONDARY",
      "mongodbVersion": "8.0.10",
      "opTime": "2026-01-08T22:29:53Z",
      "oplogPath": "/oplog",
      "oplogStoreType": "thirdPartyOplogStore",
      "port": 37017,
      "priority": 1.0,
      "rsId": "sgcShard_0",
      "snapshotable": true,
      "votes": 1
    },
    {
      "dbPath": "/fimongo1/data",
      "hidden": false,
      "hostname": "mdb-config2",
      "id": "mdb-config2:37017",
      "lastAgentPing": "2026-01-08T22:30:53Z",
      "memberState": "SECONDARY",
      "mongodbVersion": "8.0.10",
      "opTime": "2026-01-08T22:29:59Z",
      "oplogPath": "/oplog",
      "oplogStoreType": "thirdPartyOplogStore",
      "port": 37017,
      "priority": 1.0,
      "rsId": "configRS",
      "snapshotable": true,
      "votes": 1
    },
    {
      "dbPath": "/fimongo1/data",
      "hidden": false,
      "hostname": "mdb9",
      "id": "mdb9:37017",
      "lastAgentPing": "2026-01-08T22:31:00Z",
      "memberState": "SECONDARY",
      "mongodbVersion": "8.0.10",
      "opTime": "2026-01-08T22:29:58Z",
      "oplogPath": "/oplog",
      "oplogStoreType": "thirdPartyOplogStore",
      "port": 37017,
      "priority": 1.0,
      "rsId": "sgcShard_1",
      "snapshotable": true,
      "votes": 1
    }
  ],
  "state": "PENDING"
}
2026-01-08 16:31:43,641 [INFO] Snapshot state: PENDING
2026-01-08 16:31:53,642 [DEBUG] API GET http://sb1.cpolab.ibm.com:8080/api/public/v1.0/backup/third_party/group/67eed68e0ba1970a07e16b77/clusters/695154083e4bf100f30af512/snapshot/696030123e4bf100f32df676
2026-01-08 16:31:53,791 [DEBUG] STATUS 200
2026-01-08 16:31:53,791 [DEBUG] {
  "nodes": [
    {
      "dbPath": "/fimongo1/data",
      "hidden": false,
      "hostname": "mdb8",
      "id": "mdb8:37017",
      "lastAgentPing": "2026-01-08T22:31:15Z",
      "memberState": "SECONDARY",
      "mongodbVersion": "8.0.10",
      "opTime": "2026-01-08T22:29:53Z",
      "oplogPath": "/oplog",
      "oplogStoreType": "thirdPartyOplogStore",
      "port": 37017,
      "priority": 1.0,
      "rsId": "sgcShard_0",
      "snapshotable": true,
      "votes": 1
    },
    {
      "dbPath": "/fimongo1/data",
      "hidden": false,
      "hostname": "mdb-config2",
      "id": "mdb-config2:37017",
      "lastAgentPing": "2026-01-08T22:31:50Z",
      "memberState": "SECONDARY",
      "mongodbVersion": "8.0.10",
      "opTime": "2026-01-08T22:29:59Z",
      "oplogPath": "/oplog",
      "oplogStoreType": "thirdPartyOplogStore",
      "port": 37017,
      "priority": 1.0,
      "rsId": "configRS",
      "snapshotable": true,
      "votes": 1
    },
    {
      "dbPath": "/fimongo1/data",
      "hidden": false,
      "hostname": "mdb9",
      "id": "mdb9:37017",
      "lastAgentPing": "2026-01-08T22:31:00Z",
      "memberState": "SECONDARY",
      "mongodbVersion": "8.0.10",
      "opTime": "2026-01-08T22:29:58Z",
      "oplogPath": "/oplog",
      "oplogStoreType": "thirdPartyOplogStore",
      "port": 37017,
      "priority": 1.0,
      "rsId": "sgcShard_1",
      "snapshotable": true,
      "votes": 1
    }
  ],
  "state": "PENDING"
}
2026-01-08 16:31:53,791 [INFO] Snapshot state: PENDING
2026-01-08 16:32:03,791 [DEBUG] API GET http://sb1.cpolab.ibm.com:8080/api/public/v1.0/backup/third_party/group/67eed68e0ba1970a07e16b77/clusters/695154083e4bf100f30af512/snapshot/696030123e4bf100f32df676
2026-01-08 16:32:03,939 [DEBUG] STATUS 200
2026-01-08 16:32:03,939 [DEBUG] {
  "nodes": [
    {
      "dbPath": "/fimongo1/data",
      "hidden": false,
      "hostname": "mdb8",
      "id": "mdb8:37017",
      "lastAgentPing": "2026-01-08T22:31:15Z",
      "memberState": "SECONDARY",
      "mongodbVersion": "8.0.10",
      "opTime": "2026-01-08T22:29:53Z",
      "oplogPath": "/oplog",
      "oplogStoreType": "thirdPartyOplogStore",
      "port": 37017,
      "priority": 1.0,
      "rsId": "sgcShard_0",
      "snapshotable": true,
      "votes": 1
    },
    {
      "dbPath": "/fimongo1/data",
      "hidden": false,
      "hostname": "mdb-config2",
      "id": "mdb-config2:37017",
      "lastAgentPing": "2026-01-08T22:31:50Z",
      "memberState": "SECONDARY",
      "mongodbVersion": "8.0.10",
      "opTime": "2026-01-08T22:29:59Z",
      "oplogPath": "/oplog",
      "oplogStoreType": "thirdPartyOplogStore",
      "port": 37017,
      "priority": 1.0,
      "rsId": "configRS",
      "snapshotable": true,
      "votes": 1
    },
    {
      "dbPath": "/fimongo1/data",
      "hidden": false,
      "hostname": "mdb9",
      "id": "mdb9:37017",
      "lastAgentPing": "2026-01-08T22:31:57Z",
      "memberState": "SECONDARY",
      "mongodbVersion": "8.0.10",
      "opTime": "2026-01-08T22:29:58Z",
      "oplogPath": "/oplog",
      "oplogStoreType": "thirdPartyOplogStore",
      "port": 37017,
      "priority": 1.0,
      "rsId": "sgcShard_1",
      "snapshotable": true,
      "votes": 1
    }
  ],
  "state": "PENDING"
}
2026-01-08 16:32:03,939 [INFO] Snapshot state: PENDING
2026-01-08 16:32:13,940 [DEBUG] API GET http://sb1.cpolab.ibm.com:8080/api/public/v1.0/backup/third_party/group/67eed68e0ba1970a07e16b77/clusters/695154083e4bf100f30af512/snapshot/696030123e4bf100f32df676
2026-01-08 16:32:14,087 [DEBUG] STATUS 200
2026-01-08 16:32:14,088 [DEBUG] {
  "nodes": [
    {
      "dbPath": "/fimongo1/data",
      "hidden": false,
      "hostname": "mdb8",
      "id": "mdb8:37017",
      "lastAgentPing": "2026-01-08T22:31:15Z",
      "memberState": "SECONDARY",
      "mongodbVersion": "8.0.10",
      "opTime": "2026-01-08T22:29:53Z",
      "oplogPath": "/oplog",
      "oplogStoreType": "thirdPartyOplogStore",
      "port": 37017,
      "priority": 1.0,
      "rsId": "sgcShard_0",
      "snapshotable": true,
      "votes": 1
    },
    {
      "dbPath": "/fimongo1/data",
      "hidden": false,
      "hostname": "mdb-config2",
      "id": "mdb-config2:37017",
      "lastAgentPing": "2026-01-08T22:31:50Z",
      "memberState": "SECONDARY",
      "mongodbVersion": "8.0.10",
      "opTime": "2026-01-08T22:29:59Z",
      "oplogPath": "/oplog",
      "oplogStoreType": "thirdPartyOplogStore",
      "port": 37017,
      "priority": 1.0,
      "rsId": "configRS",
      "snapshotable": true,
      "votes": 1
    },
    {
      "dbPath": "/fimongo1/data",
      "hidden": false,
      "hostname": "mdb9",
      "id": "mdb9:37017",
      "lastAgentPing": "2026-01-08T22:31:57Z",
      "memberState": "SECONDARY",
      "mongodbVersion": "8.0.10",
      "opTime": "2026-01-08T22:29:58Z",
      "oplogPath": "/oplog",
      "oplogStoreType": "thirdPartyOplogStore",
      "port": 37017,
      "priority": 1.0,
      "rsId": "sgcShard_1",
      "snapshotable": true,
      "votes": 1
    }
  ],
  "state": "PENDING"
}
2026-01-08 16:32:14,088 [INFO] Snapshot state: PENDING
2026-01-08 16:32:24,088 [DEBUG] API GET http://sb1.cpolab.ibm.com:8080/api/public/v1.0/backup/third_party/group/67eed68e0ba1970a07e16b77/clusters/695154083e4bf100f30af512/snapshot/696030123e4bf100f32df676
2026-01-08 16:32:24,235 [DEBUG] STATUS 200
2026-01-08 16:32:24,235 [DEBUG] {
  "nodes": [
    {
      "dbPath": "/fimongo1/data",
      "hidden": false,
      "hostname": "mdb8",
      "id": "mdb8:37017",
      "lastAgentPing": "2026-01-08T22:32:15Z",
      "memberState": "SECONDARY",
      "mongodbVersion": "8.0.10",
      "opTime": "2026-01-08T22:29:53Z",
      "oplogPath": "/oplog",
      "oplogStoreType": "thirdPartyOplogStore",
      "port": 37017,
      "priority": 1.0,
      "rsId": "sgcShard_0",
      "snapshotable": true,
      "votes": 1
    },
    {
      "dbPath": "/fimongo1/data",
      "hidden": false,
      "hostname": "mdb-config2",
      "id": "mdb-config2:37017",
      "lastAgentPing": "2026-01-08T22:31:50Z",
      "memberState": "SECONDARY",
      "mongodbVersion": "8.0.10",
      "opTime": "2026-01-08T22:29:59Z",
      "oplogPath": "/oplog",
      "oplogStoreType": "thirdPartyOplogStore",
      "port": 37017,
      "priority": 1.0,
      "rsId": "configRS",
      "snapshotable": true,
      "votes": 1
    },
    {
      "dbPath": "/fimongo1/data",
      "hidden": false,
      "hostname": "mdb9",
      "id": "mdb9:37017",
      "lastAgentPing": "2026-01-08T22:31:57Z",
      "memberState": "SECONDARY",
      "mongodbVersion": "8.0.10",
      "opTime": "2026-01-08T22:29:58Z",
      "oplogPath": "/oplog",
      "oplogStoreType": "thirdPartyOplogStore",
      "port": 37017,
      "priority": 1.0,
      "rsId": "sgcShard_1",
      "snapshotable": true,
      "votes": 1
    }
  ],
  "state": "PENDING"
}
2026-01-08 16:32:24,236 [INFO] Snapshot state: PENDING
2026-01-08 16:32:34,237 [DEBUG] API GET http://sb1.cpolab.ibm.com:8080/api/public/v1.0/backup/third_party/group/67eed68e0ba1970a07e16b77/clusters/695154083e4bf100f30af512/snapshot/696030123e4bf100f32df676
2026-01-08 16:32:34,383 [DEBUG] STATUS 200
2026-01-08 16:32:34,384 [DEBUG] {
  "nodes": [
    {
      "dbPath": "/fimongo1/data",
      "hidden": false,
      "hostname": "mdb8",
      "id": "mdb8:37017",
      "lastAgentPing": "2026-01-08T22:32:15Z",
      "memberState": "SECONDARY",
      "mongodbVersion": "8.0.10",
      "opTime": "2026-01-08T22:29:53Z",
      "oplogPath": "/oplog",
      "oplogStoreType": "thirdPartyOplogStore",
      "port": 37017,
      "priority": 1.0,
      "rsId": "sgcShard_0",
      "snapshotable": true,
      "votes": 1
    },
    {
      "dbPath": "/fimongo1/data",
      "hidden": false,
      "hostname": "mdb-config2",
      "id": "mdb-config2:37017",
      "lastAgentPing": "2026-01-08T22:31:50Z",
      "memberState": "SECONDARY",
      "mongodbVersion": "8.0.10",
      "opTime": "2026-01-08T22:29:59Z",
      "oplogPath": "/oplog",
      "oplogStoreType": "thirdPartyOplogStore",
      "port": 37017,
      "priority": 1.0,
      "rsId": "configRS",
      "snapshotable": true,
      "votes": 1
    },
    {
      "dbPath": "/fimongo1/data",
      "hidden": false,
      "hostname": "mdb9",
      "id": "mdb9:37017",
      "lastAgentPing": "2026-01-08T22:31:57Z",
      "memberState": "SECONDARY",
      "mongodbVersion": "8.0.10",
      "opTime": "2026-01-08T22:29:58Z",
      "oplogPath": "/oplog",
      "oplogStoreType": "thirdPartyOplogStore",
      "port": 37017,
      "priority": 1.0,
      "rsId": "sgcShard_1",
      "snapshotable": true,
      "votes": 1
    }
  ],
  "state": "PENDING"
}
2026-01-08 16:32:34,384 [INFO] Snapshot state: PENDING
2026-01-08 16:32:44,384 [DEBUG] API GET http://sb1.cpolab.ibm.com:8080/api/public/v1.0/backup/third_party/group/67eed68e0ba1970a07e16b77/clusters/695154083e4bf100f30af512/snapshot/696030123e4bf100f32df676
2026-01-08 16:32:44,588 [DEBUG] STATUS 200
2026-01-08 16:32:44,589 [DEBUG] {
  "nodes": [
    {
      "dbPath": "/fimongo1/data",
      "hidden": false,
      "hostname": "mdb8",
      "id": "mdb8:37017",
      "lastAgentPing": "2026-01-08T22:32:15Z",
      "memberState": "SECONDARY",
      "mongodbVersion": "8.0.10",
      "opTime": "2026-01-08T22:29:53Z",
      "oplogPath": "/oplog",
      "oplogStoreType": "thirdPartyOplogStore",
      "port": 37017,
      "priority": 1.0,
      "rsId": "sgcShard_0",
      "snapshotable": true,
      "votes": 1
    },
    {
      "dbPath": "/fimongo1/data",
      "hidden": false,
      "hostname": "mdb-config2",
      "id": "mdb-config2:37017",
      "lastAgentPing": "2026-01-08T22:31:50Z",
      "memberState": "SECONDARY",
      "mongodbVersion": "8.0.10",
      "opTime": "2026-01-08T22:29:59Z",
      "oplogPath": "/oplog",
      "oplogStoreType": "thirdPartyOplogStore",
      "port": 37017,
      "priority": 1.0,
      "rsId": "configRS",
      "snapshotable": true,
      "votes": 1
    },
    {
      "dbPath": "/fimongo1/data",
      "hidden": false,
      "hostname": "mdb9",
      "id": "mdb9:37017",
      "lastAgentPing": "2026-01-08T22:31:57Z",
      "memberState": "SECONDARY",
      "mongodbVersion": "8.0.10",
      "opTime": "2026-01-08T22:29:58Z",
      "oplogPath": "/oplog",
      "oplogStoreType": "thirdPartyOplogStore",
      "port": 37017,
      "priority": 1.0,
      "rsId": "sgcShard_1",
      "snapshotable": true,
      "votes": 1
    }
  ],
  "state": "PENDING"
}
2026-01-08 16:32:44,589 [INFO] Snapshot state: PENDING
2026-01-08 16:32:54,590 [DEBUG] API GET http://sb1.cpolab.ibm.com:8080/api/public/v1.0/backup/third_party/group/67eed68e0ba1970a07e16b77/clusters/695154083e4bf100f30af512/snapshot/696030123e4bf100f32df676
2026-01-08 16:32:54,741 [DEBUG] STATUS 200
2026-01-08 16:32:54,741 [DEBUG] {
  "nodes": [
    {
      "dbPath": "/fimongo1/data",
      "hidden": false,
      "hostname": "mdb8",
      "id": "mdb8:37017",
      "lastAgentPing": "2026-01-08T22:32:15Z",
      "memberState": "SECONDARY",
      "mongodbVersion": "8.0.10",
      "opTime": "2026-01-08T22:29:53Z",
      "oplogPath": "/oplog",
      "oplogStoreType": "thirdPartyOplogStore",
      "port": 37017,
      "priority": 1.0,
      "rsId": "sgcShard_0",
      "snapshotable": true,
      "votes": 1
    },
    {
      "dbPath": "/fimongo1/data",
      "hidden": false,
      "hostname": "mdb-config2",
      "id": "mdb-config2:37017",
      "lastAgentPing": "2026-01-08T22:32:48Z",
      "memberState": "SECONDARY",
      "mongodbVersion": "8.0.10",
      "opTime": "2026-01-08T22:29:59Z",
      "oplogPath": "/oplog",
      "oplogStoreType": "thirdPartyOplogStore",
      "port": 37017,
      "priority": 1.0,
      "rsId": "configRS",
      "snapshotable": true,
      "votes": 1
    },
    {
      "dbPath": "/fimongo1/data",
      "hidden": false,
      "hostname": "mdb9",
      "id": "mdb9:37017",
      "lastAgentPing": "2026-01-08T22:31:57Z",
      "memberState": "SECONDARY",
      "mongodbVersion": "8.0.10",
      "opTime": "2026-01-08T22:29:58Z",
      "oplogPath": "/oplog",
      "oplogStoreType": "thirdPartyOplogStore",
      "port": 37017,
      "priority": 1.0,
      "rsId": "sgcShard_1",
      "snapshotable": true,
      "votes": 1
    }
  ],
  "state": "PENDING"
}
2026-01-08 16:32:54,741 [INFO] Snapshot state: PENDING
2026-01-08 16:33:04,742 [DEBUG] API GET http://sb1.cpolab.ibm.com:8080/api/public/v1.0/backup/third_party/group/67eed68e0ba1970a07e16b77/clusters/695154083e4bf100f30af512/snapshot/696030123e4bf100f32df676
2026-01-08 16:33:04,890 [DEBUG] STATUS 200
2026-01-08 16:33:04,890 [DEBUG] {
  "nodes": [
    {
      "dbPath": "/fimongo1/data",
      "hidden": false,
      "hostname": "mdb8",
      "id": "mdb8:37017",
      "lastAgentPing": "2026-01-08T22:32:15Z",
      "memberState": "SECONDARY",
      "mongodbVersion": "8.0.10",
      "opTime": "2026-01-08T22:29:53Z",
      "oplogPath": "/oplog",
      "oplogStoreType": "thirdPartyOplogStore",
      "port": 37017,
      "priority": 1.0,
      "rsId": "sgcShard_0",
      "snapshotable": true,
      "votes": 1
    },
    {
      "dbPath": "/fimongo1/data",
      "hidden": false,
      "hostname": "mdb-config2",
      "id": "mdb-config2:37017",
      "lastAgentPing": "2026-01-08T22:32:48Z",
      "memberState": "SECONDARY",
      "mongodbVersion": "8.0.10",
      "opTime": "2026-01-08T22:29:59Z",
      "oplogPath": "/oplog",
      "oplogStoreType": "thirdPartyOplogStore",
      "port": 37017,
      "priority": 1.0,
      "rsId": "configRS",
      "snapshotable": true,
      "votes": 1
    },
    {
      "dbPath": "/fimongo1/data",
      "hidden": false,
      "hostname": "mdb9",
      "id": "mdb9:37017",
      "lastAgentPing": "2026-01-08T22:32:59Z",
      "memberState": "SECONDARY",
      "mongodbVersion": "8.0.10",
      "opTime": "2026-01-08T22:29:58Z",
      "oplogPath": "/oplog",
      "oplogStoreType": "thirdPartyOplogStore",
      "port": 37017,
      "priority": 1.0,
      "rsId": "sgcShard_1",
      "snapshotable": true,
      "votes": 1
    }
  ],
  "state": "PENDING"
}
2026-01-08 16:33:04,891 [INFO] Snapshot state: PENDING
2026-01-08 16:33:14,891 [DEBUG] API GET http://sb1.cpolab.ibm.com:8080/api/public/v1.0/backup/third_party/group/67eed68e0ba1970a07e16b77/clusters/695154083e4bf100f30af512/snapshot/696030123e4bf100f32df676
2026-01-08 16:33:15,041 [DEBUG] STATUS 200
2026-01-08 16:33:15,041 [DEBUG] {
  "nodes": [
    {
      "dbPath": "/fimongo1/data",
      "hidden": false,
      "hostname": "mdb8",
      "id": "mdb8:37017",
      "lastAgentPing": "2026-01-08T22:32:15Z",
      "memberState": "SECONDARY",
      "mongodbVersion": "8.0.10",
      "opTime": "2026-01-08T22:29:53Z",
      "oplogPath": "/oplog",
      "oplogStoreType": "thirdPartyOplogStore",
      "port": 37017,
      "priority": 1.0,
      "rsId": "sgcShard_0",
      "snapshotable": true,
      "votes": 1
    },
    {
      "dbPath": "/fimongo1/data",
      "hidden": false,
      "hostname": "mdb-config2",
      "id": "mdb-config2:37017",
      "lastAgentPing": "2026-01-08T22:32:48Z",
      "memberState": "SECONDARY",
      "mongodbVersion": "8.0.10",
      "opTime": "2026-01-08T22:29:59Z",
      "oplogPath": "/oplog",
      "oplogStoreType": "thirdPartyOplogStore",
      "port": 37017,
      "priority": 1.0,
      "rsId": "configRS",
      "snapshotable": true,
      "votes": 1
    },
    {
      "dbPath": "/fimongo1/data",
      "hidden": false,
      "hostname": "mdb9",
      "id": "mdb9:37017",
      "lastAgentPing": "2026-01-08T22:32:59Z",
      "memberState": "SECONDARY",
      "mongodbVersion": "8.0.10",
      "opTime": "2026-01-08T22:29:58Z",
      "oplogPath": "/oplog",
      "oplogStoreType": "thirdPartyOplogStore",
      "port": 37017,
      "priority": 1.0,
      "rsId": "sgcShard_1",
      "snapshotable": true,
      "votes": 1
    }
  ],
  "state": "PENDING"
}
2026-01-08 16:33:15,041 [INFO] Snapshot state: PENDING
2026-01-08 16:33:25,042 [DEBUG] API GET http://sb1.cpolab.ibm.com:8080/api/public/v1.0/backup/third_party/group/67eed68e0ba1970a07e16b77/clusters/695154083e4bf100f30af512/snapshot/696030123e4bf100f32df676
2026-01-08 16:33:25,203 [DEBUG] STATUS 200
2026-01-08 16:33:25,203 [DEBUG] {
  "nodes": [
    {
      "dbPath": "/fimongo1/data",
      "hidden": false,
      "hostname": "mdb8",
      "id": "mdb8:37017",
      "lastAgentPing": "2026-01-08T22:33:16Z",
      "memberState": "SECONDARY",
      "mongodbVersion": "8.0.10",
      "opTime": "2026-01-08T22:29:53Z",
      "oplogPath": "/oplog",
      "oplogStoreType": "thirdPartyOplogStore",
      "port": 37017,
      "priority": 1.0,
      "rsId": "sgcShard_0",
      "snapshotable": true,
      "votes": 1
    },
    {
      "dbPath": "/fimongo1/data",
      "hidden": false,
      "hostname": "mdb-config2",
      "id": "mdb-config2:37017",
      "lastAgentPing": "2026-01-08T22:32:48Z",
      "memberState": "SECONDARY",
      "mongodbVersion": "8.0.10",
      "opTime": "2026-01-08T22:29:59Z",
      "oplogPath": "/oplog",
      "oplogStoreType": "thirdPartyOplogStore",
      "port": 37017,
      "priority": 1.0,
      "rsId": "configRS",
      "snapshotable": true,
      "votes": 1
    },
    {
      "dbPath": "/fimongo1/data",
      "hidden": false,
      "hostname": "mdb9",
      "id": "mdb9:37017",
      "lastAgentPing": "2026-01-08T22:32:59Z",
      "memberState": "SECONDARY",
      "mongodbVersion": "8.0.10",
      "opTime": "2026-01-08T22:29:58Z",
      "oplogPath": "/oplog",
      "oplogStoreType": "thirdPartyOplogStore",
      "port": 37017,
      "priority": 1.0,
      "rsId": "sgcShard_1",
      "snapshotable": true,
      "votes": 1
    }
  ],
  "state": "PENDING"
}
2026-01-08 16:33:25,203 [INFO] Snapshot state: PENDING
2026-01-08 16:33:35,204 [DEBUG] API GET http://sb1.cpolab.ibm.com:8080/api/public/v1.0/backup/third_party/group/67eed68e0ba1970a07e16b77/clusters/695154083e4bf100f30af512/snapshot/696030123e4bf100f32df676
2026-01-08 16:33:35,356 [DEBUG] STATUS 200
2026-01-08 16:33:35,356 [DEBUG] {
  "nodes": [
    {
      "dbPath": "/fimongo1/data",
      "hidden": false,
      "hostname": "mdb8",
      "id": "mdb8:37017",
      "lastAgentPing": "2026-01-08T22:33:16Z",
      "memberState": "SECONDARY",
      "mongodbVersion": "8.0.10",
      "opTime": "2026-01-08T22:29:53Z",
      "oplogPath": "/oplog",
      "oplogStoreType": "thirdPartyOplogStore",
      "port": 37017,
      "priority": 1.0,
      "rsId": "sgcShard_0",
      "snapshotable": true,
      "votes": 1
    },
    {
      "dbPath": "/fimongo1/data",
      "hidden": false,
      "hostname": "mdb-config2",
      "id": "mdb-config2:37017",
      "lastAgentPing": "2026-01-08T22:32:48Z",
      "memberState": "SECONDARY",
      "mongodbVersion": "8.0.10",
      "opTime": "2026-01-08T22:29:59Z",
      "oplogPath": "/oplog",
      "oplogStoreType": "thirdPartyOplogStore",
      "port": 37017,
      "priority": 1.0,
      "rsId": "configRS",
      "snapshotable": true,
      "votes": 1
    },
    {
      "dbPath": "/fimongo1/data",
      "hidden": false,
      "hostname": "mdb9",
      "id": "mdb9:37017",
      "lastAgentPing": "2026-01-08T22:32:59Z",
      "memberState": "SECONDARY",
      "mongodbVersion": "8.0.10",
      "opTime": "2026-01-08T22:29:58Z",
      "oplogPath": "/oplog",
      "oplogStoreType": "thirdPartyOplogStore",
      "port": 37017,
      "priority": 1.0,
      "rsId": "sgcShard_1",
      "snapshotable": true,
      "votes": 1
    }
  ],
  "state": "PENDING"
}
2026-01-08 16:33:35,356 [INFO] Snapshot state: PENDING
2026-01-08 16:33:45,357 [DEBUG] API GET http://sb1.cpolab.ibm.com:8080/api/public/v1.0/backup/third_party/group/67eed68e0ba1970a07e16b77/clusters/695154083e4bf100f30af512/snapshot/696030123e4bf100f32df676
2026-01-08 16:33:45,561 [DEBUG] STATUS 200
2026-01-08 16:33:45,562 [DEBUG] {
  "nodes": [
    {
      "dbPath": "/fimongo1/data",
      "hidden": false,
      "hostname": "mdb8",
      "id": "mdb8:37017",
      "lastAgentPing": "2026-01-08T22:33:16Z",
      "memberState": "SECONDARY",
      "mongodbVersion": "8.0.10",
      "opTime": "2026-01-08T22:29:53Z",
      "oplogPath": "/oplog",
      "oplogStoreType": "thirdPartyOplogStore",
      "port": 37017,
      "priority": 1.0,
      "rsId": "sgcShard_0",
      "snapshotable": true,
      "votes": 1
    },
    {
      "dbPath": "/fimongo1/data",
      "hidden": false,
      "hostname": "mdb-config2",
      "id": "mdb-config2:37017",
      "lastAgentPing": "2026-01-08T22:33:45Z",
      "memberState": "SECONDARY",
      "mongodbVersion": "8.0.10",
      "opTime": "2026-01-08T22:29:59Z",
      "oplogPath": "/oplog",
      "oplogStoreType": "thirdPartyOplogStore",
      "port": 37017,
      "priority": 1.0,
      "rsId": "configRS",
      "snapshotable": true,
      "votes": 1
    },
    {
      "dbPath": "/fimongo1/data",
      "hidden": false,
      "hostname": "mdb9",
      "id": "mdb9:37017",
      "lastAgentPing": "2026-01-08T22:32:59Z",
      "memberState": "SECONDARY",
      "mongodbVersion": "8.0.10",
      "opTime": "2026-01-08T22:29:58Z",
      "oplogPath": "/oplog",
      "oplogStoreType": "thirdPartyOplogStore",
      "port": 37017,
      "priority": 1.0,
      "rsId": "sgcShard_1",
      "snapshotable": true,
      "votes": 1
    }
  ],
  "state": "PENDING"
}
2026-01-08 16:33:45,562 [INFO] Snapshot state: PENDING
2026-01-08 16:33:55,562 [DEBUG] API GET http://sb1.cpolab.ibm.com:8080/api/public/v1.0/backup/third_party/group/67eed68e0ba1970a07e16b77/clusters/695154083e4bf100f30af512/snapshot/696030123e4bf100f32df676
2026-01-08 16:33:55,709 [DEBUG] STATUS 200
2026-01-08 16:33:55,709 [DEBUG] {
  "nodes": [
    {
      "dbPath": "/fimongo1/data",
      "hidden": false,
      "hostname": "mdb8",
      "id": "mdb8:37017",
      "lastAgentPing": "2026-01-08T22:33:16Z",
      "memberState": "SECONDARY",
      "mongodbVersion": "8.0.10",
      "opTime": "2026-01-08T22:33:43Z",
      "oplogPath": "/oplog",
      "oplogStoreType": "thirdPartyOplogStore",
      "port": 37017,
      "priority": 1.0,
      "rsId": "sgcShard_0",
      "snapshotable": true,
      "votes": 1
    },
    {
      "dbPath": "/fimongo1/data",
      "hidden": false,
      "hostname": "mdb-config2",
      "id": "mdb-config2:37017",
      "lastAgentPing": "2026-01-08T22:33:45Z",
      "memberState": "SECONDARY",
      "mongodbVersion": "8.0.10",
      "opTime": "2026-01-08T22:33:47Z",
      "oplogPath": "/oplog",
      "oplogStoreType": "thirdPartyOplogStore",
      "port": 37017,
      "priority": 1.0,
      "rsId": "configRS",
      "snapshotable": true,
      "votes": 1
    },
    {
      "dbPath": "/fimongo1/data",
      "hidden": false,
      "hostname": "mdb9",
      "id": "mdb9:37017",
      "lastAgentPing": "2026-01-08T22:32:59Z",
      "memberState": "SECONDARY",
      "mongodbVersion": "8.0.10",
      "opTime": "2026-01-08T22:33:38Z",
      "oplogPath": "/oplog",
      "oplogStoreType": "thirdPartyOplogStore",
      "port": 37017,
      "priority": 1.0,
      "rsId": "sgcShard_1",
      "snapshotable": true,
      "votes": 1
    }
  ],
  "state": "PENDING"
}
2026-01-08 16:33:55,709 [INFO] Snapshot state: PENDING
2026-01-08 16:34:05,710 [DEBUG] API GET http://sb1.cpolab.ibm.com:8080/api/public/v1.0/backup/third_party/group/67eed68e0ba1970a07e16b77/clusters/695154083e4bf100f30af512/snapshot/696030123e4bf100f32df676
2026-01-08 16:34:05,857 [DEBUG] STATUS 200
2026-01-08 16:34:05,857 [DEBUG] {
  "nodes": [
    {
      "dbPath": "/fimongo1/data",
      "hidden": false,
      "hostname": "mdb8",
      "id": "mdb8:37017",
      "lastAgentPing": "2026-01-08T22:33:16Z",
      "memberState": "SECONDARY",
      "mongodbVersion": "8.0.10",
      "opTime": "2026-01-08T22:33:43Z",
      "oplogPath": "/oplog",
      "oplogStoreType": "thirdPartyOplogStore",
      "port": 37017,
      "priority": 1.0,
      "rsId": "sgcShard_0",
      "snapshotable": true,
      "votes": 1
    },
    {
      "dbPath": "/fimongo1/data",
      "hidden": false,
      "hostname": "mdb-config2",
      "id": "mdb-config2:37017",
      "lastAgentPing": "2026-01-08T22:33:45Z",
      "memberState": "SECONDARY",
      "mongodbVersion": "8.0.10",
      "opTime": "2026-01-08T22:33:47Z",
      "oplogPath": "/oplog",
      "oplogStoreType": "thirdPartyOplogStore",
      "port": 37017,
      "priority": 1.0,
      "rsId": "configRS",
      "snapshotable": true,
      "votes": 1
    },
    {
      "dbPath": "/fimongo1/data",
      "hidden": false,
      "hostname": "mdb9",
      "id": "mdb9:37017",
      "lastAgentPing": "2026-01-08T22:34:02Z",
      "memberState": "SECONDARY",
      "mongodbVersion": "8.0.10",
      "opTime": "2026-01-08T22:33:38Z",
      "oplogPath": "/oplog",
      "oplogStoreType": "thirdPartyOplogStore",
      "port": 37017,
      "priority": 1.0,
      "rsId": "sgcShard_1",
      "snapshotable": true,
      "votes": 1
    }
  ],
  "state": "PENDING"
}
2026-01-08 16:34:05,857 [INFO] Snapshot state: PENDING
2026-01-08 16:34:15,858 [DEBUG] API GET http://sb1.cpolab.ibm.com:8080/api/public/v1.0/backup/third_party/group/67eed68e0ba1970a07e16b77/clusters/695154083e4bf100f30af512/snapshot/696030123e4bf100f32df676
2026-01-08 16:34:16,006 [DEBUG] STATUS 200
2026-01-08 16:34:16,006 [DEBUG] {
  "nodes": [
    {
      "dbPath": "/fimongo1/data",
      "hidden": false,
      "hostname": "mdb8",
      "id": "mdb8:37017",
      "lastAgentPing": "2026-01-08T22:34:14Z",
      "memberState": "SECONDARY",
      "mongodbVersion": "8.0.10",
      "opTime": "2026-01-08T22:33:43Z",
      "oplogPath": "/oplog",
      "oplogStoreType": "thirdPartyOplogStore",
      "port": 37017,
      "priority": 1.0,
      "rsId": "sgcShard_0",
      "snapshotable": true,
      "votes": 1
    },
    {
      "dbPath": "/fimongo1/data",
      "hidden": false,
      "hostname": "mdb-config2",
      "id": "mdb-config2:37017",
      "lastAgentPing": "2026-01-08T22:33:45Z",
      "memberState": "SECONDARY",
      "mongodbVersion": "8.0.10",
      "opTime": "2026-01-08T22:33:47Z",
      "oplogPath": "/oplog",
      "oplogStoreType": "thirdPartyOplogStore",
      "port": 37017,
      "priority": 1.0,
      "rsId": "configRS",
      "snapshotable": true,
      "votes": 1
    },
    {
      "dbPath": "/fimongo1/data",
      "hidden": false,
      "hostname": "mdb9",
      "id": "mdb9:37017",
      "lastAgentPing": "2026-01-08T22:34:02Z",
      "memberState": "SECONDARY",
      "mongodbVersion": "8.0.10",
      "opTime": "2026-01-08T22:33:38Z",
      "oplogPath": "/oplog",
      "oplogStoreType": "thirdPartyOplogStore",
      "port": 37017,
      "priority": 1.0,
      "rsId": "sgcShard_1",
      "snapshotable": true,
      "votes": 1
    }
  ],
  "state": "PENDING"
}
2026-01-08 16:34:16,006 [INFO] Snapshot state: PENDING
2026-01-08 16:34:26,006 [DEBUG] API GET http://sb1.cpolab.ibm.com:8080/api/public/v1.0/backup/third_party/group/67eed68e0ba1970a07e16b77/clusters/695154083e4bf100f30af512/snapshot/696030123e4bf100f32df676
2026-01-08 16:34:26,160 [DEBUG] STATUS 200
2026-01-08 16:34:26,160 [DEBUG] {
  "nodes": [
    {
      "dbPath": "/fimongo1/data",
      "hidden": false,
      "hostname": "mdb8",
      "id": "mdb8:37017",
      "lastAgentPing": "2026-01-08T22:34:14Z",
      "memberState": "SECONDARY",
      "mongodbVersion": "8.0.10",
      "opTime": "2026-01-08T22:33:43Z",
      "oplogPath": "/oplog",
      "oplogStoreType": "thirdPartyOplogStore",
      "port": 37017,
      "priority": 1.0,
      "rsId": "sgcShard_0",
      "snapshotable": true,
      "votes": 1
    },
    {
      "dbPath": "/fimongo1/data",
      "hidden": false,
      "hostname": "mdb-config2",
      "id": "mdb-config2:37017",
      "lastAgentPing": "2026-01-08T22:33:45Z",
      "memberState": "SECONDARY",
      "mongodbVersion": "8.0.10",
      "opTime": "2026-01-08T22:33:47Z",
      "oplogPath": "/oplog",
      "oplogStoreType": "thirdPartyOplogStore",
      "port": 37017,
      "priority": 1.0,
      "rsId": "configRS",
      "snapshotable": true,
      "votes": 1
    },
    {
      "dbPath": "/fimongo1/data",
      "hidden": false,
      "hostname": "mdb9",
      "id": "mdb9:37017",
      "lastAgentPing": "2026-01-08T22:34:02Z",
      "memberState": "SECONDARY",
      "mongodbVersion": "8.0.10",
      "opTime": "2026-01-08T22:33:38Z",
      "oplogPath": "/oplog",
      "oplogStoreType": "thirdPartyOplogStore",
      "port": 37017,
      "priority": 1.0,
      "rsId": "sgcShard_1",
      "snapshotable": true,
      "votes": 1
    }
  ],
  "state": "PENDING"
}
2026-01-08 16:34:26,160 [INFO] Snapshot state: PENDING
2026-01-08 16:34:36,161 [DEBUG] API GET http://sb1.cpolab.ibm.com:8080/api/public/v1.0/backup/third_party/group/67eed68e0ba1970a07e16b77/clusters/695154083e4bf100f30af512/snapshot/696030123e4bf100f32df676
2026-01-08 16:34:36,307 [DEBUG] STATUS 200
2026-01-08 16:34:36,308 [DEBUG] {
  "nodes": [
    {
      "dbPath": "/fimongo1/data",
      "hidden": false,
      "hostname": "mdb8",
      "id": "mdb8:37017",
      "lastAgentPing": "2026-01-08T22:34:14Z",
      "memberState": "SECONDARY",
      "mongodbVersion": "8.0.10",
      "opTime": "2026-01-08T22:33:43Z",
      "oplogPath": "/oplog",
      "oplogStoreType": "thirdPartyOplogStore",
      "port": 37017,
      "priority": 1.0,
      "rsId": "sgcShard_0",
      "snapshotable": true,
      "votes": 1
    },
    {
      "dbPath": "/fimongo1/data",
      "hidden": false,
      "hostname": "mdb-config2",
      "id": "mdb-config2:37017",
      "lastAgentPing": "2026-01-08T22:33:45Z",
      "memberState": "SECONDARY",
      "mongodbVersion": "8.0.10",
      "opTime": "2026-01-08T22:33:47Z",
      "oplogPath": "/oplog",
      "oplogStoreType": "thirdPartyOplogStore",
      "port": 37017,
      "priority": 1.0,
      "rsId": "configRS",
      "snapshotable": true,
      "votes": 1
    },
    {
      "dbPath": "/fimongo1/data",
      "hidden": false,
      "hostname": "mdb9",
      "id": "mdb9:37017",
      "lastAgentPing": "2026-01-08T22:34:02Z",
      "memberState": "SECONDARY",
      "mongodbVersion": "8.0.10",
      "opTime": "2026-01-08T22:33:38Z",
      "oplogPath": "/oplog",
      "oplogStoreType": "thirdPartyOplogStore",
      "port": 37017,
      "priority": 1.0,
      "rsId": "sgcShard_1",
      "snapshotable": true,
      "votes": 1
    }
  ],
  "state": "PENDING"
}
2026-01-08 16:34:36,308 [INFO] Snapshot state: PENDING
2026-01-08 16:34:46,308 [DEBUG] API GET http://sb1.cpolab.ibm.com:8080/api/public/v1.0/backup/third_party/group/67eed68e0ba1970a07e16b77/clusters/695154083e4bf100f30af512/snapshot/696030123e4bf100f32df676
2026-01-08 16:34:46,514 [DEBUG] STATUS 200
2026-01-08 16:34:46,515 [DEBUG] {
  "nodes": [
    {
      "dbPath": "/fimongo1/data",
      "hidden": false,
      "hostname": "mdb8",
      "id": "mdb8:37017",
      "lastAgentPing": "2026-01-08T22:34:14Z",
      "memberState": "SECONDARY",
      "mongodbVersion": "8.0.10",
      "opTime": "2026-01-08T22:33:43Z",
      "oplogPath": "/oplog",
      "oplogStoreType": "thirdPartyOplogStore",
      "port": 37017,
      "priority": 1.0,
      "rsId": "sgcShard_0",
      "snapshotable": true,
      "votes": 1
    },
    {
      "dbPath": "/fimongo1/data",
      "hidden": false,
      "hostname": "mdb-config2",
      "id": "mdb-config2:37017",
      "lastAgentPing": "2026-01-08T22:34:44Z",
      "memberState": "SECONDARY",
      "mongodbVersion": "8.0.10",
      "opTime": "2026-01-08T22:33:47Z",
      "oplogPath": "/oplog",
      "oplogStoreType": "thirdPartyOplogStore",
      "port": 37017,
      "priority": 1.0,
      "rsId": "configRS",
      "snapshotable": true,
      "votes": 1
    },
    {
      "dbPath": "/fimongo1/data",
      "hidden": false,
      "hostname": "mdb9",
      "id": "mdb9:37017",
      "lastAgentPing": "2026-01-08T22:34:02Z",
      "memberState": "SECONDARY",
      "mongodbVersion": "8.0.10",
      "opTime": "2026-01-08T22:33:38Z",
      "oplogPath": "/oplog",
      "oplogStoreType": "thirdPartyOplogStore",
      "port": 37017,
      "priority": 1.0,
      "rsId": "sgcShard_1",
      "snapshotable": true,
      "votes": 1
    }
  ],
  "state": "READY"
}
2026-01-08 16:34:46,515 [INFO] Snapshot state: READY
2026-01-08 16:34:46,515 [INFO] Waiting for fileList on mdb8:37017
2026-01-08 16:34:46,515 [DEBUG] API GET http://sb1.cpolab.ibm.com:8080/api/public/v1.0/backup/third_party/group/67eed68e0ba1970a07e16b77/clusters/695154083e4bf100f30af512/snapshot/696030123e4bf100f32df676/mdb8:37017/fileList
2026-01-08 16:34:46,640 [DEBUG] STATUS 200
2026-01-08 16:34:46,640 [DEBUG] {
  "fileList": [
    {
      "fileName": "/fimongo1/data/journal/WiredTigerLog.0000000034",
      "fileSize": 104857600
    },
    {
      "fileName": "/fimongo1/data/WiredTigerHS.wt",
      "fileSize": 45056
    },
    {
      "fileName": "/fimongo1/data/_mdb_catalog.wt",
      "fileSize": 32768
    },
    {
      "fileName": "/fimongo1/data/collection-0-15553579168353449655.wt",
      "fileSize": 36864
    },
    {
      "fileName": "/fimongo1/data/collection-0-5101412596364520171.wt",
      "fileSize": 40960
    },
    {
      "fileName": "/fimongo1/data/collection-1-15553579168353449655.wt",
      "fileSize": 36864
    },
    {
      "fileName": "/fimongo1/data/collection-10-5101412596364520171.wt",
      "fileSize": 32768
    },
    {
      "fileName": "/fimongo1/data/collection-12-5101412596364520171.wt",
      "fileSize": 36864
    },
    {
      "fileName": "/fimongo1/data/collection-14-5101412596364520171.wt",
      "fileSize": 36864
    },
    {
      "fileName": "/fimongo1/data/collection-18-5101412596364520171.wt",
      "fileSize": 303906816
    },
    {
      "fileName": "/fimongo1/data/collection-19-5101412596364520171.wt",
      "fileSize": 36864
    },
    {
      "fileName": "/fimongo1/data/collection-2-5101412596364520171.wt",
      "fileSize": 36864
    },
    {
      "fileName": "/fimongo1/data/collection-21-5101412596364520171.wt",
      "fileSize": 32768
    },
    {
      "fileName": "/fimongo1/data/collection-23-5101412596364520171.wt",
      "fileSize": 12288
    },
    {
      "fileName": "/fimongo1/data/collection-26-5101412596364520171.wt",
      "fileSize": 4096
    },
    {
      "fileName": "/fimongo1/data/collection-28-5101412596364520171.wt",
      "fileSize": 4096
    },
    {
      "fileName": "/fimongo1/data/collection-31-5101412596364520171.wt",
      "fileSize": 4096
    },
    {
      "fileName": "/fimongo1/data/collection-33-5101412596364520171.wt",
      "fileSize": 4096
    },
    {
      "fileName": "/fimongo1/data/collection-34-5101412596364520171.wt",
      "fileSize": 4096
    },
    {
      "fileName": "/fimongo1/data/collection-37-5101412596364520171.wt",
      "fileSize": 4096
    },
    {
      "fileName": "/fimongo1/data/collection-4-15553579168353449655.wt",
      "fileSize": 36864
    },
    {
      "fileName": "/fimongo1/data/collection-4-5101412596364520171.wt",
      "fileSize": 32768
    },
    {
      "fileName": "/fimongo1/data/collection-40-5101412596364520171.wt",
      "fileSize": 4096
    },
    {
      "fileName": "/fimongo1/data/collection-43-5101412596364520171.wt",
      "fileSize": 36864
    },
    {
      "fileName": "/fimongo1/data/collection-46-5101412596364520171.wt",
      "fileSize": 36864
    },
    {
      "fileName": "/fimongo1/data/collection-49-5101412596364520171.wt",
      "fileSize": 32768
    },
    {
      "fileName": "/fimongo1/data/collection-53-5101412596364520171.wt",
      "fileSize": 12288
    },
    {
      "fileName": "/fimongo1/data/collection-55-5101412596364520171.wt",
      "fileSize": 12288
    },
    {
      "fileName": "/fimongo1/data/collection-57-5101412596364520171.wt",
      "fileSize": 344694784
    },
    {
      "fileName": "/fimongo1/data/collection-6-5101412596364520171.wt",
      "fileSize": 36864
    },
    {
      "fileName": "/fimongo1/data/collection-60-5101412596364520171.wt",
      "fileSize": 32768
    },
    {
      "fileName": "/fimongo1/data/collection-67-5101412596364520171.wt",
      "fileSize": 45056
    },
    {
      "fileName": "/fimongo1/data/collection-7-15553579168353449655.wt",
      "fileSize": 36864
    },
    {
      "fileName": "/fimongo1/data/collection-8-5101412596364520171.wt",
      "fileSize": 36864
    },
    {
      "fileName": "/fimongo1/data/index-1-5101412596364520171.wt",
      "fileSize": 36864
    },
    {
      "fileName": "/fimongo1/data/index-11-5101412596364520171.wt",
      "fileSize": 20480
    },
    {
      "fileName": "/fimongo1/data/index-13-5101412596364520171.wt",
      "fileSize": 20480
    },
    {
      "fileName": "/fimongo1/data/index-15-5101412596364520171.wt",
      "fileSize": 36864
    },
    {
      "fileName": "/fimongo1/data/index-2-15553579168353449655.wt",
      "fileSize": 36864
    },
    {
      "fileName": "/fimongo1/data/index-20-5101412596364520171.wt",
      "fileSize": 32768
    },
    {
      "fileName": "/fimongo1/data/index-22-5101412596364520171.wt",
      "fileSize": 32768
    },
    {
      "fileName": "/fimongo1/data/index-24-5101412596364520171.wt",
      "fileSize": 20480
    },
    {
      "fileName": "/fimongo1/data/index-25-5101412596364520171.wt",
      "fileSize": 4096
    },
    {
      "fileName": "/fimongo1/data/index-27-5101412596364520171.wt",
      "fileSize": 4096
    },
    {
      "fileName": "/fimongo1/data/index-29-5101412596364520171.wt",
      "fileSize": 4096
    },
    {
      "fileName": "/fimongo1/data/index-3-15553579168353449655.wt",
      "fileSize": 36864
    },
    {
      "fileName": "/fimongo1/data/index-3-5101412596364520171.wt",
      "fileSize": 32768
    },
    {
      "fileName": "/fimongo1/data/index-30-5101412596364520171.wt",
      "fileSize": 4096
    },
    {
      "fileName": "/fimongo1/data/index-32-5101412596364520171.wt",
      "fileSize": 4096
    },
    {
      "fileName": "/fimongo1/data/index-35-5101412596364520171.wt",
      "fileSize": 4096
    },
    {
      "fileName": "/fimongo1/data/index-36-5101412596364520171.wt",
      "fileSize": 4096
    },
    {
      "fileName": "/fimongo1/data/index-38-5101412596364520171.wt",
      "fileSize": 4096
    },
    {
      "fileName": "/fimongo1/data/index-39-5101412596364520171.wt",
      "fileSize": 4096
    },
    {
      "fileName": "/fimongo1/data/index-41-5101412596364520171.wt",
      "fileSize": 4096
    },
    {
      "fileName": "/fimongo1/data/index-42-5101412596364520171.wt",
      "fileSize": 4096
    },
    {
      "fileName": "/fimongo1/data/index-44-5101412596364520171.wt",
      "fileSize": 36864
    },
    {
      "fileName": "/fimongo1/data/index-45-5101412596364520171.wt",
      "fileSize": 36864
    },
    {
      "fileName": "/fimongo1/data/index-47-5101412596364520171.wt",
      "fileSize": 36864
    },
    {
      "fileName": "/fimongo1/data/index-48-5101412596364520171.wt",
      "fileSize": 36864
    },
    {
      "fileName": "/fimongo1/data/index-5-15553579168353449655.wt",
      "fileSize": 36864
    },
    {
      "fileName": "/fimongo1/data/index-5-5101412596364520171.wt",
      "fileSize": 36864
    },
    {
      "fileName": "/fimongo1/data/index-50-5101412596364520171.wt",
      "fileSize": 36864
    },
    {
      "fileName": "/fimongo1/data/index-54-5101412596364520171.wt",
      "fileSize": 24576
    },
    {
      "fileName": "/fimongo1/data/index-56-5101412596364520171.wt",
      "fileSize": 24576
    },
    {
      "fileName": "/fimongo1/data/index-58-5101412596364520171.wt",
      "fileSize": 5083136
    },
    {
      "fileName": "/fimongo1/data/index-59-5101412596364520171.wt",
      "fileSize": 2904064
    },
    {
      "fileName": "/fimongo1/data/index-6-15553579168353449655.wt",
      "fileSize": 36864
    },
    {
      "fileName": "/fimongo1/data/index-61-5101412596364520171.wt",
      "fileSize": 36864
    },
    {
      "fileName": "/fimongo1/data/index-68-5101412596364520171.wt",
      "fileSize": 53248
    },
    {
      "fileName": "/fimongo1/data/index-7-5101412596364520171.wt",
      "fileSize": 32768
    },
    {
      "fileName": "/fimongo1/data/index-72-5101412596364520171.wt",
      "fileSize": 45056
    },
    {
      "fileName": "/fimongo1/data/index-8-15553579168353449655.wt",
      "fileSize": 36864
    },
    {
      "fileName": "/fimongo1/data/index-9-15553579168353449655.wt",
      "fileSize": 36864
    },
    {
      "fileName": "/fimongo1/data/index-9-5101412596364520171.wt",
      "fileSize": 32768
    },
    {
      "fileName": "/fimongo1/data/sizeStorer.wt",
      "fileSize": 36864
    },
    {
      "fileName": "/fimongo1/data/WiredTiger.backup",
      "fileSize": 142982
    },
    {
      "fileName": "/fimongo1/data/WiredTiger",
      "fileSize": 50
    }
  ],
  "finishedToken": null,
  "nextToken": "ZDM0MjEwNmM1ZDQ2YTBiNDc2MjQ5ZTkwOTMyYWM1ZWRmOTYxYTcwMDBjMDAzZDQxYmZmMWU1YTkyYmY2MmZmZC1hYjg1NjY0NzUyNzIzNWVlYjRjMzdiNDM4YzQwYzQwZi1kY2VlMWFlNjAyODUzMGNiMWYzMjMxMmM0NGYwNTZjMWNkNGM2MzFjYzFkOWYzMTRkMjM1ZWFmYmVlMGFkOWRhNmMwNzYxMjk1ZDg5MWE2OGVkZTQxYjc4MGYyY2VjMmRmYjAwMDZjZWI2MjkxODJhYzZkOGUzODQ5Y2M5NGNlMS04YWQ3ZDUwMGEzOGIyZWRjY2Q1MjJhZDg0OTRmNjJkNGNlOTRkMzU3YzU4ZjcxYWRhMTgxNGE4MDJlNGM2N2NhODI3YTFiOWQ0ZjEyMzkwYmE3YmY1YTYxMTRkYjYxZGZmMGEyODkzZDkzNmY2MDlhNDQ0ZGM4YzkxZDg1ZTU4MQ=="
}
2026-01-08 16:34:46,640 [INFO] fileList ready on mdb8:37017
2026-01-08 16:34:46,640 [INFO] Waiting for fileList on mdb9:37017
2026-01-08 16:34:46,640 [DEBUG] API GET http://sb1.cpolab.ibm.com:8080/api/public/v1.0/backup/third_party/group/67eed68e0ba1970a07e16b77/clusters/695154083e4bf100f30af512/snapshot/696030123e4bf100f32df676/mdb9:37017/fileList
2026-01-08 16:34:46,765 [DEBUG] STATUS 200
2026-01-08 16:34:46,765 [DEBUG] {
  "fileList": [
    {
      "fileName": "/fimongo1/data/journal/WiredTigerLog.0000000037",
      "fileSize": 104857600
    },
    {
      "fileName": "/fimongo1/data/WiredTigerHS.wt",
      "fileSize": 12288
    },
    {
      "fileName": "/fimongo1/data/_mdb_catalog.wt",
      "fileSize": 36864
    },
    {
      "fileName": "/fimongo1/data/collection-0-10156568093310191622.wt",
      "fileSize": 36864
    },
    {
      "fileName": "/fimongo1/data/collection-0-17106086007713474665.wt",
      "fileSize": 45056
    },
    {
      "fileName": "/fimongo1/data/collection-10-17106086007713474665.wt",
      "fileSize": 20480
    },
    {
      "fileName": "/fimongo1/data/collection-12-17106086007713474665.wt",
      "fileSize": 36864
    },
    {
      "fileName": "/fimongo1/data/collection-14-17106086007713474665.wt",
      "fileSize": 36864
    },
    {
      "fileName": "/fimongo1/data/collection-18-17106086007713474665.wt",
      "fileSize": 286912512
    },
    {
      "fileName": "/fimongo1/data/collection-19-17106086007713474665.wt",
      "fileSize": 36864
    },
    {
      "fileName": "/fimongo1/data/collection-2-10156568093310191622.wt",
      "fileSize": 36864
    },
    {
      "fileName": "/fimongo1/data/collection-2-17106086007713474665.wt",
      "fileSize": 36864
    },
    {
      "fileName": "/fimongo1/data/collection-21-17106086007713474665.wt",
      "fileSize": 24576
    },
    {
      "fileName": "/fimongo1/data/collection-23-17106086007713474665.wt",
      "fileSize": 24576
    },
    {
      "fileName": "/fimongo1/data/collection-26-17106086007713474665.wt",
      "fileSize": 4096
    },
    {
      "fileName": "/fimongo1/data/collection-28-17106086007713474665.wt",
      "fileSize": 4096
    },
    {
      "fileName": "/fimongo1/data/collection-31-17106086007713474665.wt",
      "fileSize": 4096
    },
    {
      "fileName": "/fimongo1/data/collection-33-17106086007713474665.wt",
      "fileSize": 4096
    },
    {
      "fileName": "/fimongo1/data/collection-34-17106086007713474665.wt",
      "fileSize": 4096
    },
    {
      "fileName": "/fimongo1/data/collection-37-17106086007713474665.wt",
      "fileSize": 4096
    },
    {
      "fileName": "/fimongo1/data/collection-4-10156568093310191622.wt",
      "fileSize": 36864
    },
    {
      "fileName": "/fimongo1/data/collection-4-17106086007713474665.wt",
      "fileSize": 36864
    },
    {
      "fileName": "/fimongo1/data/collection-40-17106086007713474665.wt",
      "fileSize": 4096
    },
    {
      "fileName": "/fimongo1/data/collection-43-17106086007713474665.wt",
      "fileSize": 36864
    },
    {
      "fileName": "/fimongo1/data/collection-46-17106086007713474665.wt",
      "fileSize": 36864
    },
    {
      "fileName": "/fimongo1/data/collection-49-17106086007713474665.wt",
      "fileSize": 36864
    },
    {
      "fileName": "/fimongo1/data/collection-51-17106086007713474665.wt",
      "fileSize": 32768
    },
    {
      "fileName": "/fimongo1/data/collection-53-17106086007713474665.wt",
      "fileSize": 339804160
    },
    {
      "fileName": "/fimongo1/data/collection-6-17106086007713474665.wt",
      "fileSize": 36864
    },
    {
      "fileName": "/fimongo1/data/collection-7-10156568093310191622.wt",
      "fileSize": 36864
    },
    {
      "fileName": "/fimongo1/data/collection-8-17106086007713474665.wt",
      "fileSize": 20480
    },
    {
      "fileName": "/fimongo1/data/index-1-10156568093310191622.wt",
      "fileSize": 36864
    },
    {
      "fileName": "/fimongo1/data/index-1-17106086007713474665.wt",
      "fileSize": 36864
    },
    {
      "fileName": "/fimongo1/data/index-11-17106086007713474665.wt",
      "fileSize": 20480
    },
    {
      "fileName": "/fimongo1/data/index-13-17106086007713474665.wt",
      "fileSize": 20480
    },
    {
      "fileName": "/fimongo1/data/index-15-17106086007713474665.wt",
      "fileSize": 36864
    },
    {
      "fileName": "/fimongo1/data/index-20-17106086007713474665.wt",
      "fileSize": 36864
    },
    {
      "fileName": "/fimongo1/data/index-22-17106086007713474665.wt",
      "fileSize": 24576
    },
    {
      "fileName": "/fimongo1/data/index-24-17106086007713474665.wt",
      "fileSize": 24576
    },
    {
      "fileName": "/fimongo1/data/index-25-17106086007713474665.wt",
      "fileSize": 4096
    },
    {
      "fileName": "/fimongo1/data/index-27-17106086007713474665.wt",
      "fileSize": 4096
    },
    {
      "fileName": "/fimongo1/data/index-29-17106086007713474665.wt",
      "fileSize": 4096
    },
    {
      "fileName": "/fimongo1/data/index-3-10156568093310191622.wt",
      "fileSize": 36864
    },
    {
      "fileName": "/fimongo1/data/index-3-17106086007713474665.wt",
      "fileSize": 36864
    },
    {
      "fileName": "/fimongo1/data/index-30-17106086007713474665.wt",
      "fileSize": 4096
    },
    {
      "fileName": "/fimongo1/data/index-32-17106086007713474665.wt",
      "fileSize": 4096
    },
    {
      "fileName": "/fimongo1/data/index-35-17106086007713474665.wt",
      "fileSize": 4096
    },
    {
      "fileName": "/fimongo1/data/index-36-17106086007713474665.wt",
      "fileSize": 4096
    },
    {
      "fileName": "/fimongo1/data/index-38-17106086007713474665.wt",
      "fileSize": 4096
    },
    {
      "fileName": "/fimongo1/data/index-39-17106086007713474665.wt",
      "fileSize": 4096
    },
    {
      "fileName": "/fimongo1/data/index-41-17106086007713474665.wt",
      "fileSize": 4096
    },
    {
      "fileName": "/fimongo1/data/index-42-17106086007713474665.wt",
      "fileSize": 4096
    },
    {
      "fileName": "/fimongo1/data/index-44-17106086007713474665.wt",
      "fileSize": 36864
    },
    {
      "fileName": "/fimongo1/data/index-45-17106086007713474665.wt",
      "fileSize": 36864
    },
    {
      "fileName": "/fimongo1/data/index-47-17106086007713474665.wt",
      "fileSize": 36864
    },
    {
      "fileName": "/fimongo1/data/index-48-17106086007713474665.wt",
      "fileSize": 36864
    },
    {
      "fileName": "/fimongo1/data/index-5-10156568093310191622.wt",
      "fileSize": 36864
    },
    {
      "fileName": "/fimongo1/data/index-5-17106086007713474665.wt",
      "fileSize": 36864
    },
    {
      "fileName": "/fimongo1/data/index-50-17106086007713474665.wt",
      "fileSize": 36864
    },
    {
      "fileName": "/fimongo1/data/index-52-17106086007713474665.wt",
      "fileSize": 24576
    },
    {
      "fileName": "/fimongo1/data/index-54-17106086007713474665.wt",
      "fileSize": 5070848
    },
    {
      "fileName": "/fimongo1/data/index-55-17106086007713474665.wt",
      "fileSize": 2928640
    },
    {
      "fileName": "/fimongo1/data/index-6-10156568093310191622.wt",
      "fileSize": 36864
    },
    {
      "fileName": "/fimongo1/data/index-7-17106086007713474665.wt",
      "fileSize": 24576
    },
    {
      "fileName": "/fimongo1/data/index-8-10156568093310191622.wt",
      "fileSize": 36864
    },
    {
      "fileName": "/fimongo1/data/index-9-10156568093310191622.wt",
      "fileSize": 36864
    },
    {
      "fileName": "/fimongo1/data/index-9-17106086007713474665.wt",
      "fileSize": 20480
    },
    {
      "fileName": "/fimongo1/data/sizeStorer.wt",
      "fileSize": 36864
    },
    {
      "fileName": "/fimongo1/data/WiredTiger.backup",
      "fileSize": 128810
    },
    {
      "fileName": "/fimongo1/data/WiredTiger",
      "fileSize": 50
    }
  ],
  "finishedToken": null,
  "nextToken": "ZDM0MjEwNmM1ZDQ2YTBiNDc2MjQ5ZTkwOTMyYWM1ZWRmOTYxYTcwMDBjMDAzZDQxYmZmMWU1YTkyYmY2MmZmZC00MzgzMDY4OTNhNjVmNzk2ZGU5MTVkMDZjODkyM2YzOC02ZGRkNjUzNmNkYTJkYjI3MGI3NDgzNDZmYTk4ZGZkZTU2M2JmYWJmYjlkMjdlYzk2OWE4MjU3ODc3NjdmNjA5ZjFjMWU5NmZhMjlkMDNiODAzNTYzMWQ5OGU1ZjQyNGZmYjA1YTBkMDM3YTM2ZGM1YzA4N2UzYzJhZjhiZTg3OS1jNmJhZTY1YTgwMzdmOTU2NzY2YzkyODE2Yjk2NDIxNWY2NzA4NWRmOTg4YzBlMjY4ZGI3MmZhMjRlNGYwYjU4ZTA1MTRiYzgwMDA5YjY5NjZjYjc4N2E5ZDQ2OTVlYThlZjAyNjY4YWE1OTI1YWVmZTIxOWJjYTI5YTVkZTViNQ=="
}
2026-01-08 16:34:46,765 [INFO] fileList ready on mdb9:37017
2026-01-08 16:34:46,765 [INFO] Waiting for fileList on mdb-config2:37017
2026-01-08 16:34:46,765 [DEBUG] API GET http://sb1.cpolab.ibm.com:8080/api/public/v1.0/backup/third_party/group/67eed68e0ba1970a07e16b77/clusters/695154083e4bf100f30af512/snapshot/696030123e4bf100f32df676/mdb-config2:37017/fileList
2026-01-08 16:34:46,890 [DEBUG] STATUS 200
2026-01-08 16:34:46,890 [DEBUG] {
  "fileList": [
    {
      "fileName": "/fimongo1/data/journal/WiredTigerLog.0000000032",
      "fileSize": 104857600
    },
    {
      "fileName": "/fimongo1/data/WiredTigerHS.wt",
      "fileSize": 40960
    },
    {
      "fileName": "/fimongo1/data/_mdb_catalog.wt",
      "fileSize": 45056
    },
    {
      "fileName": "/fimongo1/data/collection-0-12680986822791114740.wt",
      "fileSize": 36864
    },
    {
      "fileName": "/fimongo1/data/collection-0-13194770625540408556.wt",
      "fileSize": 45056
    },
    {
      "fileName": "/fimongo1/data/collection-0-1953386173271518288.wt",
      "fileSize": 12288
    },
    {
      "fileName": "/fimongo1/data/collection-0-8099911404417608084.wt",
      "fileSize": 12288
    },
    {
      "fileName": "/fimongo1/data/collection-10-13194770625540408556.wt",
      "fileSize": 20480
    },
    {
      "fileName": "/fimongo1/data/collection-12-13194770625540408556.wt",
      "fileSize": 36864
    },
    {
      "fileName": "/fimongo1/data/collection-14-13194770625540408556.wt",
      "fileSize": 36864
    },
    {
      "fileName": "/fimongo1/data/collection-18-13194770625540408556.wt",
      "fileSize": 20557824
    },
    {
      "fileName": "/fimongo1/data/collection-19-13194770625540408556.wt",
      "fileSize": 36864
    },
    {
      "fileName": "/fimongo1/data/collection-2-12680986822791114740.wt",
      "fileSize": 36864
    },
    {
      "fileName": "/fimongo1/data/collection-2-13194770625540408556.wt",
      "fileSize": 36864
    },
    {
      "fileName": "/fimongo1/data/collection-21-13194770625540408556.wt",
      "fileSize": 24576
    },
    {
      "fileName": "/fimongo1/data/collection-23-13194770625540408556.wt",
      "fileSize": 24576
    },
    {
      "fileName": "/fimongo1/data/collection-26-13194770625540408556.wt",
      "fileSize": 4096
    },
    {
      "fileName": "/fimongo1/data/collection-28-13194770625540408556.wt",
      "fileSize": 36864
    },
    {
      "fileName": "/fimongo1/data/collection-30-13194770625540408556.wt",
      "fileSize": 36864
    },
    {
      "fileName": "/fimongo1/data/collection-36-13194770625540408556.wt",
      "fileSize": 36864
    },
    {
      "fileName": "/fimongo1/data/collection-38-13194770625540408556.wt",
      "fileSize": 36864
    },
    {
      "fileName": "/fimongo1/data/collection-4-13194770625540408556.wt",
      "fileSize": 36864
    },
    {
      "fileName": "/fimongo1/data/collection-41-13194770625540408556.wt",
      "fileSize": 4096
    },
    {
      "fileName": "/fimongo1/data/collection-45-13194770625540408556.wt",
      "fileSize": 36864
    },
    {
      "fileName": "/fimongo1/data/collection-48-13194770625540408556.wt",
      "fileSize": 36864
    },
    {
      "fileName": "/fimongo1/data/collection-50-13194770625540408556.wt",
      "fileSize": 36864
    },
    {
      "fileName": "/fimongo1/data/collection-52-13194770625540408556.wt",
      "fileSize": 4096
    },
    {
      "fileName": "/fimongo1/data/collection-55-13194770625540408556.wt",
      "fileSize": 4096
    },
    {
      "fileName": "/fimongo1/data/collection-57-13194770625540408556.wt",
      "fileSize": 4096
    },
    {
      "fileName": "/fimongo1/data/collection-58-13194770625540408556.wt",
      "fileSize": 36864
    },
    {
      "fileName": "/fimongo1/data/collection-6-13194770625540408556.wt",
      "fileSize": 36864
    },
    {
      "fileName": "/fimongo1/data/collection-60-13194770625540408556.wt",
      "fileSize": 4096
    },
    {
      "fileName": "/fimongo1/data/collection-63-13194770625540408556.wt",
      "fileSize": 4096
    },
    {
      "fileName": "/fimongo1/data/collection-66-13194770625540408556.wt",
      "fileSize": 4096
    },
    {
      "fileName": "/fimongo1/data/collection-69-13194770625540408556.wt",
      "fileSize": 4096
    },
    {
      "fileName": "/fimongo1/data/collection-7-8099911404417608084.wt",
      "fileSize": 36864
    },
    {
      "fileName": "/fimongo1/data/collection-71-13194770625540408556.wt",
      "fileSize": 77824
    },
    {
      "fileName": "/fimongo1/data/collection-73-13194770625540408556.wt",
      "fileSize": 36864
    },
    {
      "fileName": "/fimongo1/data/collection-75-13194770625540408556.wt",
      "fileSize": 36864
    },
    {
      "fileName": "/fimongo1/data/collection-78-13194770625540408556.wt",
      "fileSize": 36864
    },
    {
      "fileName": "/fimongo1/data/collection-8-13194770625540408556.wt",
      "fileSize": 20480
    },
    {
      "fileName": "/fimongo1/data/collection-81-13194770625540408556.wt",
      "fileSize": 32768
    },
    {
      "fileName": "/fimongo1/data/collection-83-13194770625540408556.wt",
      "fileSize": 36864
    },
    {
      "fileName": "/fimongo1/data/index-1-12680986822791114740.wt",
      "fileSize": 36864
    },
    {
      "fileName": "/fimongo1/data/index-1-13194770625540408556.wt",
      "fileSize": 36864
    },
    {
      "fileName": "/fimongo1/data/index-1-1953386173271518288.wt",
      "fileSize": 24576
    },
    {
      "fileName": "/fimongo1/data/index-1-8099911404417608084.wt",
      "fileSize": 24576
    },
    {
      "fileName": "/fimongo1/data/index-11-13194770625540408556.wt",
      "fileSize": 20480
    },
    {
      "fileName": "/fimongo1/data/index-13-13194770625540408556.wt",
      "fileSize": 20480
    },
    {
      "fileName": "/fimongo1/data/index-15-13194770625540408556.wt",
      "fileSize": 36864
    },
    {
      "fileName": "/fimongo1/data/index-20-13194770625540408556.wt",
      "fileSize": 36864
    },
    {
      "fileName": "/fimongo1/data/index-22-13194770625540408556.wt",
      "fileSize": 24576
    },
    {
      "fileName": "/fimongo1/data/index-24-13194770625540408556.wt",
      "fileSize": 24576
    },
    {
      "fileName": "/fimongo1/data/index-25-13194770625540408556.wt",
      "fileSize": 32768
    },
    {
      "fileName": "/fimongo1/data/index-27-13194770625540408556.wt",
      "fileSize": 4096
    },
    {
      "fileName": "/fimongo1/data/index-29-13194770625540408556.wt",
      "fileSize": 36864
    },
    {
      "fileName": "/fimongo1/data/index-3-12680986822791114740.wt",
      "fileSize": 36864
    },
    {
      "fileName": "/fimongo1/data/index-3-13194770625540408556.wt",
      "fileSize": 36864
    },
    {
      "fileName": "/fimongo1/data/index-31-13194770625540408556.wt",
      "fileSize": 36864
    },
    {
      "fileName": "/fimongo1/data/index-32-13194770625540408556.wt",
      "fileSize": 36864
    },
    {
      "fileName": "/fimongo1/data/index-33-13194770625540408556.wt",
      "fileSize": 36864
    },
    {
      "fileName": "/fimongo1/data/index-34-13194770625540408556.wt",
      "fileSize": 36864
    },
    {
      "fileName": "/fimongo1/data/index-35-13194770625540408556.wt",
      "fileSize": 36864
    },
    {
      "fileName": "/fimongo1/data/index-37-13194770625540408556.wt",
      "fileSize": 36864
    },
    {
      "fileName": "/fimongo1/data/index-39-13194770625540408556.wt",
      "fileSize": 36864
    },
    {
      "fileName": "/fimongo1/data/index-4-12680986822791114740.wt",
      "fileSize": 36864
    },
    {
      "fileName": "/fimongo1/data/index-40-13194770625540408556.wt",
      "fileSize": 36864
    },
    {
      "fileName": "/fimongo1/data/index-42-13194770625540408556.wt",
      "fileSize": 4096
    },
    {
      "fileName": "/fimongo1/data/index-43-13194770625540408556.wt",
      "fileSize": 4096
    },
    {
      "fileName": "/fimongo1/data/index-44-13194770625540408556.wt",
      "fileSize": 4096
    },
    {
      "fileName": "/fimongo1/data/index-46-13194770625540408556.wt",
      "fileSize": 36864
    },
    {
      "fileName": "/fimongo1/data/index-47-13194770625540408556.wt",
      "fileSize": 36864
    },
    {
      "fileName": "/fimongo1/data/index-49-13194770625540408556.wt",
      "fileSize": 36864
    },
    {
      "fileName": "/fimongo1/data/index-5-13194770625540408556.wt",
      "fileSize": 36864
    },
    {
      "fileName": "/fimongo1/data/index-51-13194770625540408556.wt",
      "fileSize": 36864
    },
    {
      "fileName": "/fimongo1/data/index-53-13194770625540408556.wt",
      "fileSize": 4096
    },
    {
      "fileName": "/fimongo1/data/index-54-13194770625540408556.wt",
      "fileSize": 4096
    },
    {
      "fileName": "/fimongo1/data/index-56-13194770625540408556.wt",
      "fileSize": 4096
    },
    {
      "fileName": "/fimongo1/data/index-59-13194770625540408556.wt",
      "fileSize": 36864
    },
    {
      "fileName": "/fimongo1/data/index-61-13194770625540408556.wt",
      "fileSize": 4096
    },
    {
      "fileName": "/fimongo1/data/index-62-13194770625540408556.wt",
      "fileSize": 4096
    },
    {
      "fileName": "/fimongo1/data/index-64-13194770625540408556.wt",
      "fileSize": 4096
    },
    {
      "fileName": "/fimongo1/data/index-65-13194770625540408556.wt",
      "fileSize": 4096
    },
    {
      "fileName": "/fimongo1/data/index-67-13194770625540408556.wt",
      "fileSize": 4096
    },
    {
      "fileName": "/fimongo1/data/index-68-13194770625540408556.wt",
      "fileSize": 4096
    },
    {
      "fileName": "/fimongo1/data/index-7-13194770625540408556.wt",
      "fileSize": 24576
    },
    {
      "fileName": "/fimongo1/data/index-70-13194770625540408556.wt",
      "fileSize": 4096
    },
    {
      "fileName": "/fimongo1/data/index-72-13194770625540408556.wt",
      "fileSize": 86016
    },
    {
      "fileName": "/fimongo1/data/index-74-13194770625540408556.wt",
      "fileSize": 36864
    },
    {
      "fileName": "/fimongo1/data/index-76-13194770625540408556.wt",
      "fileSize": 36864
    },
    {
      "fileName": "/fimongo1/data/index-77-13194770625540408556.wt",
      "fileSize": 36864
    },
    {
      "fileName": "/fimongo1/data/index-79-13194770625540408556.wt",
      "fileSize": 36864
    },
    {
      "fileName": "/fimongo1/data/index-8-8099911404417608084.wt",
      "fileSize": 36864
    },
    {
      "fileName": "/fimongo1/data/index-80-13194770625540408556.wt",
      "fileSize": 36864
    },
    {
      "fileName": "/fimongo1/data/index-82-13194770625540408556.wt",
      "fileSize": 32768
    },
    {
      "fileName": "/fimongo1/data/index-84-13194770625540408556.wt",
      "fileSize": 36864
    },
    {
      "fileName": "/fimongo1/data/index-9-13194770625540408556.wt",
      "fileSize": 20480
    },
    {
      "fileName": "/fimongo1/data/sizeStorer.wt",
      "fileSize": 36864
    },
    {
      "fileName": "/fimongo1/data/WiredTiger.backup",
      "fileSize": 187533
    },
    {
      "fileName": "/fimongo1/data/WiredTiger",
      "fileSize": 50
    }
  ],
  "finishedToken": null,
  "nextToken": "ZDM0MjEwNmM1ZDQ2YTBiNDc2MjQ5ZTkwOTMyYWM1ZWRmOTYxYTcwMDBjMDAzZDQxYmZmMWU1YTkyYmY2MmZmZC0zNjNhZGFhOGNiYWZkMTNlY2IyYWJmNWMxMzhhOTk5NC1jYTliZWFjODg4MTExY2U4YzFkYTJmNjY2Y2YwYTRjNWNkYWIzZDIwZjU3YzAyYWRlMmEwYzhhMjAyYjk0ZjJiZWJhNDJlZGRmYmQwZmMzYWI4N2RlYWZmMmZjYzUxYjRjOGNmYTU1Mjk4YWQ4MWY4NGE5YzBlY2EyMmY1MTc0Yy03ZTJkNTcyNGQ4MzI5YTVkNjI4MDdmOWNiZTQwZjkzOTYwMzM1YWNlZmMyYjYxNzYyMzNjOTVlMjc5OTQ4ZGNmNzhkMDY5MDI5NWFjMmI4MmI4N2NkYzdmYzA5YjBiNmVjM2Q2MjJlMjUxYzI2YjY2NzNhYzY1ZDNkMGQ3YTMwMw=="
}
2026-01-08 16:34:46,890 [INFO] fileList ready on mdb-config2:37017
2026-01-08 16:34:46,890 [INFO] === TAKE IBM FLASHSYSTEM SNAPSHOT NOW ===
2026-01-08 16:34:55,503 [DEBUG] API POST http://sb1.cpolab.ibm.com:8080/api/public/v1.0/backup/third_party/group/67eed68e0ba1970a07e16b77/clusters/695154083e4bf100f30af512/snapshot/696030123e4bf100f32df676/finish
2026-01-08 16:34:55,641 [DEBUG] STATUS 200
2026-01-08 16:34:55,641 [DEBUG] {
  "errorCode": "NONE",
  "version": "1",
  "status": "OK"
}
2026-01-08 16:34:55,641 [DEBUG] API GET http://sb1.cpolab.ibm.com:8080/api/public/v1.0/backup/third_party/group/67eed68e0ba1970a07e16b77/clusters/695154083e4bf100f30af512/snapshot/696030123e4bf100f32df676
2026-01-08 16:34:55,778 [DEBUG] STATUS 200
2026-01-08 16:34:55,778 [DEBUG] {
  "nodes": [
    {
      "dbPath": "/fimongo1/data",
      "hidden": false,
      "hostname": "mdb8",
      "id": "mdb8:37017",
      "lastAgentPing": "2026-01-08T22:34:14Z",
      "memberState": "SECONDARY",
      "mongodbVersion": "8.0.10",
      "opTime": "2026-01-08T22:33:43Z",
      "oplogPath": "/oplog",
      "oplogStoreType": "thirdPartyOplogStore",
      "port": 37017,
      "priority": 1.0,
      "rsId": "sgcShard_0",
      "snapshotable": true,
      "votes": 1
    },
    {
      "dbPath": "/fimongo1/data",
      "hidden": false,
      "hostname": "mdb-config2",
      "id": "mdb-config2:37017",
      "lastAgentPing": "2026-01-08T22:34:44Z",
      "memberState": "SECONDARY",
      "mongodbVersion": "8.0.10",
      "opTime": "2026-01-08T22:33:47Z",
      "oplogPath": "/oplog",
      "oplogStoreType": "thirdPartyOplogStore",
      "port": 37017,
      "priority": 1.0,
      "rsId": "configRS",
      "snapshotable": true,
      "votes": 1
    },
    {
      "dbPath": "/fimongo1/data",
      "hidden": false,
      "hostname": "mdb9",
      "id": "mdb9:37017",
      "lastAgentPing": "2026-01-08T22:34:02Z",
      "memberState": "SECONDARY",
      "mongodbVersion": "8.0.10",
      "opTime": "2026-01-08T22:33:38Z",
      "oplogPath": "/oplog",
      "oplogStoreType": "thirdPartyOplogStore",
      "port": 37017,
      "priority": 1.0,
      "rsId": "sgcShard_1",
      "snapshotable": true,
      "votes": 1
    }
  ],
  "state": "FINISHING"
}
2026-01-08 16:34:55,778 [INFO] Snapshot state: FINISHING
2026-01-08 16:35:05,779 [DEBUG] API GET http://sb1.cpolab.ibm.com:8080/api/public/v1.0/backup/third_party/group/67eed68e0ba1970a07e16b77/clusters/695154083e4bf100f30af512/snapshot/696030123e4bf100f32df676
2026-01-08 16:35:05,933 [DEBUG] STATUS 200
2026-01-08 16:35:05,933 [DEBUG] {
  "nodes": [
    {
      "dbPath": "/fimongo1/data",
      "hidden": false,
      "hostname": "mdb8",
      "id": "mdb8:37017",
      "lastAgentPing": "2026-01-08T22:34:14Z",
      "memberState": "SECONDARY",
      "mongodbVersion": "8.0.10",
      "opTime": "2026-01-08T22:33:43Z",
      "oplogPath": "/oplog",
      "oplogStoreType": "thirdPartyOplogStore",
      "port": 37017,
      "priority": 1.0,
      "rsId": "sgcShard_0",
      "snapshotable": true,
      "votes": 1
    },
    {
      "dbPath": "/fimongo1/data",
      "hidden": false,
      "hostname": "mdb-config2",
      "id": "mdb-config2:37017",
      "lastAgentPing": "2026-01-08T22:34:44Z",
      "memberState": "SECONDARY",
      "mongodbVersion": "8.0.10",
      "opTime": "2026-01-08T22:33:47Z",
      "oplogPath": "/oplog",
      "oplogStoreType": "thirdPartyOplogStore",
      "port": 37017,
      "priority": 1.0,
      "rsId": "configRS",
      "snapshotable": true,
      "votes": 1
    },
    {
      "dbPath": "/fimongo1/data",
      "hidden": false,
      "hostname": "mdb9",
      "id": "mdb9:37017",
      "lastAgentPing": "2026-01-08T22:35:00Z",
      "memberState": "SECONDARY",
      "mongodbVersion": "8.0.10",
      "opTime": "2026-01-08T22:33:38Z",
      "oplogPath": "/oplog",
      "oplogStoreType": "thirdPartyOplogStore",
      "port": 37017,
      "priority": 1.0,
      "rsId": "sgcShard_1",
      "snapshotable": true,
      "votes": 1
    }
  ],
  "state": "FINISHING"
}
2026-01-08 16:35:05,933 [INFO] Snapshot state: FINISHING
2026-01-08 16:35:15,934 [DEBUG] API GET http://sb1.cpolab.ibm.com:8080/api/public/v1.0/backup/third_party/group/67eed68e0ba1970a07e16b77/clusters/695154083e4bf100f30af512/snapshot/696030123e4bf100f32df676
2026-01-08 16:35:16,087 [DEBUG] STATUS 200
2026-01-08 16:35:16,087 [DEBUG] {
  "nodes": [
    {
      "dbPath": "/fimongo1/data",
      "hidden": false,
      "hostname": "mdb8",
      "id": "mdb8:37017",
      "lastAgentPing": "2026-01-08T22:35:12Z",
      "memberState": "SECONDARY",
      "mongodbVersion": "8.0.10",
      "opTime": "2026-01-08T22:33:43Z",
      "oplogPath": "/oplog",
      "oplogStoreType": "thirdPartyOplogStore",
      "port": 37017,
      "priority": 1.0,
      "rsId": "sgcShard_0",
      "snapshotable": true,
      "votes": 1
    },
    {
      "dbPath": "/fimongo1/data",
      "hidden": false,
      "hostname": "mdb-config2",
      "id": "mdb-config2:37017",
      "lastAgentPing": "2026-01-08T22:34:44Z",
      "memberState": "SECONDARY",
      "mongodbVersion": "8.0.10",
      "opTime": "2026-01-08T22:33:47Z",
      "oplogPath": "/oplog",
      "oplogStoreType": "thirdPartyOplogStore",
      "port": 37017,
      "priority": 1.0,
      "rsId": "configRS",
      "snapshotable": true,
      "votes": 1
    },
    {
      "dbPath": "/fimongo1/data",
      "hidden": false,
      "hostname": "mdb9",
      "id": "mdb9:37017",
      "lastAgentPing": "2026-01-08T22:35:00Z",
      "memberState": "SECONDARY",
      "mongodbVersion": "8.0.10",
      "opTime": "2026-01-08T22:33:38Z",
      "oplogPath": "/oplog",
      "oplogStoreType": "thirdPartyOplogStore",
      "port": 37017,
      "priority": 1.0,
      "rsId": "sgcShard_1",
      "snapshotable": true,
      "votes": 1
    }
  ],
  "state": "FINISHING"
}
2026-01-08 16:35:16,087 [INFO] Snapshot state: FINISHING
2026-01-08 16:35:26,088 [DEBUG] API GET http://sb1.cpolab.ibm.com:8080/api/public/v1.0/backup/third_party/group/67eed68e0ba1970a07e16b77/clusters/695154083e4bf100f30af512/snapshot/696030123e4bf100f32df676
2026-01-08 16:35:26,245 [DEBUG] STATUS 200
2026-01-08 16:35:26,245 [DEBUG] {
  "nodes": [
    {
      "dbPath": "/fimongo1/data",
      "hidden": false,
      "hostname": "mdb8",
      "id": "mdb8:37017",
      "lastAgentPing": "2026-01-08T22:35:12Z",
      "memberState": "SECONDARY",
      "mongodbVersion": "8.0.10",
      "opTime": "2026-01-08T22:33:43Z",
      "oplogPath": "/oplog",
      "oplogStoreType": "thirdPartyOplogStore",
      "port": 37017,
      "priority": 1.0,
      "rsId": "sgcShard_0",
      "snapshotable": true,
      "votes": 1
    },
    {
      "dbPath": "/fimongo1/data",
      "hidden": false,
      "hostname": "mdb-config2",
      "id": "mdb-config2:37017",
      "lastAgentPing": "2026-01-08T22:34:44Z",
      "memberState": "SECONDARY",
      "mongodbVersion": "8.0.10",
      "opTime": "2026-01-08T22:33:47Z",
      "oplogPath": "/oplog",
      "oplogStoreType": "thirdPartyOplogStore",
      "port": 37017,
      "priority": 1.0,
      "rsId": "configRS",
      "snapshotable": true,
      "votes": 1
    },
    {
      "dbPath": "/fimongo1/data",
      "hidden": false,
      "hostname": "mdb9",
      "id": "mdb9:37017",
      "lastAgentPing": "2026-01-08T22:35:00Z",
      "memberState": "SECONDARY",
      "mongodbVersion": "8.0.10",
      "opTime": "2026-01-08T22:33:38Z",
      "oplogPath": "/oplog",
      "oplogStoreType": "thirdPartyOplogStore",
      "port": 37017,
      "priority": 1.0,
      "rsId": "sgcShard_1",
      "snapshotable": true,
      "votes": 1
    }
  ],
  "state": "FINISHING"
}
2026-01-08 16:35:26,245 [INFO] Snapshot state: FINISHING
2026-01-08 16:35:36,246 [DEBUG] API GET http://sb1.cpolab.ibm.com:8080/api/public/v1.0/backup/third_party/group/67eed68e0ba1970a07e16b77/clusters/695154083e4bf100f30af512/snapshot/696030123e4bf100f32df676
2026-01-08 16:35:36,393 [DEBUG] STATUS 200
2026-01-08 16:35:36,394 [DEBUG] {
  "nodes": [
    {
      "dbPath": "/fimongo1/data",
      "hidden": false,
      "hostname": "mdb8",
      "id": "mdb8:37017",
      "lastAgentPing": "2026-01-08T22:35:12Z",
      "memberState": "SECONDARY",
      "mongodbVersion": "8.0.10",
      "opTime": "2026-01-08T22:33:43Z",
      "oplogPath": "/oplog",
      "oplogStoreType": "thirdPartyOplogStore",
      "port": 37017,
      "priority": 1.0,
      "rsId": "sgcShard_0",
      "snapshotable": true,
      "votes": 1
    },
    {
      "dbPath": "/fimongo1/data",
      "hidden": false,
      "hostname": "mdb-config2",
      "id": "mdb-config2:37017",
      "lastAgentPing": "2026-01-08T22:34:44Z",
      "memberState": "SECONDARY",
      "mongodbVersion": "8.0.10",
      "opTime": "2026-01-08T22:33:47Z",
      "oplogPath": "/oplog",
      "oplogStoreType": "thirdPartyOplogStore",
      "port": 37017,
      "priority": 1.0,
      "rsId": "configRS",
      "snapshotable": true,
      "votes": 1
    },
    {
      "dbPath": "/fimongo1/data",
      "hidden": false,
      "hostname": "mdb9",
      "id": "mdb9:37017",
      "lastAgentPing": "2026-01-08T22:35:00Z",
      "memberState": "SECONDARY",
      "mongodbVersion": "8.0.10",
      "opTime": "2026-01-08T22:33:38Z",
      "oplogPath": "/oplog",
      "oplogStoreType": "thirdPartyOplogStore",
      "port": 37017,
      "priority": 1.0,
      "rsId": "sgcShard_1",
      "snapshotable": true,
      "votes": 1
    }
  ],
  "state": "FINISHING"
}
2026-01-08 16:35:36,394 [INFO] Snapshot state: FINISHING
2026-01-08 16:35:46,395 [DEBUG] API GET http://sb1.cpolab.ibm.com:8080/api/public/v1.0/backup/third_party/group/67eed68e0ba1970a07e16b77/clusters/695154083e4bf100f30af512/snapshot/696030123e4bf100f32df676
2026-01-08 16:35:46,608 [DEBUG] STATUS 200
2026-01-08 16:35:46,608 [DEBUG] {
  "nodes": [
    {
      "dbPath": "/fimongo1/data",
      "hidden": false,
      "hostname": "mdb8",
      "id": "mdb8:37017",
      "lastAgentPing": "2026-01-08T22:35:12Z",
      "memberState": "SECONDARY",
      "mongodbVersion": "8.0.10",
      "opTime": "2026-01-08T22:33:43Z",
      "oplogPath": "/oplog",
      "oplogStoreType": "thirdPartyOplogStore",
      "port": 37017,
      "priority": 1.0,
      "rsId": "sgcShard_0",
      "snapshotable": true,
      "votes": 1
    },
    {
      "dbPath": "/fimongo1/data",
      "hidden": false,
      "hostname": "mdb-config2",
      "id": "mdb-config2:37017",
      "lastAgentPing": "2026-01-08T22:35:45Z",
      "memberState": "SECONDARY",
      "mongodbVersion": "8.0.10",
      "opTime": "2026-01-08T22:33:47Z",
      "oplogPath": "/oplog",
      "oplogStoreType": "thirdPartyOplogStore",
      "port": 37017,
      "priority": 1.0,
      "rsId": "configRS",
      "snapshotable": true,
      "votes": 1
    },
    {
      "dbPath": "/fimongo1/data",
      "hidden": false,
      "hostname": "mdb9",
      "id": "mdb9:37017",
      "lastAgentPing": "2026-01-08T22:35:00Z",
      "memberState": "SECONDARY",
      "mongodbVersion": "8.0.10",
      "opTime": "2026-01-08T22:33:38Z",
      "oplogPath": "/oplog",
      "oplogStoreType": "thirdPartyOplogStore",
      "port": 37017,
      "priority": 1.0,
      "rsId": "sgcShard_1",
      "snapshotable": true,
      "votes": 1
    }
  ],
  "snapshotMetadata": {
    "clusterId": "695154083e4bf100f30af512",
    "clusterName": "sgcCluster",
    "groupId": "67eed68e0ba1970a07e16b77",
    "restoreTimestamp": {
      "increment": 1,
      "time": 1767911509
    },
    "rsSnapshotsMetadata": [
      {
        "defaultRWConcern": {
          "defaultReadConcern": {
            "level": "local"
          },
          "defaultReadConcernSource": "implicit",
          "defaultWriteConcern": {
            "w": "majority",
            "wtimeout": 0
          },
          "defaultWriteConcernSource": "implicit",
          "localUpdateWallClockTime": "2026-01-08T22:33:40Z"
        },
        "encryption": false,
        "fcv": "8.0",
        "incremental": true,
        "isConfigShard": false,
        "keyEncryptionUUID": null,
        "lastOplogApplied": {
          "increment": 1,
          "time": 1767911509
        },
        "member": "SHARD",
        "mongodbVersion": "8.0.10",
        "oplogStoreType": "thirdPartyOplogStore",
        "rsId": "sgcShard_0",
        "shardId": "sgcShard_0",
        "snapshotVersion": 1,
        "srcBackupName": null,
        "startupOptions": {},
        "storageEngine": "wiredTiger",
        "thisBackupName": "mdb8.37017.1767911475"
      },
      {
        "defaultRWConcern": {
          "defaultReadConcern": {
            "level": "local"
          },
          "defaultReadConcernSource": "implicit",
          "defaultWriteConcern": {
            "w": "majority",
            "wtimeout": 0
          },
          "defaultWriteConcernSource": "implicit",
          "localUpdateWallClockTime": "2026-01-08T22:33:40Z"
        },
        "encryption": false,
        "fcv": "8.0",
        "incremental": true,
        "isConfigShard": false,
        "keyEncryptionUUID": null,
        "lastOplogApplied": {
          "increment": 1,
          "time": 1767911509
        },
        "member": "CONFIG_SERVER",
        "mongodbVersion": "8.0.10",
        "oplogStoreType": "thirdPartyOplogStore",
        "rsId": "configRS",
        "shardId": "",
        "snapshotVersion": 1,
        "srcBackupName": null,
        "startupOptions": {},
        "storageEngine": "wiredTiger",
        "thisBackupName": "mdb-config2.37017.1767911510"
      },
      {
        "defaultRWConcern": {
          "defaultReadConcern": {
            "level": "local"
          },
          "defaultReadConcernSource": "implicit",
          "defaultWriteConcern": {
            "w": "majority",
            "wtimeout": 0
          },
          "defaultWriteConcernSource": "implicit",
          "localUpdateWallClockTime": "2026-01-08T22:33:40Z"
        },
        "encryption": false,
        "fcv": "8.0",
        "incremental": true,
        "isConfigShard": false,
        "keyEncryptionUUID": null,
        "lastOplogApplied": {
          "increment": 1,
          "time": 1767911509
        },
        "member": "SHARD",
        "mongodbVersion": "8.0.10",
        "oplogStoreType": "thirdPartyOplogStore",
        "rsId": "sgcShard_1",
        "shardId": "sgcShard_1",
        "snapshotVersion": 1,
        "srcBackupName": null,
        "startupOptions": {},
        "storageEngine": "wiredTiger",
        "thisBackupName": "mdb9.37017.1767911517"
      }
    ],
    "snapshotId": "696030123e4bf100f32df676",
    "snapshotTimestamp": {
      "increment": 1,
      "time": 1767911509
    }
  },
  "state": "FINISHED"
}
2026-01-08 16:35:46,609 [INFO] Snapshot state: FINISHED
2026-01-08 16:35:46,610 [INFO] Metadata saved: runs/sgcCluster_20260108T223041Z\snapshot_metadata.json
2026-01-08 16:35:46,611 [INFO] Snapshot workflow completed successfully
