2026-10-01 20:50:08,957 [INFO] Starting Ops Manager restore workflow
2026-10-01 20:50:08,987 [INFO] Restore point 6aba8d677c5bbb3be03c7d9c taken from cluster 'sgcCluster' at 2026-09-28T16:00:42.575037+00:00
2026-10-01 20:50:08,987 [INFO] Restore log: runs\sgcCluster_20260928T155215Z\restore_6aba8d677c5bbb3be03c7d9c_20261002T015008Z.log
2026-10-01 20:50:08,987 [INFO] Building infrastructure map for target cluster 'tgtCluster'
2026-10-01 20:51:02,236 [INFO] Shard mapping supplied by --shardmap:
2026-10-01 20:51:02,236 [INFO]   configRS -> tgtconfigRS
2026-10-01 20:51:02,237 [INFO]   sgcShard_0 -> tgtShard_0
2026-10-01 20:51:02,237 [INFO]   sgcShard_1 -> tgtShard_1
2026-10-01 20:51:02,237 [INFO] === VALIDATION (no restore will be performed) ===
2026-10-01 20:51:02,237 [INFO] Checking snapshot availability on the target's storage
2026-10-01 20:51:02,237 [INFO] Authenticating to FlashSystem fs9500-2.cpolab.ibm.com
2026-10-01 20:51:02,675 [INFO] configRS -> tgtconfigRS: 'configRS_6aba8d677c5bbb3be03c7d9c' available on fs9500-2.cpolab.ibm.com (volume group ORION15-mdb7-sgcCluster)
2026-10-01 20:51:02,675 [INFO] Authenticating to FlashSystem fs9500-3.cpolab.ibm.com
2026-10-01 20:51:03,139 [INFO] configRS -> tgtconfigRS: 'configRS_6aba8d677c5bbb3be03c7d9c' available on fs9500-3.cpolab.ibm.com (volume group ORION15-mdb7-sgcCluster-replicated)
2026-10-01 20:51:03,328 [INFO] sgcShard_0 -> tgtShard_0: 'sgcShard_0_6aba8d677c5bbb3be03c7d9c' available on fs9500-2.cpolab.ibm.com (volume group ORION16-mdb8-sgcCluster)
2026-10-01 20:51:03,538 [INFO] sgcShard_0 -> tgtShard_0: 'sgcShard_0_6aba8d677c5bbb3be03c7d9c' available on fs9500-3.cpolab.ibm.com (volume group ORION16-mdb8-sgcCluster-replicated)
2026-10-01 20:51:03,747 [INFO] sgcShard_1 -> tgtShard_1: 'sgcShard_1_6aba8d677c5bbb3be03c7d9c' available on fs9500-2.cpolab.ibm.com (volume group ORION17-mdb9-sgcCluster)
2026-10-01 20:51:03,935 [INFO] sgcShard_1 -> tgtShard_1: 'sgcShard_1_6aba8d677c5bbb3be03c7d9c' available on fs9500-3.cpolab.ibm.com (volume group ORION17-mdb9-sgcCluster-replicated)
2026-10-01 20:51:03,936 [INFO] Checking target host objects and hypervisor domains
2026-10-01 20:51:03,936 [INFO] Authenticating to FlashSystem fs9500-2.cpolab.ibm.com
2026-10-01 20:51:04,369 [INFO] tgtconfigRS/rmdb-config1: host object 'SG-FCP-ORION0A-new-mdb-kvm1' present on fs9500-2.cpolab.ibm.com
2026-10-01 20:51:05,956 [INFO] tgtconfigRS/rmdb-config1: defined on mdb-kvm1 (running)
2026-10-01 20:51:05,956 [INFO] Authenticating to FlashSystem fs9500-3.cpolab.ibm.com
2026-10-01 20:51:06,377 [INFO] tgtconfigRS/rmdb-config2: host object 'Orion0B-mdb-kvm2' present on fs9500-3.cpolab.ibm.com
2026-10-01 20:51:07,238 [INFO] tgtconfigRS/rmdb-config2: defined on mdb-kvm2 (running)
2026-10-01 20:51:07,498 [INFO] tgtconfigRS/rmdb7: host object 'Orion0C-mdb-kvm3' present on fs9500-3.cpolab.ibm.com
2026-10-01 20:51:08,363 [INFO] tgtconfigRS/rmdb7: defined on mdb-kvm3 (running)
2026-10-01 20:51:08,591 [INFO] tgtShard_0/rmdb11: host object 'SG-FCP-ORION0A-new-mdb-kvm1' present on fs9500-2.cpolab.ibm.com
2026-10-01 20:51:09,502 [INFO] tgtShard_0/rmdb11: defined on mdb-kvm1 (running)
2026-10-01 20:51:09,688 [INFO] tgtShard_0/rmdb13: host object 'Orion0B-mdb-kvm2' present on fs9500-3.cpolab.ibm.com
2026-10-01 20:51:10,588 [INFO] tgtShard_0/rmdb13: defined on mdb-kvm2 (running)
2026-10-01 20:51:10,770 [INFO] tgtShard_0/rmdb1: host object 'SG-FCP-ORION0A-new-mdb-kvm1' present on fs9500-2.cpolab.ibm.com
2026-10-01 20:51:11,607 [INFO] tgtShard_0/rmdb1: defined on mdb-kvm1 (running)
2026-10-01 20:51:11,822 [INFO] tgtShard_0/rmdb3: host object 'Orion0B-mdb-kvm2' present on fs9500-3.cpolab.ibm.com
2026-10-01 20:51:12,702 [INFO] tgtShard_0/rmdb3: defined on mdb-kvm2 (running)
2026-10-01 20:51:13,002 [INFO] tgtShard_0/rmdb8: host object 'Orion0C-mdb-kvm3' present on fs9500-3.cpolab.ibm.com
2026-10-01 20:51:13,842 [INFO] tgtShard_0/rmdb8: defined on mdb-kvm3 (running)
2026-10-01 20:51:14,089 [INFO] tgtShard_1/rmdb12: host object 'SG-FCP-ORION0A-new-mdb-kvm1' present on fs9500-2.cpolab.ibm.com
2026-10-01 20:51:15,037 [INFO] tgtShard_1/rmdb12: defined on mdb-kvm1 (running)
2026-10-01 20:51:15,235 [INFO] tgtShard_1/rmdb14: host object 'Orion0C-mdb-kvm3' present on fs9500-3.cpolab.ibm.com
2026-10-01 20:51:16,112 [INFO] tgtShard_1/rmdb14: defined on mdb-kvm3 (running)
2026-10-01 20:51:16,468 [INFO] tgtShard_1/rmdb2: host object 'SG-FCP-ORION0A-new-mdb-kvm1' present on fs9500-2.cpolab.ibm.com
2026-10-01 20:51:17,359 [INFO] tgtShard_1/rmdb2: defined on mdb-kvm1 (running)
2026-10-01 20:51:17,603 [INFO] tgtShard_1/rmdb4: host object 'Orion0B-mdb-kvm2' present on fs9500-3.cpolab.ibm.com
2026-10-01 20:51:18,469 [INFO] tgtShard_1/rmdb4: defined on mdb-kvm2 (running)
2026-10-01 20:51:18,652 [INFO] tgtShard_1/rmdb9: host object 'Orion0C-mdb-kvm3' present on fs9500-3.cpolab.ibm.com
2026-10-01 20:51:19,508 [INFO] tgtShard_1/rmdb9: defined on mdb-kvm3 (running)
2026-10-01 20:51:19,509 [INFO] Validation passed: snapshots available, host objects present, hypervisor domains defined
