2026-09-16 22:47:21,668 [INFO] Starting Ops Manager restore workflow
2026-09-16 22:47:22,264 [DEBUG] Validating FlashSystem snapshot: fs9500-2.cpolab.ibm.com | ORION15-mdb7 | ORION15-mdb7_6a8cb47a3d9e727fec91723d
2026-09-16 22:47:22,500 [INFO] Valid FlashSystem snapshot found: ORION15-mdb7_6a8cb47a3d9e727fec91723d (VG=ORION15-mdb7, system=fs9500-2.cpolab.ibm.com)
2026-09-16 22:47:22,500 [DEBUG] Validating FlashSystem snapshot: fs9500-2.cpolab.ibm.com | ORION16-mdb8 | ORION16-mdb8_6a8cb47a3d9e727fec91723d
2026-09-16 22:47:22,726 [INFO] Valid FlashSystem snapshot found: ORION16-mdb8_6a8cb47a3d9e727fec91723d (VG=ORION16-mdb8, system=fs9500-2.cpolab.ibm.com)
2026-09-16 22:47:22,727 [DEBUG] Validating FlashSystem snapshot: fs9500-2.cpolab.ibm.com | ORION17-mdb9 | ORION17-mdb9_6a8cb47a3d9e727fec91723d
2026-09-16 22:47:22,953 [INFO] Valid FlashSystem snapshot found: ORION17-mdb9_6a8cb47a3d9e727fec91723d (VG=ORION17-mdb9, system=fs9500-2.cpolab.ibm.com)
2026-09-16 22:47:22,954 [DEBUG] Validating FlashSystem snapshot: fs9500-2.cpolab.ibm.com | ORION16-FiServRep-mdb7 | ORION16-FiServRep-mdb7_6a8cafc53d9e727fec90e022
2026-09-16 22:47:23,183 [INFO] Valid FlashSystem snapshot found: ORION16-FiServRep-mdb7_6a8cafc53d9e727fec90e022 (VG=ORION16-FiServRep-mdb7, system=fs9500-2.cpolab.ibm.com)
2026-09-16 22:47:23,183 [DEBUG] Validating FlashSystem snapshot: fs9500-2.cpolab.ibm.com | ORION16-FiServRep-mdb8 | ORION16-FiServRep-mdb8_6a8cafc53d9e727fec90e022
2026-09-16 22:47:23,408 [INFO] Valid FlashSystem snapshot found: ORION16-FiServRep-mdb8_6a8cafc53d9e727fec90e022 (VG=ORION16-FiServRep-mdb8, system=fs9500-2.cpolab.ibm.com)
2026-09-16 22:47:23,409 [DEBUG] Validating FlashSystem snapshot: fs9500-2.cpolab.ibm.com | ORION16-FiServRep-mdb9 | ORION16-FiServRep-mdb9_6a8cafc53d9e727fec90e022
2026-09-16 22:47:23,636 [INFO] Valid FlashSystem snapshot found: ORION16-FiServRep-mdb9_6a8cafc53d9e727fec90e022 (VG=ORION16-FiServRep-mdb9, system=fs9500-2.cpolab.ibm.com)
2026-09-16 22:47:23,638 [DEBUG] Validating FlashSystem snapshot: fs9500-2.cpolab.ibm.com | ORION15-mdb7 | ORION15-mdb7_6a68b32f0b3bb92668791421
2026-09-16 22:47:23,863 [INFO] Expired snapshot: ORION15-mdb7_6a68b32f0b3bb92668791421 (VG=ORION15-mdb7, system=fs9500-2.cpolab.ibm.com)
2026-09-16 22:47:23,864 [DEBUG] Validating FlashSystem snapshot: fs9500-2.cpolab.ibm.com | ORION16-mdb8 | ORION16-mdb8_6a68b32f0b3bb92668791421
2026-09-16 22:47:24,104 [INFO] Expired snapshot: ORION16-mdb8_6a68b32f0b3bb92668791421 (VG=ORION16-mdb8, system=fs9500-2.cpolab.ibm.com)
2026-09-16 22:47:24,105 [DEBUG] Validating FlashSystem snapshot: fs9500-2.cpolab.ibm.com | ORION17-mdb9 | ORION17-mdb9_6a68b32f0b3bb92668791421
2026-09-16 22:47:24,366 [INFO] Expired snapshot: ORION17-mdb9_6a68b32f0b3bb92668791421 (VG=ORION17-mdb9, system=fs9500-2.cpolab.ibm.com)
2026-09-16 22:47:24,367 [DEBUG] Validating FlashSystem snapshot: fs9500-2.cpolab.ibm.com | ORION15-mdb7 | ORION15-mdb7_6a6376d00b3bb92668f7e0e6
2026-09-16 22:47:24,605 [INFO] Expired snapshot: ORION15-mdb7_6a6376d00b3bb92668f7e0e6 (VG=ORION15-mdb7, system=fs9500-2.cpolab.ibm.com)
2026-09-16 22:47:24,605 [DEBUG] Validating FlashSystem snapshot: fs9500-2.cpolab.ibm.com | ORION16-mdb8 | ORION16-mdb8_6a6376d00b3bb92668f7e0e6
2026-09-16 22:47:24,838 [INFO] Expired snapshot: ORION16-mdb8_6a6376d00b3bb92668f7e0e6 (VG=ORION16-mdb8, system=fs9500-2.cpolab.ibm.com)
2026-09-16 22:47:24,839 [DEBUG] Validating FlashSystem snapshot: fs9500-2.cpolab.ibm.com | ORION17-mdb9 | ORION17-mdb9_6a6376d00b3bb92668f7e0e6
2026-09-16 22:47:25,069 [INFO] Expired snapshot: ORION17-mdb9_6a6376d00b3bb92668f7e0e6 (VG=ORION17-mdb9, system=fs9500-2.cpolab.ibm.com)
