2026-02-05 14:57:39,376 [INFO] Starting Ops Manager restore workflow
2026-02-05 14:57:40,106 [DEBUG] Validating FlashSystem snapshot: fs9500-2.cpolab.ibm.com | ORION15-mdb7 | ORION15-mdb7_6984ff8b3e4bf100f368ac18
2026-02-05 14:57:40,318 [INFO] Valid FlashSystem snapshot found: ORION15-mdb7_6984ff8b3e4bf100f368ac18 (VG=ORION15-mdb7, system=fs9500-2.cpolab.ibm.com)
2026-02-05 14:57:40,319 [DEBUG] Validating FlashSystem snapshot: fs9500-2.cpolab.ibm.com | ORION17-mdb9 | ORION17-mdb9_6984ff8b3e4bf100f368ac18
2026-02-05 14:57:40,533 [INFO] Valid FlashSystem snapshot found: ORION17-mdb9_6984ff8b3e4bf100f368ac18 (VG=ORION17-mdb9, system=fs9500-2.cpolab.ibm.com)
2026-02-05 14:57:40,534 [DEBUG] Validating FlashSystem snapshot: fs9500-2.cpolab.ibm.com | ORION16-mdb8 | ORION16-mdb8_6984ff8b3e4bf100f368ac18
2026-02-05 14:57:40,753 [INFO] Valid FlashSystem snapshot found: ORION16-mdb8_6984ff8b3e4bf100f368ac18 (VG=ORION16-mdb8, system=fs9500-2.cpolab.ibm.com)
2026-02-05 14:57:40,754 [DEBUG] Validating FlashSystem snapshot: fs9500-3.cpolab.ibm.com | RecoveryShards | RecoveryShards_6984ff8b3e4bf100f368ac18
2026-02-05 14:57:40,989 [INFO] Valid FlashSystem snapshot found: RecoveryShards_6984ff8b3e4bf100f368ac18 (VG=RecoveryShards, system=fs9500-3.cpolab.ibm.com)
2026-02-05 14:57:40,989 [DEBUG] Validating FlashSystem snapshot: fs9500-2.cpolab.ibm.com | ORION15-mdb7 | ORION15-mdb7_69824f2f3e4bf100f3076d81
2026-02-05 14:57:41,205 [INFO] Valid FlashSystem snapshot found: ORION15-mdb7_69824f2f3e4bf100f3076d81 (VG=ORION15-mdb7, system=fs9500-2.cpolab.ibm.com)
2026-02-05 14:57:41,206 [DEBUG] Validating FlashSystem snapshot: fs9500-2.cpolab.ibm.com | ORION17-mdb9 | ORION17-mdb9_69824f2f3e4bf100f3076d81
2026-02-05 14:57:41,431 [INFO] Valid FlashSystem snapshot found: ORION17-mdb9_69824f2f3e4bf100f3076d81 (VG=ORION17-mdb9, system=fs9500-2.cpolab.ibm.com)
2026-02-05 14:57:41,431 [DEBUG] Validating FlashSystem snapshot: fs9500-2.cpolab.ibm.com | ORION16-mdb8 | ORION16-mdb8_69824f2f3e4bf100f3076d81
2026-02-05 14:57:41,660 [INFO] Valid FlashSystem snapshot found: ORION16-mdb8_69824f2f3e4bf100f3076d81 (VG=ORION16-mdb8, system=fs9500-2.cpolab.ibm.com)
2026-02-05 14:57:41,661 [DEBUG] Validating FlashSystem snapshot: fs9500-3.cpolab.ibm.com | RecoveryShards | RecoveryShards_69824f2f3e4bf100f3076d81
2026-02-05 14:57:41,851 [INFO] Valid FlashSystem snapshot found: RecoveryShards_69824f2f3e4bf100f3076d81 (VG=RecoveryShards, system=fs9500-3.cpolab.ibm.com)
2026-02-05 14:57:41,851 [DEBUG] Validating FlashSystem snapshot: fs9500-2.cpolab.ibm.com | ORION15-mdb7 | ORION15-mdb7_6980f36e3e4bf100f3d674e5
2026-02-05 14:57:42,057 [INFO] Expired snapshot: ORION15-mdb7_6980f36e3e4bf100f3d674e5 (VG=ORION15-mdb7, system=fs9500-2.cpolab.ibm.com)
2026-02-05 14:57:42,057 [DEBUG] Validating FlashSystem snapshot: fs9500-2.cpolab.ibm.com | ORION17-mdb9 | ORION17-mdb9_6980f36e3e4bf100f3d674e5
2026-02-05 14:57:42,262 [INFO] Expired snapshot: ORION17-mdb9_6980f36e3e4bf100f3d674e5 (VG=ORION17-mdb9, system=fs9500-2.cpolab.ibm.com)
2026-02-05 14:57:42,262 [DEBUG] Validating FlashSystem snapshot: fs9500-2.cpolab.ibm.com | ORION16-mdb8 | ORION16-mdb8_6980f36e3e4bf100f3d674e5
2026-02-05 14:57:42,468 [INFO] Expired snapshot: ORION16-mdb8_6980f36e3e4bf100f3d674e5 (VG=ORION16-mdb8, system=fs9500-2.cpolab.ibm.com)
2026-02-05 14:57:42,469 [DEBUG] Validating FlashSystem snapshot: fs9500-3.cpolab.ibm.com | RecoveryShards | RecoveryShards_6980f36e3e4bf100f3d674e5
2026-02-05 14:57:42,661 [INFO] Expired snapshot: RecoveryShards_6980f36e3e4bf100f3d674e5 (VG=RecoveryShards, system=fs9500-3.cpolab.ibm.com)
2026-02-05 14:57:42,662 [DEBUG] Validating FlashSystem snapshot: fs9500-2.cpolab.ibm.com | ORION15-mdb7 | ORION15-mdb7_697a535e3e4bf100f3e7bec5
2026-02-05 14:57:42,875 [INFO] Expired snapshot: ORION15-mdb7_697a535e3e4bf100f3e7bec5 (VG=ORION15-mdb7, system=fs9500-2.cpolab.ibm.com)
2026-02-05 14:57:42,876 [DEBUG] Validating FlashSystem snapshot: fs9500-2.cpolab.ibm.com | ORION17-mdb9 | ORION17-mdb9_697a535e3e4bf100f3e7bec5
2026-02-05 14:57:43,082 [INFO] Expired snapshot: ORION17-mdb9_697a535e3e4bf100f3e7bec5 (VG=ORION17-mdb9, system=fs9500-2.cpolab.ibm.com)
2026-02-05 14:57:43,082 [DEBUG] Validating FlashSystem snapshot: fs9500-2.cpolab.ibm.com | ORION16-mdb8 | ORION16-mdb8_697a535e3e4bf100f3e7bec5
2026-02-05 14:57:43,285 [INFO] Expired snapshot: ORION16-mdb8_697a535e3e4bf100f3e7bec5 (VG=ORION16-mdb8, system=fs9500-2.cpolab.ibm.com)
2026-02-05 14:57:43,286 [DEBUG] Validating FlashSystem snapshot: fs9500-2.cpolab.ibm.com | ORION15-mdb7 | ORION15-mdb7_697902f73e4bf100f3b7b9b7
2026-02-05 14:57:43,487 [INFO] Expired snapshot: ORION15-mdb7_697902f73e4bf100f3b7b9b7 (VG=ORION15-mdb7, system=fs9500-2.cpolab.ibm.com)
2026-02-05 14:57:43,487 [DEBUG] Validating FlashSystem snapshot: fs9500-2.cpolab.ibm.com | ORION17-mdb9 | ORION17-mdb9_697902f73e4bf100f3b7b9b7
2026-02-05 14:57:43,711 [INFO] Expired snapshot: ORION17-mdb9_697902f73e4bf100f3b7b9b7 (VG=ORION17-mdb9, system=fs9500-2.cpolab.ibm.com)
2026-02-05 14:57:43,711 [DEBUG] Validating FlashSystem snapshot: fs9500-2.cpolab.ibm.com | ORION16-mdb8 | ORION16-mdb8_697902f73e4bf100f3b7b9b7
2026-02-05 14:57:43,933 [INFO] Expired snapshot: ORION16-mdb8_697902f73e4bf100f3b7b9b7 (VG=ORION16-mdb8, system=fs9500-2.cpolab.ibm.com)
