2026-07-14 08:18:33,835 [INFO] Starting Ops Manager restore workflow
2026-07-14 08:18:35,024 [DEBUG] Validating FlashSystem snapshot: fs9500-2.cpolab.ibm.com | ORION16-FiServRep-mdb7 | ORION16-FiServRep-mdb7_6a56352484006855ce52776a
2026-07-14 08:18:35,487 [INFO] Valid FlashSystem snapshot found: ORION16-FiServRep-mdb7_6a56352484006855ce52776a (VG=ORION16-FiServRep-mdb7, system=fs9500-2.cpolab.ibm.com)
2026-07-14 08:18:35,488 [DEBUG] Validating FlashSystem snapshot: fs9500-2.cpolab.ibm.com | ORION16-FiServRep-mdb8 | ORION16-FiServRep-mdb8_6a56352484006855ce52776a
2026-07-14 08:18:35,988 [INFO] Valid FlashSystem snapshot found: ORION16-FiServRep-mdb8_6a56352484006855ce52776a (VG=ORION16-FiServRep-mdb8, system=fs9500-2.cpolab.ibm.com)
2026-07-14 08:18:35,995 [DEBUG] Validating FlashSystem snapshot: fs9500-2.cpolab.ibm.com | ORION16-FiServRep-mdb9 | ORION16-FiServRep-mdb9_6a56352484006855ce52776a
2026-07-14 08:18:36,481 [INFO] Valid FlashSystem snapshot found: ORION16-FiServRep-mdb9_6a56352484006855ce52776a (VG=ORION16-FiServRep-mdb9, system=fs9500-2.cpolab.ibm.com)
2026-07-14 08:18:36,483 [DEBUG] Validating FlashSystem snapshot: fs9500-2.cpolab.ibm.com | ORION16-FiServRep-mdb7 | ORION16-FiServRep-mdb7_6a56339184006855ce5254ea
2026-07-14 08:18:36,940 [INFO] Valid FlashSystem snapshot found: ORION16-FiServRep-mdb7_6a56339184006855ce5254ea (VG=ORION16-FiServRep-mdb7, system=fs9500-2.cpolab.ibm.com)
2026-07-14 08:18:36,941 [DEBUG] Validating FlashSystem snapshot: fs9500-2.cpolab.ibm.com | ORION16-FiServRep-mdb8 | ORION16-FiServRep-mdb8_6a56339184006855ce5254ea
2026-07-14 08:18:37,469 [INFO] Valid FlashSystem snapshot found: ORION16-FiServRep-mdb8_6a56339184006855ce5254ea (VG=ORION16-FiServRep-mdb8, system=fs9500-2.cpolab.ibm.com)
2026-07-14 08:18:37,471 [DEBUG] Validating FlashSystem snapshot: fs9500-2.cpolab.ibm.com | ORION16-FiServRep-mdb9 | ORION16-FiServRep-mdb9_6a56339184006855ce5254ea
2026-07-14 08:18:37,927 [INFO] Valid FlashSystem snapshot found: ORION16-FiServRep-mdb9_6a56339184006855ce5254ea (VG=ORION16-FiServRep-mdb9, system=fs9500-2.cpolab.ibm.com)
2026-07-14 08:18:37,929 [DEBUG] Validating FlashSystem snapshot: fs9500-2.cpolab.ibm.com | ORION16-FiServRep-mdb7 | ORION16-FiServRep-mdb7_6a4e5a6f84006855cea7de7d
2026-07-14 08:18:38,442 [INFO] Valid FlashSystem snapshot found: ORION16-FiServRep-mdb7_6a4e5a6f84006855cea7de7d (VG=ORION16-FiServRep-mdb7, system=fs9500-2.cpolab.ibm.com)
2026-07-14 08:18:38,444 [DEBUG] Validating FlashSystem snapshot: fs9500-2.cpolab.ibm.com | ORION16-FiServRep-mdb8 | ORION16-FiServRep-mdb8_6a4e5a6f84006855cea7de7d
2026-07-14 08:18:38,943 [INFO] Valid FlashSystem snapshot found: ORION16-FiServRep-mdb8_6a4e5a6f84006855cea7de7d (VG=ORION16-FiServRep-mdb8, system=fs9500-2.cpolab.ibm.com)
2026-07-14 08:18:38,945 [DEBUG] Validating FlashSystem snapshot: fs9500-2.cpolab.ibm.com | ORION16-FiServRep-mdb9 | ORION16-FiServRep-mdb9_6a4e5a6f84006855cea7de7d
2026-07-14 08:18:39,420 [INFO] Valid FlashSystem snapshot found: ORION16-FiServRep-mdb9_6a4e5a6f84006855cea7de7d (VG=ORION16-FiServRep-mdb9, system=fs9500-2.cpolab.ibm.com)
2026-07-14 08:18:39,422 [DEBUG] Validating FlashSystem snapshot: fs9500-2.cpolab.ibm.com | ORION16-FiServRep-mdb7 | ORION16-FiServRep-mdb7_6a4e4dca84006855cea6a399
2026-07-14 08:18:39,897 [INFO] Valid FlashSystem snapshot found: ORION16-FiServRep-mdb7_6a4e4dca84006855cea6a399 (VG=ORION16-FiServRep-mdb7, system=fs9500-2.cpolab.ibm.com)
2026-07-14 08:18:39,901 [DEBUG] Validating FlashSystem snapshot: fs9500-2.cpolab.ibm.com | ORION16-FiServRep-mdb8 | ORION16-FiServRep-mdb8_6a4e4dca84006855cea6a399
2026-07-14 08:18:40,499 [INFO] Valid FlashSystem snapshot found: ORION16-FiServRep-mdb8_6a4e4dca84006855cea6a399 (VG=ORION16-FiServRep-mdb8, system=fs9500-2.cpolab.ibm.com)
2026-07-14 08:18:40,500 [DEBUG] Validating FlashSystem snapshot: fs9500-2.cpolab.ibm.com | ORION16-FiServRep-mdb9 | ORION16-FiServRep-mdb9_6a4e4dca84006855cea6a399
2026-07-14 08:18:41,016 [INFO] Valid FlashSystem snapshot found: ORION16-FiServRep-mdb9_6a4e4dca84006855cea6a399 (VG=ORION16-FiServRep-mdb9, system=fs9500-2.cpolab.ibm.com)
2026-07-14 08:18:41,018 [DEBUG] Validating FlashSystem snapshot: fs9500-2.cpolab.ibm.com | ORION16-FiServRep-mdb7 | ORION16-FiServRep-mdb7_6a4280b4f9f8584e2237151c
2026-07-14 08:18:41,475 [INFO] Expired snapshot: ORION16-FiServRep-mdb7_6a4280b4f9f8584e2237151c (VG=ORION16-FiServRep-mdb7, system=fs9500-2.cpolab.ibm.com)
2026-07-14 08:18:41,476 [DEBUG] Validating FlashSystem snapshot: fs9500-2.cpolab.ibm.com | ORION16-FiServRep-mdb8 | ORION16-FiServRep-mdb8_6a4280b4f9f8584e2237151c
2026-07-14 08:18:42,031 [INFO] Expired snapshot: ORION16-FiServRep-mdb8_6a4280b4f9f8584e2237151c (VG=ORION16-FiServRep-mdb8, system=fs9500-2.cpolab.ibm.com)
2026-07-14 08:18:42,032 [DEBUG] Validating FlashSystem snapshot: fs9500-2.cpolab.ibm.com | ORION16-FiServRep-mdb9 | ORION16-FiServRep-mdb9_6a4280b4f9f8584e2237151c
2026-07-14 08:18:42,503 [INFO] Expired snapshot: ORION16-FiServRep-mdb9_6a4280b4f9f8584e2237151c (VG=ORION16-FiServRep-mdb9, system=fs9500-2.cpolab.ibm.com)
2026-07-14 08:18:42,505 [DEBUG] Validating FlashSystem snapshot: fs9500-2.cpolab.ibm.com | ORION16-FiServRep-mdb7 | ORION16-FiServRep-mdb7_6a427f1ef9f8584e2236f01b
2026-07-14 08:18:43,148 [INFO] Expired snapshot: ORION16-FiServRep-mdb7_6a427f1ef9f8584e2236f01b (VG=ORION16-FiServRep-mdb7, system=fs9500-2.cpolab.ibm.com)
2026-07-14 08:18:43,150 [DEBUG] Validating FlashSystem snapshot: fs9500-2.cpolab.ibm.com | ORION16-FiServRep-mdb8 | ORION16-FiServRep-mdb8_6a427f1ef9f8584e2236f01b
2026-07-14 08:18:43,721 [INFO] Expired snapshot: ORION16-FiServRep-mdb8_6a427f1ef9f8584e2236f01b (VG=ORION16-FiServRep-mdb8, system=fs9500-2.cpolab.ibm.com)
2026-07-14 08:18:43,722 [DEBUG] Validating FlashSystem snapshot: fs9500-2.cpolab.ibm.com | ORION16-FiServRep-mdb9 | ORION16-FiServRep-mdb9_6a427f1ef9f8584e2236f01b
2026-07-14 08:18:44,221 [INFO] Expired snapshot: ORION16-FiServRep-mdb9_6a427f1ef9f8584e2236f01b (VG=ORION16-FiServRep-mdb9, system=fs9500-2.cpolab.ibm.com)
2026-07-14 08:18:44,223 [DEBUG] Validating FlashSystem snapshot: fs9500-2.cpolab.ibm.com | ORION16-FiServRep-mdb7 | ORION16-FiServRep-mdb7_6a42777bf9f8584e223647b0
2026-07-14 08:18:44,703 [INFO] Expired snapshot: ORION16-FiServRep-mdb7_6a42777bf9f8584e223647b0 (VG=ORION16-FiServRep-mdb7, system=fs9500-2.cpolab.ibm.com)
2026-07-14 08:18:44,705 [DEBUG] Validating FlashSystem snapshot: fs9500-2.cpolab.ibm.com | ORION16-FiServRep-mdb8 | ORION16-FiServRep-mdb8_6a42777bf9f8584e223647b0
2026-07-14 08:18:45,271 [INFO] Expired snapshot: ORION16-FiServRep-mdb8_6a42777bf9f8584e223647b0 (VG=ORION16-FiServRep-mdb8, system=fs9500-2.cpolab.ibm.com)
2026-07-14 08:18:45,272 [DEBUG] Validating FlashSystem snapshot: fs9500-2.cpolab.ibm.com | ORION16-FiServRep-mdb9 | ORION16-FiServRep-mdb9_6a42777bf9f8584e223647b0
2026-07-14 08:18:45,746 [INFO] Expired snapshot: ORION16-FiServRep-mdb9_6a42777bf9f8584e223647b0 (VG=ORION16-FiServRep-mdb9, system=fs9500-2.cpolab.ibm.com)
2026-07-14 08:18:45,748 [DEBUG] Validating FlashSystem snapshot: fs9500-2.cpolab.ibm.com | ORION16-FiServRep-mdb7 | ORION16-FiServRep-mdb7_6a4275cff9f8584e2236226f
2026-07-14 08:18:46,482 [INFO] Expired snapshot: ORION16-FiServRep-mdb7_6a4275cff9f8584e2236226f (VG=ORION16-FiServRep-mdb7, system=fs9500-2.cpolab.ibm.com)
2026-07-14 08:18:46,484 [DEBUG] Validating FlashSystem snapshot: fs9500-2.cpolab.ibm.com | ORION16-FiServRep-mdb8 | ORION16-FiServRep-mdb8_6a4275cff9f8584e2236226f
2026-07-14 08:18:47,127 [INFO] Expired snapshot: ORION16-FiServRep-mdb8_6a4275cff9f8584e2236226f (VG=ORION16-FiServRep-mdb8, system=fs9500-2.cpolab.ibm.com)
2026-07-14 08:18:47,130 [DEBUG] Validating FlashSystem snapshot: fs9500-2.cpolab.ibm.com | ORION16-FiServRep-mdb9 | ORION16-FiServRep-mdb9_6a4275cff9f8584e2236226f
2026-07-14 08:18:47,686 [INFO] Expired snapshot: ORION16-FiServRep-mdb9_6a4275cff9f8584e2236226f (VG=ORION16-FiServRep-mdb9, system=fs9500-2.cpolab.ibm.com)
2026-07-14 08:18:47,687 [DEBUG] Validating FlashSystem snapshot: fs9500-2.cpolab.ibm.com | ORION16-FiServRep-mdb7 | ORION16-FiServRep-mdb7_6a42727bf9f8584e2235d88a
2026-07-14 08:18:48,332 [INFO] Expired snapshot: ORION16-FiServRep-mdb7_6a42727bf9f8584e2235d88a (VG=ORION16-FiServRep-mdb7, system=fs9500-2.cpolab.ibm.com)
2026-07-14 08:18:48,334 [DEBUG] Validating FlashSystem snapshot: fs9500-2.cpolab.ibm.com | ORION16-FiServRep-mdb8 | ORION16-FiServRep-mdb8_6a42727bf9f8584e2235d88a
2026-07-14 08:18:48,942 [INFO] Expired snapshot: ORION16-FiServRep-mdb8_6a42727bf9f8584e2235d88a (VG=ORION16-FiServRep-mdb8, system=fs9500-2.cpolab.ibm.com)
2026-07-14 08:18:48,944 [DEBUG] Validating FlashSystem snapshot: fs9500-2.cpolab.ibm.com | ORION16-FiServRep-mdb9 | ORION16-FiServRep-mdb9_6a42727bf9f8584e2235d88a
2026-07-14 08:18:49,674 [INFO] Expired snapshot: ORION16-FiServRep-mdb9_6a42727bf9f8584e2235d88a (VG=ORION16-FiServRep-mdb9, system=fs9500-2.cpolab.ibm.com)
2026-07-14 08:18:49,676 [DEBUG] API GET http://129.40.36.100:8080/api/public/v1.0/backup/third_party/group/6a386221ee19a6537cc68a97/clusters
2026-07-14 08:18:49,850 [DEBUG] STATUS 200
2026-07-14 08:18:49,850 [DEBUG] {
  "clusters": [
    {
      "clusterId": "6a387fc1f9f8584e2262c8f3",
      "clusterName": "testRep",
      "groupId": "6a386221ee19a6537cc68a97",
      "jobId": "6a387fc1f9f8584e2262c8f3",
      "state": "ACTIVE"
    },
    {
      "clusterId": "6a3939acf9f8584e226a56e4",
      "clusterName": "tsetrepRestore",
      "groupId": "6a386221ee19a6537cc68a97",
      "jobId": "6a3939acf9f8584e226a56e4",
      "state": "ACTIVE"
    },
    {
      "clusterId": "6a39559ff9f8584e226bec72",
      "clusterName": "sgcCluster",
      "groupId": "6a386221ee19a6537cc68a97",
      "jobId": "6a39559ff9f8584e226bec72",
      "state": "ACTIVE"
    },
    {
      "clusterId": "6a39582af9f8584e226c2953",
      "clusterName": "tgtCluster",
      "groupId": "6a386221ee19a6537cc68a97",
      "jobId": "6a39582af9f8584e226c2953",
      "state": "ACTIVE"
    }
  ]
}
2026-07-14 08:18:49,850 [DEBUG] API GET http://129.40.36.100:8080/api/public/v1.0/backup/third_party/group/6a386221ee19a6537cc68a97/clusters/6a3939acf9f8584e226a56e4
2026-07-14 08:18:49,981 [DEBUG] STATUS 200
2026-07-14 08:18:49,981 [DEBUG] {
  "replicaSets": [
    {
      "id": "tsetrepRestore",
      "nodes": [
        {
          "dbPath": "/fimongo/data",
          "hidden": false,
          "hostname": "rmdb9",
          "id": "rmdb9:27017",
          "lastAgentPing": "2026-07-14T13:18:43Z",
          "memberState": "SECONDARY",
          "mongodbVersion": "8.0.26",
          "opTime": "2026-07-14T13:17:10Z",
          "oplogStoreType": "thirdPartyOplogStore",
          "port": 27017,
          "priority": 1.0,
          "rsId": "tsetrepRestore",
          "snapshotable": true,
          "votes": 1
        },
        {
          "dbPath": "/fimongo/data",
          "hidden": false,
          "hostname": "rmdb7",
          "id": "rmdb7:27017",
          "lastAgentPing": "2026-07-14T13:17:56Z",
          "memberState": "SECONDARY",
          "mongodbVersion": "8.0.26",
          "opTime": "2026-07-14T13:17:10Z",
          "oplogStoreType": "thirdPartyOplogStore",
          "port": 27017,
          "priority": 1.0,
          "rsId": "tsetrepRestore",
          "snapshotable": true,
          "votes": 1
        },
        {
          "dbPath": "/fimongo/data",
          "hidden": false,
          "hostname": "rmdb8",
          "id": "rmdb8:27017",
          "lastAgentPing": "2026-07-14T13:18:15Z",
          "memberState": "PRIMARY",
          "mongodbVersion": "8.0.26",
          "opTime": "2026-07-14T13:17:10Z",
          "oplogStoreType": "thirdPartyOplogStore",
          "port": 27017,
          "priority": 1.0,
          "rsId": "tsetrepRestore",
          "snapshotable": true,
          "votes": 1
        }
      ],
      "oplogType": "thirdParty"
    }
  ]
}
2026-07-14 08:18:49,982 [INFO] Source replica sets : 1
2026-07-14 08:18:49,982 [INFO] Destination replica sets : 1
2026-07-14 08:18:49,983 [INFO] Cluster topology validation passed
2026-07-14 08:18:49,983 [DEBUG] API GET http://129.40.36.100:8080/api/public/v1.0/backup/third_party/group/6a386221ee19a6537cc68a97/clusters/6a3939acf9f8584e226a56e4
2026-07-14 08:18:50,130 [DEBUG] STATUS 200
2026-07-14 08:18:50,130 [DEBUG] {
  "replicaSets": [
    {
      "id": "tsetrepRestore",
      "nodes": [
        {
          "dbPath": "/fimongo/data",
          "hidden": false,
          "hostname": "rmdb9",
          "id": "rmdb9:27017",
          "lastAgentPing": "2026-07-14T13:18:43Z",
          "memberState": "SECONDARY",
          "mongodbVersion": "8.0.26",
          "opTime": "2026-07-14T13:17:10Z",
          "oplogStoreType": "thirdPartyOplogStore",
          "port": 27017,
          "priority": 1.0,
          "rsId": "tsetrepRestore",
          "snapshotable": true,
          "votes": 1
        },
        {
          "dbPath": "/fimongo/data",
          "hidden": false,
          "hostname": "rmdb7",
          "id": "rmdb7:27017",
          "lastAgentPing": "2026-07-14T13:17:56Z",
          "memberState": "SECONDARY",
          "mongodbVersion": "8.0.26",
          "opTime": "2026-07-14T13:17:10Z",
          "oplogStoreType": "thirdPartyOplogStore",
          "port": 27017,
          "priority": 1.0,
          "rsId": "tsetrepRestore",
          "snapshotable": true,
          "votes": 1
        },
        {
          "dbPath": "/fimongo/data",
          "hidden": false,
          "hostname": "rmdb8",
          "id": "rmdb8:27017",
          "lastAgentPing": "2026-07-14T13:18:15Z",
          "memberState": "PRIMARY",
          "mongodbVersion": "8.0.26",
          "opTime": "2026-07-14T13:17:10Z",
          "oplogStoreType": "thirdPartyOplogStore",
          "port": 27017,
          "priority": 1.0,
          "rsId": "tsetrepRestore",
          "snapshotable": true,
          "votes": 1
        }
      ],
      "oplogType": "thirdParty"
    }
  ]
}
2026-07-14 08:18:50,130 [DEBUG] API POST http://129.40.36.100:8080/api/public/v1.0/backup/third_party/group/6a386221ee19a6537cc68a97/clusters/6a3939acf9f8584e226a56e4/restore
2026-07-14 08:18:50,130 [DEBUG] {
  "snapshotsMetadata": [
    {
      "clusterId": "6a387fc1f9f8584e2262c8f3",
      "clusterName": "testRep",
      "groupId": "6a386221ee19a6537cc68a97",
      "restoreTimestamp": {
        "increment": 1,
        "time": 1784034609
      },
      "rsSnapshotsMetadata": [
        {
          "defaultRWConcern": {
            "defaultReadConcern": {
              "level": "local"
            },
            "defaultReadConcernSource": "implicit",
            "defaultWriteConcern": {
              "w": "majority",
              "wtimeout": 0
            },
            "defaultWriteConcernSource": "implicit",
            "localUpdateWallClockTime": "2026-07-14T13:10:29Z"
          },
          "encryption": false,
          "fcv": "8.0",
          "fileSize": 9830400,
          "incremental": true,
          "isConfigShard": false,
          "keyEncryptionUUID": null,
          "lastOplogApplied": {
            "increment": 1,
            "time": 1784034609
          },
          "member": "REPLICA_SET",
          "mongodbVersion": "8.0.26",
          "oplogStoreType": "thirdPartyOplogStore",
          "rsId": "testRep",
          "shardId": null,
          "snapshotVersion": 1,
          "srcBackupName": null,
          "startupOptions": {},
          "storageEngine": "wiredTiger",
          "thisBackupName": "mdb8.27017.1784034611"
        }
      ],
      "snapshotId": "6a56352484006855ce52776a",
      "snapshotTimestamp": {
        "increment": 1,
        "time": 1784034609
      }
    }
  ],
  "nodes": [
    {
      "id": "rmdb9:27017",
      "restoreRole": "RESTORE"
    },
    {
      "id": "rmdb7:27017",
      "restoreRole": "RESTORE"
    },
    {
      "id": "rmdb8:27017",
      "restoreRole": "RESTORE"
    }
  ]
}
2026-07-14 08:18:50,252 [DEBUG] STATUS 200
2026-07-14 08:18:50,253 [DEBUG] {
  "clusterMapping": [
    {
      "nodes": [
        {
          "error": null,
          "hostname": "rmdb9",
          "id": "rmdb9:27017",
          "port": 27017,
          "rsId": "tsetrepRestore",
          "state": "INITIAL",
          "stateUpdateTime": null
        },
        {
          "error": null,
          "hostname": "rmdb7",
          "id": "rmdb7:27017",
          "port": 27017,
          "rsId": "tsetrepRestore",
          "state": "INITIAL",
          "stateUpdateTime": null
        },
        {
          "error": null,
          "hostname": "rmdb8",
          "id": "rmdb8:27017",
          "port": 27017,
          "rsId": "tsetrepRestore",
          "state": "INITIAL",
          "stateUpdateTime": null
        }
      ],
      "rsId": "testRep",
      "targetRsId": "tsetrepRestore"
    }
  ],
  "restoreId": "6a5637388a91cdade89e3151"
}
2026-07-14 08:18:50,256 [INFO] Restore ID: 6a5637388a91cdade89e3151
2026-07-14 08:18:50,257 [DEBUG] API POST http://129.40.36.100:8080/api/public/v1.0/backup/third_party/group/6a386221ee19a6537cc68a97/restore/6a5637388a91cdade89e3151/start
2026-07-14 08:18:50,618 [DEBUG] STATUS 200
2026-07-14 08:18:50,618 [DEBUG] {
  "errorCode": "NONE",
  "version": "1",
  "status": "OK"
}
2026-07-14 08:18:50,618 [DEBUG] API GET http://129.40.36.100:8080/api/public/v1.0/backup/third_party/group/6a386221ee19a6537cc68a97/restore/6a5637388a91cdade89e3151
2026-07-14 08:18:50,758 [DEBUG] STATUS 200
2026-07-14 08:18:50,758 [DEBUG] {
  "clusterMapping": [
    {
      "rsId": "testRep",
      "targetRsId": "tsetrepRestore"
    }
  ],
  "nodes": [
    {
      "error": null,
      "hostname": "rmdb9",
      "id": "rmdb9:27017",
      "port": 27017,
      "rsId": "tsetrepRestore",
      "state": "PENDING",
      "stateUpdateTime": 1784035129
    },
    {
      "error": null,
      "hostname": "rmdb7",
      "id": "rmdb7:27017",
      "port": 27017,
      "rsId": "tsetrepRestore",
      "state": "PENDING",
      "stateUpdateTime": 1784035129
    },
    {
      "error": null,
      "hostname": "rmdb8",
      "id": "rmdb8:27017",
      "port": 27017,
      "rsId": "tsetrepRestore",
      "state": "PENDING",
      "stateUpdateTime": 1784035129
    }
  ],
  "state": "PENDING"
}
2026-07-14 08:18:50,759 [INFO] Restore state: PENDING
2026-07-14 08:19:00,772 [DEBUG] API GET http://129.40.36.100:8080/api/public/v1.0/backup/third_party/group/6a386221ee19a6537cc68a97/restore/6a5637388a91cdade89e3151
2026-07-14 08:19:00,905 [DEBUG] STATUS 200
2026-07-14 08:19:00,905 [DEBUG] {
  "clusterMapping": [
    {
      "rsId": "testRep",
      "targetRsId": "tsetrepRestore"
    }
  ],
  "nodes": [
    {
      "error": null,
      "hostname": "rmdb9",
      "id": "rmdb9:27017",
      "port": 27017,
      "rsId": "tsetrepRestore",
      "state": "PENDING",
      "stateUpdateTime": 1784035129
    },
    {
      "error": null,
      "hostname": "rmdb7",
      "id": "rmdb7:27017",
      "port": 27017,
      "rsId": "tsetrepRestore",
      "state": "PENDING",
      "stateUpdateTime": 1784035129
    },
    {
      "error": null,
      "hostname": "rmdb8",
      "id": "rmdb8:27017",
      "port": 27017,
      "rsId": "tsetrepRestore",
      "state": "PENDING",
      "stateUpdateTime": 1784035129
    }
  ],
  "state": "PENDING"
}
2026-07-14 08:19:00,906 [INFO] Restore state: PENDING
2026-07-14 08:19:10,907 [DEBUG] API GET http://129.40.36.100:8080/api/public/v1.0/backup/third_party/group/6a386221ee19a6537cc68a97/restore/6a5637388a91cdade89e3151
2026-07-14 08:19:11,061 [DEBUG] STATUS 200
2026-07-14 08:19:11,061 [DEBUG] {
  "clusterMapping": [
    {
      "rsId": "testRep",
      "targetRsId": "tsetrepRestore"
    }
  ],
  "nodes": [
    {
      "error": null,
      "hostname": "rmdb9",
      "id": "rmdb9:27017",
      "port": 27017,
      "rsId": "tsetrepRestore",
      "state": "PENDING",
      "stateUpdateTime": 1784035129
    },
    {
      "error": null,
      "hostname": "rmdb7",
      "id": "rmdb7:27017",
      "port": 27017,
      "rsId": "tsetrepRestore",
      "state": "PENDING",
      "stateUpdateTime": 1784035129
    },
    {
      "error": null,
      "hostname": "rmdb8",
      "id": "rmdb8:27017",
      "port": 27017,
      "rsId": "tsetrepRestore",
      "state": "PENDING",
      "stateUpdateTime": 1784035129
    }
  ],
  "state": "PENDING"
}
2026-07-14 08:19:11,062 [INFO] Restore state: PENDING
2026-07-14 08:19:21,063 [DEBUG] API GET http://129.40.36.100:8080/api/public/v1.0/backup/third_party/group/6a386221ee19a6537cc68a97/restore/6a5637388a91cdade89e3151
2026-07-14 08:19:21,196 [DEBUG] STATUS 200
2026-07-14 08:19:21,196 [DEBUG] {
  "clusterMapping": [
    {
      "rsId": "testRep",
      "targetRsId": "tsetrepRestore"
    }
  ],
  "nodes": [
    {
      "error": null,
      "hostname": "rmdb9",
      "id": "rmdb9:27017",
      "port": 27017,
      "rsId": "tsetrepRestore",
      "state": "PENDING",
      "stateUpdateTime": 1784035129
    },
    {
      "error": null,
      "hostname": "rmdb7",
      "id": "rmdb7:27017",
      "port": 27017,
      "rsId": "tsetrepRestore",
      "state": "PENDING",
      "stateUpdateTime": 1784035129
    },
    {
      "error": null,
      "hostname": "rmdb8",
      "id": "rmdb8:27017",
      "port": 27017,
      "rsId": "tsetrepRestore",
      "state": "PENDING",
      "stateUpdateTime": 1784035129
    }
  ],
  "state": "PENDING"
}
2026-07-14 08:19:21,196 [INFO] Restore state: PENDING
2026-07-14 08:19:31,197 [DEBUG] API GET http://129.40.36.100:8080/api/public/v1.0/backup/third_party/group/6a386221ee19a6537cc68a97/restore/6a5637388a91cdade89e3151
2026-07-14 08:19:31,335 [DEBUG] STATUS 200
2026-07-14 08:19:31,335 [DEBUG] {
  "clusterMapping": [
    {
      "rsId": "testRep",
      "targetRsId": "tsetrepRestore"
    }
  ],
  "nodes": [
    {
      "error": null,
      "hostname": "rmdb9",
      "id": "rmdb9:27017",
      "port": 27017,
      "rsId": "tsetrepRestore",
      "state": "SHUTDOWN_IN_PROGRESS",
      "stateUpdateTime": 1784035162
    },
    {
      "error": null,
      "hostname": "rmdb7",
      "id": "rmdb7:27017",
      "port": 27017,
      "rsId": "tsetrepRestore",
      "state": "SHUTDOWN_IN_PROGRESS",
      "stateUpdateTime": 1784035162
    },
    {
      "error": null,
      "hostname": "rmdb8",
      "id": "rmdb8:27017",
      "port": 27017,
      "rsId": "tsetrepRestore",
      "state": "SHUTDOWN_IN_PROGRESS",
      "stateUpdateTime": 1784035162
    }
  ],
  "state": "SHUTDOWN_IN_PROGRESS"
}
2026-07-14 08:19:31,335 [INFO] Restore state: SHUTDOWN_IN_PROGRESS
2026-07-14 08:19:41,335 [DEBUG] API GET http://129.40.36.100:8080/api/public/v1.0/backup/third_party/group/6a386221ee19a6537cc68a97/restore/6a5637388a91cdade89e3151
2026-07-14 08:19:41,471 [DEBUG] STATUS 200
2026-07-14 08:19:41,472 [DEBUG] {
  "clusterMapping": [
    {
      "rsId": "testRep",
      "targetRsId": "tsetrepRestore"
    }
  ],
  "nodes": [
    {
      "error": null,
      "hostname": "rmdb9",
      "id": "rmdb9:27017",
      "port": 27017,
      "rsId": "tsetrepRestore",
      "state": "SHUTDOWN_IN_PROGRESS",
      "stateUpdateTime": 1784035162
    },
    {
      "error": null,
      "hostname": "rmdb7",
      "id": "rmdb7:27017",
      "port": 27017,
      "rsId": "tsetrepRestore",
      "state": "SHUTDOWN_IN_PROGRESS",
      "stateUpdateTime": 1784035162
    },
    {
      "error": null,
      "hostname": "rmdb8",
      "id": "rmdb8:27017",
      "port": 27017,
      "rsId": "tsetrepRestore",
      "state": "SHUTDOWN_IN_PROGRESS",
      "stateUpdateTime": 1784035162
    }
  ],
  "state": "SHUTDOWN_IN_PROGRESS"
}
2026-07-14 08:19:41,472 [INFO] Restore state: SHUTDOWN_IN_PROGRESS
2026-07-14 08:19:51,473 [DEBUG] API GET http://129.40.36.100:8080/api/public/v1.0/backup/third_party/group/6a386221ee19a6537cc68a97/restore/6a5637388a91cdade89e3151
2026-07-14 08:19:51,662 [DEBUG] STATUS 200
2026-07-14 08:19:51,662 [DEBUG] {
  "clusterMapping": [
    {
      "rsId": "testRep",
      "targetRsId": "tsetrepRestore"
    }
  ],
  "nodes": [
    {
      "error": null,
      "hostname": "rmdb9",
      "id": "rmdb9:27017",
      "port": 27017,
      "rsId": "tsetrepRestore",
      "state": "SHUTDOWN_IN_PROGRESS",
      "stateUpdateTime": 1784035162
    },
    {
      "error": null,
      "hostname": "rmdb7",
      "id": "rmdb7:27017",
      "port": 27017,
      "rsId": "tsetrepRestore",
      "state": "SHUTDOWN_IN_PROGRESS",
      "stateUpdateTime": 1784035162
    },
    {
      "error": null,
      "hostname": "rmdb8",
      "id": "rmdb8:27017",
      "port": 27017,
      "rsId": "tsetrepRestore",
      "state": "SHUTDOWN_IN_PROGRESS",
      "stateUpdateTime": 1784035162
    }
  ],
  "state": "SHUTDOWN_IN_PROGRESS"
}
2026-07-14 08:19:51,662 [INFO] Restore state: SHUTDOWN_IN_PROGRESS
2026-07-14 08:20:01,663 [DEBUG] API GET http://129.40.36.100:8080/api/public/v1.0/backup/third_party/group/6a386221ee19a6537cc68a97/restore/6a5637388a91cdade89e3151
2026-07-14 08:20:01,800 [DEBUG] STATUS 200
2026-07-14 08:20:01,801 [DEBUG] {
  "clusterMapping": [
    {
      "rsId": "testRep",
      "targetRsId": "tsetrepRestore"
    }
  ],
  "nodes": [
    {
      "error": null,
      "hostname": "rmdb9",
      "id": "rmdb9:27017",
      "port": 27017,
      "rsId": "tsetrepRestore",
      "state": "SHUTDOWN_IN_PROGRESS",
      "stateUpdateTime": 1784035162
    },
    {
      "error": null,
      "hostname": "rmdb7",
      "id": "rmdb7:27017",
      "port": 27017,
      "rsId": "tsetrepRestore",
      "state": "SHUTDOWN_IN_PROGRESS",
      "stateUpdateTime": 1784035162
    },
    {
      "error": null,
      "hostname": "rmdb8",
      "id": "rmdb8:27017",
      "port": 27017,
      "rsId": "tsetrepRestore",
      "state": "SHUTDOWN_IN_PROGRESS",
      "stateUpdateTime": 1784035162
    }
  ],
  "state": "SHUTDOWN_IN_PROGRESS"
}
2026-07-14 08:20:01,801 [INFO] Restore state: SHUTDOWN_IN_PROGRESS
2026-07-14 08:20:11,802 [DEBUG] API GET http://129.40.36.100:8080/api/public/v1.0/backup/third_party/group/6a386221ee19a6537cc68a97/restore/6a5637388a91cdade89e3151
2026-07-14 08:20:11,937 [DEBUG] STATUS 200
2026-07-14 08:20:11,937 [DEBUG] {
  "clusterMapping": [
    {
      "rsId": "testRep",
      "targetRsId": "tsetrepRestore"
    }
  ],
  "nodes": [
    {
      "error": null,
      "hostname": "rmdb9",
      "id": "rmdb9:27017",
      "port": 27017,
      "rsId": "tsetrepRestore",
      "state": "COPY_FILES",
      "stateUpdateTime": 1784035207
    },
    {
      "error": null,
      "hostname": "rmdb7",
      "id": "rmdb7:27017",
      "port": 27017,
      "rsId": "tsetrepRestore",
      "state": "SHUTDOWN_IN_PROGRESS",
      "stateUpdateTime": 1784035162
    },
    {
      "error": null,
      "hostname": "rmdb8",
      "id": "rmdb8:27017",
      "port": 27017,
      "rsId": "tsetrepRestore",
      "state": "SHUTDOWN_IN_PROGRESS",
      "stateUpdateTime": 1784035162
    }
  ],
  "state": "SHUTDOWN_IN_PROGRESS"
}
2026-07-14 08:20:11,938 [INFO] Restore state: SHUTDOWN_IN_PROGRESS
2026-07-14 08:20:21,939 [DEBUG] API GET http://129.40.36.100:8080/api/public/v1.0/backup/third_party/group/6a386221ee19a6537cc68a97/restore/6a5637388a91cdade89e3151
2026-07-14 08:20:22,074 [DEBUG] STATUS 200
2026-07-14 08:20:22,074 [DEBUG] {
  "clusterMapping": [
    {
      "rsId": "testRep",
      "targetRsId": "tsetrepRestore"
    }
  ],
  "nodes": [
    {
      "error": null,
      "hostname": "rmdb9",
      "id": "rmdb9:27017",
      "port": 27017,
      "rsId": "tsetrepRestore",
      "state": "COPY_FILES",
      "stateUpdateTime": 1784035207
    },
    {
      "error": null,
      "hostname": "rmdb7",
      "id": "rmdb7:27017",
      "port": 27017,
      "rsId": "tsetrepRestore",
      "state": "COPY_FILES",
      "stateUpdateTime": 1784035213
    },
    {
      "error": null,
      "hostname": "rmdb8",
      "id": "rmdb8:27017",
      "port": 27017,
      "rsId": "tsetrepRestore",
      "state": "COPY_FILES",
      "stateUpdateTime": 1784035212
    }
  ],
  "state": "COPY_FILES"
}
2026-07-14 08:20:22,074 [INFO] Restore state: COPY_FILES
2026-07-14 08:20:22,075 [INFO] Unmounting MongoDB data volumes on all hosts
2026-07-14 08:20:23,073 [INFO] Host rmdb9 is currently busy
2026-07-14 08:20:24,239 [INFO] Host rmdb7 is currently busy
2026-07-14 08:20:25,276 [INFO] Host rmdb8 is currently busy
2026-07-14 08:20:25,276 [INFO] Busy hosts: 3
2026-07-14 08:20:36,274 [INFO] Host rmdb9 is currently busy
2026-07-14 08:20:37,305 [INFO] Host rmdb7 is currently busy
2026-07-14 08:20:38,296 [INFO] Host rmdb8 is currently busy
2026-07-14 08:20:38,297 [INFO] Busy hosts: 3
2026-07-14 08:20:49,230 [INFO] Host rmdb9 is currently busy
2026-07-14 08:20:50,188 [INFO] Host rmdb7 is currently busy
2026-07-14 08:20:51,140 [INFO] Host rmdb8 is currently busy
2026-07-14 08:20:51,141 [INFO] Busy hosts: 3
2026-07-14 08:21:02,111 [INFO] Host rmdb9 is currently busy
2026-07-14 08:21:03,053 [INFO] Host rmdb7 is currently busy
2026-07-14 08:21:04,070 [INFO] Host rmdb8 is currently busy
2026-07-14 08:21:04,070 [INFO] Busy hosts: 3
2026-07-14 08:21:15,037 [INFO] Host rmdb9 is currently busy
2026-07-14 08:21:16,014 [INFO] Host rmdb7 is currently busy
2026-07-14 08:21:16,956 [INFO] Host rmdb8 is currently busy
2026-07-14 08:21:16,956 [INFO] Busy hosts: 3
2026-07-14 08:21:27,905 [INFO] Host rmdb9 is currently busy
2026-07-14 08:21:28,845 [INFO] Host rmdb7 is currently busy
2026-07-14 08:21:29,772 [INFO] Host rmdb8 is currently busy
2026-07-14 08:21:29,772 [INFO] Busy hosts: 3
2026-07-14 08:21:40,659 [INFO] Host rmdb9 is currently busy
2026-07-14 08:21:41,726 [INFO] Host rmdb7 is currently busy
2026-07-14 08:21:42,695 [INFO] Host rmdb8 is currently busy
2026-07-14 08:21:42,695 [INFO] Busy hosts: 3
2026-07-14 08:21:53,610 [INFO] Host rmdb9 is currently busy
2026-07-14 08:21:54,590 [INFO] Host rmdb7 is currently busy
2026-07-14 08:21:55,533 [INFO] Host rmdb8 is currently busy
2026-07-14 08:21:55,533 [INFO] Busy hosts: 3
2026-07-14 08:22:06,472 [INFO] Host rmdb9 is currently busy
2026-07-14 08:22:07,508 [INFO] Host rmdb7 is currently busy
2026-07-14 08:22:08,480 [INFO] Host rmdb8 is currently busy
2026-07-14 08:22:08,481 [INFO] Busy hosts: 3
2026-07-14 08:22:19,512 [INFO] Host rmdb9 is currently busy
2026-07-14 08:22:20,483 [INFO] Host rmdb7 is currently busy
2026-07-14 08:22:21,437 [INFO] Host rmdb8 is currently busy
2026-07-14 08:22:21,438 [INFO] Busy hosts: 3
2026-07-14 08:22:32,354 [INFO] Host rmdb9 is currently busy
2026-07-14 08:22:33,393 [INFO] Host rmdb7 is currently busy
2026-07-14 08:22:34,395 [INFO] Host rmdb8 is currently busy
2026-07-14 08:22:34,396 [INFO] Busy hosts: 3
2026-07-14 08:22:45,361 [INFO] Host rmdb9 is currently busy
2026-07-14 08:22:46,395 [INFO] Host rmdb7 is currently busy
2026-07-14 08:22:47,335 [INFO] Host rmdb8 is currently busy
2026-07-14 08:22:47,336 [INFO] Busy hosts: 3
2026-07-14 08:22:58,321 [INFO] Host rmdb9 is currently busy
2026-07-14 08:22:59,267 [INFO] Host rmdb7 is currently busy
2026-07-14 08:23:00,251 [INFO] Host rmdb8 is currently busy
2026-07-14 08:23:00,251 [INFO] Busy hosts: 3
2026-07-14 08:23:11,260 [INFO] Host rmdb9 is currently busy
2026-07-14 08:23:12,261 [INFO] Host rmdb7 is currently busy
2026-07-14 08:23:13,249 [INFO] Host rmdb8 is currently busy
2026-07-14 08:23:13,250 [INFO] Busy hosts: 3
2026-07-14 08:23:24,197 [INFO] Host rmdb9 is currently busy
2026-07-14 08:23:25,188 [INFO] Host rmdb7 is currently busy
2026-07-14 08:23:26,129 [INFO] Host rmdb8 is currently busy
2026-07-14 08:23:26,129 [INFO] Busy hosts: 3
2026-07-14 08:23:37,118 [INFO] Host rmdb9 is currently busy
2026-07-14 08:23:38,055 [INFO] Host rmdb7 is currently busy
2026-07-14 08:23:38,993 [INFO] Host rmdb8 is currently busy
2026-07-14 08:23:38,993 [INFO] Busy hosts: 3
2026-07-14 08:23:50,002 [INFO] Host rmdb9 is currently busy
2026-07-14 08:23:50,962 [INFO] Host rmdb7 is currently busy
2026-07-14 08:23:51,887 [INFO] Host rmdb8 is currently busy
2026-07-14 08:23:51,888 [INFO] Busy hosts: 3
2026-07-14 08:24:02,889 [INFO] Host rmdb9 is currently busy
2026-07-14 08:24:03,859 [INFO] Host rmdb7 is currently busy
2026-07-14 08:24:04,846 [INFO] Host rmdb8 is currently busy
2026-07-14 08:24:04,846 [INFO] Busy hosts: 3
2026-07-14 08:24:15,855 [INFO] Host rmdb9 is currently busy
2026-07-14 08:24:16,829 [INFO] Host rmdb7 is currently busy
2026-07-14 08:24:17,593 [INFO] Host rmdb8 is currently busy
2026-07-14 08:24:17,594 [INFO] Busy hosts: 3
2026-07-14 08:24:28,575 [INFO] Host rmdb9 is currently busy
2026-07-14 08:24:29,536 [INFO] Host rmdb7 is currently busy
2026-07-14 08:24:30,306 [INFO] Host rmdb8 is currently busy
2026-07-14 08:24:30,306 [INFO] Busy hosts: 3
2026-07-14 08:24:41,258 [INFO] Host rmdb9 is currently busy
2026-07-14 08:24:42,232 [INFO] Host rmdb7 is currently busy
2026-07-14 08:24:42,990 [INFO] Host rmdb8 is currently busy
2026-07-14 08:24:42,990 [INFO] Busy hosts: 3
2026-07-14 08:24:53,972 [INFO] Host rmdb9 is currently busy
2026-07-14 08:24:55,712 [INFO] Busy hosts: 1
2026-07-14 08:25:06,697 [INFO] Host rmdb9 is currently busy
2026-07-14 08:25:08,451 [INFO] Busy hosts: 1
2026-07-14 08:25:21,131 [INFO] Busy hosts: 0
2026-07-14 08:25:21,132 [INFO] Resolving KVM cache on host: mdb-kvm1
2026-07-14 08:25:21,132 [INFO] Resolving KVM cache on host: mdb-kvm2
2026-07-14 08:25:21,132 [INFO] Resolving KVM cache on host: mdb-kvm3
2026-07-14 08:25:26,160 [INFO] Target nodes unmounted
2026-07-14 08:25:26,161 [INFO] Refreshing target volumes from snapshots
2026-07-14 08:25:40,651 [INFO] Mounting filesystems on target hosts
2026-07-14 08:25:40,652 [INFO] Mounting UUID=74e80e43-bc28-47e8-93f7-7aa89f7364dc on rmdb7 at /fimongo
2026-07-14 08:25:40,652 [INFO] Mounting UUID=74e80e43-bc28-47e8-93f7-7aa89f7364dc on rmdb8 at /fimongo
2026-07-14 08:25:40,653 [INFO] Mounting UUID=74e80e43-bc28-47e8-93f7-7aa89f7364dc on rmdb9 at /fimongo
2026-07-14 08:25:41,464 [INFO] Mounted successfully on rmdb8
2026-07-14 08:25:41,604 [INFO] Mounted successfully on rmdb7
2026-07-14 08:25:41,682 [INFO] Mounted successfully on rmdb9
2026-07-14 08:25:42,229 [INFO] chown mongod:mongod applied on rmdb8 at /fimongo
2026-07-14 08:25:42,428 [INFO] chown mongod:mongod applied on rmdb7 at /fimongo
2026-07-14 08:25:42,445 [INFO] chown mongod:mongod applied on rmdb9 at /fimongo
2026-07-14 08:25:52,446 [INFO] Verifying mounts on target hosts
2026-07-14 08:25:53,284 [INFO] Mount verified on rmdb8: /fimongo
2026-07-14 08:25:53,407 [INFO] Mount verified on rmdb7: /fimongo
2026-07-14 08:25:53,421 [INFO] Mount verified on rmdb9: /fimongo
2026-07-14 08:25:53,422 [INFO] Marking nodes as filesCopied
2026-07-14 08:25:53,422 [INFO] Marking nodermdb9:27017 as filesCopied
2026-07-14 08:25:53,422 [DEBUG] API POST http://129.40.36.100:8080/api/public/v1.0/backup/third_party/group/6a386221ee19a6537cc68a97/restore/6a5637388a91cdade89e3151/filesCopied
2026-07-14 08:25:53,422 [DEBUG] {
  "id": "rmdb9:27017",
  "dbPath": "/fimongo/data"
}
2026-07-14 08:25:53,599 [DEBUG] STATUS 200
2026-07-14 08:25:53,599 [DEBUG] {
  "errorCode": "NONE",
  "version": "1",
  "status": "OK"
}
2026-07-14 08:25:58,600 [INFO] Marking nodermdb7:27017 as filesCopied
2026-07-14 08:25:58,600 [DEBUG] API POST http://129.40.36.100:8080/api/public/v1.0/backup/third_party/group/6a386221ee19a6537cc68a97/restore/6a5637388a91cdade89e3151/filesCopied
2026-07-14 08:25:58,600 [DEBUG] {
  "id": "rmdb7:27017",
  "dbPath": "/fimongo/data"
}
2026-07-14 08:25:58,719 [DEBUG] STATUS 200
2026-07-14 08:25:58,719 [DEBUG] {
  "errorCode": "NONE",
  "version": "1",
  "status": "OK"
}
2026-07-14 08:26:03,719 [INFO] Marking nodermdb8:27017 as filesCopied
2026-07-14 08:26:03,720 [DEBUG] API POST http://129.40.36.100:8080/api/public/v1.0/backup/third_party/group/6a386221ee19a6537cc68a97/restore/6a5637388a91cdade89e3151/filesCopied
2026-07-14 08:26:03,720 [DEBUG] {
  "id": "rmdb8:27017",
  "dbPath": "/fimongo/data"
}
2026-07-14 08:26:03,837 [DEBUG] STATUS 200
2026-07-14 08:26:03,837 [DEBUG] {
  "errorCode": "NONE",
  "version": "1",
  "status": "OK"
}
2026-07-14 08:26:18,838 [DEBUG] API GET http://129.40.36.100:8080/api/public/v1.0/backup/third_party/group/6a386221ee19a6537cc68a97/restore/6a5637388a91cdade89e3151
2026-07-14 08:26:18,972 [DEBUG] STATUS 200
2026-07-14 08:26:18,972 [DEBUG] {
  "clusterMapping": [
    {
      "rsId": "testRep",
      "targetRsId": "tsetrepRestore"
    }
  ],
  "nodes": [
    {
      "error": null,
      "hostname": "rmdb9",
      "id": "rmdb9:27017",
      "port": 27017,
      "rsId": "tsetrepRestore",
      "state": "COPY_FILES",
      "stateUpdateTime": 1784035572
    },
    {
      "error": null,
      "hostname": "rmdb7",
      "id": "rmdb7:27017",
      "port": 27017,
      "rsId": "tsetrepRestore",
      "state": "RECOVERY_IN_PROGRESS",
      "stateUpdateTime": 1784035557
    },
    {
      "error": null,
      "hostname": "rmdb8",
      "id": "rmdb8:27017",
      "port": 27017,
      "rsId": "tsetrepRestore",
      "state": "RECOVERY_IN_PROGRESS",
      "stateUpdateTime": 1784035562
    }
  ],
  "state": "COPY_FILES"
}
2026-07-14 08:26:18,972 [INFO] Restore state: COPY_FILES
2026-07-14 08:26:18,973 [INFO] Unmounting MongoDB data volumes on all hosts
2026-07-14 08:26:19,981 [INFO] Host rmdb9 is currently busy
2026-07-14 08:26:20,976 [INFO] Host rmdb7 is currently busy
2026-07-14 08:26:21,780 [INFO] Host rmdb8 is currently busy
2026-07-14 08:26:21,780 [INFO] Busy hosts: 3
2026-07-14 08:26:32,748 [INFO] Host rmdb9 is currently busy
2026-07-14 08:26:33,720 [INFO] Host rmdb7 is currently busy
2026-07-14 08:26:34,531 [INFO] Host rmdb8 is currently busy
2026-07-14 08:26:34,531 [INFO] Busy hosts: 3
