2026-01-27 13:21:06,809 [INFO] Starting Ops Manager restore workflow
2026-01-27 13:21:07,362 [DEBUG] Validating FlashSystem snapshot: fs9500-2.cpolab.ibm.com | ORION15-mdb7 | ORION15-mdb7_697902f73e4bf100f3b7b9b7
2026-01-27 13:21:07,598 [INFO] Valid FlashSystem snapshot found: ORION15-mdb7_697902f73e4bf100f3b7b9b7 (VG=ORION15-mdb7, system=fs9500-2.cpolab.ibm.com)
2026-01-27 13:21:07,599 [DEBUG] Validating FlashSystem snapshot: fs9500-2.cpolab.ibm.com | ORION17-mdb9 | ORION17-mdb9_697902f73e4bf100f3b7b9b7
2026-01-27 13:21:07,832 [INFO] Valid FlashSystem snapshot found: ORION17-mdb9_697902f73e4bf100f3b7b9b7 (VG=ORION17-mdb9, system=fs9500-2.cpolab.ibm.com)
2026-01-27 13:21:07,832 [DEBUG] Validating FlashSystem snapshot: fs9500-2.cpolab.ibm.com | ORION16-mdb8 | ORION16-mdb8_697902f73e4bf100f3b7b9b7
2026-01-27 13:21:08,067 [INFO] Valid FlashSystem snapshot found: ORION16-mdb8_697902f73e4bf100f3b7b9b7 (VG=ORION16-mdb8, system=fs9500-2.cpolab.ibm.com)
2026-01-27 13:21:08,068 [DEBUG] Validating FlashSystem snapshot: fs9500-2.cpolab.ibm.com | ORION15-mdb7 | ORION15-mdb7_6978fa943e4bf100f3b68a88
2026-01-27 13:21:08,318 [INFO] Valid FlashSystem snapshot found: ORION15-mdb7_6978fa943e4bf100f3b68a88 (VG=ORION15-mdb7, system=fs9500-2.cpolab.ibm.com)
2026-01-27 13:21:08,318 [DEBUG] Validating FlashSystem snapshot: fs9500-2.cpolab.ibm.com | ORION17-mdb9 | ORION17-mdb9_6978fa943e4bf100f3b68a88
2026-01-27 13:21:08,555 [INFO] Valid FlashSystem snapshot found: ORION17-mdb9_6978fa943e4bf100f3b68a88 (VG=ORION17-mdb9, system=fs9500-2.cpolab.ibm.com)
2026-01-27 13:21:08,556 [DEBUG] Validating FlashSystem snapshot: fs9500-2.cpolab.ibm.com | ORION16-mdb8 | ORION16-mdb8_6978fa943e4bf100f3b68a88
2026-01-27 13:21:08,796 [INFO] Valid FlashSystem snapshot found: ORION16-mdb8_6978fa943e4bf100f3b68a88 (VG=ORION16-mdb8, system=fs9500-2.cpolab.ibm.com)
2026-01-27 13:21:08,796 [DEBUG] Validating FlashSystem snapshot: fs9500-2.cpolab.ibm.com | ORION15-mdb7 | ORION15-mdb7_6977d13a3e4bf100f381e17e
2026-01-27 13:21:09,034 [INFO] Valid FlashSystem snapshot found: ORION15-mdb7_6977d13a3e4bf100f381e17e (VG=ORION15-mdb7, system=fs9500-2.cpolab.ibm.com)
2026-01-27 13:21:09,034 [DEBUG] Validating FlashSystem snapshot: fs9500-2.cpolab.ibm.com | ORION17-mdb9 | ORION17-mdb9_6977d13a3e4bf100f381e17e
2026-01-27 13:21:09,271 [INFO] Valid FlashSystem snapshot found: ORION17-mdb9_6977d13a3e4bf100f381e17e (VG=ORION17-mdb9, system=fs9500-2.cpolab.ibm.com)
2026-01-27 13:21:09,272 [DEBUG] Validating FlashSystem snapshot: fs9500-2.cpolab.ibm.com | ORION16-mdb8 | ORION16-mdb8_6977d13a3e4bf100f381e17e
2026-01-27 13:21:09,506 [INFO] Valid FlashSystem snapshot found: ORION16-mdb8_6977d13a3e4bf100f381e17e (VG=ORION16-mdb8, system=fs9500-2.cpolab.ibm.com)
2026-01-27 13:21:09,506 [DEBUG] Validating FlashSystem snapshot: fs9500-2.cpolab.ibm.com | ORION0A-kvm1-mdb-config1 | ORION0A-kvm1-mdb-config1_6977d13a3e4bf100f381e17e
2026-01-27 13:21:09,742 [INFO] Valid FlashSystem snapshot found: ORION0A-kvm1-mdb-config1_6977d13a3e4bf100f381e17e (VG=ORION0A-kvm1-mdb-config1, system=fs9500-2.cpolab.ibm.com)
2026-01-27 13:21:09,743 [DEBUG] Validating FlashSystem snapshot: fs9500-2.cpolab.ibm.com | ORION0A-kvm1-mdb1 | ORION0A-kvm1-mdb1_6977d13a3e4bf100f381e17e
2026-01-27 13:21:10,001 [INFO] Valid FlashSystem snapshot found: ORION0A-kvm1-mdb1_6977d13a3e4bf100f381e17e (VG=ORION0A-kvm1-mdb1, system=fs9500-2.cpolab.ibm.com)
2026-01-27 13:21:10,001 [DEBUG] Validating FlashSystem snapshot: fs9500-2.cpolab.ibm.com | ORION0A-kvm1-mdb2 | ORION0A-kvm1-mdb2_6977d13a3e4bf100f381e17e
2026-01-27 13:21:10,235 [INFO] Valid FlashSystem snapshot found: ORION0A-kvm1-mdb2_6977d13a3e4bf100f381e17e (VG=ORION0A-kvm1-mdb2, system=fs9500-2.cpolab.ibm.com)
2026-01-27 13:21:10,235 [DEBUG] Validating FlashSystem snapshot: fs9500-3.cpolab.ibm.com | ORION0B-kvm2-mdb-config2 | ORION0B-kvm2-mdb-config2_6977d13a3e4bf100f381e17e
2026-01-27 13:21:10,426 [INFO] Valid FlashSystem snapshot found: ORION0B-kvm2-mdb-config2_6977d13a3e4bf100f381e17e (VG=ORION0B-kvm2-mdb-config2, system=fs9500-3.cpolab.ibm.com)
2026-01-27 13:21:10,427 [DEBUG] Validating FlashSystem snapshot: fs9500-3.cpolab.ibm.com | ORION0B-kvm2-mdb3 | ORION0B-kvm2-mdb3_6977d13a3e4bf100f381e17e
2026-01-27 13:21:10,617 [INFO] Valid FlashSystem snapshot found: ORION0B-kvm2-mdb3_6977d13a3e4bf100f381e17e (VG=ORION0B-kvm2-mdb3, system=fs9500-3.cpolab.ibm.com)
2026-01-27 13:21:10,618 [DEBUG] Validating FlashSystem snapshot: fs9500-3.cpolab.ibm.com | ORION0B-kvm2-mdb4 | ORION0B-kvm2-mdb4_6977d13a3e4bf100f381e17e
2026-01-27 13:21:10,807 [INFO] Valid FlashSystem snapshot found: ORION0B-kvm2-mdb4_6977d13a3e4bf100f381e17e (VG=ORION0B-kvm2-mdb4, system=fs9500-3.cpolab.ibm.com)
