2026-03-05 19:41:12,909 [INFO] Starting Ops Manager restore workflow
2026-03-05 19:41:13,956 [DEBUG] Validating FlashSystem snapshot: fs9500-2.cpolab.ibm.com | ORION15-mdb7 | ORION15-mdb7_69aa2ed9891d695b5be51a04
2026-03-05 19:41:14,377 [INFO] Valid FlashSystem snapshot found: ORION15-mdb7_69aa2ed9891d695b5be51a04 (VG=ORION15-mdb7, system=fs9500-2.cpolab.ibm.com)
2026-03-05 19:41:14,377 [DEBUG] Validating FlashSystem snapshot: fs9500-2.cpolab.ibm.com | ORION17-mdb9 | ORION17-mdb9_69aa2ed9891d695b5be51a04
2026-03-05 19:41:14,785 [INFO] Valid FlashSystem snapshot found: ORION17-mdb9_69aa2ed9891d695b5be51a04 (VG=ORION17-mdb9, system=fs9500-2.cpolab.ibm.com)
2026-03-05 19:41:14,786 [DEBUG] Validating FlashSystem snapshot: fs9500-2.cpolab.ibm.com | ORION16-mdb8 | ORION16-mdb8_69aa2ed9891d695b5be51a04
2026-03-05 19:41:15,203 [INFO] Valid FlashSystem snapshot found: ORION16-mdb8_69aa2ed9891d695b5be51a04 (VG=ORION16-mdb8, system=fs9500-2.cpolab.ibm.com)
2026-03-05 19:41:15,203 [DEBUG] Validating FlashSystem snapshot: fs9500-2.cpolab.ibm.com | ORION15-mdb7 | ORION15-mdb7_69aa039c891d695b5bdb0148
2026-03-05 19:41:15,611 [INFO] Valid FlashSystem snapshot found: ORION15-mdb7_69aa039c891d695b5bdb0148 (VG=ORION15-mdb7, system=fs9500-2.cpolab.ibm.com)
2026-03-05 19:41:15,612 [DEBUG] Validating FlashSystem snapshot: fs9500-2.cpolab.ibm.com | ORION17-mdb9 | ORION17-mdb9_69aa039c891d695b5bdb0148
2026-03-05 19:41:16,020 [INFO] Valid FlashSystem snapshot found: ORION17-mdb9_69aa039c891d695b5bdb0148 (VG=ORION17-mdb9, system=fs9500-2.cpolab.ibm.com)
2026-03-05 19:41:16,020 [DEBUG] Validating FlashSystem snapshot: fs9500-2.cpolab.ibm.com | ORION16-mdb8 | ORION16-mdb8_69aa039c891d695b5bdb0148
2026-03-05 19:41:16,427 [INFO] Valid FlashSystem snapshot found: ORION16-mdb8_69aa039c891d695b5bdb0148 (VG=ORION16-mdb8, system=fs9500-2.cpolab.ibm.com)
2026-03-05 19:41:16,428 [DEBUG] Validating FlashSystem snapshot: fs9500-2.cpolab.ibm.com | ORION15-mdb7 | ORION15-mdb7_69a9f793891d695b5bd872ed
2026-03-05 19:41:16,834 [INFO] Valid FlashSystem snapshot found: ORION15-mdb7_69a9f793891d695b5bd872ed (VG=ORION15-mdb7, system=fs9500-2.cpolab.ibm.com)
2026-03-05 19:41:16,834 [DEBUG] Validating FlashSystem snapshot: fs9500-2.cpolab.ibm.com | ORION17-mdb9 | ORION17-mdb9_69a9f793891d695b5bd872ed
2026-03-05 19:41:17,251 [INFO] Valid FlashSystem snapshot found: ORION17-mdb9_69a9f793891d695b5bd872ed (VG=ORION17-mdb9, system=fs9500-2.cpolab.ibm.com)
2026-03-05 19:41:17,251 [DEBUG] Validating FlashSystem snapshot: fs9500-2.cpolab.ibm.com | ORION16-mdb8 | ORION16-mdb8_69a9f793891d695b5bd872ed
2026-03-05 19:41:17,656 [INFO] Valid FlashSystem snapshot found: ORION16-mdb8_69a9f793891d695b5bd872ed (VG=ORION16-mdb8, system=fs9500-2.cpolab.ibm.com)
2026-03-05 19:41:17,656 [DEBUG] Validating FlashSystem snapshot: fs9500-2.cpolab.ibm.com | ORION15-mdb7 | ORION15-mdb7_69a599af95993f6fc932d62f
2026-03-05 19:41:18,079 [INFO] Valid FlashSystem snapshot found: ORION15-mdb7_69a599af95993f6fc932d62f (VG=ORION15-mdb7, system=fs9500-2.cpolab.ibm.com)
2026-03-05 19:41:18,079 [DEBUG] Validating FlashSystem snapshot: fs9500-2.cpolab.ibm.com | ORION17-mdb9 | ORION17-mdb9_69a599af95993f6fc932d62f
2026-03-05 19:41:18,507 [INFO] Valid FlashSystem snapshot found: ORION17-mdb9_69a599af95993f6fc932d62f (VG=ORION17-mdb9, system=fs9500-2.cpolab.ibm.com)
2026-03-05 19:41:18,507 [DEBUG] Validating FlashSystem snapshot: fs9500-2.cpolab.ibm.com | ORION16-mdb8 | ORION16-mdb8_69a599af95993f6fc932d62f
2026-03-05 19:41:18,914 [INFO] Valid FlashSystem snapshot found: ORION16-mdb8_69a599af95993f6fc932d62f (VG=ORION16-mdb8, system=fs9500-2.cpolab.ibm.com)
2026-03-05 19:41:18,915 [DEBUG] Validating FlashSystem snapshot: fs9500-3.cpolab.ibm.com | RecoveryShards | RecoveryShards_69a599af95993f6fc932d62f
2026-03-05 19:41:19,328 [INFO] Expired snapshot: RecoveryShards_69a599af95993f6fc932d62f (VG=RecoveryShards, system=fs9500-3.cpolab.ibm.com)
2026-03-05 19:41:19,328 [DEBUG] Validating FlashSystem snapshot: fs9500-2.cpolab.ibm.com | ORION15-mdb7 | ORION15-mdb7_699deb496f8cf274854982b5
2026-03-05 19:41:19,734 [INFO] Valid FlashSystem snapshot found: ORION15-mdb7_699deb496f8cf274854982b5 (VG=ORION15-mdb7, system=fs9500-2.cpolab.ibm.com)
2026-03-05 19:41:19,734 [DEBUG] Validating FlashSystem snapshot: fs9500-2.cpolab.ibm.com | ORION17-mdb9 | ORION17-mdb9_699deb496f8cf274854982b5
2026-03-05 19:41:20,137 [INFO] Valid FlashSystem snapshot found: ORION17-mdb9_699deb496f8cf274854982b5 (VG=ORION17-mdb9, system=fs9500-2.cpolab.ibm.com)
2026-03-05 19:41:20,138 [DEBUG] Validating FlashSystem snapshot: fs9500-2.cpolab.ibm.com | ORION16-mdb8 | ORION16-mdb8_699deb496f8cf274854982b5
2026-03-05 19:41:20,706 [INFO] Valid FlashSystem snapshot found: ORION16-mdb8_699deb496f8cf274854982b5 (VG=ORION16-mdb8, system=fs9500-2.cpolab.ibm.com)
2026-03-05 19:41:20,706 [DEBUG] Validating FlashSystem snapshot: fs9500-3.cpolab.ibm.com | RecoveryShards | RecoveryShards_699deb496f8cf274854982b5
2026-03-05 19:41:21,101 [INFO] Expired snapshot: RecoveryShards_699deb496f8cf274854982b5 (VG=RecoveryShards, system=fs9500-3.cpolab.ibm.com)
2026-03-05 19:41:21,101 [DEBUG] Validating FlashSystem snapshot: fs9500-2.cpolab.ibm.com | ORION15-mdb7 | ORION15-mdb7_6984ff8b3e4bf100f368ac18
2026-03-05 19:41:21,522 [INFO] Valid FlashSystem snapshot found: ORION15-mdb7_6984ff8b3e4bf100f368ac18 (VG=ORION15-mdb7, system=fs9500-2.cpolab.ibm.com)
2026-03-05 19:41:21,523 [DEBUG] Validating FlashSystem snapshot: fs9500-2.cpolab.ibm.com | ORION17-mdb9 | ORION17-mdb9_6984ff8b3e4bf100f368ac18
2026-03-05 19:41:21,989 [INFO] Valid FlashSystem snapshot found: ORION17-mdb9_6984ff8b3e4bf100f368ac18 (VG=ORION17-mdb9, system=fs9500-2.cpolab.ibm.com)
2026-03-05 19:41:21,999 [DEBUG] Validating FlashSystem snapshot: fs9500-2.cpolab.ibm.com | ORION16-mdb8 | ORION16-mdb8_6984ff8b3e4bf100f368ac18
2026-03-05 19:41:22,413 [INFO] Valid FlashSystem snapshot found: ORION16-mdb8_6984ff8b3e4bf100f368ac18 (VG=ORION16-mdb8, system=fs9500-2.cpolab.ibm.com)
2026-03-05 19:41:22,414 [DEBUG] Validating FlashSystem snapshot: fs9500-3.cpolab.ibm.com | RecoveryShards | RecoveryShards_6984ff8b3e4bf100f368ac18
2026-03-05 19:41:22,817 [INFO] Valid FlashSystem snapshot found: RecoveryShards_6984ff8b3e4bf100f368ac18 (VG=RecoveryShards, system=fs9500-3.cpolab.ibm.com)
2026-03-05 19:41:22,817 [DEBUG] Validating FlashSystem snapshot: fs9500-2.cpolab.ibm.com | ORION15-mdb7 | ORION15-mdb7_69824f2f3e4bf100f3076d81
2026-03-05 19:41:23,355 [INFO] Expired snapshot: ORION15-mdb7_69824f2f3e4bf100f3076d81 (VG=ORION15-mdb7, system=fs9500-2.cpolab.ibm.com)
2026-03-05 19:41:23,355 [DEBUG] Validating FlashSystem snapshot: fs9500-2.cpolab.ibm.com | ORION17-mdb9 | ORION17-mdb9_69824f2f3e4bf100f3076d81
2026-03-05 19:41:23,765 [INFO] Expired snapshot: ORION17-mdb9_69824f2f3e4bf100f3076d81 (VG=ORION17-mdb9, system=fs9500-2.cpolab.ibm.com)
2026-03-05 19:41:23,765 [DEBUG] Validating FlashSystem snapshot: fs9500-2.cpolab.ibm.com | ORION16-mdb8 | ORION16-mdb8_69824f2f3e4bf100f3076d81
2026-03-05 19:41:24,196 [INFO] Expired snapshot: ORION16-mdb8_69824f2f3e4bf100f3076d81 (VG=ORION16-mdb8, system=fs9500-2.cpolab.ibm.com)
2026-03-05 19:41:24,196 [DEBUG] Validating FlashSystem snapshot: fs9500-3.cpolab.ibm.com | RecoveryShards | RecoveryShards_69824f2f3e4bf100f3076d81
2026-03-05 19:41:24,598 [INFO] Expired snapshot: RecoveryShards_69824f2f3e4bf100f3076d81 (VG=RecoveryShards, system=fs9500-3.cpolab.ibm.com)
2026-03-05 19:41:24,599 [DEBUG] Validating FlashSystem snapshot: fs9500-2.cpolab.ibm.com | ORION15-mdb7 | ORION15-mdb7_6980f36e3e4bf100f3d674e5
2026-03-05 19:41:25,019 [INFO] Expired snapshot: ORION15-mdb7_6980f36e3e4bf100f3d674e5 (VG=ORION15-mdb7, system=fs9500-2.cpolab.ibm.com)
2026-03-05 19:41:25,019 [DEBUG] Validating FlashSystem snapshot: fs9500-2.cpolab.ibm.com | ORION17-mdb9 | ORION17-mdb9_6980f36e3e4bf100f3d674e5
2026-03-05 19:41:25,445 [INFO] Expired snapshot: ORION17-mdb9_6980f36e3e4bf100f3d674e5 (VG=ORION17-mdb9, system=fs9500-2.cpolab.ibm.com)
2026-03-05 19:41:25,445 [DEBUG] Validating FlashSystem snapshot: fs9500-2.cpolab.ibm.com | ORION16-mdb8 | ORION16-mdb8_6980f36e3e4bf100f3d674e5
2026-03-05 19:41:25,863 [INFO] Expired snapshot: ORION16-mdb8_6980f36e3e4bf100f3d674e5 (VG=ORION16-mdb8, system=fs9500-2.cpolab.ibm.com)
2026-03-05 19:41:25,863 [DEBUG] Validating FlashSystem snapshot: fs9500-3.cpolab.ibm.com | RecoveryShards | RecoveryShards_6980f36e3e4bf100f3d674e5
2026-03-05 19:41:26,366 [INFO] Expired snapshot: RecoveryShards_6980f36e3e4bf100f3d674e5 (VG=RecoveryShards, system=fs9500-3.cpolab.ibm.com)
2026-03-05 19:41:26,366 [DEBUG] Validating FlashSystem snapshot: fs9500-2.cpolab.ibm.com | ORION15-mdb7 | ORION15-mdb7_697a535e3e4bf100f3e7bec5
2026-03-05 19:41:26,829 [INFO] Expired snapshot: ORION15-mdb7_697a535e3e4bf100f3e7bec5 (VG=ORION15-mdb7, system=fs9500-2.cpolab.ibm.com)
2026-03-05 19:41:26,829 [DEBUG] Validating FlashSystem snapshot: fs9500-2.cpolab.ibm.com | ORION17-mdb9 | ORION17-mdb9_697a535e3e4bf100f3e7bec5
2026-03-05 19:41:27,262 [INFO] Expired snapshot: ORION17-mdb9_697a535e3e4bf100f3e7bec5 (VG=ORION17-mdb9, system=fs9500-2.cpolab.ibm.com)
2026-03-05 19:41:27,262 [DEBUG] Validating FlashSystem snapshot: fs9500-2.cpolab.ibm.com | ORION16-mdb8 | ORION16-mdb8_697a535e3e4bf100f3e7bec5
2026-03-05 19:41:27,681 [INFO] Expired snapshot: ORION16-mdb8_697a535e3e4bf100f3e7bec5 (VG=ORION16-mdb8, system=fs9500-2.cpolab.ibm.com)
2026-03-05 19:41:27,681 [DEBUG] Validating FlashSystem snapshot: fs9500-2.cpolab.ibm.com | ORION15-mdb7 | ORION15-mdb7_697902f73e4bf100f3b7b9b7
2026-03-05 19:41:28,107 [INFO] Expired snapshot: ORION15-mdb7_697902f73e4bf100f3b7b9b7 (VG=ORION15-mdb7, system=fs9500-2.cpolab.ibm.com)
2026-03-05 19:41:28,107 [DEBUG] Validating FlashSystem snapshot: fs9500-2.cpolab.ibm.com | ORION17-mdb9 | ORION17-mdb9_697902f73e4bf100f3b7b9b7
2026-03-05 19:41:28,530 [INFO] Expired snapshot: ORION17-mdb9_697902f73e4bf100f3b7b9b7 (VG=ORION17-mdb9, system=fs9500-2.cpolab.ibm.com)
2026-03-05 19:41:28,530 [DEBUG] Validating FlashSystem snapshot: fs9500-2.cpolab.ibm.com | ORION16-mdb8 | ORION16-mdb8_697902f73e4bf100f3b7b9b7
2026-03-05 19:41:28,949 [INFO] Expired snapshot: ORION16-mdb8_697902f73e4bf100f3b7b9b7 (VG=ORION16-mdb8, system=fs9500-2.cpolab.ibm.com)
