2026-07-15 08:04:08,565 [INFO] Starting Ops Manager restore workflow
2026-07-15 08:04:09,856 [DEBUG] Validating FlashSystem snapshot: fs9500-2.cpolab.ibm.com | ORION16-FiServRep-mdb7 | ORION16-FiServRep-mdb7_6a57845c84006855ce70784a
2026-07-15 08:04:10,336 [INFO] Valid FlashSystem snapshot found: ORION16-FiServRep-mdb7_6a57845c84006855ce70784a (VG=ORION16-FiServRep-mdb7, system=fs9500-2.cpolab.ibm.com)
2026-07-15 08:04:10,337 [DEBUG] Validating FlashSystem snapshot: fs9500-2.cpolab.ibm.com | ORION16-FiServRep-mdb8 | ORION16-FiServRep-mdb8_6a57845c84006855ce70784a
2026-07-15 08:04:10,788 [INFO] Valid FlashSystem snapshot found: ORION16-FiServRep-mdb8_6a57845c84006855ce70784a (VG=ORION16-FiServRep-mdb8, system=fs9500-2.cpolab.ibm.com)
2026-07-15 08:04:10,790 [DEBUG] Validating FlashSystem snapshot: fs9500-2.cpolab.ibm.com | ORION16-FiServRep-mdb9 | ORION16-FiServRep-mdb9_6a57845c84006855ce70784a
2026-07-15 08:04:11,237 [INFO] Valid FlashSystem snapshot found: ORION16-FiServRep-mdb9_6a57845c84006855ce70784a (VG=ORION16-FiServRep-mdb9, system=fs9500-2.cpolab.ibm.com)
2026-07-15 08:04:11,239 [DEBUG] Validating FlashSystem snapshot: fs9500-2.cpolab.ibm.com | ORION16-FiServRep-mdb7 | ORION16-FiServRep-mdb7_6a563ed484006855ce536b50
2026-07-15 08:04:11,745 [INFO] Valid FlashSystem snapshot found: ORION16-FiServRep-mdb7_6a563ed484006855ce536b50 (VG=ORION16-FiServRep-mdb7, system=fs9500-2.cpolab.ibm.com)
2026-07-15 08:04:11,747 [DEBUG] Validating FlashSystem snapshot: fs9500-2.cpolab.ibm.com | ORION16-FiServRep-mdb8 | ORION16-FiServRep-mdb8_6a563ed484006855ce536b50
2026-07-15 08:04:12,204 [INFO] Valid FlashSystem snapshot found: ORION16-FiServRep-mdb8_6a563ed484006855ce536b50 (VG=ORION16-FiServRep-mdb8, system=fs9500-2.cpolab.ibm.com)
2026-07-15 08:04:12,206 [DEBUG] Validating FlashSystem snapshot: fs9500-2.cpolab.ibm.com | ORION16-FiServRep-mdb9 | ORION16-FiServRep-mdb9_6a563ed484006855ce536b50
2026-07-15 08:04:12,649 [INFO] Valid FlashSystem snapshot found: ORION16-FiServRep-mdb9_6a563ed484006855ce536b50 (VG=ORION16-FiServRep-mdb9, system=fs9500-2.cpolab.ibm.com)
2026-07-15 08:04:12,651 [DEBUG] Validating FlashSystem snapshot: fs9500-2.cpolab.ibm.com | ORION16-FiServRep-mdb7 | ORION16-FiServRep-mdb7_6a56352484006855ce52776a
2026-07-15 08:04:13,099 [INFO] Valid FlashSystem snapshot found: ORION16-FiServRep-mdb7_6a56352484006855ce52776a (VG=ORION16-FiServRep-mdb7, system=fs9500-2.cpolab.ibm.com)
2026-07-15 08:04:13,100 [DEBUG] Validating FlashSystem snapshot: fs9500-2.cpolab.ibm.com | ORION16-FiServRep-mdb8 | ORION16-FiServRep-mdb8_6a56352484006855ce52776a
2026-07-15 08:04:13,563 [INFO] Valid FlashSystem snapshot found: ORION16-FiServRep-mdb8_6a56352484006855ce52776a (VG=ORION16-FiServRep-mdb8, system=fs9500-2.cpolab.ibm.com)
2026-07-15 08:04:13,564 [DEBUG] Validating FlashSystem snapshot: fs9500-2.cpolab.ibm.com | ORION16-FiServRep-mdb9 | ORION16-FiServRep-mdb9_6a56352484006855ce52776a
2026-07-15 08:04:14,011 [INFO] Valid FlashSystem snapshot found: ORION16-FiServRep-mdb9_6a56352484006855ce52776a (VG=ORION16-FiServRep-mdb9, system=fs9500-2.cpolab.ibm.com)
2026-07-15 08:04:14,012 [DEBUG] Validating FlashSystem snapshot: fs9500-2.cpolab.ibm.com | ORION16-FiServRep-mdb7 | ORION16-FiServRep-mdb7_6a56339184006855ce5254ea
2026-07-15 08:04:14,460 [INFO] Valid FlashSystem snapshot found: ORION16-FiServRep-mdb7_6a56339184006855ce5254ea (VG=ORION16-FiServRep-mdb7, system=fs9500-2.cpolab.ibm.com)
2026-07-15 08:04:14,461 [DEBUG] Validating FlashSystem snapshot: fs9500-2.cpolab.ibm.com | ORION16-FiServRep-mdb8 | ORION16-FiServRep-mdb8_6a56339184006855ce5254ea
2026-07-15 08:04:14,914 [INFO] Valid FlashSystem snapshot found: ORION16-FiServRep-mdb8_6a56339184006855ce5254ea (VG=ORION16-FiServRep-mdb8, system=fs9500-2.cpolab.ibm.com)
2026-07-15 08:04:14,916 [DEBUG] Validating FlashSystem snapshot: fs9500-2.cpolab.ibm.com | ORION16-FiServRep-mdb9 | ORION16-FiServRep-mdb9_6a56339184006855ce5254ea
2026-07-15 08:04:15,362 [INFO] Valid FlashSystem snapshot found: ORION16-FiServRep-mdb9_6a56339184006855ce5254ea (VG=ORION16-FiServRep-mdb9, system=fs9500-2.cpolab.ibm.com)
2026-07-15 08:04:15,363 [DEBUG] Validating FlashSystem snapshot: fs9500-2.cpolab.ibm.com | ORION16-FiServRep-mdb7 | ORION16-FiServRep-mdb7_6a4e5a6f84006855cea7de7d
2026-07-15 08:04:15,809 [INFO] Valid FlashSystem snapshot found: ORION16-FiServRep-mdb7_6a4e5a6f84006855cea7de7d (VG=ORION16-FiServRep-mdb7, system=fs9500-2.cpolab.ibm.com)
2026-07-15 08:04:15,811 [DEBUG] Validating FlashSystem snapshot: fs9500-2.cpolab.ibm.com | ORION16-FiServRep-mdb8 | ORION16-FiServRep-mdb8_6a4e5a6f84006855cea7de7d
2026-07-15 08:04:16,263 [INFO] Valid FlashSystem snapshot found: ORION16-FiServRep-mdb8_6a4e5a6f84006855cea7de7d (VG=ORION16-FiServRep-mdb8, system=fs9500-2.cpolab.ibm.com)
2026-07-15 08:04:16,265 [DEBUG] Validating FlashSystem snapshot: fs9500-2.cpolab.ibm.com | ORION16-FiServRep-mdb9 | ORION16-FiServRep-mdb9_6a4e5a6f84006855cea7de7d
2026-07-15 08:04:16,718 [INFO] Valid FlashSystem snapshot found: ORION16-FiServRep-mdb9_6a4e5a6f84006855cea7de7d (VG=ORION16-FiServRep-mdb9, system=fs9500-2.cpolab.ibm.com)
2026-07-15 08:04:16,720 [DEBUG] Validating FlashSystem snapshot: fs9500-2.cpolab.ibm.com | ORION16-FiServRep-mdb7 | ORION16-FiServRep-mdb7_6a4e4dca84006855cea6a399
2026-07-15 08:04:17,165 [INFO] Valid FlashSystem snapshot found: ORION16-FiServRep-mdb7_6a4e4dca84006855cea6a399 (VG=ORION16-FiServRep-mdb7, system=fs9500-2.cpolab.ibm.com)
2026-07-15 08:04:17,167 [DEBUG] Validating FlashSystem snapshot: fs9500-2.cpolab.ibm.com | ORION16-FiServRep-mdb8 | ORION16-FiServRep-mdb8_6a4e4dca84006855cea6a399
2026-07-15 08:04:17,609 [INFO] Valid FlashSystem snapshot found: ORION16-FiServRep-mdb8_6a4e4dca84006855cea6a399 (VG=ORION16-FiServRep-mdb8, system=fs9500-2.cpolab.ibm.com)
2026-07-15 08:04:17,611 [DEBUG] Validating FlashSystem snapshot: fs9500-2.cpolab.ibm.com | ORION16-FiServRep-mdb9 | ORION16-FiServRep-mdb9_6a4e4dca84006855cea6a399
2026-07-15 08:04:18,051 [INFO] Valid FlashSystem snapshot found: ORION16-FiServRep-mdb9_6a4e4dca84006855cea6a399 (VG=ORION16-FiServRep-mdb9, system=fs9500-2.cpolab.ibm.com)
2026-07-15 08:04:18,052 [DEBUG] Validating FlashSystem snapshot: fs9500-2.cpolab.ibm.com | ORION16-FiServRep-mdb7 | ORION16-FiServRep-mdb7_6a4280b4f9f8584e2237151c
2026-07-15 08:04:18,498 [INFO] Expired snapshot: ORION16-FiServRep-mdb7_6a4280b4f9f8584e2237151c (VG=ORION16-FiServRep-mdb7, system=fs9500-2.cpolab.ibm.com)
2026-07-15 08:04:18,500 [DEBUG] Validating FlashSystem snapshot: fs9500-2.cpolab.ibm.com | ORION16-FiServRep-mdb8 | ORION16-FiServRep-mdb8_6a4280b4f9f8584e2237151c
2026-07-15 08:04:18,955 [INFO] Expired snapshot: ORION16-FiServRep-mdb8_6a4280b4f9f8584e2237151c (VG=ORION16-FiServRep-mdb8, system=fs9500-2.cpolab.ibm.com)
2026-07-15 08:04:18,956 [DEBUG] Validating FlashSystem snapshot: fs9500-2.cpolab.ibm.com | ORION16-FiServRep-mdb9 | ORION16-FiServRep-mdb9_6a4280b4f9f8584e2237151c
2026-07-15 08:04:19,407 [INFO] Expired snapshot: ORION16-FiServRep-mdb9_6a4280b4f9f8584e2237151c (VG=ORION16-FiServRep-mdb9, system=fs9500-2.cpolab.ibm.com)
2026-07-15 08:04:19,409 [DEBUG] Validating FlashSystem snapshot: fs9500-2.cpolab.ibm.com | ORION16-FiServRep-mdb7 | ORION16-FiServRep-mdb7_6a427f1ef9f8584e2236f01b
2026-07-15 08:04:19,854 [INFO] Expired snapshot: ORION16-FiServRep-mdb7_6a427f1ef9f8584e2236f01b (VG=ORION16-FiServRep-mdb7, system=fs9500-2.cpolab.ibm.com)
2026-07-15 08:04:19,855 [DEBUG] Validating FlashSystem snapshot: fs9500-2.cpolab.ibm.com | ORION16-FiServRep-mdb8 | ORION16-FiServRep-mdb8_6a427f1ef9f8584e2236f01b
2026-07-15 08:04:20,341 [INFO] Expired snapshot: ORION16-FiServRep-mdb8_6a427f1ef9f8584e2236f01b (VG=ORION16-FiServRep-mdb8, system=fs9500-2.cpolab.ibm.com)
2026-07-15 08:04:20,342 [DEBUG] Validating FlashSystem snapshot: fs9500-2.cpolab.ibm.com | ORION16-FiServRep-mdb9 | ORION16-FiServRep-mdb9_6a427f1ef9f8584e2236f01b
2026-07-15 08:04:20,798 [INFO] Expired snapshot: ORION16-FiServRep-mdb9_6a427f1ef9f8584e2236f01b (VG=ORION16-FiServRep-mdb9, system=fs9500-2.cpolab.ibm.com)
2026-07-15 08:04:20,800 [DEBUG] Validating FlashSystem snapshot: fs9500-2.cpolab.ibm.com | ORION16-FiServRep-mdb7 | ORION16-FiServRep-mdb7_6a42777bf9f8584e223647b0
2026-07-15 08:04:21,245 [INFO] Expired snapshot: ORION16-FiServRep-mdb7_6a42777bf9f8584e223647b0 (VG=ORION16-FiServRep-mdb7, system=fs9500-2.cpolab.ibm.com)
2026-07-15 08:04:21,246 [DEBUG] Validating FlashSystem snapshot: fs9500-2.cpolab.ibm.com | ORION16-FiServRep-mdb8 | ORION16-FiServRep-mdb8_6a42777bf9f8584e223647b0
2026-07-15 08:04:21,704 [INFO] Expired snapshot: ORION16-FiServRep-mdb8_6a42777bf9f8584e223647b0 (VG=ORION16-FiServRep-mdb8, system=fs9500-2.cpolab.ibm.com)
2026-07-15 08:04:21,706 [DEBUG] Validating FlashSystem snapshot: fs9500-2.cpolab.ibm.com | ORION16-FiServRep-mdb9 | ORION16-FiServRep-mdb9_6a42777bf9f8584e223647b0
2026-07-15 08:04:22,158 [INFO] Expired snapshot: ORION16-FiServRep-mdb9_6a42777bf9f8584e223647b0 (VG=ORION16-FiServRep-mdb9, system=fs9500-2.cpolab.ibm.com)
2026-07-15 08:04:22,159 [DEBUG] Validating FlashSystem snapshot: fs9500-2.cpolab.ibm.com | ORION16-FiServRep-mdb7 | ORION16-FiServRep-mdb7_6a4275cff9f8584e2236226f
2026-07-15 08:04:22,605 [INFO] Expired snapshot: ORION16-FiServRep-mdb7_6a4275cff9f8584e2236226f (VG=ORION16-FiServRep-mdb7, system=fs9500-2.cpolab.ibm.com)
2026-07-15 08:04:22,607 [DEBUG] Validating FlashSystem snapshot: fs9500-2.cpolab.ibm.com | ORION16-FiServRep-mdb8 | ORION16-FiServRep-mdb8_6a4275cff9f8584e2236226f
2026-07-15 08:04:23,142 [INFO] Expired snapshot: ORION16-FiServRep-mdb8_6a4275cff9f8584e2236226f (VG=ORION16-FiServRep-mdb8, system=fs9500-2.cpolab.ibm.com)
2026-07-15 08:04:23,144 [DEBUG] Validating FlashSystem snapshot: fs9500-2.cpolab.ibm.com | ORION16-FiServRep-mdb9 | ORION16-FiServRep-mdb9_6a4275cff9f8584e2236226f
2026-07-15 08:04:23,610 [INFO] Expired snapshot: ORION16-FiServRep-mdb9_6a4275cff9f8584e2236226f (VG=ORION16-FiServRep-mdb9, system=fs9500-2.cpolab.ibm.com)
2026-07-15 08:04:23,612 [DEBUG] Validating FlashSystem snapshot: fs9500-2.cpolab.ibm.com | ORION16-FiServRep-mdb7 | ORION16-FiServRep-mdb7_6a42727bf9f8584e2235d88a
2026-07-15 08:04:24,059 [INFO] Expired snapshot: ORION16-FiServRep-mdb7_6a42727bf9f8584e2235d88a (VG=ORION16-FiServRep-mdb7, system=fs9500-2.cpolab.ibm.com)
2026-07-15 08:04:24,060 [DEBUG] Validating FlashSystem snapshot: fs9500-2.cpolab.ibm.com | ORION16-FiServRep-mdb8 | ORION16-FiServRep-mdb8_6a42727bf9f8584e2235d88a
2026-07-15 08:04:24,514 [INFO] Expired snapshot: ORION16-FiServRep-mdb8_6a42727bf9f8584e2235d88a (VG=ORION16-FiServRep-mdb8, system=fs9500-2.cpolab.ibm.com)
2026-07-15 08:04:24,515 [DEBUG] Validating FlashSystem snapshot: fs9500-2.cpolab.ibm.com | ORION16-FiServRep-mdb9 | ORION16-FiServRep-mdb9_6a42727bf9f8584e2235d88a
2026-07-15 08:04:24,969 [INFO] Expired snapshot: ORION16-FiServRep-mdb9_6a42727bf9f8584e2235d88a (VG=ORION16-FiServRep-mdb9, system=fs9500-2.cpolab.ibm.com)
2026-07-15 08:04:24,970 [DEBUG] API GET http://129.40.36.100:8080/api/public/v1.0/backup/third_party/group/6a386221ee19a6537cc68a97/clusters
2026-07-15 08:04:25,142 [DEBUG] STATUS 200
2026-07-15 08:04:25,142 [DEBUG] {
  "clusters": [
    {
      "clusterId": "6a387fc1f9f8584e2262c8f3",
      "clusterName": "testRep",
      "groupId": "6a386221ee19a6537cc68a97",
      "jobId": "6a387fc1f9f8584e2262c8f3",
      "state": "ACTIVE"
    },
    {
      "clusterId": "6a3939acf9f8584e226a56e4",
      "clusterName": "tsetrepRestore",
      "groupId": "6a386221ee19a6537cc68a97",
      "jobId": "6a3939acf9f8584e226a56e4",
      "state": "ACTIVE"
    },
    {
      "clusterId": "6a39559ff9f8584e226bec72",
      "clusterName": "sgcCluster",
      "groupId": "6a386221ee19a6537cc68a97",
      "jobId": "6a39559ff9f8584e226bec72",
      "state": "ACTIVE"
    },
    {
      "clusterId": "6a39582af9f8584e226c2953",
      "clusterName": "tgtCluster",
      "groupId": "6a386221ee19a6537cc68a97",
      "jobId": "6a39582af9f8584e226c2953",
      "state": "ACTIVE"
    }
  ]
}
2026-07-15 08:04:25,142 [DEBUG] API GET http://129.40.36.100:8080/api/public/v1.0/backup/third_party/group/6a386221ee19a6537cc68a97/clusters/6a3939acf9f8584e226a56e4
2026-07-15 08:04:25,269 [DEBUG] STATUS 200
2026-07-15 08:04:25,269 [DEBUG] {
  "replicaSets": [
    {
      "id": "tsetrepRestore",
      "nodes": [
        {
          "dbPath": "/fimongo/data",
          "hidden": false,
          "hostname": "rmdb9",
          "id": "rmdb9:27017",
          "lastAgentPing": "2026-07-15T13:04:15Z",
          "memberState": "SECONDARY",
          "mongodbVersion": "8.0.26",
          "opTime": "2026-07-15T13:00:43Z",
          "oplogStoreType": "thirdPartyOplogStore",
          "port": 27017,
          "priority": 1.0,
          "rsId": "tsetrepRestore",
          "snapshotable": true,
          "votes": 1
        },
        {
          "dbPath": "/fimongo/data",
          "hidden": false,
          "hostname": "rmdb7",
          "id": "rmdb7:27017",
          "lastAgentPing": "2026-07-15T13:03:43Z",
          "memberState": "PRIMARY",
          "mongodbVersion": "8.0.26",
          "opTime": "2026-07-15T13:00:43Z",
          "oplogStoreType": "thirdPartyOplogStore",
          "port": 27017,
          "priority": 1.0,
          "rsId": "tsetrepRestore",
          "snapshotable": true,
          "votes": 1
        },
        {
          "dbPath": "/fimongo/data",
          "hidden": false,
          "hostname": "rmdb8",
          "id": "rmdb8:27017",
          "lastAgentPing": "2026-07-15T13:04:20Z",
          "memberState": "SECONDARY",
          "mongodbVersion": "8.0.26",
          "opTime": "2026-07-15T13:00:43Z",
          "oplogStoreType": "thirdPartyOplogStore",
          "port": 27017,
          "priority": 1.0,
          "rsId": "tsetrepRestore",
          "snapshotable": true,
          "votes": 1
        }
      ],
      "oplogType": "thirdParty"
    }
  ],
  "restoreId": "6a564db48a91cdade89e3fa3"
}
2026-07-15 08:04:25,269 [INFO] Source replica sets : 1
2026-07-15 08:04:25,269 [INFO] Destination replica sets : 1
2026-07-15 08:04:25,270 [INFO] Cluster topology validation passed
2026-07-15 08:04:25,270 [DEBUG] API GET http://129.40.36.100:8080/api/public/v1.0/backup/third_party/group/6a386221ee19a6537cc68a97/clusters/6a3939acf9f8584e226a56e4
2026-07-15 08:04:25,395 [DEBUG] STATUS 200
2026-07-15 08:04:25,395 [DEBUG] {
  "replicaSets": [
    {
      "id": "tsetrepRestore",
      "nodes": [
        {
          "dbPath": "/fimongo/data",
          "hidden": false,
          "hostname": "rmdb9",
          "id": "rmdb9:27017",
          "lastAgentPing": "2026-07-15T13:04:15Z",
          "memberState": "SECONDARY",
          "mongodbVersion": "8.0.26",
          "opTime": "2026-07-15T13:00:43Z",
          "oplogStoreType": "thirdPartyOplogStore",
          "port": 27017,
          "priority": 1.0,
          "rsId": "tsetrepRestore",
          "snapshotable": true,
          "votes": 1
        },
        {
          "dbPath": "/fimongo/data",
          "hidden": false,
          "hostname": "rmdb7",
          "id": "rmdb7:27017",
          "lastAgentPing": "2026-07-15T13:03:43Z",
          "memberState": "PRIMARY",
          "mongodbVersion": "8.0.26",
          "opTime": "2026-07-15T13:00:43Z",
          "oplogStoreType": "thirdPartyOplogStore",
          "port": 27017,
          "priority": 1.0,
          "rsId": "tsetrepRestore",
          "snapshotable": true,
          "votes": 1
        },
        {
          "dbPath": "/fimongo/data",
          "hidden": false,
          "hostname": "rmdb8",
          "id": "rmdb8:27017",
          "lastAgentPing": "2026-07-15T13:04:20Z",
          "memberState": "SECONDARY",
          "mongodbVersion": "8.0.26",
          "opTime": "2026-07-15T13:00:43Z",
          "oplogStoreType": "thirdPartyOplogStore",
          "port": 27017,
          "priority": 1.0,
          "rsId": "tsetrepRestore",
          "snapshotable": true,
          "votes": 1
        }
      ],
      "oplogType": "thirdParty"
    }
  ],
  "restoreId": "6a564db48a91cdade89e3fa3"
}
2026-07-15 08:04:25,395 [DEBUG] API POST http://129.40.36.100:8080/api/public/v1.0/backup/third_party/group/6a386221ee19a6537cc68a97/clusters/6a3939acf9f8584e226a56e4/restore
2026-07-15 08:04:25,396 [DEBUG] {
  "snapshotsMetadata": [
    {
      "clusterId": "6a387fc1f9f8584e2262c8f3",
      "clusterName": "testRep",
      "groupId": "6a386221ee19a6537cc68a97",
      "restoreTimestamp": {
        "increment": 1,
        "time": 1784120471
      },
      "rsSnapshotsMetadata": [
        {
          "defaultRWConcern": {
            "defaultReadConcern": {
              "level": "local"
            },
            "defaultReadConcernSource": "implicit",
            "defaultWriteConcern": {
              "w": "majority",
              "wtimeout": 0
            },
            "defaultWriteConcernSource": "implicit",
            "localUpdateWallClockTime": "2026-07-15T13:01:35Z"
          },
          "encryption": false,
          "fcv": "8.0",
          "fileSize": 10551296,
          "incremental": true,
          "isConfigShard": false,
          "keyEncryptionUUID": null,
          "lastOplogApplied": {
            "increment": 1,
            "time": 1784120471
          },
          "member": "REPLICA_SET",
          "mongodbVersion": "8.0.26",
          "oplogStoreType": "thirdPartyOplogStore",
          "rsId": "testRep",
          "shardId": null,
          "snapshotVersion": 1,
          "srcBackupName": null,
          "startupOptions": {},
          "storageEngine": "wiredTiger",
          "thisBackupName": "mdb8.27017.1784120479"
        }
      ],
      "snapshotId": "6a57845c84006855ce70784a",
      "snapshotTimestamp": {
        "increment": 1,
        "time": 1784120471
      }
    }
  ],
  "nodes": [
    {
      "id": "rmdb9:27017",
      "restoreRole": "RESTORE"
    },
    {
      "id": "rmdb7:27017",
      "restoreRole": "RESTORE"
    },
    {
      "id": "rmdb8:27017",
      "restoreRole": "RESTORE"
    }
  ]
}
2026-07-15 08:04:25,519 [DEBUG] STATUS 200
2026-07-15 08:04:25,519 [DEBUG] {
  "clusterMapping": [
    {
      "nodes": [
        {
          "error": null,
          "hostname": "rmdb9",
          "id": "rmdb9:27017",
          "port": 27017,
          "rsId": "tsetrepRestore",
          "state": "INITIAL",
          "stateUpdateTime": null
        },
        {
          "error": null,
          "hostname": "rmdb7",
          "id": "rmdb7:27017",
          "port": 27017,
          "rsId": "tsetrepRestore",
          "state": "INITIAL",
          "stateUpdateTime": null
        },
        {
          "error": null,
          "hostname": "rmdb8",
          "id": "rmdb8:27017",
          "port": 27017,
          "rsId": "tsetrepRestore",
          "state": "INITIAL",
          "stateUpdateTime": null
        }
      ],
      "rsId": "testRep",
      "targetRsId": "tsetrepRestore"
    }
  ],
  "restoreId": "6a5785578a91cdade89f0519"
}
2026-07-15 08:04:25,521 [INFO] Restore ID: 6a5785578a91cdade89f0519
2026-07-15 08:04:25,521 [DEBUG] API POST http://129.40.36.100:8080/api/public/v1.0/backup/third_party/group/6a386221ee19a6537cc68a97/restore/6a5785578a91cdade89f0519/start
2026-07-15 08:04:25,828 [DEBUG] STATUS 200
2026-07-15 08:04:25,828 [DEBUG] {
  "errorCode": "NONE",
  "version": "1",
  "status": "OK"
}
2026-07-15 08:04:25,828 [DEBUG] API GET http://129.40.36.100:8080/api/public/v1.0/backup/third_party/group/6a386221ee19a6537cc68a97/restore/6a5785578a91cdade89f0519
2026-07-15 08:04:25,963 [DEBUG] STATUS 200
2026-07-15 08:04:25,963 [DEBUG] {
  "clusterMapping": [
    {
      "rsId": "testRep",
      "targetRsId": "tsetrepRestore"
    }
  ],
  "nodes": [
    {
      "error": null,
      "hostname": "rmdb9",
      "id": "rmdb9:27017",
      "port": 27017,
      "rsId": "tsetrepRestore",
      "state": "PENDING",
      "stateUpdateTime": 1784120663
    },
    {
      "error": null,
      "hostname": "rmdb7",
      "id": "rmdb7:27017",
      "port": 27017,
      "rsId": "tsetrepRestore",
      "state": "PENDING",
      "stateUpdateTime": 1784120663
    },
    {
      "error": null,
      "hostname": "rmdb8",
      "id": "rmdb8:27017",
      "port": 27017,
      "rsId": "tsetrepRestore",
      "state": "PENDING",
      "stateUpdateTime": 1784120663
    }
  ],
  "state": "PENDING"
}
2026-07-15 08:04:25,963 [INFO] Restore state: PENDING
2026-07-15 08:04:35,964 [DEBUG] API GET http://129.40.36.100:8080/api/public/v1.0/backup/third_party/group/6a386221ee19a6537cc68a97/restore/6a5785578a91cdade89f0519
2026-07-15 08:04:36,103 [DEBUG] STATUS 200
2026-07-15 08:04:36,103 [DEBUG] {
  "clusterMapping": [
    {
      "rsId": "testRep",
      "targetRsId": "tsetrepRestore"
    }
  ],
  "nodes": [
    {
      "error": null,
      "hostname": "rmdb9",
      "id": "rmdb9:27017",
      "port": 27017,
      "rsId": "tsetrepRestore",
      "state": "PENDING",
      "stateUpdateTime": 1784120663
    },
    {
      "error": null,
      "hostname": "rmdb7",
      "id": "rmdb7:27017",
      "port": 27017,
      "rsId": "tsetrepRestore",
      "state": "PENDING",
      "stateUpdateTime": 1784120663
    },
    {
      "error": null,
      "hostname": "rmdb8",
      "id": "rmdb8:27017",
      "port": 27017,
      "rsId": "tsetrepRestore",
      "state": "PENDING",
      "stateUpdateTime": 1784120663
    }
  ],
  "state": "PENDING"
}
2026-07-15 08:04:36,103 [INFO] Restore state: PENDING
2026-07-15 08:04:46,104 [DEBUG] API GET http://129.40.36.100:8080/api/public/v1.0/backup/third_party/group/6a386221ee19a6537cc68a97/restore/6a5785578a91cdade89f0519
2026-07-15 08:04:46,238 [DEBUG] STATUS 200
2026-07-15 08:04:46,238 [DEBUG] {
  "clusterMapping": [
    {
      "rsId": "testRep",
      "targetRsId": "tsetrepRestore"
    }
  ],
  "nodes": [
    {
      "error": null,
      "hostname": "rmdb9",
      "id": "rmdb9:27017",
      "port": 27017,
      "rsId": "tsetrepRestore",
      "state": "PENDING",
      "stateUpdateTime": 1784120663
    },
    {
      "error": null,
      "hostname": "rmdb7",
      "id": "rmdb7:27017",
      "port": 27017,
      "rsId": "tsetrepRestore",
      "state": "PENDING",
      "stateUpdateTime": 1784120663
    },
    {
      "error": null,
      "hostname": "rmdb8",
      "id": "rmdb8:27017",
      "port": 27017,
      "rsId": "tsetrepRestore",
      "state": "PENDING",
      "stateUpdateTime": 1784120663
    }
  ],
  "state": "PENDING"
}
2026-07-15 08:04:46,239 [INFO] Restore state: PENDING
2026-07-15 08:04:56,239 [DEBUG] API GET http://129.40.36.100:8080/api/public/v1.0/backup/third_party/group/6a386221ee19a6537cc68a97/restore/6a5785578a91cdade89f0519
2026-07-15 08:04:56,374 [DEBUG] STATUS 200
2026-07-15 08:04:56,374 [DEBUG] {
  "clusterMapping": [
    {
      "rsId": "testRep",
      "targetRsId": "tsetrepRestore"
    }
  ],
  "nodes": [
    {
      "error": null,
      "hostname": "rmdb9",
      "id": "rmdb9:27017",
      "port": 27017,
      "rsId": "tsetrepRestore",
      "state": "PENDING",
      "stateUpdateTime": 1784120663
    },
    {
      "error": null,
      "hostname": "rmdb7",
      "id": "rmdb7:27017",
      "port": 27017,
      "rsId": "tsetrepRestore",
      "state": "PENDING",
      "stateUpdateTime": 1784120663
    },
    {
      "error": null,
      "hostname": "rmdb8",
      "id": "rmdb8:27017",
      "port": 27017,
      "rsId": "tsetrepRestore",
      "state": "PENDING",
      "stateUpdateTime": 1784120663
    }
  ],
  "state": "PENDING"
}
2026-07-15 08:04:56,374 [INFO] Restore state: PENDING
2026-07-15 08:05:06,375 [DEBUG] API GET http://129.40.36.100:8080/api/public/v1.0/backup/third_party/group/6a386221ee19a6537cc68a97/restore/6a5785578a91cdade89f0519
2026-07-15 08:05:06,510 [DEBUG] STATUS 200
2026-07-15 08:05:06,510 [DEBUG] {
  "clusterMapping": [
    {
      "rsId": "testRep",
      "targetRsId": "tsetrepRestore"
    }
  ],
  "nodes": [
    {
      "error": null,
      "hostname": "rmdb9",
      "id": "rmdb9:27017",
      "port": 27017,
      "rsId": "tsetrepRestore",
      "state": "SHUTDOWN_IN_PROGRESS",
      "stateUpdateTime": 1784120699
    },
    {
      "error": null,
      "hostname": "rmdb7",
      "id": "rmdb7:27017",
      "port": 27017,
      "rsId": "tsetrepRestore",
      "state": "SHUTDOWN_IN_PROGRESS",
      "stateUpdateTime": 1784120699
    },
    {
      "error": null,
      "hostname": "rmdb8",
      "id": "rmdb8:27017",
      "port": 27017,
      "rsId": "tsetrepRestore",
      "state": "SHUTDOWN_IN_PROGRESS",
      "stateUpdateTime": 1784120699
    }
  ],
  "state": "SHUTDOWN_IN_PROGRESS"
}
2026-07-15 08:05:06,511 [INFO] Restore state: SHUTDOWN_IN_PROGRESS
2026-07-15 08:05:16,511 [DEBUG] API GET http://129.40.36.100:8080/api/public/v1.0/backup/third_party/group/6a386221ee19a6537cc68a97/restore/6a5785578a91cdade89f0519
2026-07-15 08:05:16,649 [DEBUG] STATUS 200
2026-07-15 08:05:16,649 [DEBUG] {
  "clusterMapping": [
    {
      "rsId": "testRep",
      "targetRsId": "tsetrepRestore"
    }
  ],
  "nodes": [
    {
      "error": null,
      "hostname": "rmdb9",
      "id": "rmdb9:27017",
      "port": 27017,
      "rsId": "tsetrepRestore",
      "state": "SHUTDOWN_IN_PROGRESS",
      "stateUpdateTime": 1784120699
    },
    {
      "error": null,
      "hostname": "rmdb7",
      "id": "rmdb7:27017",
      "port": 27017,
      "rsId": "tsetrepRestore",
      "state": "SHUTDOWN_IN_PROGRESS",
      "stateUpdateTime": 1784120699
    },
    {
      "error": null,
      "hostname": "rmdb8",
      "id": "rmdb8:27017",
      "port": 27017,
      "rsId": "tsetrepRestore",
      "state": "SHUTDOWN_IN_PROGRESS",
      "stateUpdateTime": 1784120699
    }
  ],
  "state": "SHUTDOWN_IN_PROGRESS"
}
2026-07-15 08:05:16,649 [INFO] Restore state: SHUTDOWN_IN_PROGRESS
2026-07-15 08:05:26,650 [DEBUG] API GET http://129.40.36.100:8080/api/public/v1.0/backup/third_party/group/6a386221ee19a6537cc68a97/restore/6a5785578a91cdade89f0519
2026-07-15 08:05:26,852 [DEBUG] STATUS 200
2026-07-15 08:05:26,852 [DEBUG] {
  "clusterMapping": [
    {
      "rsId": "testRep",
      "targetRsId": "tsetrepRestore"
    }
  ],
  "nodes": [
    {
      "error": null,
      "hostname": "rmdb9",
      "id": "rmdb9:27017",
      "port": 27017,
      "rsId": "tsetrepRestore",
      "state": "SHUTDOWN_IN_PROGRESS",
      "stateUpdateTime": 1784120699
    },
    {
      "error": null,
      "hostname": "rmdb7",
      "id": "rmdb7:27017",
      "port": 27017,
      "rsId": "tsetrepRestore",
      "state": "SHUTDOWN_IN_PROGRESS",
      "stateUpdateTime": 1784120699
    },
    {
      "error": null,
      "hostname": "rmdb8",
      "id": "rmdb8:27017",
      "port": 27017,
      "rsId": "tsetrepRestore",
      "state": "SHUTDOWN_IN_PROGRESS",
      "stateUpdateTime": 1784120699
    }
  ],
  "state": "SHUTDOWN_IN_PROGRESS"
}
2026-07-15 08:05:26,853 [INFO] Restore state: SHUTDOWN_IN_PROGRESS
2026-07-15 08:05:36,853 [DEBUG] API GET http://129.40.36.100:8080/api/public/v1.0/backup/third_party/group/6a386221ee19a6537cc68a97/restore/6a5785578a91cdade89f0519
2026-07-15 08:05:36,987 [DEBUG] STATUS 200
2026-07-15 08:05:36,988 [DEBUG] {
  "clusterMapping": [
    {
      "rsId": "testRep",
      "targetRsId": "tsetrepRestore"
    }
  ],
  "nodes": [
    {
      "error": null,
      "hostname": "rmdb9",
      "id": "rmdb9:27017",
      "port": 27017,
      "rsId": "tsetrepRestore",
      "state": "SHUTDOWN_IN_PROGRESS",
      "stateUpdateTime": 1784120699
    },
    {
      "error": null,
      "hostname": "rmdb7",
      "id": "rmdb7:27017",
      "port": 27017,
      "rsId": "tsetrepRestore",
      "state": "SHUTDOWN_IN_PROGRESS",
      "stateUpdateTime": 1784120699
    },
    {
      "error": null,
      "hostname": "rmdb8",
      "id": "rmdb8:27017",
      "port": 27017,
      "rsId": "tsetrepRestore",
      "state": "SHUTDOWN_IN_PROGRESS",
      "stateUpdateTime": 1784120699
    }
  ],
  "state": "SHUTDOWN_IN_PROGRESS"
}
2026-07-15 08:05:36,988 [INFO] Restore state: SHUTDOWN_IN_PROGRESS
2026-07-15 08:05:46,989 [DEBUG] API GET http://129.40.36.100:8080/api/public/v1.0/backup/third_party/group/6a386221ee19a6537cc68a97/restore/6a5785578a91cdade89f0519
2026-07-15 08:05:47,145 [DEBUG] STATUS 200
2026-07-15 08:05:47,145 [DEBUG] {
  "clusterMapping": [
    {
      "rsId": "testRep",
      "targetRsId": "tsetrepRestore"
    }
  ],
  "nodes": [
    {
      "error": null,
      "hostname": "rmdb9",
      "id": "rmdb9:27017",
      "port": 27017,
      "rsId": "tsetrepRestore",
      "state": "SHUTDOWN_IN_PROGRESS",
      "stateUpdateTime": 1784120699
    },
    {
      "error": null,
      "hostname": "rmdb7",
      "id": "rmdb7:27017",
      "port": 27017,
      "rsId": "tsetrepRestore",
      "state": "SHUTDOWN_IN_PROGRESS",
      "stateUpdateTime": 1784120699
    },
    {
      "error": null,
      "hostname": "rmdb8",
      "id": "rmdb8:27017",
      "port": 27017,
      "rsId": "tsetrepRestore",
      "state": "SHUTDOWN_IN_PROGRESS",
      "stateUpdateTime": 1784120699
    }
  ],
  "state": "SHUTDOWN_IN_PROGRESS"
}
2026-07-15 08:05:47,146 [INFO] Restore state: SHUTDOWN_IN_PROGRESS
2026-07-15 08:05:57,147 [DEBUG] API GET http://129.40.36.100:8080/api/public/v1.0/backup/third_party/group/6a386221ee19a6537cc68a97/restore/6a5785578a91cdade89f0519
2026-07-15 08:05:57,306 [DEBUG] STATUS 200
2026-07-15 08:05:57,306 [DEBUG] {
  "clusterMapping": [
    {
      "rsId": "testRep",
      "targetRsId": "tsetrepRestore"
    }
  ],
  "nodes": [
    {
      "error": null,
      "hostname": "rmdb9",
      "id": "rmdb9:27017",
      "port": 27017,
      "rsId": "tsetrepRestore",
      "state": "SHUTDOWN_IN_PROGRESS",
      "stateUpdateTime": 1784120699
    },
    {
      "error": null,
      "hostname": "rmdb7",
      "id": "rmdb7:27017",
      "port": 27017,
      "rsId": "tsetrepRestore",
      "state": "SHUTDOWN_IN_PROGRESS",
      "stateUpdateTime": 1784120699
    },
    {
      "error": null,
      "hostname": "rmdb8",
      "id": "rmdb8:27017",
      "port": 27017,
      "rsId": "tsetrepRestore",
      "state": "SHUTDOWN_IN_PROGRESS",
      "stateUpdateTime": 1784120699
    }
  ],
  "state": "SHUTDOWN_IN_PROGRESS"
}
2026-07-15 08:05:57,306 [INFO] Restore state: SHUTDOWN_IN_PROGRESS
2026-07-15 08:06:07,307 [DEBUG] API GET http://129.40.36.100:8080/api/public/v1.0/backup/third_party/group/6a386221ee19a6537cc68a97/restore/6a5785578a91cdade89f0519
2026-07-15 08:06:07,461 [DEBUG] STATUS 200
2026-07-15 08:06:07,461 [DEBUG] {
  "clusterMapping": [
    {
      "rsId": "testRep",
      "targetRsId": "tsetrepRestore"
    }
  ],
  "nodes": [
    {
      "error": null,
      "hostname": "rmdb9",
      "id": "rmdb9:27017",
      "port": 27017,
      "rsId": "tsetrepRestore",
      "state": "SHUTDOWN_IN_PROGRESS",
      "stateUpdateTime": 1784120699
    },
    {
      "error": null,
      "hostname": "rmdb7",
      "id": "rmdb7:27017",
      "port": 27017,
      "rsId": "tsetrepRestore",
      "state": "COPY_FILES",
      "stateUpdateTime": 1784120758
    },
    {
      "error": null,
      "hostname": "rmdb8",
      "id": "rmdb8:27017",
      "port": 27017,
      "rsId": "tsetrepRestore",
      "state": "SHUTDOWN_IN_PROGRESS",
      "stateUpdateTime": 1784120699
    }
  ],
  "state": "SHUTDOWN_IN_PROGRESS"
}
2026-07-15 08:06:07,461 [INFO] Restore state: SHUTDOWN_IN_PROGRESS
2026-07-15 08:06:17,462 [DEBUG] API GET http://129.40.36.100:8080/api/public/v1.0/backup/third_party/group/6a386221ee19a6537cc68a97/restore/6a5785578a91cdade89f0519
2026-07-15 08:06:17,600 [DEBUG] STATUS 200
2026-07-15 08:06:17,601 [DEBUG] {
  "clusterMapping": [
    {
      "rsId": "testRep",
      "targetRsId": "tsetrepRestore"
    }
  ],
  "nodes": [
    {
      "error": null,
      "hostname": "rmdb9",
      "id": "rmdb9:27017",
      "port": 27017,
      "rsId": "tsetrepRestore",
      "state": "COPY_FILES",
      "stateUpdateTime": 1784120767
    },
    {
      "error": null,
      "hostname": "rmdb7",
      "id": "rmdb7:27017",
      "port": 27017,
      "rsId": "tsetrepRestore",
      "state": "COPY_FILES",
      "stateUpdateTime": 1784120758
    },
    {
      "error": null,
      "hostname": "rmdb8",
      "id": "rmdb8:27017",
      "port": 27017,
      "rsId": "tsetrepRestore",
      "state": "COPY_FILES",
      "stateUpdateTime": 1784120768
    }
  ],
  "state": "COPY_FILES"
}
2026-07-15 08:06:17,601 [INFO] Restore state: COPY_FILES
2026-07-15 08:06:27,602 [INFO] Unmounting MongoDB data volumes on all hosts
2026-07-15 08:06:28,612 [INFO] Host rmdb9 is currently busy
2026-07-15 08:06:29,592 [INFO] Host rmdb7 is currently busy
2026-07-15 08:06:30,619 [INFO] Host rmdb8 is currently busy
2026-07-15 08:06:30,619 [INFO] Busy hosts: 3
2026-07-15 08:06:41,581 [INFO] Host rmdb9 is currently busy
2026-07-15 08:06:42,643 [INFO] Host rmdb7 is currently busy
2026-07-15 08:06:43,652 [INFO] Host rmdb8 is currently busy
2026-07-15 08:06:43,653 [INFO] Busy hosts: 3
2026-07-15 08:06:54,601 [INFO] Host rmdb9 is currently busy
2026-07-15 08:06:55,612 [INFO] Host rmdb7 is currently busy
2026-07-15 08:06:56,566 [INFO] Host rmdb8 is currently busy
2026-07-15 08:06:56,566 [INFO] Busy hosts: 3
2026-07-15 08:07:07,558 [INFO] Host rmdb9 is currently busy
2026-07-15 08:07:08,560 [INFO] Host rmdb7 is currently busy
2026-07-15 08:07:09,501 [INFO] Host rmdb8 is currently busy
2026-07-15 08:07:09,501 [INFO] Busy hosts: 3
2026-07-15 08:07:20,532 [INFO] Host rmdb9 is currently busy
2026-07-15 08:07:21,499 [INFO] Host rmdb7 is currently busy
2026-07-15 08:07:22,497 [INFO] Host rmdb8 is currently busy
2026-07-15 08:07:22,497 [INFO] Busy hosts: 3
2026-07-15 08:07:33,431 [INFO] Host rmdb9 is currently busy
2026-07-15 08:07:34,396 [INFO] Host rmdb7 is currently busy
2026-07-15 08:07:35,272 [INFO] Host rmdb8 is currently busy
2026-07-15 08:07:35,272 [INFO] Busy hosts: 3
2026-07-15 08:07:46,219 [INFO] Host rmdb9 is currently busy
2026-07-15 08:07:47,203 [INFO] Host rmdb7 is currently busy
2026-07-15 08:07:48,183 [INFO] Host rmdb8 is currently busy
2026-07-15 08:07:48,184 [INFO] Busy hosts: 3
2026-07-15 08:07:59,157 [INFO] Host rmdb9 is currently busy
2026-07-15 08:08:00,134 [INFO] Host rmdb7 is currently busy
2026-07-15 08:08:01,088 [INFO] Host rmdb8 is currently busy
2026-07-15 08:08:01,088 [INFO] Busy hosts: 3
2026-07-15 08:08:12,049 [INFO] Host rmdb9 is currently busy
2026-07-15 08:08:12,999 [INFO] Host rmdb7 is currently busy
2026-07-15 08:08:13,928 [INFO] Host rmdb8 is currently busy
2026-07-15 08:08:13,929 [INFO] Busy hosts: 3
2026-07-15 08:08:24,939 [INFO] Host rmdb9 is currently busy
2026-07-15 08:08:25,909 [INFO] Host rmdb7 is currently busy
2026-07-15 08:08:26,920 [INFO] Host rmdb8 is currently busy
2026-07-15 08:08:26,921 [INFO] Busy hosts: 3
2026-07-15 08:08:38,008 [INFO] Host rmdb9 is currently busy
2026-07-15 08:08:38,992 [INFO] Host rmdb7 is currently busy
2026-07-15 08:08:39,994 [INFO] Host rmdb8 is currently busy
2026-07-15 08:08:39,994 [INFO] Busy hosts: 3
2026-07-15 08:08:51,009 [INFO] Host rmdb9 is currently busy
2026-07-15 08:08:52,029 [INFO] Host rmdb7 is currently busy
2026-07-15 08:08:52,992 [INFO] Host rmdb8 is currently busy
2026-07-15 08:08:52,992 [INFO] Busy hosts: 3
2026-07-15 08:09:03,962 [INFO] Host rmdb9 is currently busy
2026-07-15 08:09:04,953 [INFO] Host rmdb7 is currently busy
2026-07-15 08:09:06,002 [INFO] Host rmdb8 is currently busy
2026-07-15 08:09:06,003 [INFO] Busy hosts: 3
2026-07-15 08:09:16,988 [INFO] Host rmdb9 is currently busy
2026-07-15 08:09:17,958 [INFO] Host rmdb7 is currently busy
2026-07-15 08:09:18,897 [INFO] Host rmdb8 is currently busy
2026-07-15 08:09:18,897 [INFO] Busy hosts: 3
2026-07-15 08:09:29,923 [INFO] Host rmdb9 is currently busy
2026-07-15 08:09:30,927 [INFO] Host rmdb7 is currently busy
2026-07-15 08:09:31,884 [INFO] Host rmdb8 is currently busy
2026-07-15 08:09:31,884 [INFO] Busy hosts: 3
2026-07-15 08:09:42,907 [INFO] Host rmdb9 is currently busy
2026-07-15 08:09:43,869 [INFO] Host rmdb7 is currently busy
2026-07-15 08:09:44,853 [INFO] Host rmdb8 is currently busy
2026-07-15 08:09:44,854 [INFO] Busy hosts: 3
2026-07-15 08:09:55,828 [INFO] Host rmdb9 is currently busy
2026-07-15 08:09:56,824 [INFO] Host rmdb7 is currently busy
2026-07-15 08:09:57,840 [INFO] Host rmdb8 is currently busy
2026-07-15 08:09:57,841 [INFO] Busy hosts: 3
2026-07-15 08:10:08,872 [INFO] Host rmdb9 is currently busy
2026-07-15 08:10:09,850 [INFO] Host rmdb7 is currently busy
2026-07-15 08:10:10,846 [INFO] Host rmdb8 is currently busy
2026-07-15 08:10:10,846 [INFO] Busy hosts: 3
2026-07-15 08:10:21,841 [INFO] Host rmdb9 is currently busy
2026-07-15 08:10:22,831 [INFO] Host rmdb7 is currently busy
2026-07-15 08:10:23,842 [INFO] Host rmdb8 is currently busy
2026-07-15 08:10:23,842 [INFO] Busy hosts: 3
2026-07-15 08:10:35,830 [INFO] Host rmdb7 is currently busy
2026-07-15 08:10:36,869 [INFO] Host rmdb8 is currently busy
2026-07-15 08:10:36,869 [INFO] Busy hosts: 2
2026-07-15 08:10:48,901 [INFO] Host rmdb7 is currently busy
2026-07-15 08:10:49,869 [INFO] Busy hosts: 1
2026-07-15 08:11:01,859 [INFO] Host rmdb7 is currently busy
2026-07-15 08:11:02,938 [INFO] Busy hosts: 1
2026-07-15 08:11:40,909 [INFO] Busy hosts: 0
2026-07-15 08:11:40,909 [INFO] Resolving KVM cache on host: mdb-kvm1
2026-07-15 08:11:45,961 [INFO] Resolving KVM cache on host: mdb-kvm2
2026-07-15 08:11:50,978 [INFO] Resolving KVM cache on host: mdb-kvm3
2026-07-15 08:11:56,012 [INFO] Target nodes unmounted
2026-07-15 08:11:56,012 [INFO] Refreshing target volumes from snapshots
2026-07-15 08:12:10,360 [INFO] Mounting, verifying, and marking nodes as filesCopied
2026-07-15 08:12:10,360 [INFO] Mounting filesystem on target host rmdb9:27017
2026-07-15 08:12:10,360 [INFO] Mounting UUID=74e80e43-bc28-47e8-93f7-7aa89f7364dc on rmdb9 at /fimongo
2026-07-15 08:12:11,353 [WARNING] Mount failed on rmdb9: mount: /fimongo: mount(2) system call failed: Structure needs cleaning.
2026-07-15 08:12:21,354 [INFO] Verifying mount on target host rmdb9:27017
