2026-07-14 09:54:26,949 [INFO] Starting Ops Manager restore workflow
2026-07-14 09:54:28,217 [DEBUG] Validating FlashSystem snapshot: fs9500-2.cpolab.ibm.com | ORION16-FiServRep-mdb7 | ORION16-FiServRep-mdb7_6a563ed484006855ce536b50
2026-07-14 09:54:28,746 [INFO] Valid FlashSystem snapshot found: ORION16-FiServRep-mdb7_6a563ed484006855ce536b50 (VG=ORION16-FiServRep-mdb7, system=fs9500-2.cpolab.ibm.com)
2026-07-14 09:54:28,749 [DEBUG] Validating FlashSystem snapshot: fs9500-2.cpolab.ibm.com | ORION16-FiServRep-mdb8 | ORION16-FiServRep-mdb8_6a563ed484006855ce536b50
2026-07-14 09:54:29,226 [INFO] Valid FlashSystem snapshot found: ORION16-FiServRep-mdb8_6a563ed484006855ce536b50 (VG=ORION16-FiServRep-mdb8, system=fs9500-2.cpolab.ibm.com)
2026-07-14 09:54:29,228 [DEBUG] Validating FlashSystem snapshot: fs9500-2.cpolab.ibm.com | ORION16-FiServRep-mdb9 | ORION16-FiServRep-mdb9_6a563ed484006855ce536b50
2026-07-14 09:54:29,733 [INFO] Valid FlashSystem snapshot found: ORION16-FiServRep-mdb9_6a563ed484006855ce536b50 (VG=ORION16-FiServRep-mdb9, system=fs9500-2.cpolab.ibm.com)
2026-07-14 09:54:29,734 [DEBUG] Validating FlashSystem snapshot: fs9500-2.cpolab.ibm.com | ORION16-FiServRep-mdb7 | ORION16-FiServRep-mdb7_6a56352484006855ce52776a
2026-07-14 09:54:30,274 [INFO] Valid FlashSystem snapshot found: ORION16-FiServRep-mdb7_6a56352484006855ce52776a (VG=ORION16-FiServRep-mdb7, system=fs9500-2.cpolab.ibm.com)
2026-07-14 09:54:30,276 [DEBUG] Validating FlashSystem snapshot: fs9500-2.cpolab.ibm.com | ORION16-FiServRep-mdb8 | ORION16-FiServRep-mdb8_6a56352484006855ce52776a
2026-07-14 09:54:30,766 [INFO] Valid FlashSystem snapshot found: ORION16-FiServRep-mdb8_6a56352484006855ce52776a (VG=ORION16-FiServRep-mdb8, system=fs9500-2.cpolab.ibm.com)
2026-07-14 09:54:30,768 [DEBUG] Validating FlashSystem snapshot: fs9500-2.cpolab.ibm.com | ORION16-FiServRep-mdb9 | ORION16-FiServRep-mdb9_6a56352484006855ce52776a
2026-07-14 09:54:31,406 [INFO] Valid FlashSystem snapshot found: ORION16-FiServRep-mdb9_6a56352484006855ce52776a (VG=ORION16-FiServRep-mdb9, system=fs9500-2.cpolab.ibm.com)
2026-07-14 09:54:31,409 [DEBUG] Validating FlashSystem snapshot: fs9500-2.cpolab.ibm.com | ORION16-FiServRep-mdb7 | ORION16-FiServRep-mdb7_6a56339184006855ce5254ea
2026-07-14 09:54:32,068 [INFO] Valid FlashSystem snapshot found: ORION16-FiServRep-mdb7_6a56339184006855ce5254ea (VG=ORION16-FiServRep-mdb7, system=fs9500-2.cpolab.ibm.com)
2026-07-14 09:54:32,070 [DEBUG] Validating FlashSystem snapshot: fs9500-2.cpolab.ibm.com | ORION16-FiServRep-mdb8 | ORION16-FiServRep-mdb8_6a56339184006855ce5254ea
2026-07-14 09:54:32,668 [INFO] Valid FlashSystem snapshot found: ORION16-FiServRep-mdb8_6a56339184006855ce5254ea (VG=ORION16-FiServRep-mdb8, system=fs9500-2.cpolab.ibm.com)
2026-07-14 09:54:32,670 [DEBUG] Validating FlashSystem snapshot: fs9500-2.cpolab.ibm.com | ORION16-FiServRep-mdb9 | ORION16-FiServRep-mdb9_6a56339184006855ce5254ea
2026-07-14 09:54:33,264 [INFO] Valid FlashSystem snapshot found: ORION16-FiServRep-mdb9_6a56339184006855ce5254ea (VG=ORION16-FiServRep-mdb9, system=fs9500-2.cpolab.ibm.com)
2026-07-14 09:54:33,266 [DEBUG] Validating FlashSystem snapshot: fs9500-2.cpolab.ibm.com | ORION16-FiServRep-mdb7 | ORION16-FiServRep-mdb7_6a4e5a6f84006855cea7de7d
2026-07-14 09:54:33,820 [INFO] Valid FlashSystem snapshot found: ORION16-FiServRep-mdb7_6a4e5a6f84006855cea7de7d (VG=ORION16-FiServRep-mdb7, system=fs9500-2.cpolab.ibm.com)
2026-07-14 09:54:33,822 [DEBUG] Validating FlashSystem snapshot: fs9500-2.cpolab.ibm.com | ORION16-FiServRep-mdb8 | ORION16-FiServRep-mdb8_6a4e5a6f84006855cea7de7d
2026-07-14 09:54:34,380 [INFO] Valid FlashSystem snapshot found: ORION16-FiServRep-mdb8_6a4e5a6f84006855cea7de7d (VG=ORION16-FiServRep-mdb8, system=fs9500-2.cpolab.ibm.com)
2026-07-14 09:54:34,381 [DEBUG] Validating FlashSystem snapshot: fs9500-2.cpolab.ibm.com | ORION16-FiServRep-mdb9 | ORION16-FiServRep-mdb9_6a4e5a6f84006855cea7de7d
2026-07-14 09:54:34,954 [INFO] Valid FlashSystem snapshot found: ORION16-FiServRep-mdb9_6a4e5a6f84006855cea7de7d (VG=ORION16-FiServRep-mdb9, system=fs9500-2.cpolab.ibm.com)
2026-07-14 09:54:34,955 [DEBUG] Validating FlashSystem snapshot: fs9500-2.cpolab.ibm.com | ORION16-FiServRep-mdb7 | ORION16-FiServRep-mdb7_6a4e4dca84006855cea6a399
2026-07-14 09:54:35,582 [INFO] Valid FlashSystem snapshot found: ORION16-FiServRep-mdb7_6a4e4dca84006855cea6a399 (VG=ORION16-FiServRep-mdb7, system=fs9500-2.cpolab.ibm.com)
2026-07-14 09:54:35,583 [DEBUG] Validating FlashSystem snapshot: fs9500-2.cpolab.ibm.com | ORION16-FiServRep-mdb8 | ORION16-FiServRep-mdb8_6a4e4dca84006855cea6a399
2026-07-14 09:54:36,187 [INFO] Valid FlashSystem snapshot found: ORION16-FiServRep-mdb8_6a4e4dca84006855cea6a399 (VG=ORION16-FiServRep-mdb8, system=fs9500-2.cpolab.ibm.com)
2026-07-14 09:54:36,190 [DEBUG] Validating FlashSystem snapshot: fs9500-2.cpolab.ibm.com | ORION16-FiServRep-mdb9 | ORION16-FiServRep-mdb9_6a4e4dca84006855cea6a399
2026-07-14 09:54:36,786 [INFO] Valid FlashSystem snapshot found: ORION16-FiServRep-mdb9_6a4e4dca84006855cea6a399 (VG=ORION16-FiServRep-mdb9, system=fs9500-2.cpolab.ibm.com)
2026-07-14 09:54:36,788 [DEBUG] Validating FlashSystem snapshot: fs9500-2.cpolab.ibm.com | ORION16-FiServRep-mdb7 | ORION16-FiServRep-mdb7_6a4280b4f9f8584e2237151c
2026-07-14 09:54:37,389 [INFO] Expired snapshot: ORION16-FiServRep-mdb7_6a4280b4f9f8584e2237151c (VG=ORION16-FiServRep-mdb7, system=fs9500-2.cpolab.ibm.com)
2026-07-14 09:54:37,391 [DEBUG] Validating FlashSystem snapshot: fs9500-2.cpolab.ibm.com | ORION16-FiServRep-mdb8 | ORION16-FiServRep-mdb8_6a4280b4f9f8584e2237151c
2026-07-14 09:54:38,012 [INFO] Expired snapshot: ORION16-FiServRep-mdb8_6a4280b4f9f8584e2237151c (VG=ORION16-FiServRep-mdb8, system=fs9500-2.cpolab.ibm.com)
2026-07-14 09:54:38,014 [DEBUG] Validating FlashSystem snapshot: fs9500-2.cpolab.ibm.com | ORION16-FiServRep-mdb9 | ORION16-FiServRep-mdb9_6a4280b4f9f8584e2237151c
2026-07-14 09:54:38,613 [INFO] Expired snapshot: ORION16-FiServRep-mdb9_6a4280b4f9f8584e2237151c (VG=ORION16-FiServRep-mdb9, system=fs9500-2.cpolab.ibm.com)
2026-07-14 09:54:38,616 [DEBUG] Validating FlashSystem snapshot: fs9500-2.cpolab.ibm.com | ORION16-FiServRep-mdb7 | ORION16-FiServRep-mdb7_6a427f1ef9f8584e2236f01b
2026-07-14 09:54:39,206 [INFO] Expired snapshot: ORION16-FiServRep-mdb7_6a427f1ef9f8584e2236f01b (VG=ORION16-FiServRep-mdb7, system=fs9500-2.cpolab.ibm.com)
2026-07-14 09:54:39,209 [DEBUG] Validating FlashSystem snapshot: fs9500-2.cpolab.ibm.com | ORION16-FiServRep-mdb8 | ORION16-FiServRep-mdb8_6a427f1ef9f8584e2236f01b
2026-07-14 09:54:39,737 [INFO] Expired snapshot: ORION16-FiServRep-mdb8_6a427f1ef9f8584e2236f01b (VG=ORION16-FiServRep-mdb8, system=fs9500-2.cpolab.ibm.com)
2026-07-14 09:54:39,739 [DEBUG] Validating FlashSystem snapshot: fs9500-2.cpolab.ibm.com | ORION16-FiServRep-mdb9 | ORION16-FiServRep-mdb9_6a427f1ef9f8584e2236f01b
2026-07-14 09:54:40,363 [INFO] Expired snapshot: ORION16-FiServRep-mdb9_6a427f1ef9f8584e2236f01b (VG=ORION16-FiServRep-mdb9, system=fs9500-2.cpolab.ibm.com)
2026-07-14 09:54:40,364 [DEBUG] Validating FlashSystem snapshot: fs9500-2.cpolab.ibm.com | ORION16-FiServRep-mdb7 | ORION16-FiServRep-mdb7_6a42777bf9f8584e223647b0
2026-07-14 09:54:40,993 [INFO] Expired snapshot: ORION16-FiServRep-mdb7_6a42777bf9f8584e223647b0 (VG=ORION16-FiServRep-mdb7, system=fs9500-2.cpolab.ibm.com)
2026-07-14 09:54:40,994 [DEBUG] Validating FlashSystem snapshot: fs9500-2.cpolab.ibm.com | ORION16-FiServRep-mdb8 | ORION16-FiServRep-mdb8_6a42777bf9f8584e223647b0
2026-07-14 09:54:41,559 [INFO] Expired snapshot: ORION16-FiServRep-mdb8_6a42777bf9f8584e223647b0 (VG=ORION16-FiServRep-mdb8, system=fs9500-2.cpolab.ibm.com)
2026-07-14 09:54:41,561 [DEBUG] Validating FlashSystem snapshot: fs9500-2.cpolab.ibm.com | ORION16-FiServRep-mdb9 | ORION16-FiServRep-mdb9_6a42777bf9f8584e223647b0
2026-07-14 09:54:42,113 [INFO] Expired snapshot: ORION16-FiServRep-mdb9_6a42777bf9f8584e223647b0 (VG=ORION16-FiServRep-mdb9, system=fs9500-2.cpolab.ibm.com)
2026-07-14 09:54:42,114 [DEBUG] Validating FlashSystem snapshot: fs9500-2.cpolab.ibm.com | ORION16-FiServRep-mdb7 | ORION16-FiServRep-mdb7_6a4275cff9f8584e2236226f
2026-07-14 09:54:42,662 [INFO] Expired snapshot: ORION16-FiServRep-mdb7_6a4275cff9f8584e2236226f (VG=ORION16-FiServRep-mdb7, system=fs9500-2.cpolab.ibm.com)
2026-07-14 09:54:42,663 [DEBUG] Validating FlashSystem snapshot: fs9500-2.cpolab.ibm.com | ORION16-FiServRep-mdb8 | ORION16-FiServRep-mdb8_6a4275cff9f8584e2236226f
2026-07-14 09:54:43,204 [INFO] Expired snapshot: ORION16-FiServRep-mdb8_6a4275cff9f8584e2236226f (VG=ORION16-FiServRep-mdb8, system=fs9500-2.cpolab.ibm.com)
2026-07-14 09:54:43,206 [DEBUG] Validating FlashSystem snapshot: fs9500-2.cpolab.ibm.com | ORION16-FiServRep-mdb9 | ORION16-FiServRep-mdb9_6a4275cff9f8584e2236226f
2026-07-14 09:54:43,878 [INFO] Expired snapshot: ORION16-FiServRep-mdb9_6a4275cff9f8584e2236226f (VG=ORION16-FiServRep-mdb9, system=fs9500-2.cpolab.ibm.com)
2026-07-14 09:54:43,879 [DEBUG] Validating FlashSystem snapshot: fs9500-2.cpolab.ibm.com | ORION16-FiServRep-mdb7 | ORION16-FiServRep-mdb7_6a42727bf9f8584e2235d88a
2026-07-14 09:54:44,399 [INFO] Expired snapshot: ORION16-FiServRep-mdb7_6a42727bf9f8584e2235d88a (VG=ORION16-FiServRep-mdb7, system=fs9500-2.cpolab.ibm.com)
2026-07-14 09:54:44,401 [DEBUG] Validating FlashSystem snapshot: fs9500-2.cpolab.ibm.com | ORION16-FiServRep-mdb8 | ORION16-FiServRep-mdb8_6a42727bf9f8584e2235d88a
2026-07-14 09:54:44,948 [INFO] Expired snapshot: ORION16-FiServRep-mdb8_6a42727bf9f8584e2235d88a (VG=ORION16-FiServRep-mdb8, system=fs9500-2.cpolab.ibm.com)
2026-07-14 09:54:44,950 [DEBUG] Validating FlashSystem snapshot: fs9500-2.cpolab.ibm.com | ORION16-FiServRep-mdb9 | ORION16-FiServRep-mdb9_6a42727bf9f8584e2235d88a
2026-07-14 09:54:45,488 [INFO] Expired snapshot: ORION16-FiServRep-mdb9_6a42727bf9f8584e2235d88a (VG=ORION16-FiServRep-mdb9, system=fs9500-2.cpolab.ibm.com)
2026-07-14 09:54:45,490 [DEBUG] API GET http://129.40.36.100:8080/api/public/v1.0/backup/third_party/group/6a386221ee19a6537cc68a97/clusters
2026-07-14 09:54:45,664 [DEBUG] STATUS 200
2026-07-14 09:54:45,664 [DEBUG] {
  "clusters": [
    {
      "clusterId": "6a387fc1f9f8584e2262c8f3",
      "clusterName": "testRep",
      "groupId": "6a386221ee19a6537cc68a97",
      "jobId": "6a387fc1f9f8584e2262c8f3",
      "state": "ACTIVE"
    },
    {
      "clusterId": "6a3939acf9f8584e226a56e4",
      "clusterName": "tsetrepRestore",
      "groupId": "6a386221ee19a6537cc68a97",
      "jobId": "6a3939acf9f8584e226a56e4",
      "state": "ACTIVE"
    },
    {
      "clusterId": "6a39559ff9f8584e226bec72",
      "clusterName": "sgcCluster",
      "groupId": "6a386221ee19a6537cc68a97",
      "jobId": "6a39559ff9f8584e226bec72",
      "state": "ACTIVE"
    },
    {
      "clusterId": "6a39582af9f8584e226c2953",
      "clusterName": "tgtCluster",
      "groupId": "6a386221ee19a6537cc68a97",
      "jobId": "6a39582af9f8584e226c2953",
      "state": "ACTIVE"
    }
  ]
}
2026-07-14 09:54:45,664 [DEBUG] API GET http://129.40.36.100:8080/api/public/v1.0/backup/third_party/group/6a386221ee19a6537cc68a97/clusters/6a3939acf9f8584e226a56e4
2026-07-14 09:54:45,792 [DEBUG] STATUS 200
2026-07-14 09:54:45,793 [DEBUG] {
  "replicaSets": [
    {
      "id": "tsetrepRestore",
      "nodes": [
        {
          "dbPath": "/fimongo/data",
          "hidden": false,
          "hostname": "rmdb9",
          "id": "rmdb9:27017",
          "lastAgentPing": "2026-07-14T14:54:29Z",
          "memberState": "SECONDARY",
          "mongodbVersion": "8.0.26",
          "opTime": "2026-07-14T14:52:06Z",
          "oplogStoreType": "thirdPartyOplogStore",
          "port": 27017,
          "priority": 1.0,
          "rsId": "tsetrepRestore",
          "snapshotable": true,
          "votes": 1
        },
        {
          "dbPath": "/fimongo/data",
          "hidden": false,
          "hostname": "rmdb7",
          "id": "rmdb7:27017",
          "lastAgentPing": "2026-07-14T14:54:16Z",
          "memberState": "SECONDARY",
          "mongodbVersion": "8.0.26",
          "opTime": "2026-07-14T14:52:06Z",
          "oplogStoreType": "thirdPartyOplogStore",
          "port": 27017,
          "priority": 1.0,
          "rsId": "tsetrepRestore",
          "snapshotable": true,
          "votes": 1
        },
        {
          "dbPath": "/fimongo/data",
          "hidden": false,
          "hostname": "rmdb8",
          "id": "rmdb8:27017",
          "lastAgentPing": "2026-07-14T14:54:14Z",
          "memberState": "PRIMARY",
          "mongodbVersion": "8.0.26",
          "opTime": "2026-07-14T14:52:06Z",
          "oplogStoreType": "thirdPartyOplogStore",
          "port": 27017,
          "priority": 1.0,
          "rsId": "tsetrepRestore",
          "snapshotable": true,
          "votes": 1
        }
      ],
      "oplogType": "thirdParty"
    }
  ],
  "restoreId": "6a5646ba8a91cdade89e3b2f"
}
2026-07-14 09:54:45,793 [INFO] Source replica sets : 1
2026-07-14 09:54:45,793 [INFO] Destination replica sets : 1
2026-07-14 09:54:45,793 [INFO] Cluster topology validation passed
2026-07-14 09:54:45,794 [DEBUG] API GET http://129.40.36.100:8080/api/public/v1.0/backup/third_party/group/6a386221ee19a6537cc68a97/clusters/6a3939acf9f8584e226a56e4
2026-07-14 09:54:45,923 [DEBUG] STATUS 200
2026-07-14 09:54:45,923 [DEBUG] {
  "replicaSets": [
    {
      "id": "tsetrepRestore",
      "nodes": [
        {
          "dbPath": "/fimongo/data",
          "hidden": false,
          "hostname": "rmdb9",
          "id": "rmdb9:27017",
          "lastAgentPing": "2026-07-14T14:54:29Z",
          "memberState": "SECONDARY",
          "mongodbVersion": "8.0.26",
          "opTime": "2026-07-14T14:52:06Z",
          "oplogStoreType": "thirdPartyOplogStore",
          "port": 27017,
          "priority": 1.0,
          "rsId": "tsetrepRestore",
          "snapshotable": true,
          "votes": 1
        },
        {
          "dbPath": "/fimongo/data",
          "hidden": false,
          "hostname": "rmdb7",
          "id": "rmdb7:27017",
          "lastAgentPing": "2026-07-14T14:54:16Z",
          "memberState": "SECONDARY",
          "mongodbVersion": "8.0.26",
          "opTime": "2026-07-14T14:52:06Z",
          "oplogStoreType": "thirdPartyOplogStore",
          "port": 27017,
          "priority": 1.0,
          "rsId": "tsetrepRestore",
          "snapshotable": true,
          "votes": 1
        },
        {
          "dbPath": "/fimongo/data",
          "hidden": false,
          "hostname": "rmdb8",
          "id": "rmdb8:27017",
          "lastAgentPing": "2026-07-14T14:54:14Z",
          "memberState": "PRIMARY",
          "mongodbVersion": "8.0.26",
          "opTime": "2026-07-14T14:52:06Z",
          "oplogStoreType": "thirdPartyOplogStore",
          "port": 27017,
          "priority": 1.0,
          "rsId": "tsetrepRestore",
          "snapshotable": true,
          "votes": 1
        }
      ],
      "oplogType": "thirdParty"
    }
  ],
  "restoreId": "6a5646ba8a91cdade89e3b2f"
}
2026-07-14 09:54:45,923 [DEBUG] API POST http://129.40.36.100:8080/api/public/v1.0/backup/third_party/group/6a386221ee19a6537cc68a97/clusters/6a3939acf9f8584e226a56e4/restore
2026-07-14 09:54:45,923 [DEBUG] {
  "snapshotsMetadata": [
    {
      "clusterId": "6a387fc1f9f8584e2262c8f3",
      "clusterName": "testRep",
      "groupId": "6a386221ee19a6537cc68a97",
      "restoreTimestamp": {
        "increment": 1,
        "time": 1784037119
      },
      "rsSnapshotsMetadata": [
        {
          "defaultRWConcern": {
            "defaultReadConcern": {
              "level": "local"
            },
            "defaultReadConcernSource": "implicit",
            "defaultWriteConcern": {
              "w": "majority",
              "wtimeout": 0
            },
            "defaultWriteConcernSource": "implicit",
            "localUpdateWallClockTime": "2026-07-14T13:52:30Z"
          },
          "encryption": false,
          "fcv": "8.0",
          "fileSize": 9846784,
          "incremental": true,
          "isConfigShard": false,
          "keyEncryptionUUID": null,
          "lastOplogApplied": {
            "increment": 1,
            "time": 1784037119
          },
          "member": "REPLICA_SET",
          "mongodbVersion": "8.0.26",
          "oplogStoreType": "thirdPartyOplogStore",
          "rsId": "testRep",
          "shardId": null,
          "snapshotVersion": 1,
          "srcBackupName": null,
          "startupOptions": {},
          "storageEngine": "wiredTiger",
          "thisBackupName": "mdb8.27017.1784037120"
        }
      ],
      "snapshotId": "6a563ed484006855ce536b50",
      "snapshotTimestamp": {
        "increment": 1,
        "time": 1784037119
      }
    }
  ],
  "nodes": [
    {
      "id": "rmdb9:27017",
      "restoreRole": "RESTORE"
    },
    {
      "id": "rmdb7:27017",
      "restoreRole": "RESTORE"
    },
    {
      "id": "rmdb8:27017",
      "restoreRole": "RESTORE"
    }
  ]
}
2026-07-14 09:54:46,046 [DEBUG] STATUS 200
2026-07-14 09:54:46,046 [DEBUG] {
  "clusterMapping": [
    {
      "nodes": [
        {
          "error": null,
          "hostname": "rmdb9",
          "id": "rmdb9:27017",
          "port": 27017,
          "rsId": "tsetrepRestore",
          "state": "INITIAL",
          "stateUpdateTime": null
        },
        {
          "error": null,
          "hostname": "rmdb7",
          "id": "rmdb7:27017",
          "port": 27017,
          "rsId": "tsetrepRestore",
          "state": "INITIAL",
          "stateUpdateTime": null
        },
        {
          "error": null,
          "hostname": "rmdb8",
          "id": "rmdb8:27017",
          "port": 27017,
          "rsId": "tsetrepRestore",
          "state": "INITIAL",
          "stateUpdateTime": null
        }
      ],
      "rsId": "testRep",
      "targetRsId": "tsetrepRestore"
    }
  ],
  "restoreId": "6a564db48a91cdade89e3fa3"
}
2026-07-14 09:54:46,048 [INFO] Restore ID: 6a564db48a91cdade89e3fa3
2026-07-14 09:54:46,048 [DEBUG] API POST http://129.40.36.100:8080/api/public/v1.0/backup/third_party/group/6a386221ee19a6537cc68a97/restore/6a564db48a91cdade89e3fa3/start
2026-07-14 09:54:46,366 [DEBUG] STATUS 200
2026-07-14 09:54:46,366 [DEBUG] {
  "errorCode": "NONE",
  "version": "1",
  "status": "OK"
}
2026-07-14 09:54:46,366 [DEBUG] API GET http://129.40.36.100:8080/api/public/v1.0/backup/third_party/group/6a386221ee19a6537cc68a97/restore/6a564db48a91cdade89e3fa3
2026-07-14 09:54:46,498 [DEBUG] STATUS 200
2026-07-14 09:54:46,499 [DEBUG] {
  "clusterMapping": [
    {
      "rsId": "testRep",
      "targetRsId": "tsetrepRestore"
    }
  ],
  "nodes": [
    {
      "error": null,
      "hostname": "rmdb9",
      "id": "rmdb9:27017",
      "port": 27017,
      "rsId": "tsetrepRestore",
      "state": "PENDING",
      "stateUpdateTime": 1784040885
    },
    {
      "error": null,
      "hostname": "rmdb7",
      "id": "rmdb7:27017",
      "port": 27017,
      "rsId": "tsetrepRestore",
      "state": "PENDING",
      "stateUpdateTime": 1784040885
    },
    {
      "error": null,
      "hostname": "rmdb8",
      "id": "rmdb8:27017",
      "port": 27017,
      "rsId": "tsetrepRestore",
      "state": "PENDING",
      "stateUpdateTime": 1784040885
    }
  ],
  "state": "PENDING"
}
2026-07-14 09:54:46,499 [INFO] Restore state: PENDING
2026-07-14 09:54:56,499 [DEBUG] API GET http://129.40.36.100:8080/api/public/v1.0/backup/third_party/group/6a386221ee19a6537cc68a97/restore/6a564db48a91cdade89e3fa3
2026-07-14 09:54:56,635 [DEBUG] STATUS 200
2026-07-14 09:54:56,635 [DEBUG] {
  "clusterMapping": [
    {
      "rsId": "testRep",
      "targetRsId": "tsetrepRestore"
    }
  ],
  "nodes": [
    {
      "error": null,
      "hostname": "rmdb9",
      "id": "rmdb9:27017",
      "port": 27017,
      "rsId": "tsetrepRestore",
      "state": "PENDING",
      "stateUpdateTime": 1784040885
    },
    {
      "error": null,
      "hostname": "rmdb7",
      "id": "rmdb7:27017",
      "port": 27017,
      "rsId": "tsetrepRestore",
      "state": "PENDING",
      "stateUpdateTime": 1784040885
    },
    {
      "error": null,
      "hostname": "rmdb8",
      "id": "rmdb8:27017",
      "port": 27017,
      "rsId": "tsetrepRestore",
      "state": "PENDING",
      "stateUpdateTime": 1784040885
    }
  ],
  "state": "PENDING"
}
2026-07-14 09:54:56,635 [INFO] Restore state: PENDING
2026-07-14 09:55:06,636 [DEBUG] API GET http://129.40.36.100:8080/api/public/v1.0/backup/third_party/group/6a386221ee19a6537cc68a97/restore/6a564db48a91cdade89e3fa3
2026-07-14 09:55:06,771 [DEBUG] STATUS 200
2026-07-14 09:55:06,771 [DEBUG] {
  "clusterMapping": [
    {
      "rsId": "testRep",
      "targetRsId": "tsetrepRestore"
    }
  ],
  "nodes": [
    {
      "error": null,
      "hostname": "rmdb9",
      "id": "rmdb9:27017",
      "port": 27017,
      "rsId": "tsetrepRestore",
      "state": "PENDING",
      "stateUpdateTime": 1784040885
    },
    {
      "error": null,
      "hostname": "rmdb7",
      "id": "rmdb7:27017",
      "port": 27017,
      "rsId": "tsetrepRestore",
      "state": "PENDING",
      "stateUpdateTime": 1784040885
    },
    {
      "error": null,
      "hostname": "rmdb8",
      "id": "rmdb8:27017",
      "port": 27017,
      "rsId": "tsetrepRestore",
      "state": "PENDING",
      "stateUpdateTime": 1784040885
    }
  ],
  "state": "PENDING"
}
2026-07-14 09:55:06,771 [INFO] Restore state: PENDING
2026-07-14 09:55:16,772 [DEBUG] API GET http://129.40.36.100:8080/api/public/v1.0/backup/third_party/group/6a386221ee19a6537cc68a97/restore/6a564db48a91cdade89e3fa3
2026-07-14 09:55:16,909 [DEBUG] STATUS 200
2026-07-14 09:55:16,909 [DEBUG] {
  "clusterMapping": [
    {
      "rsId": "testRep",
      "targetRsId": "tsetrepRestore"
    }
  ],
  "nodes": [
    {
      "error": null,
      "hostname": "rmdb9",
      "id": "rmdb9:27017",
      "port": 27017,
      "rsId": "tsetrepRestore",
      "state": "PENDING",
      "stateUpdateTime": 1784040885
    },
    {
      "error": null,
      "hostname": "rmdb7",
      "id": "rmdb7:27017",
      "port": 27017,
      "rsId": "tsetrepRestore",
      "state": "PENDING",
      "stateUpdateTime": 1784040885
    },
    {
      "error": null,
      "hostname": "rmdb8",
      "id": "rmdb8:27017",
      "port": 27017,
      "rsId": "tsetrepRestore",
      "state": "PENDING",
      "stateUpdateTime": 1784040885
    }
  ],
  "state": "PENDING"
}
2026-07-14 09:55:16,910 [INFO] Restore state: PENDING
2026-07-14 09:55:26,910 [DEBUG] API GET http://129.40.36.100:8080/api/public/v1.0/backup/third_party/group/6a386221ee19a6537cc68a97/restore/6a564db48a91cdade89e3fa3
2026-07-14 09:55:27,052 [DEBUG] STATUS 200
2026-07-14 09:55:27,052 [DEBUG] {
  "clusterMapping": [
    {
      "rsId": "testRep",
      "targetRsId": "tsetrepRestore"
    }
  ],
  "nodes": [
    {
      "error": null,
      "hostname": "rmdb9",
      "id": "rmdb9:27017",
      "port": 27017,
      "rsId": "tsetrepRestore",
      "state": "SHUTDOWN_IN_PROGRESS",
      "stateUpdateTime": 1784040920
    },
    {
      "error": null,
      "hostname": "rmdb7",
      "id": "rmdb7:27017",
      "port": 27017,
      "rsId": "tsetrepRestore",
      "state": "SHUTDOWN_IN_PROGRESS",
      "stateUpdateTime": 1784040920
    },
    {
      "error": null,
      "hostname": "rmdb8",
      "id": "rmdb8:27017",
      "port": 27017,
      "rsId": "tsetrepRestore",
      "state": "SHUTDOWN_IN_PROGRESS",
      "stateUpdateTime": 1784040920
    }
  ],
  "state": "SHUTDOWN_IN_PROGRESS"
}
2026-07-14 09:55:27,053 [INFO] Restore state: SHUTDOWN_IN_PROGRESS
2026-07-14 09:55:37,078 [DEBUG] API GET http://129.40.36.100:8080/api/public/v1.0/backup/third_party/group/6a386221ee19a6537cc68a97/restore/6a564db48a91cdade89e3fa3
2026-07-14 09:55:37,215 [DEBUG] STATUS 200
2026-07-14 09:55:37,215 [DEBUG] {
  "clusterMapping": [
    {
      "rsId": "testRep",
      "targetRsId": "tsetrepRestore"
    }
  ],
  "nodes": [
    {
      "error": null,
      "hostname": "rmdb9",
      "id": "rmdb9:27017",
      "port": 27017,
      "rsId": "tsetrepRestore",
      "state": "SHUTDOWN_IN_PROGRESS",
      "stateUpdateTime": 1784040920
    },
    {
      "error": null,
      "hostname": "rmdb7",
      "id": "rmdb7:27017",
      "port": 27017,
      "rsId": "tsetrepRestore",
      "state": "SHUTDOWN_IN_PROGRESS",
      "stateUpdateTime": 1784040920
    },
    {
      "error": null,
      "hostname": "rmdb8",
      "id": "rmdb8:27017",
      "port": 27017,
      "rsId": "tsetrepRestore",
      "state": "SHUTDOWN_IN_PROGRESS",
      "stateUpdateTime": 1784040920
    }
  ],
  "state": "SHUTDOWN_IN_PROGRESS"
}
2026-07-14 09:55:37,215 [INFO] Restore state: SHUTDOWN_IN_PROGRESS
2026-07-14 09:55:47,216 [DEBUG] API GET http://129.40.36.100:8080/api/public/v1.0/backup/third_party/group/6a386221ee19a6537cc68a97/restore/6a564db48a91cdade89e3fa3
2026-07-14 09:55:47,421 [DEBUG] STATUS 200
2026-07-14 09:55:47,421 [DEBUG] {
  "clusterMapping": [
    {
      "rsId": "testRep",
      "targetRsId": "tsetrepRestore"
    }
  ],
  "nodes": [
    {
      "error": null,
      "hostname": "rmdb9",
      "id": "rmdb9:27017",
      "port": 27017,
      "rsId": "tsetrepRestore",
      "state": "SHUTDOWN_IN_PROGRESS",
      "stateUpdateTime": 1784040920
    },
    {
      "error": null,
      "hostname": "rmdb7",
      "id": "rmdb7:27017",
      "port": 27017,
      "rsId": "tsetrepRestore",
      "state": "SHUTDOWN_IN_PROGRESS",
      "stateUpdateTime": 1784040920
    },
    {
      "error": null,
      "hostname": "rmdb8",
      "id": "rmdb8:27017",
      "port": 27017,
      "rsId": "tsetrepRestore",
      "state": "SHUTDOWN_IN_PROGRESS",
      "stateUpdateTime": 1784040920
    }
  ],
  "state": "SHUTDOWN_IN_PROGRESS"
}
2026-07-14 09:55:47,422 [INFO] Restore state: SHUTDOWN_IN_PROGRESS
2026-07-14 09:55:57,422 [DEBUG] API GET http://129.40.36.100:8080/api/public/v1.0/backup/third_party/group/6a386221ee19a6537cc68a97/restore/6a564db48a91cdade89e3fa3
2026-07-14 09:55:57,559 [DEBUG] STATUS 200
2026-07-14 09:55:57,559 [DEBUG] {
  "clusterMapping": [
    {
      "rsId": "testRep",
      "targetRsId": "tsetrepRestore"
    }
  ],
  "nodes": [
    {
      "error": null,
      "hostname": "rmdb9",
      "id": "rmdb9:27017",
      "port": 27017,
      "rsId": "tsetrepRestore",
      "state": "SHUTDOWN_IN_PROGRESS",
      "stateUpdateTime": 1784040920
    },
    {
      "error": null,
      "hostname": "rmdb7",
      "id": "rmdb7:27017",
      "port": 27017,
      "rsId": "tsetrepRestore",
      "state": "SHUTDOWN_IN_PROGRESS",
      "stateUpdateTime": 1784040920
    },
    {
      "error": null,
      "hostname": "rmdb8",
      "id": "rmdb8:27017",
      "port": 27017,
      "rsId": "tsetrepRestore",
      "state": "SHUTDOWN_IN_PROGRESS",
      "stateUpdateTime": 1784040920
    }
  ],
  "state": "SHUTDOWN_IN_PROGRESS"
}
2026-07-14 09:55:57,560 [INFO] Restore state: SHUTDOWN_IN_PROGRESS
2026-07-14 09:56:07,560 [DEBUG] API GET http://129.40.36.100:8080/api/public/v1.0/backup/third_party/group/6a386221ee19a6537cc68a97/restore/6a564db48a91cdade89e3fa3
2026-07-14 09:56:07,698 [DEBUG] STATUS 200
2026-07-14 09:56:07,698 [DEBUG] {
  "clusterMapping": [
    {
      "rsId": "testRep",
      "targetRsId": "tsetrepRestore"
    }
  ],
  "nodes": [
    {
      "error": null,
      "hostname": "rmdb9",
      "id": "rmdb9:27017",
      "port": 27017,
      "rsId": "tsetrepRestore",
      "state": "SHUTDOWN_IN_PROGRESS",
      "stateUpdateTime": 1784040920
    },
    {
      "error": null,
      "hostname": "rmdb7",
      "id": "rmdb7:27017",
      "port": 27017,
      "rsId": "tsetrepRestore",
      "state": "SHUTDOWN_IN_PROGRESS",
      "stateUpdateTime": 1784040920
    },
    {
      "error": null,
      "hostname": "rmdb8",
      "id": "rmdb8:27017",
      "port": 27017,
      "rsId": "tsetrepRestore",
      "state": "SHUTDOWN_IN_PROGRESS",
      "stateUpdateTime": 1784040920
    }
  ],
  "state": "SHUTDOWN_IN_PROGRESS"
}
2026-07-14 09:56:07,699 [INFO] Restore state: SHUTDOWN_IN_PROGRESS
2026-07-14 09:56:17,700 [DEBUG] API GET http://129.40.36.100:8080/api/public/v1.0/backup/third_party/group/6a386221ee19a6537cc68a97/restore/6a564db48a91cdade89e3fa3
2026-07-14 09:56:17,839 [DEBUG] STATUS 200
2026-07-14 09:56:17,840 [DEBUG] {
  "clusterMapping": [
    {
      "rsId": "testRep",
      "targetRsId": "tsetrepRestore"
    }
  ],
  "nodes": [
    {
      "error": null,
      "hostname": "rmdb9",
      "id": "rmdb9:27017",
      "port": 27017,
      "rsId": "tsetrepRestore",
      "state": "SHUTDOWN_IN_PROGRESS",
      "stateUpdateTime": 1784040920
    },
    {
      "error": null,
      "hostname": "rmdb7",
      "id": "rmdb7:27017",
      "port": 27017,
      "rsId": "tsetrepRestore",
      "state": "SHUTDOWN_IN_PROGRESS",
      "stateUpdateTime": 1784040920
    },
    {
      "error": null,
      "hostname": "rmdb8",
      "id": "rmdb8:27017",
      "port": 27017,
      "rsId": "tsetrepRestore",
      "state": "SHUTDOWN_IN_PROGRESS",
      "stateUpdateTime": 1784040920
    }
  ],
  "state": "SHUTDOWN_IN_PROGRESS"
}
2026-07-14 09:56:17,840 [INFO] Restore state: SHUTDOWN_IN_PROGRESS
2026-07-14 09:56:27,840 [DEBUG] API GET http://129.40.36.100:8080/api/public/v1.0/backup/third_party/group/6a386221ee19a6537cc68a97/restore/6a564db48a91cdade89e3fa3
2026-07-14 09:56:27,976 [DEBUG] STATUS 200
2026-07-14 09:56:27,976 [DEBUG] {
  "clusterMapping": [
    {
      "rsId": "testRep",
      "targetRsId": "tsetrepRestore"
    }
  ],
  "nodes": [
    {
      "error": null,
      "hostname": "rmdb9",
      "id": "rmdb9:27017",
      "port": 27017,
      "rsId": "tsetrepRestore",
      "state": "COPY_FILES",
      "stateUpdateTime": 1784040986
    },
    {
      "error": null,
      "hostname": "rmdb7",
      "id": "rmdb7:27017",
      "port": 27017,
      "rsId": "tsetrepRestore",
      "state": "COPY_FILES",
      "stateUpdateTime": 1784040978
    },
    {
      "error": null,
      "hostname": "rmdb8",
      "id": "rmdb8:27017",
      "port": 27017,
      "rsId": "tsetrepRestore",
      "state": "SHUTDOWN_IN_PROGRESS",
      "stateUpdateTime": 1784040920
    }
  ],
  "state": "SHUTDOWN_IN_PROGRESS"
}
2026-07-14 09:56:27,976 [INFO] Restore state: SHUTDOWN_IN_PROGRESS
2026-07-14 09:56:37,977 [DEBUG] API GET http://129.40.36.100:8080/api/public/v1.0/backup/third_party/group/6a386221ee19a6537cc68a97/restore/6a564db48a91cdade89e3fa3
2026-07-14 09:56:38,113 [DEBUG] STATUS 200
2026-07-14 09:56:38,114 [DEBUG] {
  "clusterMapping": [
    {
      "rsId": "testRep",
      "targetRsId": "tsetrepRestore"
    }
  ],
  "nodes": [
    {
      "error": null,
      "hostname": "rmdb9",
      "id": "rmdb9:27017",
      "port": 27017,
      "rsId": "tsetrepRestore",
      "state": "COPY_FILES",
      "stateUpdateTime": 1784040986
    },
    {
      "error": null,
      "hostname": "rmdb7",
      "id": "rmdb7:27017",
      "port": 27017,
      "rsId": "tsetrepRestore",
      "state": "COPY_FILES",
      "stateUpdateTime": 1784040978
    },
    {
      "error": null,
      "hostname": "rmdb8",
      "id": "rmdb8:27017",
      "port": 27017,
      "rsId": "tsetrepRestore",
      "state": "COPY_FILES",
      "stateUpdateTime": 1784040987
    }
  ],
  "state": "COPY_FILES"
}
2026-07-14 09:56:38,114 [INFO] Restore state: COPY_FILES
2026-07-14 09:56:48,114 [INFO] Unmounting MongoDB data volumes on all hosts
2026-07-14 09:56:48,886 [INFO] Host rmdb9 is currently busy
2026-07-14 09:56:49,653 [INFO] Host rmdb7 is currently busy
2026-07-14 09:56:50,467 [INFO] Host rmdb8 is currently busy
2026-07-14 09:56:50,467 [INFO] Busy hosts: 3
2026-07-14 09:57:02,347 [INFO] Host rmdb9 is currently busy
2026-07-14 09:57:03,290 [INFO] Host rmdb7 is currently busy
2026-07-14 09:57:04,070 [INFO] Host rmdb8 is currently busy
2026-07-14 09:57:04,071 [INFO] Busy hosts: 3
2026-07-14 09:57:14,847 [INFO] Host rmdb9 is currently busy
2026-07-14 09:57:15,675 [INFO] Host rmdb7 is currently busy
2026-07-14 09:57:16,777 [INFO] Host rmdb8 is currently busy
2026-07-14 09:57:16,777 [INFO] Busy hosts: 3
2026-07-14 09:57:27,613 [INFO] Host rmdb9 is currently busy
2026-07-14 09:57:28,428 [INFO] Host rmdb7 is currently busy
2026-07-14 09:57:29,245 [INFO] Host rmdb8 is currently busy
2026-07-14 09:57:29,245 [INFO] Busy hosts: 3
2026-07-14 09:57:40,013 [INFO] Host rmdb9 is currently busy
2026-07-14 09:57:40,842 [INFO] Host rmdb7 is currently busy
2026-07-14 09:57:41,615 [INFO] Host rmdb8 is currently busy
2026-07-14 09:57:41,616 [INFO] Busy hosts: 3
2026-07-14 09:57:52,446 [INFO] Host rmdb9 is currently busy
2026-07-14 09:57:53,257 [INFO] Host rmdb7 is currently busy
2026-07-14 09:57:54,031 [INFO] Host rmdb8 is currently busy
2026-07-14 09:57:54,031 [INFO] Busy hosts: 3
2026-07-14 09:58:04,826 [INFO] Host rmdb9 is currently busy
2026-07-14 09:58:05,643 [INFO] Host rmdb7 is currently busy
2026-07-14 09:58:06,406 [INFO] Host rmdb8 is currently busy
2026-07-14 09:58:06,406 [INFO] Busy hosts: 3
2026-07-14 09:58:17,167 [INFO] Host rmdb9 is currently busy
2026-07-14 09:58:17,984 [INFO] Host rmdb7 is currently busy
2026-07-14 09:58:18,813 [INFO] Host rmdb8 is currently busy
2026-07-14 09:58:18,813 [INFO] Busy hosts: 3
2026-07-14 09:58:29,633 [INFO] Host rmdb9 is currently busy
2026-07-14 09:58:30,400 [INFO] Host rmdb7 is currently busy
2026-07-14 09:58:31,165 [INFO] Host rmdb8 is currently busy
2026-07-14 09:58:31,165 [INFO] Busy hosts: 3
2026-07-14 09:58:41,977 [INFO] Host rmdb9 is currently busy
2026-07-14 09:58:42,787 [INFO] Host rmdb7 is currently busy
2026-07-14 09:58:43,553 [INFO] Host rmdb8 is currently busy
2026-07-14 09:58:43,554 [INFO] Busy hosts: 3
2026-07-14 09:58:54,375 [INFO] Host rmdb9 is currently busy
2026-07-14 09:58:55,153 [INFO] Host rmdb7 is currently busy
2026-07-14 09:58:55,911 [INFO] Host rmdb8 is currently busy
2026-07-14 09:58:55,912 [INFO] Busy hosts: 3
2026-07-14 09:59:06,696 [INFO] Host rmdb9 is currently busy
2026-07-14 09:59:07,461 [INFO] Host rmdb7 is currently busy
2026-07-14 09:59:08,228 [INFO] Host rmdb8 is currently busy
2026-07-14 09:59:08,228 [INFO] Busy hosts: 3
2026-07-14 09:59:18,988 [INFO] Host rmdb9 is currently busy
2026-07-14 09:59:19,786 [INFO] Host rmdb7 is currently busy
2026-07-14 09:59:20,581 [INFO] Host rmdb8 is currently busy
2026-07-14 09:59:20,582 [INFO] Busy hosts: 3
2026-07-14 09:59:31,403 [INFO] Host rmdb9 is currently busy
2026-07-14 09:59:32,186 [INFO] Host rmdb7 is currently busy
2026-07-14 09:59:32,981 [INFO] Host rmdb8 is currently busy
2026-07-14 09:59:32,982 [INFO] Busy hosts: 3
2026-07-14 09:59:43,799 [INFO] Host rmdb9 is currently busy
2026-07-14 09:59:44,604 [INFO] Host rmdb7 is currently busy
2026-07-14 09:59:45,414 [INFO] Host rmdb8 is currently busy
2026-07-14 09:59:45,414 [INFO] Busy hosts: 3
2026-07-14 09:59:56,185 [INFO] Host rmdb9 is currently busy
2026-07-14 09:59:56,957 [INFO] Host rmdb7 is currently busy
2026-07-14 09:59:57,783 [INFO] Host rmdb8 is currently busy
2026-07-14 09:59:57,783 [INFO] Busy hosts: 3
2026-07-14 10:00:08,593 [INFO] Host rmdb9 is currently busy
2026-07-14 10:00:09,360 [INFO] Host rmdb7 is currently busy
2026-07-14 10:00:10,123 [INFO] Host rmdb8 is currently busy
2026-07-14 10:00:10,123 [INFO] Busy hosts: 3
2026-07-14 10:00:20,955 [INFO] Host rmdb9 is currently busy
2026-07-14 10:00:21,729 [INFO] Host rmdb7 is currently busy
2026-07-14 10:00:22,544 [INFO] Host rmdb8 is currently busy
2026-07-14 10:00:22,544 [INFO] Busy hosts: 3
2026-07-14 10:00:33,345 [INFO] Host rmdb9 is currently busy
2026-07-14 10:00:34,177 [INFO] Host rmdb7 is currently busy
2026-07-14 10:00:34,960 [INFO] Host rmdb8 is currently busy
2026-07-14 10:00:34,960 [INFO] Busy hosts: 3
2026-07-14 10:00:45,765 [INFO] Host rmdb9 is currently busy
2026-07-14 10:00:46,536 [INFO] Host rmdb7 is currently busy
2026-07-14 10:00:47,293 [INFO] Host rmdb8 is currently busy
2026-07-14 10:00:47,293 [INFO] Busy hosts: 3
2026-07-14 10:00:58,070 [INFO] Host rmdb9 is currently busy
2026-07-14 10:00:58,856 [INFO] Host rmdb7 is currently busy
2026-07-14 10:00:59,631 [INFO] Busy hosts: 2
2026-07-14 10:01:11,176 [INFO] Host rmdb7 is currently busy
2026-07-14 10:01:11,993 [INFO] Busy hosts: 1
2026-07-14 10:01:23,545 [INFO] Host rmdb7 is currently busy
2026-07-14 10:01:24,320 [INFO] Busy hosts: 1
2026-07-14 10:01:36,666 [INFO] Busy hosts: 0
2026-07-14 10:01:36,667 [INFO] Resolving KVM cache on host: mdb-kvm1
2026-07-14 10:01:41,680 [INFO] Resolving KVM cache on host: mdb-kvm2
2026-07-14 10:01:46,684 [INFO] Resolving KVM cache on host: mdb-kvm3
2026-07-14 10:01:51,720 [INFO] Target nodes unmounted
2026-07-14 10:01:51,720 [INFO] Refreshing target volumes from snapshots
2026-07-14 10:02:06,283 [INFO] Mounting, verifying, and marking nodes as filesCopied
2026-07-14 10:02:06,284 [INFO] Mounting filesystem on target host rmdb9:27017
2026-07-14 10:02:06,284 [INFO] Mounting UUID=74e80e43-bc28-47e8-93f7-7aa89f7364dc on rmdb9 at /fimongo
2026-07-14 10:02:07,189 [WARNING] Mount failed on rmdb9: mount: /fimongo: mount(2) system call failed: Structure needs cleaning.
2026-07-14 10:02:17,190 [INFO] Verifying mount on target host rmdb9:27017
