2026-01-13 13:06:13,155 [INFO] Starting Ops Manager snapshot workflow
2026-01-13 13:06:13,156 [DEBUG] API GET http://sb1.cpolab.ibm.com:8080/api/public/v1.0/backup/third_party/group/67eed68e0ba1970a07e16b77/clusters
2026-01-13 13:06:14,234 [DEBUG] STATUS 200
2026-01-13 13:06:14,235 [DEBUG] {
  "clusters": [
    {
      "clusterId": "693ed1793e4bf100f3a694cf",
      "clusterName": "FiServRep",
      "groupId": "67eed68e0ba1970a07e16b77",
      "jobId": "693ed1793e4bf100f3a694cf",
      "state": "ACTIVE"
    },
    {
      "clusterId": "694168133e4bf100f33eda80",
      "clusterName": "md10rep",
      "groupId": "67eed68e0ba1970a07e16b77",
      "jobId": "694168133e4bf100f33eda80",
      "state": "ACTIVE"
    },
    {
      "clusterId": "695154083e4bf100f30af512",
      "clusterName": "sgcCluster",
      "groupId": "67eed68e0ba1970a07e16b77",
      "jobId": "695154083e4bf100f30af512",
      "state": "ACTIVE"
    }
  ]
}
2026-01-13 13:06:14,235 [INFO] Cluster resolved: md10rep
2026-01-13 13:06:14,236 [DEBUG] API GET http://sb1.cpolab.ibm.com:8080/api/public/v1.0/backup/third_party/group/67eed68e0ba1970a07e16b77/clusters/694168133e4bf100f33eda80
2026-01-13 13:06:14,900 [DEBUG] STATUS 200
2026-01-13 13:06:14,900 [DEBUG] {
  "replicaSets": [
    {
      "id": "md10rep",
      "nodes": [
        {
          "dbPath": "/fimongo/data",
          "hidden": false,
          "hostname": "mdb10",
          "id": "mdb10:27017",
          "lastAgentPing": "2026-01-13T07:35:38Z",
          "memberState": "PRIMARY",
          "mongodbVersion": "8.0.10",
          "opTime": "2026-01-13T07:35:24Z",
          "oplogPath": "/oplog",
          "oplogStoreType": "thirdPartyOplogStore",
          "port": 27017,
          "priority": 1.0,
          "rsId": "md10rep",
          "snapshotable": true,
          "votes": 1
        }
      ],
      "oplogType": "thirdParty"
    }
  ],
  "restoreId": "696105a94ad5445e025f1938",
  "snapshotId": "6960ebde3e4bf100f34875aa"
}
2026-01-13 13:06:14,901 [INFO] Selecting snapshot node for replicaSet: md10rep
2026-01-13 13:06:14,901 [WARNING] No SECONDARY found in md10rep, using PRIMARY
2026-01-13 13:06:14,901 [INFO] Selected mdb10:27017 for md10rep
2026-01-13 13:06:14,901 [INFO] Snapshot nodes: ['mdb10:27017']
2026-01-13 13:06:14,901 [DEBUG] API POST http://sb1.cpolab.ibm.com:8080/api/public/v1.0/backup/third_party/group/67eed68e0ba1970a07e16b77/clusters/694168133e4bf100f33eda80/snapshot
2026-01-13 13:06:14,901 [DEBUG] {
  "nodeIds": [
    "mdb10:27017"
  ]
}
2026-01-13 13:06:15,618 [DEBUG] STATUS 200
2026-01-13 13:06:15,618 [DEBUG] {
  "snapshotId": "6965f5ef3e4bf100f3fe34ba"
}
2026-01-13 13:06:15,619 [INFO] Snapshot ID: 6965f5ef3e4bf100f3fe34ba
2026-01-13 13:06:15,619 [DEBUG] API POST http://sb1.cpolab.ibm.com:8080/api/public/v1.0/backup/third_party/group/67eed68e0ba1970a07e16b77/clusters/694168133e4bf100f33eda80/snapshot/6965f5ef3e4bf100f3fe34ba/start
2026-01-13 13:06:16,447 [DEBUG] STATUS 200
2026-01-13 13:06:16,447 [DEBUG] {
  "errorCode": "NONE",
  "version": "1",
  "status": "OK"
}
2026-01-13 13:06:16,448 [DEBUG] API GET http://sb1.cpolab.ibm.com:8080/api/public/v1.0/backup/third_party/group/67eed68e0ba1970a07e16b77/clusters/694168133e4bf100f33eda80/snapshot/6965f5ef3e4bf100f3fe34ba
2026-01-13 13:06:17,263 [DEBUG] STATUS 200
2026-01-13 13:06:17,264 [DEBUG] {
  "nodes": [
    {
      "dbPath": "/fimongo/data",
      "hidden": false,
      "hostname": "mdb10",
      "id": "mdb10:27017",
      "lastAgentPing": "2026-01-13T07:35:38Z",
      "memberState": "PRIMARY",
      "mongodbVersion": "8.0.10",
      "opTime": "2026-01-13T07:35:24Z",
      "oplogPath": "/oplog",
      "oplogStoreType": "thirdPartyOplogStore",
      "port": 27017,
      "priority": 1.0,
      "rsId": "md10rep",
      "snapshotable": true,
      "votes": 1
    }
  ],
  "state": "PENDING"
}
2026-01-13 13:06:17,264 [INFO] Snapshot state: PENDING
2026-01-13 13:06:27,264 [DEBUG] API GET http://sb1.cpolab.ibm.com:8080/api/public/v1.0/backup/third_party/group/67eed68e0ba1970a07e16b77/clusters/694168133e4bf100f33eda80/snapshot/6965f5ef3e4bf100f3fe34ba
2026-01-13 13:06:28,998 [DEBUG] STATUS 200
2026-01-13 13:06:28,998 [DEBUG] {
  "nodes": [
    {
      "dbPath": "/fimongo/data",
      "hidden": false,
      "hostname": "mdb10",
      "id": "mdb10:27017",
      "lastAgentPing": "2026-01-13T07:35:38Z",
      "memberState": "PRIMARY",
      "mongodbVersion": "8.0.10",
      "opTime": "2026-01-13T07:35:24Z",
      "oplogPath": "/oplog",
      "oplogStoreType": "thirdPartyOplogStore",
      "port": 27017,
      "priority": 1.0,
      "rsId": "md10rep",
      "snapshotable": true,
      "votes": 1
    }
  ],
  "state": "PENDING"
}
2026-01-13 13:06:28,999 [INFO] Snapshot state: PENDING
2026-01-13 13:06:39,004 [DEBUG] API GET http://sb1.cpolab.ibm.com:8080/api/public/v1.0/backup/third_party/group/67eed68e0ba1970a07e16b77/clusters/694168133e4bf100f33eda80/snapshot/6965f5ef3e4bf100f3fe34ba
2026-01-13 13:06:40,968 [DEBUG] STATUS 200
2026-01-13 13:06:40,969 [DEBUG] {
  "nodes": [
    {
      "dbPath": "/fimongo/data",
      "hidden": false,
      "hostname": "mdb10",
      "id": "mdb10:27017",
      "lastAgentPing": "2026-01-13T07:36:36Z",
      "memberState": "PRIMARY",
      "mongodbVersion": "8.0.10",
      "opTime": "2026-01-13T07:35:24Z",
      "oplogPath": "/oplog",
      "oplogStoreType": "thirdPartyOplogStore",
      "port": 27017,
      "priority": 1.0,
      "rsId": "md10rep",
      "snapshotable": true,
      "votes": 1
    }
  ],
  "state": "PENDING"
}
2026-01-13 13:06:40,970 [INFO] Snapshot state: PENDING
2026-01-13 13:06:50,973 [DEBUG] API GET http://sb1.cpolab.ibm.com:8080/api/public/v1.0/backup/third_party/group/67eed68e0ba1970a07e16b77/clusters/694168133e4bf100f33eda80/snapshot/6965f5ef3e4bf100f3fe34ba
2026-01-13 13:06:51,640 [DEBUG] STATUS 200
2026-01-13 13:06:51,641 [DEBUG] {
  "nodes": [
    {
      "dbPath": "/fimongo/data",
      "hidden": false,
      "hostname": "mdb10",
      "id": "mdb10:27017",
      "lastAgentPing": "2026-01-13T07:36:36Z",
      "memberState": "PRIMARY",
      "mongodbVersion": "8.0.10",
      "opTime": "2026-01-13T07:35:24Z",
      "oplogPath": "/oplog",
      "oplogStoreType": "thirdPartyOplogStore",
      "port": 27017,
      "priority": 1.0,
      "rsId": "md10rep",
      "snapshotable": true,
      "votes": 1
    }
  ],
  "state": "PENDING"
}
2026-01-13 13:06:51,641 [INFO] Snapshot state: PENDING
2026-01-13 13:07:01,646 [DEBUG] API GET http://sb1.cpolab.ibm.com:8080/api/public/v1.0/backup/third_party/group/67eed68e0ba1970a07e16b77/clusters/694168133e4bf100f33eda80/snapshot/6965f5ef3e4bf100f3fe34ba
2026-01-13 13:07:03,345 [DEBUG] STATUS 200
2026-01-13 13:07:03,345 [DEBUG] {
  "nodes": [
    {
      "dbPath": "/fimongo/data",
      "hidden": false,
      "hostname": "mdb10",
      "id": "mdb10:27017",
      "lastAgentPing": "2026-01-13T07:36:36Z",
      "memberState": "PRIMARY",
      "mongodbVersion": "8.0.10",
      "opTime": "2026-01-13T07:35:24Z",
      "oplogPath": "/oplog",
      "oplogStoreType": "thirdPartyOplogStore",
      "port": 27017,
      "priority": 1.0,
      "rsId": "md10rep",
      "snapshotable": true,
      "votes": 1
    }
  ],
  "state": "PENDING"
}
2026-01-13 13:07:03,345 [INFO] Snapshot state: PENDING
2026-01-13 13:07:13,349 [DEBUG] API GET http://sb1.cpolab.ibm.com:8080/api/public/v1.0/backup/third_party/group/67eed68e0ba1970a07e16b77/clusters/694168133e4bf100f33eda80/snapshot/6965f5ef3e4bf100f3fe34ba
2026-01-13 13:07:14,695 [DEBUG] STATUS 200
2026-01-13 13:07:14,695 [DEBUG] {
  "nodes": [
    {
      "dbPath": "/fimongo/data",
      "hidden": false,
      "hostname": "mdb10",
      "id": "mdb10:27017",
      "lastAgentPing": "2026-01-13T07:36:36Z",
      "memberState": "PRIMARY",
      "mongodbVersion": "8.0.10",
      "opTime": "2026-01-13T07:35:24Z",
      "oplogPath": "/oplog",
      "oplogStoreType": "thirdPartyOplogStore",
      "port": 27017,
      "priority": 1.0,
      "rsId": "md10rep",
      "snapshotable": true,
      "votes": 1
    }
  ],
  "state": "PENDING"
}
2026-01-13 13:07:14,696 [INFO] Snapshot state: PENDING
2026-01-13 13:07:24,698 [DEBUG] API GET http://sb1.cpolab.ibm.com:8080/api/public/v1.0/backup/third_party/group/67eed68e0ba1970a07e16b77/clusters/694168133e4bf100f33eda80/snapshot/6965f5ef3e4bf100f3fe34ba
2026-01-13 13:07:25,436 [DEBUG] STATUS 200
2026-01-13 13:07:25,436 [DEBUG] {
  "nodes": [
    {
      "dbPath": "/fimongo/data",
      "hidden": false,
      "hostname": "mdb10",
      "id": "mdb10:27017",
      "lastAgentPing": "2026-01-13T07:36:36Z",
      "memberState": "PRIMARY",
      "mongodbVersion": "8.0.10",
      "opTime": "2026-01-13T07:35:24Z",
      "oplogPath": "/oplog",
      "oplogStoreType": "thirdPartyOplogStore",
      "port": 27017,
      "priority": 1.0,
      "rsId": "md10rep",
      "snapshotable": true,
      "votes": 1
    }
  ],
  "state": "PENDING"
}
2026-01-13 13:07:25,437 [INFO] Snapshot state: PENDING
2026-01-13 13:07:35,439 [DEBUG] API GET http://sb1.cpolab.ibm.com:8080/api/public/v1.0/backup/third_party/group/67eed68e0ba1970a07e16b77/clusters/694168133e4bf100f33eda80/snapshot/6965f5ef3e4bf100f3fe34ba
2026-01-13 13:07:37,277 [DEBUG] STATUS 200
2026-01-13 13:07:37,277 [DEBUG] {
  "nodes": [
    {
      "dbPath": "/fimongo/data",
      "hidden": false,
      "hostname": "mdb10",
      "id": "mdb10:27017",
      "lastAgentPing": "2026-01-13T07:37:35Z",
      "memberState": "PRIMARY",
      "mongodbVersion": "8.0.10",
      "opTime": "2026-01-13T07:35:24Z",
      "oplogPath": "/oplog",
      "oplogStoreType": "thirdPartyOplogStore",
      "port": 27017,
      "priority": 1.0,
      "rsId": "md10rep",
      "snapshotable": true,
      "votes": 1
    }
  ],
  "state": "PENDING"
}
2026-01-13 13:07:37,278 [INFO] Snapshot state: PENDING
2026-01-13 13:07:47,283 [DEBUG] API GET http://sb1.cpolab.ibm.com:8080/api/public/v1.0/backup/third_party/group/67eed68e0ba1970a07e16b77/clusters/694168133e4bf100f33eda80/snapshot/6965f5ef3e4bf100f3fe34ba
2026-01-13 13:07:48,123 [DEBUG] STATUS 200
2026-01-13 13:07:48,123 [DEBUG] {
  "nodes": [
    {
      "dbPath": "/fimongo/data",
      "hidden": false,
      "hostname": "mdb10",
      "id": "mdb10:27017",
      "lastAgentPing": "2026-01-13T07:37:35Z",
      "memberState": "PRIMARY",
      "mongodbVersion": "8.0.10",
      "opTime": "2026-01-13T07:35:24Z",
      "oplogPath": "/oplog",
      "oplogStoreType": "thirdPartyOplogStore",
      "port": 27017,
      "priority": 1.0,
      "rsId": "md10rep",
      "snapshotable": true,
      "votes": 1
    }
  ],
  "state": "PENDING"
}
2026-01-13 13:07:48,124 [INFO] Snapshot state: PENDING
2026-01-13 13:07:58,127 [DEBUG] API GET http://sb1.cpolab.ibm.com:8080/api/public/v1.0/backup/third_party/group/67eed68e0ba1970a07e16b77/clusters/694168133e4bf100f33eda80/snapshot/6965f5ef3e4bf100f3fe34ba
2026-01-13 13:07:58,873 [DEBUG] STATUS 200
2026-01-13 13:07:58,873 [DEBUG] {
  "nodes": [
    {
      "dbPath": "/fimongo/data",
      "hidden": false,
      "hostname": "mdb10",
      "id": "mdb10:27017",
      "lastAgentPing": "2026-01-13T07:37:35Z",
      "memberState": "PRIMARY",
      "mongodbVersion": "8.0.10",
      "opTime": "2026-01-13T07:35:24Z",
      "oplogPath": "/oplog",
      "oplogStoreType": "thirdPartyOplogStore",
      "port": 27017,
      "priority": 1.0,
      "rsId": "md10rep",
      "snapshotable": true,
      "votes": 1
    }
  ],
  "state": "PENDING"
}
2026-01-13 13:07:58,874 [INFO] Snapshot state: PENDING
2026-01-13 13:08:08,879 [DEBUG] API GET http://sb1.cpolab.ibm.com:8080/api/public/v1.0/backup/third_party/group/67eed68e0ba1970a07e16b77/clusters/694168133e4bf100f33eda80/snapshot/6965f5ef3e4bf100f3fe34ba
2026-01-13 13:08:09,577 [DEBUG] STATUS 200
2026-01-13 13:08:09,578 [DEBUG] {
  "nodes": [
    {
      "dbPath": "/fimongo/data",
      "hidden": false,
      "hostname": "mdb10",
      "id": "mdb10:27017",
      "lastAgentPing": "2026-01-13T07:37:35Z",
      "memberState": "PRIMARY",
      "mongodbVersion": "8.0.10",
      "opTime": "2026-01-13T07:35:24Z",
      "oplogPath": "/oplog",
      "oplogStoreType": "thirdPartyOplogStore",
      "port": 27017,
      "priority": 1.0,
      "rsId": "md10rep",
      "snapshotable": true,
      "votes": 1
    }
  ],
  "state": "PENDING"
}
2026-01-13 13:08:09,578 [INFO] Snapshot state: PENDING
2026-01-13 13:08:19,581 [DEBUG] API GET http://sb1.cpolab.ibm.com:8080/api/public/v1.0/backup/third_party/group/67eed68e0ba1970a07e16b77/clusters/694168133e4bf100f33eda80/snapshot/6965f5ef3e4bf100f3fe34ba
2026-01-13 13:08:20,646 [DEBUG] STATUS 200
2026-01-13 13:08:20,647 [DEBUG] {
  "nodes": [
    {
      "dbPath": "/fimongo/data",
      "hidden": false,
      "hostname": "mdb10",
      "id": "mdb10:27017",
      "lastAgentPing": "2026-01-13T07:37:35Z",
      "memberState": "PRIMARY",
      "mongodbVersion": "8.0.10",
      "opTime": "2026-01-13T07:35:24Z",
      "oplogPath": "/oplog",
      "oplogStoreType": "thirdPartyOplogStore",
      "port": 27017,
      "priority": 1.0,
      "rsId": "md10rep",
      "snapshotable": true,
      "votes": 1
    }
  ],
  "state": "PENDING"
}
2026-01-13 13:08:20,647 [INFO] Snapshot state: PENDING
2026-01-13 13:08:30,652 [DEBUG] API GET http://sb1.cpolab.ibm.com:8080/api/public/v1.0/backup/third_party/group/67eed68e0ba1970a07e16b77/clusters/694168133e4bf100f33eda80/snapshot/6965f5ef3e4bf100f3fe34ba
2026-01-13 13:08:31,368 [DEBUG] STATUS 200
2026-01-13 13:08:31,368 [DEBUG] {
  "nodes": [
    {
      "dbPath": "/fimongo/data",
      "hidden": false,
      "hostname": "mdb10",
      "id": "mdb10:27017",
      "lastAgentPing": "2026-01-13T07:37:35Z",
      "memberState": "PRIMARY",
      "mongodbVersion": "8.0.10",
      "opTime": "2026-01-13T07:38:14Z",
      "oplogPath": "/oplog",
      "oplogStoreType": "thirdPartyOplogStore",
      "port": 27017,
      "priority": 1.0,
      "rsId": "md10rep",
      "snapshotable": true,
      "votes": 1
    }
  ],
  "state": "PENDING"
}
2026-01-13 13:08:31,369 [INFO] Snapshot state: PENDING
2026-01-13 13:08:41,374 [DEBUG] API GET http://sb1.cpolab.ibm.com:8080/api/public/v1.0/backup/third_party/group/67eed68e0ba1970a07e16b77/clusters/694168133e4bf100f33eda80/snapshot/6965f5ef3e4bf100f3fe34ba
2026-01-13 13:08:43,213 [DEBUG] STATUS 200
2026-01-13 13:08:43,213 [DEBUG] {
  "nodes": [
    {
      "dbPath": "/fimongo/data",
      "hidden": false,
      "hostname": "mdb10",
      "id": "mdb10:27017",
      "lastAgentPing": "2026-01-13T07:38:38Z",
      "memberState": "PRIMARY",
      "mongodbVersion": "8.0.10",
      "opTime": "2026-01-13T07:38:14Z",
      "oplogPath": "/oplog",
      "oplogStoreType": "thirdPartyOplogStore",
      "port": 27017,
      "priority": 1.0,
      "rsId": "md10rep",
      "snapshotable": true,
      "votes": 1
    }
  ],
  "state": "READY"
}
2026-01-13 13:08:43,214 [INFO] Snapshot state: READY
2026-01-13 13:08:43,214 [INFO] Waiting for fileList on mdb10:27017
2026-01-13 13:08:43,214 [DEBUG] API GET http://sb1.cpolab.ibm.com:8080/api/public/v1.0/backup/third_party/group/67eed68e0ba1970a07e16b77/clusters/694168133e4bf100f33eda80/snapshot/6965f5ef3e4bf100f3fe34ba/mdb10:27017/fileList
2026-01-13 13:08:43,974 [DEBUG] STATUS 200
2026-01-13 13:08:43,974 [DEBUG] {
  "fileList": [
    {
      "fileName": "/fimongo/data/journal/WiredTigerLog.0000000052",
      "fileSize": 104857600
    },
    {
      "fileName": "/fimongo/data/WiredTigerHS.wt",
      "fileSize": 36864
    },
    {
      "fileName": "/fimongo/data/_mdb_catalog.wt",
      "fileSize": 36864
    },
    {
      "fileName": "/fimongo/data/collection-0-11645313896086079232.wt",
      "fileSize": 45056
    },
    {
      "fileName": "/fimongo/data/collection-0-16490404351178020472.wt",
      "fileSize": 477933568
    },
    {
      "fileName": "/fimongo/data/collection-10-11645313896086079232.wt",
      "fileSize": 20480
    },
    {
      "fileName": "/fimongo/data/collection-12-11645313896086079232.wt",
      "fileSize": 36864
    },
    {
      "fileName": "/fimongo/data/collection-14-11645313896086079232.wt",
      "fileSize": 36864
    },
    {
      "fileName": "/fimongo/data/collection-18-11645313896086079232.wt",
      "fileSize": 3163770880
    },
    {
      "fileName": "/fimongo/data/collection-19-11645313896086079232.wt",
      "fileSize": 36864
    },
    {
      "fileName": "/fimongo/data/collection-2-11645313896086079232.wt",
      "fileSize": 36864
    },
    {
      "fileName": "/fimongo/data/collection-2-11718001938575384049.wt",
      "fileSize": 1789128704
    },
    {
      "fileName": "/fimongo/data/collection-21-11645313896086079232.wt",
      "fileSize": 24576
    },
    {
      "fileName": "/fimongo/data/collection-23-11645313896086079232.wt",
      "fileSize": 24576
    },
    {
      "fileName": "/fimongo/data/collection-26-11645313896086079232.wt",
      "fileSize": 4096
    },
    {
      "fileName": "/fimongo/data/collection-28-11645313896086079232.wt",
      "fileSize": 4096
    },
    {
      "fileName": "/fimongo/data/collection-30-11645313896086079232.wt",
      "fileSize": 4096
    },
    {
      "fileName": "/fimongo/data/collection-31-11645313896086079232.wt",
      "fileSize": 36864
    },
    {
      "fileName": "/fimongo/data/collection-33-11645313896086079232.wt",
      "fileSize": 4096
    },
    {
      "fileName": "/fimongo/data/collection-36-11645313896086079232.wt",
      "fileSize": 4096
    },
    {
      "fileName": "/fimongo/data/collection-39-11645313896086079232.wt",
      "fileSize": 4096
    },
    {
      "fileName": "/fimongo/data/collection-4-11645313896086079232.wt",
      "fileSize": 36864
    },
    {
      "fileName": "/fimongo/data/collection-42-11645313896086079232.wt",
      "fileSize": 36864
    },
    {
      "fileName": "/fimongo/data/collection-45-11645313896086079232.wt",
      "fileSize": 36864
    },
    {
      "fileName": "/fimongo/data/collection-48-11645313896086079232.wt",
      "fileSize": 36864
    },
    {
      "fileName": "/fimongo/data/collection-6-11645313896086079232.wt",
      "fileSize": 36864
    },
    {
      "fileName": "/fimongo/data/collection-8-11645313896086079232.wt",
      "fileSize": 20480
    },
    {
      "fileName": "/fimongo/data/index-1-11645313896086079232.wt",
      "fileSize": 36864
    },
    {
      "fileName": "/fimongo/data/index-1-16490404351178020472.wt",
      "fileSize": 13484032
    },
    {
      "fileName": "/fimongo/data/index-11-11645313896086079232.wt",
      "fileSize": 20480
    },
    {
      "fileName": "/fimongo/data/index-13-11645313896086079232.wt",
      "fileSize": 20480
    },
    {
      "fileName": "/fimongo/data/index-15-11645313896086079232.wt",
      "fileSize": 36864
    },
    {
      "fileName": "/fimongo/data/index-20-11645313896086079232.wt",
      "fileSize": 36864
    },
    {
      "fileName": "/fimongo/data/index-22-11645313896086079232.wt",
      "fileSize": 24576
    },
    {
      "fileName": "/fimongo/data/index-24-11645313896086079232.wt",
      "fileSize": 32768
    },
    {
      "fileName": "/fimongo/data/index-25-11645313896086079232.wt",
      "fileSize": 4096
    },
    {
      "fileName": "/fimongo/data/index-27-11645313896086079232.wt",
      "fileSize": 4096
    },
    {
      "fileName": "/fimongo/data/index-29-11645313896086079232.wt",
      "fileSize": 4096
    },
    {
      "fileName": "/fimongo/data/index-3-11645313896086079232.wt",
      "fileSize": 24576
    },
    {
      "fileName": "/fimongo/data/index-3-11718001938575384049.wt",
      "fileSize": 26382336
    },
    {
      "fileName": "/fimongo/data/index-32-11645313896086079232.wt",
      "fileSize": 36864
    },
    {
      "fileName": "/fimongo/data/index-34-11645313896086079232.wt",
      "fileSize": 4096
    },
    {
      "fileName": "/fimongo/data/index-35-11645313896086079232.wt",
      "fileSize": 4096
    },
    {
      "fileName": "/fimongo/data/index-37-11645313896086079232.wt",
      "fileSize": 4096
    },
    {
      "fileName": "/fimongo/data/index-38-11645313896086079232.wt",
      "fileSize": 4096
    },
    {
      "fileName": "/fimongo/data/index-40-11645313896086079232.wt",
      "fileSize": 4096
    },
    {
      "fileName": "/fimongo/data/index-41-11645313896086079232.wt",
      "fileSize": 4096
    },
    {
      "fileName": "/fimongo/data/index-43-11645313896086079232.wt",
      "fileSize": 36864
    },
    {
      "fileName": "/fimongo/data/index-44-11645313896086079232.wt",
      "fileSize": 36864
    },
    {
      "fileName": "/fimongo/data/index-46-11645313896086079232.wt",
      "fileSize": 36864
    },
    {
      "fileName": "/fimongo/data/index-47-11645313896086079232.wt",
      "fileSize": 36864
    },
    {
      "fileName": "/fimongo/data/index-49-11645313896086079232.wt",
      "fileSize": 36864
    },
    {
      "fileName": "/fimongo/data/index-5-11645313896086079232.wt",
      "fileSize": 36864
    },
    {
      "fileName": "/fimongo/data/index-50-11645313896086079232.wt",
      "fileSize": 36864
    },
    {
      "fileName": "/fimongo/data/index-7-11645313896086079232.wt",
      "fileSize": 24576
    },
    {
      "fileName": "/fimongo/data/index-9-11645313896086079232.wt",
      "fileSize": 20480
    },
    {
      "fileName": "/fimongo/data/sizeStorer.wt",
      "fileSize": 36864
    },
    {
      "fileName": "/fimongo/data/WiredTiger.backup",
      "fileSize": 110941
    },
    {
      "fileName": "/fimongo/data/WiredTiger",
      "fileSize": 50
    }
  ],
  "finishedToken": null,
  "nextToken": "ZDM0MjEwNmM1ZDQ2YTBiNDc2MjQ5ZTkwOTMyYWM1ZWRmOTYxYTcwMDBjMDAzZDQxYmZmMWU1YTkyYmY2MmZmZC1lMDYwZDYwMGVkODYwMzIxNjAyNDk5ZTYzZGEzYTZkMi1hZDk4OGMxODRiNzliNWU5OGU1Nzk5M2I1YzYxYTczM2NjY2ViMjJjZmNjMWVhYmY4MGNjNDJiZWY1ZGY4ODg5MjY5NDc4MTNmOGUzM2Y0MTYxZTU4NTkxOWVmNmUzOWFkYjcwODNiNzJmNjBjYWM0MmVkOGFmMjI4MzhlNWJlOC04MWRhYzQzODgyMGU3YmQ5N2E4YTMzMmJjMjljYmUwYmUzZTc4MmI2ZWZjMTRmN2I3NmM4ODQyYThmZTYyMjQxN2EyZWI0MjUzODAyMTRmOWRiOTdmMTU2YjY4MThkYTMwNjMzNTlhMmM1ZmExYWQ0YjYzNDFkNGM3MGIxZDczMg=="
}
2026-01-13 13:08:43,975 [INFO] fileList ready on mdb10:27017
2026-01-13 13:08:43,975 [INFO] === TAKEING IBM FLASHSYSTEM SNAPSHOT NOW ===
2026-01-13 13:08:46,798 [INFO] FlashSystem snapshot completed successfully
2026-01-13 13:08:46,798 [DEBUG] API POST http://sb1.cpolab.ibm.com:8080/api/public/v1.0/backup/third_party/group/67eed68e0ba1970a07e16b77/clusters/694168133e4bf100f33eda80/snapshot/6965f5ef3e4bf100f3fe34ba/finish
2026-01-13 13:08:47,614 [DEBUG] STATUS 200
2026-01-13 13:08:47,615 [DEBUG] {
  "errorCode": "NONE",
  "version": "1",
  "status": "OK"
}
2026-01-13 13:08:47,615 [DEBUG] API GET http://sb1.cpolab.ibm.com:8080/api/public/v1.0/backup/third_party/group/67eed68e0ba1970a07e16b77/clusters/694168133e4bf100f33eda80/snapshot/6965f5ef3e4bf100f3fe34ba
2026-01-13 13:08:48,453 [DEBUG] STATUS 200
2026-01-13 13:08:48,453 [DEBUG] {
  "nodes": [
    {
      "dbPath": "/fimongo/data",
      "hidden": false,
      "hostname": "mdb10",
      "id": "mdb10:27017",
      "lastAgentPing": "2026-01-13T07:38:38Z",
      "memberState": "PRIMARY",
      "mongodbVersion": "8.0.10",
      "opTime": "2026-01-13T07:38:14Z",
      "oplogPath": "/oplog",
      "oplogStoreType": "thirdPartyOplogStore",
      "port": 27017,
      "priority": 1.0,
      "rsId": "md10rep",
      "snapshotable": true,
      "votes": 1
    }
  ],
  "state": "FINISHING"
}
2026-01-13 13:08:48,453 [INFO] Snapshot state: FINISHING
2026-01-13 13:08:58,456 [DEBUG] API GET http://sb1.cpolab.ibm.com:8080/api/public/v1.0/backup/third_party/group/67eed68e0ba1970a07e16b77/clusters/694168133e4bf100f33eda80/snapshot/6965f5ef3e4bf100f3fe34ba
2026-01-13 13:09:00,279 [DEBUG] STATUS 200
2026-01-13 13:09:00,279 [DEBUG] {
  "nodes": [
    {
      "dbPath": "/fimongo/data",
      "hidden": false,
      "hostname": "mdb10",
      "id": "mdb10:27017",
      "lastAgentPing": "2026-01-13T07:38:38Z",
      "memberState": "PRIMARY",
      "mongodbVersion": "8.0.10",
      "opTime": "2026-01-13T07:38:14Z",
      "oplogPath": "/oplog",
      "oplogStoreType": "thirdPartyOplogStore",
      "port": 27017,
      "priority": 1.0,
      "rsId": "md10rep",
      "snapshotable": true,
      "votes": 1
    }
  ],
  "state": "FINISHING"
}
2026-01-13 13:09:00,280 [INFO] Snapshot state: FINISHING
2026-01-13 13:09:10,281 [DEBUG] API GET http://sb1.cpolab.ibm.com:8080/api/public/v1.0/backup/third_party/group/67eed68e0ba1970a07e16b77/clusters/694168133e4bf100f33eda80/snapshot/6965f5ef3e4bf100f3fe34ba
2026-01-13 13:09:11,014 [DEBUG] STATUS 200
2026-01-13 13:09:11,014 [DEBUG] {
  "nodes": [
    {
      "dbPath": "/fimongo/data",
      "hidden": false,
      "hostname": "mdb10",
      "id": "mdb10:27017",
      "lastAgentPing": "2026-01-13T07:38:38Z",
      "memberState": "PRIMARY",
      "mongodbVersion": "8.0.10",
      "opTime": "2026-01-13T07:38:14Z",
      "oplogPath": "/oplog",
      "oplogStoreType": "thirdPartyOplogStore",
      "port": 27017,
      "priority": 1.0,
      "rsId": "md10rep",
      "snapshotable": true,
      "votes": 1
    }
  ],
  "state": "FINISHING"
}
2026-01-13 13:09:11,014 [INFO] Snapshot state: FINISHING
2026-01-13 13:09:21,017 [DEBUG] API GET http://sb1.cpolab.ibm.com:8080/api/public/v1.0/backup/third_party/group/67eed68e0ba1970a07e16b77/clusters/694168133e4bf100f33eda80/snapshot/6965f5ef3e4bf100f3fe34ba
2026-01-13 13:09:22,087 [DEBUG] STATUS 200
2026-01-13 13:09:22,087 [DEBUG] {
  "nodes": [
    {
      "dbPath": "/fimongo/data",
      "hidden": false,
      "hostname": "mdb10",
      "id": "mdb10:27017",
      "lastAgentPing": "2026-01-13T07:38:38Z",
      "memberState": "PRIMARY",
      "mongodbVersion": "8.0.10",
      "opTime": "2026-01-13T07:38:14Z",
      "oplogPath": "/oplog",
      "oplogStoreType": "thirdPartyOplogStore",
      "port": 27017,
      "priority": 1.0,
      "rsId": "md10rep",
      "snapshotable": true,
      "votes": 1
    }
  ],
  "state": "FINISHING"
}
2026-01-13 13:09:22,087 [INFO] Snapshot state: FINISHING
2026-01-13 13:09:32,093 [DEBUG] API GET http://sb1.cpolab.ibm.com:8080/api/public/v1.0/backup/third_party/group/67eed68e0ba1970a07e16b77/clusters/694168133e4bf100f33eda80/snapshot/6965f5ef3e4bf100f3fe34ba
2026-01-13 13:09:33,770 [DEBUG] STATUS 200
2026-01-13 13:09:33,771 [DEBUG] {
  "nodes": [
    {
      "dbPath": "/fimongo/data",
      "hidden": false,
      "hostname": "mdb10",
      "id": "mdb10:27017",
      "lastAgentPing": "2026-01-13T07:38:38Z",
      "memberState": "PRIMARY",
      "mongodbVersion": "8.0.10",
      "opTime": "2026-01-13T07:38:14Z",
      "oplogPath": "/oplog",
      "oplogStoreType": "thirdPartyOplogStore",
      "port": 27017,
      "priority": 1.0,
      "rsId": "md10rep",
      "snapshotable": true,
      "votes": 1
    }
  ],
  "state": "FINISHING"
}
2026-01-13 13:09:33,771 [INFO] Snapshot state: FINISHING
2026-01-13 13:09:43,775 [DEBUG] API GET http://sb1.cpolab.ibm.com:8080/api/public/v1.0/backup/third_party/group/67eed68e0ba1970a07e16b77/clusters/694168133e4bf100f33eda80/snapshot/6965f5ef3e4bf100f3fe34ba
2026-01-13 13:09:44,605 [DEBUG] STATUS 200
2026-01-13 13:09:44,606 [DEBUG] {
  "nodes": [
    {
      "dbPath": "/fimongo/data",
      "hidden": false,
      "hostname": "mdb10",
      "id": "mdb10:27017",
      "lastAgentPing": "2026-01-13T07:39:36Z",
      "memberState": "PRIMARY",
      "mongodbVersion": "8.0.10",
      "opTime": "2026-01-13T07:38:14Z",
      "oplogPath": "/oplog",
      "oplogStoreType": "thirdPartyOplogStore",
      "port": 27017,
      "priority": 1.0,
      "rsId": "md10rep",
      "snapshotable": true,
      "votes": 1
    }
  ],
  "snapshotMetadata": {
    "clusterId": "694168133e4bf100f33eda80",
    "clusterName": "md10rep",
    "groupId": "67eed68e0ba1970a07e16b77",
    "restoreTimestamp": {
      "increment": 1,
      "time": 1768289854
    },
    "rsSnapshotsMetadata": [
      {
        "defaultRWConcern": {
          "defaultReadConcern": {
            "level": "local"
          },
          "defaultReadConcernSource": "implicit",
          "defaultWriteConcern": {
            "w": "majority",
            "wtimeout": 0
          },
          "defaultWriteConcernSource": "implicit",
          "localUpdateWallClockTime": "2026-01-13T07:38:12Z"
        },
        "encryption": false,
        "fcv": "8.0",
        "incremental": true,
        "isConfigShard": false,
        "keyEncryptionUUID": null,
        "lastOplogApplied": {
          "increment": 1,
          "time": 1768289854
        },
        "member": "REPLICA_SET",
        "mongodbVersion": "8.0.10",
        "oplogStoreType": "thirdPartyOplogStore",
        "rsId": "md10rep",
        "shardId": null,
        "snapshotVersion": 1,
        "srcBackupName": null,
        "startupOptions": {},
        "storageEngine": "wiredTiger",
        "thisBackupName": "mdb10.27017.1768289855"
      }
    ],
    "snapshotId": "6965f5ef3e4bf100f3fe34ba",
    "snapshotTimestamp": {
      "increment": 1,
      "time": 1768289854
    }
  },
  "state": "FINISHED"
}
2026-01-13 13:09:44,606 [INFO] Snapshot state: FINISHED
2026-01-13 13:09:44,606 [INFO] Metadata saved: runs/md10rep_20260113T073613Z/snapshot_metadata.json
2026-01-13 13:09:44,606 [INFO] Snapshot workflow completed successfully
