2026-01-27 13:19:55,377 [INFO] Starting Ops Manager restore workflow
2026-01-27 13:19:56,101 [DEBUG] Validating FlashSystem snapshot: fs9500-2.cpolab.ibm.com | ORION15-mdb7 | ORION15-mdb7_697902f73e4bf100f3b7b9b7
2026-01-27 13:19:56,360 [INFO] Valid FlashSystem snapshot found: ORION15-mdb7_697902f73e4bf100f3b7b9b7 (VG=ORION15-mdb7, system=fs9500-2.cpolab.ibm.com)
2026-01-27 13:19:56,361 [DEBUG] Validating FlashSystem snapshot: fs9500-2.cpolab.ibm.com | ORION17-mdb9 | ORION17-mdb9_697902f73e4bf100f3b7b9b7
2026-01-27 13:19:56,597 [INFO] Valid FlashSystem snapshot found: ORION17-mdb9_697902f73e4bf100f3b7b9b7 (VG=ORION17-mdb9, system=fs9500-2.cpolab.ibm.com)
2026-01-27 13:19:56,598 [DEBUG] Validating FlashSystem snapshot: fs9500-2.cpolab.ibm.com | ORION16-mdb8 | ORION16-mdb8_697902f73e4bf100f3b7b9b7
2026-01-27 13:19:56,835 [INFO] Valid FlashSystem snapshot found: ORION16-mdb8_697902f73e4bf100f3b7b9b7 (VG=ORION16-mdb8, system=fs9500-2.cpolab.ibm.com)
2026-01-27 13:19:56,835 [DEBUG] Validating FlashSystem snapshot: fs9500-2.cpolab.ibm.com | ORION15-mdb7 | ORION15-mdb7_6978fa943e4bf100f3b68a88
2026-01-27 13:19:57,072 [INFO] Valid FlashSystem snapshot found: ORION15-mdb7_6978fa943e4bf100f3b68a88 (VG=ORION15-mdb7, system=fs9500-2.cpolab.ibm.com)
2026-01-27 13:19:57,072 [DEBUG] Validating FlashSystem snapshot: fs9500-2.cpolab.ibm.com | ORION17-mdb9 | ORION17-mdb9_6978fa943e4bf100f3b68a88
2026-01-27 13:19:57,308 [INFO] Valid FlashSystem snapshot found: ORION17-mdb9_6978fa943e4bf100f3b68a88 (VG=ORION17-mdb9, system=fs9500-2.cpolab.ibm.com)
2026-01-27 13:19:57,309 [DEBUG] Validating FlashSystem snapshot: fs9500-2.cpolab.ibm.com | ORION16-mdb8 | ORION16-mdb8_6978fa943e4bf100f3b68a88
2026-01-27 13:19:57,555 [INFO] Valid FlashSystem snapshot found: ORION16-mdb8_6978fa943e4bf100f3b68a88 (VG=ORION16-mdb8, system=fs9500-2.cpolab.ibm.com)
2026-01-27 13:19:57,556 [DEBUG] Validating FlashSystem snapshot: fs9500-2.cpolab.ibm.com | ORION15-mdb7 | ORION15-mdb7_6977d13a3e4bf100f381e17e
2026-01-27 13:19:57,794 [INFO] Valid FlashSystem snapshot found: ORION15-mdb7_6977d13a3e4bf100f381e17e (VG=ORION15-mdb7, system=fs9500-2.cpolab.ibm.com)
2026-01-27 13:19:57,794 [DEBUG] Validating FlashSystem snapshot: fs9500-2.cpolab.ibm.com | ORION17-mdb9 | ORION17-mdb9_6977d13a3e4bf100f381e17e
2026-01-27 13:19:58,032 [INFO] Valid FlashSystem snapshot found: ORION17-mdb9_6977d13a3e4bf100f381e17e (VG=ORION17-mdb9, system=fs9500-2.cpolab.ibm.com)
2026-01-27 13:19:58,032 [DEBUG] Validating FlashSystem snapshot: fs9500-2.cpolab.ibm.com | ORION16-mdb8 | ORION16-mdb8_6977d13a3e4bf100f381e17e
2026-01-27 13:19:58,270 [INFO] Valid FlashSystem snapshot found: ORION16-mdb8_6977d13a3e4bf100f381e17e (VG=ORION16-mdb8, system=fs9500-2.cpolab.ibm.com)
2026-01-27 13:19:58,270 [DEBUG] Validating FlashSystem snapshot: fs9500-2.cpolab.ibm.com | ORION0A-kvm1-mdb-config1 | ORION0A-kvm1-mdb-config1_6977d13a3e4bf100f381e17e
2026-01-27 13:19:58,577 [INFO] Valid FlashSystem snapshot found: ORION0A-kvm1-mdb-config1_6977d13a3e4bf100f381e17e (VG=ORION0A-kvm1-mdb-config1, system=fs9500-2.cpolab.ibm.com)
2026-01-27 13:19:58,577 [DEBUG] Validating FlashSystem snapshot: fs9500-2.cpolab.ibm.com | ORION0A-kvm1-mdb1 | ORION0A-kvm1-mdb1_6977d13a3e4bf100f381e17e
2026-01-27 13:19:58,815 [INFO] Valid FlashSystem snapshot found: ORION0A-kvm1-mdb1_6977d13a3e4bf100f381e17e (VG=ORION0A-kvm1-mdb1, system=fs9500-2.cpolab.ibm.com)
2026-01-27 13:19:58,816 [DEBUG] Validating FlashSystem snapshot: fs9500-2.cpolab.ibm.com | ORION0A-kvm1-mdb2 | ORION0A-kvm1-mdb2_6977d13a3e4bf100f381e17e
2026-01-27 13:19:59,088 [INFO] Valid FlashSystem snapshot found: ORION0A-kvm1-mdb2_6977d13a3e4bf100f381e17e (VG=ORION0A-kvm1-mdb2, system=fs9500-2.cpolab.ibm.com)
2026-01-27 13:19:59,088 [DEBUG] Validating FlashSystem snapshot: fs9500-3.cpolab.ibm.com | ORION0B-kvm2-mdb-config2 | ORION0B-kvm2-mdb-config2_6977d13a3e4bf100f381e17e
2026-01-27 13:19:59,308 [INFO] Valid FlashSystem snapshot found: ORION0B-kvm2-mdb-config2_6977d13a3e4bf100f381e17e (VG=ORION0B-kvm2-mdb-config2, system=fs9500-3.cpolab.ibm.com)
2026-01-27 13:19:59,308 [DEBUG] Validating FlashSystem snapshot: fs9500-3.cpolab.ibm.com | ORION0B-kvm2-mdb3 | ORION0B-kvm2-mdb3_6977d13a3e4bf100f381e17e
2026-01-27 13:19:59,578 [INFO] Valid FlashSystem snapshot found: ORION0B-kvm2-mdb3_6977d13a3e4bf100f381e17e (VG=ORION0B-kvm2-mdb3, system=fs9500-3.cpolab.ibm.com)
2026-01-27 13:19:59,579 [DEBUG] Validating FlashSystem snapshot: fs9500-3.cpolab.ibm.com | ORION0B-kvm2-mdb4 | ORION0B-kvm2-mdb4_6977d13a3e4bf100f381e17e
2026-01-27 13:19:59,801 [INFO] Valid FlashSystem snapshot found: ORION0B-kvm2-mdb4_6977d13a3e4bf100f381e17e (VG=ORION0B-kvm2-mdb4, system=fs9500-3.cpolab.ibm.com)
