2026-03-05 16:52:53,348 [INFO] Starting Ops Manager restore workflow
2026-03-05 16:52:54,435 [DEBUG] Validating FlashSystem snapshot: fs9500-2.cpolab.ibm.com | ORION15-mdb7 | ORION15-mdb7_69aa039c891d695b5bdb0148
2026-03-05 16:52:54,840 [INFO] Valid FlashSystem snapshot found: ORION15-mdb7_69aa039c891d695b5bdb0148 (VG=ORION15-mdb7, system=fs9500-2.cpolab.ibm.com)
2026-03-05 16:52:54,840 [DEBUG] Validating FlashSystem snapshot: fs9500-2.cpolab.ibm.com | ORION17-mdb9 | ORION17-mdb9_69aa039c891d695b5bdb0148
2026-03-05 16:52:55,312 [INFO] Valid FlashSystem snapshot found: ORION17-mdb9_69aa039c891d695b5bdb0148 (VG=ORION17-mdb9, system=fs9500-2.cpolab.ibm.com)
2026-03-05 16:52:55,313 [DEBUG] Validating FlashSystem snapshot: fs9500-2.cpolab.ibm.com | ORION16-mdb8 | ORION16-mdb8_69aa039c891d695b5bdb0148
2026-03-05 16:52:55,789 [INFO] Valid FlashSystem snapshot found: ORION16-mdb8_69aa039c891d695b5bdb0148 (VG=ORION16-mdb8, system=fs9500-2.cpolab.ibm.com)
2026-03-05 16:52:55,789 [DEBUG] Validating FlashSystem snapshot: fs9500-2.cpolab.ibm.com | ORION15-mdb7 | ORION15-mdb7_69a9f793891d695b5bd872ed
2026-03-05 16:52:56,316 [INFO] Valid FlashSystem snapshot found: ORION15-mdb7_69a9f793891d695b5bd872ed (VG=ORION15-mdb7, system=fs9500-2.cpolab.ibm.com)
2026-03-05 16:52:56,316 [DEBUG] Validating FlashSystem snapshot: fs9500-2.cpolab.ibm.com | ORION17-mdb9 | ORION17-mdb9_69a9f793891d695b5bd872ed
2026-03-05 16:52:56,734 [INFO] Valid FlashSystem snapshot found: ORION17-mdb9_69a9f793891d695b5bd872ed (VG=ORION17-mdb9, system=fs9500-2.cpolab.ibm.com)
2026-03-05 16:52:56,734 [DEBUG] Validating FlashSystem snapshot: fs9500-2.cpolab.ibm.com | ORION16-mdb8 | ORION16-mdb8_69a9f793891d695b5bd872ed
2026-03-05 16:52:57,160 [INFO] Valid FlashSystem snapshot found: ORION16-mdb8_69a9f793891d695b5bd872ed (VG=ORION16-mdb8, system=fs9500-2.cpolab.ibm.com)
2026-03-05 16:52:57,160 [DEBUG] Validating FlashSystem snapshot: fs9500-2.cpolab.ibm.com | ORION15-mdb7 | ORION15-mdb7_69a599af95993f6fc932d62f
2026-03-05 16:52:57,578 [INFO] Valid FlashSystem snapshot found: ORION15-mdb7_69a599af95993f6fc932d62f (VG=ORION15-mdb7, system=fs9500-2.cpolab.ibm.com)
2026-03-05 16:52:57,578 [DEBUG] Validating FlashSystem snapshot: fs9500-2.cpolab.ibm.com | ORION17-mdb9 | ORION17-mdb9_69a599af95993f6fc932d62f
2026-03-05 16:52:57,999 [INFO] Valid FlashSystem snapshot found: ORION17-mdb9_69a599af95993f6fc932d62f (VG=ORION17-mdb9, system=fs9500-2.cpolab.ibm.com)
2026-03-05 16:52:57,999 [DEBUG] Validating FlashSystem snapshot: fs9500-2.cpolab.ibm.com | ORION16-mdb8 | ORION16-mdb8_69a599af95993f6fc932d62f
2026-03-05 16:52:58,424 [INFO] Valid FlashSystem snapshot found: ORION16-mdb8_69a599af95993f6fc932d62f (VG=ORION16-mdb8, system=fs9500-2.cpolab.ibm.com)
2026-03-05 16:52:58,424 [DEBUG] Validating FlashSystem snapshot: fs9500-3.cpolab.ibm.com | RecoveryShards | RecoveryShards_69a599af95993f6fc932d62f
2026-03-05 16:52:58,862 [INFO] Expired snapshot: RecoveryShards_69a599af95993f6fc932d62f (VG=RecoveryShards, system=fs9500-3.cpolab.ibm.com)
2026-03-05 16:52:58,863 [DEBUG] Validating FlashSystem snapshot: fs9500-2.cpolab.ibm.com | ORION15-mdb7 | ORION15-mdb7_699deb496f8cf274854982b5
2026-03-05 16:52:59,279 [INFO] Valid FlashSystem snapshot found: ORION15-mdb7_699deb496f8cf274854982b5 (VG=ORION15-mdb7, system=fs9500-2.cpolab.ibm.com)
2026-03-05 16:52:59,280 [DEBUG] Validating FlashSystem snapshot: fs9500-2.cpolab.ibm.com | ORION17-mdb9 | ORION17-mdb9_699deb496f8cf274854982b5
2026-03-05 16:52:59,684 [INFO] Valid FlashSystem snapshot found: ORION17-mdb9_699deb496f8cf274854982b5 (VG=ORION17-mdb9, system=fs9500-2.cpolab.ibm.com)
2026-03-05 16:52:59,685 [DEBUG] Validating FlashSystem snapshot: fs9500-2.cpolab.ibm.com | ORION16-mdb8 | ORION16-mdb8_699deb496f8cf274854982b5
2026-03-05 16:53:00,083 [INFO] Valid FlashSystem snapshot found: ORION16-mdb8_699deb496f8cf274854982b5 (VG=ORION16-mdb8, system=fs9500-2.cpolab.ibm.com)
2026-03-05 16:53:00,084 [DEBUG] Validating FlashSystem snapshot: fs9500-3.cpolab.ibm.com | RecoveryShards | RecoveryShards_699deb496f8cf274854982b5
2026-03-05 16:53:00,529 [INFO] Expired snapshot: RecoveryShards_699deb496f8cf274854982b5 (VG=RecoveryShards, system=fs9500-3.cpolab.ibm.com)
2026-03-05 16:53:00,529 [DEBUG] Validating FlashSystem snapshot: fs9500-2.cpolab.ibm.com | ORION15-mdb7 | ORION15-mdb7_6984ff8b3e4bf100f368ac18
2026-03-05 16:53:00,953 [INFO] Valid FlashSystem snapshot found: ORION15-mdb7_6984ff8b3e4bf100f368ac18 (VG=ORION15-mdb7, system=fs9500-2.cpolab.ibm.com)
2026-03-05 16:53:00,954 [DEBUG] Validating FlashSystem snapshot: fs9500-2.cpolab.ibm.com | ORION17-mdb9 | ORION17-mdb9_6984ff8b3e4bf100f368ac18
2026-03-05 16:53:01,385 [INFO] Valid FlashSystem snapshot found: ORION17-mdb9_6984ff8b3e4bf100f368ac18 (VG=ORION17-mdb9, system=fs9500-2.cpolab.ibm.com)
2026-03-05 16:53:01,385 [DEBUG] Validating FlashSystem snapshot: fs9500-2.cpolab.ibm.com | ORION16-mdb8 | ORION16-mdb8_6984ff8b3e4bf100f368ac18
2026-03-05 16:53:01,810 [INFO] Valid FlashSystem snapshot found: ORION16-mdb8_6984ff8b3e4bf100f368ac18 (VG=ORION16-mdb8, system=fs9500-2.cpolab.ibm.com)
2026-03-05 16:53:01,810 [DEBUG] Validating FlashSystem snapshot: fs9500-3.cpolab.ibm.com | RecoveryShards | RecoveryShards_6984ff8b3e4bf100f368ac18
2026-03-05 16:53:11,012 [INFO] Valid FlashSystem snapshot found: RecoveryShards_6984ff8b3e4bf100f368ac18 (VG=RecoveryShards, system=fs9500-3.cpolab.ibm.com)
2026-03-05 16:53:11,012 [DEBUG] Validating FlashSystem snapshot: fs9500-2.cpolab.ibm.com | ORION15-mdb7 | ORION15-mdb7_69824f2f3e4bf100f3076d81
2026-03-05 16:53:11,467 [INFO] Expired snapshot: ORION15-mdb7_69824f2f3e4bf100f3076d81 (VG=ORION15-mdb7, system=fs9500-2.cpolab.ibm.com)
2026-03-05 16:53:11,467 [DEBUG] Validating FlashSystem snapshot: fs9500-2.cpolab.ibm.com | ORION17-mdb9 | ORION17-mdb9_69824f2f3e4bf100f3076d81
2026-03-05 16:53:11,905 [INFO] Expired snapshot: ORION17-mdb9_69824f2f3e4bf100f3076d81 (VG=ORION17-mdb9, system=fs9500-2.cpolab.ibm.com)
2026-03-05 16:53:11,905 [DEBUG] Validating FlashSystem snapshot: fs9500-2.cpolab.ibm.com | ORION16-mdb8 | ORION16-mdb8_69824f2f3e4bf100f3076d81
2026-03-05 16:53:12,324 [INFO] Expired snapshot: ORION16-mdb8_69824f2f3e4bf100f3076d81 (VG=ORION16-mdb8, system=fs9500-2.cpolab.ibm.com)
2026-03-05 16:53:12,324 [DEBUG] Validating FlashSystem snapshot: fs9500-3.cpolab.ibm.com | RecoveryShards | RecoveryShards_69824f2f3e4bf100f3076d81
2026-03-05 16:53:12,731 [INFO] Expired snapshot: RecoveryShards_69824f2f3e4bf100f3076d81 (VG=RecoveryShards, system=fs9500-3.cpolab.ibm.com)
2026-03-05 16:53:12,733 [DEBUG] Validating FlashSystem snapshot: fs9500-2.cpolab.ibm.com | ORION15-mdb7 | ORION15-mdb7_6980f36e3e4bf100f3d674e5
2026-03-05 16:53:13,271 [INFO] Expired snapshot: ORION15-mdb7_6980f36e3e4bf100f3d674e5 (VG=ORION15-mdb7, system=fs9500-2.cpolab.ibm.com)
2026-03-05 16:53:13,272 [DEBUG] Validating FlashSystem snapshot: fs9500-2.cpolab.ibm.com | ORION17-mdb9 | ORION17-mdb9_6980f36e3e4bf100f3d674e5
2026-03-05 16:53:13,709 [INFO] Expired snapshot: ORION17-mdb9_6980f36e3e4bf100f3d674e5 (VG=ORION17-mdb9, system=fs9500-2.cpolab.ibm.com)
2026-03-05 16:53:13,710 [DEBUG] Validating FlashSystem snapshot: fs9500-2.cpolab.ibm.com | ORION16-mdb8 | ORION16-mdb8_6980f36e3e4bf100f3d674e5
2026-03-05 16:53:14,184 [INFO] Expired snapshot: ORION16-mdb8_6980f36e3e4bf100f3d674e5 (VG=ORION16-mdb8, system=fs9500-2.cpolab.ibm.com)
2026-03-05 16:53:14,185 [DEBUG] Validating FlashSystem snapshot: fs9500-3.cpolab.ibm.com | RecoveryShards | RecoveryShards_6980f36e3e4bf100f3d674e5
2026-03-05 16:53:14,571 [INFO] Expired snapshot: RecoveryShards_6980f36e3e4bf100f3d674e5 (VG=RecoveryShards, system=fs9500-3.cpolab.ibm.com)
2026-03-05 16:53:14,571 [DEBUG] Validating FlashSystem snapshot: fs9500-2.cpolab.ibm.com | ORION15-mdb7 | ORION15-mdb7_697a535e3e4bf100f3e7bec5
2026-03-05 16:53:14,988 [INFO] Expired snapshot: ORION15-mdb7_697a535e3e4bf100f3e7bec5 (VG=ORION15-mdb7, system=fs9500-2.cpolab.ibm.com)
2026-03-05 16:53:14,988 [DEBUG] Validating FlashSystem snapshot: fs9500-2.cpolab.ibm.com | ORION17-mdb9 | ORION17-mdb9_697a535e3e4bf100f3e7bec5
2026-03-05 16:53:15,503 [INFO] Expired snapshot: ORION17-mdb9_697a535e3e4bf100f3e7bec5 (VG=ORION17-mdb9, system=fs9500-2.cpolab.ibm.com)
2026-03-05 16:53:15,504 [DEBUG] Validating FlashSystem snapshot: fs9500-2.cpolab.ibm.com | ORION16-mdb8 | ORION16-mdb8_697a535e3e4bf100f3e7bec5
2026-03-05 16:53:16,005 [INFO] Expired snapshot: ORION16-mdb8_697a535e3e4bf100f3e7bec5 (VG=ORION16-mdb8, system=fs9500-2.cpolab.ibm.com)
2026-03-05 16:53:16,006 [DEBUG] Validating FlashSystem snapshot: fs9500-2.cpolab.ibm.com | ORION15-mdb7 | ORION15-mdb7_697902f73e4bf100f3b7b9b7
2026-03-05 16:53:16,704 [INFO] Expired snapshot: ORION15-mdb7_697902f73e4bf100f3b7b9b7 (VG=ORION15-mdb7, system=fs9500-2.cpolab.ibm.com)
2026-03-05 16:53:16,704 [DEBUG] Validating FlashSystem snapshot: fs9500-2.cpolab.ibm.com | ORION17-mdb9 | ORION17-mdb9_697902f73e4bf100f3b7b9b7
2026-03-05 16:53:17,127 [INFO] Expired snapshot: ORION17-mdb9_697902f73e4bf100f3b7b9b7 (VG=ORION17-mdb9, system=fs9500-2.cpolab.ibm.com)
2026-03-05 16:53:17,128 [DEBUG] Validating FlashSystem snapshot: fs9500-2.cpolab.ibm.com | ORION16-mdb8 | ORION16-mdb8_697902f73e4bf100f3b7b9b7
2026-03-05 16:53:17,561 [INFO] Expired snapshot: ORION16-mdb8_697902f73e4bf100f3b7b9b7 (VG=ORION16-mdb8, system=fs9500-2.cpolab.ibm.com)
